Java HotSpot(TM) 64-Bit Server VM (25.231-b11) for bsd-amd64 JRE (1.8.0_231-b11), built on Oct  5 2019 03:15:25 by "java_re" with gcc 4.2.1 (Based on Apple Inc. build 5658) (LLVM build 2336.11.00)
Memory: 4k page, physical 8388608k(178204k free)

/proc/meminfo:

CommandLine flags: -XX:+ExplicitGCInvokesConcurrent -XX:GCLogFileSize=104857600 -XX:InitialHeapSize=1073741824 -XX:InitiatingHeapOccupancyPercent=35 -XX:+ManagementServer -XX:MaxGCPauseMillis=20 -XX:MaxHeapSize=1073741824 -XX:NumberOfGCLogFiles=10 -XX:+PrintGC -XX:+PrintGCDateStamps -XX:+PrintGCDetails -XX:+PrintGCTimeStamps -XX:+UseCompressedClassPointers -XX:+UseCompressedOops -XX:+UseG1GC -XX:+UseGCLogFileRotation 
2019-11-28T11:18:33.252+0800: 1.948: [GC pause (G1 Evacuation Pause) (young), 0.0114531 secs]
   [Parallel Time: 5.8 ms, GC Workers: 4]
      [GC Worker Start (ms): Min: 1947.8, Avg: 1947.8, Max: 1947.8, Diff: 0.0]
      [Ext Root Scanning (ms): Min: 0.7, Avg: 1.1, Max: 1.9, Diff: 1.3, Sum: 4.3]
      [Update RS (ms): Min: 0.0, Avg: 0.0, Max: 0.0, Diff: 0.0, Sum: 0.0]
         [Processed Buffers: Min: 0, Avg: 0.0, Max: 0, Diff: 0, Sum: 0]
      [Scan RS (ms): Min: 0.0, Avg: 0.0, Max: 0.0, Diff: 0.0, Sum: 0.0]
      [Code Root Scanning (ms): Min: 0.0, Avg: 0.2, Max: 0.5, Diff: 0.5, Sum: 0.9]
      [Object Copy (ms): Min: 3.7, Avg: 4.3, Max: 4.9, Diff: 1.1, Sum: 17.4]
      [Termination (ms): Min: 0.0, Avg: 0.0, Max: 0.0, Diff: 0.0, Sum: 0.0]
         [Termination Attempts: Min: 1, Avg: 3.2, Max: 5, Diff: 4, Sum: 13]
      [GC Worker Other (ms): Min: 0.0, Avg: 0.0, Max: 0.0, Diff: 0.0, Sum: 0.1]
      [GC Worker Total (ms): Min: 5.7, Avg: 5.7, Max: 5.7, Diff: 0.0, Sum: 22.7]
      [GC Worker End (ms): Min: 1953.5, Avg: 1953.5, Max: 1953.5, Diff: 0.0]
   [Code Root Fixup: 0.0 ms]
   [Code Root Purge: 0.0 ms]
   [Clear CT: 0.1 ms]
   [Other: 5.5 ms]
      [Choose CSet: 0.0 ms]
      [Ref Proc: 5.1 ms]
      [Ref Enq: 0.0 ms]
      [Redirty Cards: 0.1 ms]
      [Humongous Register: 0.1 ms]
      [Humongous Reclaim: 0.0 ms]
      [Free CSet: 0.1 ms]
   [Eden: 51.0M(51.0M)->0.0B(44.0M) Survivors: 0.0B->7168.0K Heap: 51.0M(1024.0M)->8490.5K(1024.0M)]
 [Times: user=0.02 sys=0.00, real=0.01 secs] 
2019-11-28T11:18:34.858+0800: 3.553: [GC pause (Metadata GC Threshold) (young) (initial-mark), 0.0137814 secs]
   [Parallel Time: 9.6 ms, GC Workers: 4]
      [GC Worker Start (ms): Min: 3553.5, Avg: 3553.9, Max: 3554.8, Diff: 1.3]
      [Ext Root Scanning (ms): Min: 0.1, Avg: 1.1, Max: 1.5, Diff: 1.4, Sum: 4.3]
      [Update RS (ms): Min: 0.0, Avg: 0.1, Max: 0.4, Diff: 0.4, Sum: 0.5]
         [Processed Buffers: Min: 0, Avg: 0.5, Max: 1, Diff: 1, Sum: 2]
      [Scan RS (ms): Min: 0.0, Avg: 0.0, Max: 0.0, Diff: 0.0, Sum: 0.0]
      [Code Root Scanning (ms): Min: 0.0, Avg: 2.6, Max: 7.1, Diff: 7.1, Sum: 10.2]
      [Object Copy (ms): Min: 0.3, Avg: 4.7, Max: 7.3, Diff: 7.1, Sum: 18.7]
      [Termination (ms): Min: 0.0, Avg: 0.4, Max: 0.8, Diff: 0.8, Sum: 1.6]
         [Termination Attempts: Min: 1, Avg: 22.0, Max: 35, Diff: 34, Sum: 88]
      [GC Worker Other (ms): Min: 0.0, Avg: 0.0, Max: 0.0, Diff: 0.0, Sum: 0.0]
      [GC Worker Total (ms): Min: 8.2, Avg: 8.8, Max: 9.5, Diff: 1.3, Sum: 35.3]
      [GC Worker End (ms): Min: 3562.4, Avg: 3562.7, Max: 3563.0, Diff: 0.6]
   [Code Root Fixup: 0.0 ms]
   [Code Root Purge: 0.0 ms]
   [Clear CT: 0.1 ms]
   [Other: 4.0 ms]
      [Choose CSet: 0.0 ms]
      [Ref Proc: 3.5 ms]
      [Ref Enq: 0.0 ms]
      [Redirty Cards: 0.1 ms]
      [Humongous Register: 0.0 ms]
      [Humongous Reclaim: 0.0 ms]
      [Free CSet: 0.2 ms]
   [Eden: 34.0M(44.0M)->0.0B(44.0M) Survivors: 7168.0K->7168.0K Heap: 170.3M(1024.0M)->138.3M(1024.0M)]
 [Times: user=0.03 sys=0.00, real=0.02 secs] 
2019-11-28T11:18:34.872+0800: 3.567: [GC concurrent-root-region-scan-start]
2019-11-28T11:18:34.889+0800: 3.584: [GC concurrent-root-region-scan-end, 0.0169032 secs]
2019-11-28T11:18:34.889+0800: 3.584: [GC concurrent-mark-start]
2019-11-28T11:18:34.891+0800: 3.587: [GC concurrent-mark-end, 0.0026143 secs]
2019-11-28T11:18:34.892+0800: 3.587: [GC remark 2019-11-28T11:18:34.892+0800: 3.587: [Finalize Marking, 0.0055555 secs] 2019-11-28T11:18:34.897+0800: 3.593: [GC ref-proc, 0.0000831 secs] 2019-11-28T11:18:34.897+0800: 3.593: [Unloading, 0.0035272 secs], 0.0109447 secs]
 [Times: user=0.01 sys=0.00, real=0.01 secs] 
2019-11-28T11:18:34.903+0800: 3.598: [GC cleanup 140M->139M(1024M), 0.0007506 secs]
 [Times: user=0.01 sys=0.00, real=0.00 secs] 
2019-11-28T11:18:34.904+0800: 3.599: [GC concurrent-cleanup-start]
2019-11-28T11:18:34.904+0800: 3.599: [GC concurrent-cleanup-end, 0.0000146 secs]
2019-11-28T11:18:35.876+0800: 4.571: [GC pause (G1 Evacuation Pause) (young), 0.0137469 secs]
   [Parallel Time: 10.4 ms, GC Workers: 4]
      [GC Worker Start (ms): Min: 4571.3, Avg: 4571.3, Max: 4571.4, Diff: 0.0]
      [Ext Root Scanning (ms): Min: 1.5, Avg: 1.9, Max: 2.4, Diff: 0.9, Sum: 7.7]
      [Update RS (ms): Min: 0.0, Avg: 0.3, Max: 0.6, Diff: 0.6, Sum: 1.0]
         [Processed Buffers: Min: 0, Avg: 1.0, Max: 2, Diff: 2, Sum: 4]
      [Scan RS (ms): Min: 0.0, Avg: 0.0, Max: 0.0, Diff: 0.0, Sum: 0.0]
      [Code Root Scanning (ms): Min: 0.9, Avg: 1.6, Max: 2.8, Diff: 1.9, Sum: 6.5]
      [Object Copy (ms): Min: 5.6, Avg: 6.4, Max: 7.1, Diff: 1.5, Sum: 25.7]
      [Termination (ms): Min: 0.0, Avg: 0.1, Max: 0.1, Diff: 0.1, Sum: 0.3]
         [Termination Attempts: Min: 1, Avg: 3.8, Max: 6, Diff: 5, Sum: 15]
      [GC Worker Other (ms): Min: 0.0, Avg: 0.0, Max: 0.0, Diff: 0.0, Sum: 0.0]
      [GC Worker Total (ms): Min: 10.3, Avg: 10.3, Max: 10.4, Diff: 0.0, Sum: 41.3]
      [GC Worker End (ms): Min: 4581.7, Avg: 4581.7, Max: 4581.7, Diff: 0.0]
   [Code Root Fixup: 0.1 ms]
   [Code Root Purge: 0.0 ms]
   [Clear CT: 0.1 ms]
   [Other: 3.1 ms]
      [Choose CSet: 0.0 ms]
      [Ref Proc: 2.6 ms]
      [Ref Enq: 0.0 ms]
      [Redirty Cards: 0.1 ms]
      [Humongous Register: 0.0 ms]
      [Humongous Reclaim: 0.0 ms]
      [Free CSet: 0.2 ms]
   [Eden: 44.0M(44.0M)->0.0B(44.0M) Survivors: 7168.0K->7168.0K Heap: 181.3M(1024.0M)->143.7M(1024.0M)]
 [Times: user=0.03 sys=0.00, real=0.02 secs] 
2019-11-28T11:19:01.109+0800: 29.804: [GC pause (G1 Evacuation Pause) (young), 0.0101749 secs]
   [Parallel Time: 8.6 ms, GC Workers: 4]
      [GC Worker Start (ms): Min: 29804.0, Avg: 29804.6, Max: 29805.7, Diff: 1.6]
      [Ext Root Scanning (ms): Min: 0.0, Avg: 0.7, Max: 1.1, Diff: 1.1, Sum: 2.6]
      [Update RS (ms): Min: 0.0, Avg: 0.3, Max: 0.4, Diff: 0.4, Sum: 1.1]
         [Processed Buffers: Min: 0, Avg: 6.2, Max: 13, Diff: 13, Sum: 25]
      [Scan RS (ms): Min: 0.0, Avg: 0.2, Max: 0.4, Diff: 0.4, Sum: 0.9]
      [Code Root Scanning (ms): Min: 0.2, Avg: 0.4, Max: 0.6, Diff: 0.4, Sum: 1.6]
      [Object Copy (ms): Min: 5.9, Avg: 6.4, Max: 6.6, Diff: 0.7, Sum: 25.4]
      [Termination (ms): Min: 0.0, Avg: 0.1, Max: 0.1, Diff: 0.1, Sum: 0.3]
         [Termination Attempts: Min: 1, Avg: 1.0, Max: 1, Diff: 0, Sum: 4]
      [GC Worker Other (ms): Min: 0.0, Avg: 0.0, Max: 0.0, Diff: 0.0, Sum: 0.1]
      [GC Worker Total (ms): Min: 6.9, Avg: 8.0, Max: 8.6, Diff: 1.7, Sum: 32.0]
      [GC Worker End (ms): Min: 29812.6, Avg: 29812.6, Max: 29812.6, Diff: 0.0]
   [Code Root Fixup: 0.0 ms]
   [Code Root Purge: 0.0 ms]
   [Clear CT: 0.1 ms]
   [Other: 1.4 ms]
      [Choose CSet: 0.0 ms]
      [Ref Proc: 1.1 ms]
      [Ref Enq: 0.0 ms]
      [Redirty Cards: 0.1 ms]
      [Humongous Register: 0.0 ms]
      [Humongous Reclaim: 0.0 ms]
      [Free CSet: 0.1 ms]
   [Eden: 44.0M(44.0M)->0.0B(44.0M) Survivors: 7168.0K->7168.0K Heap: 187.7M(1024.0M)->145.5M(1024.0M)]
 [Times: user=0.03 sys=0.00, real=0.02 secs] 
2019-11-28T11:19:38.560+0800: 67.254: [GC pause (G1 Evacuation Pause) (young), 0.0459038 secs]
   [Parallel Time: 41.3 ms, GC Workers: 4]
      [GC Worker Start (ms): Min: 67256.3, Avg: 67259.2, Max: 67262.0, Diff: 5.7]
      [Ext Root Scanning (ms): Min: 0.0, Avg: 4.6, Max: 10.3, Diff: 10.3, Sum: 18.3]
      [Update RS (ms): Min: 2.5, Avg: 9.0, Max: 13.3, Diff: 10.9, Sum: 35.9]
         [Processed Buffers: Min: 1, Avg: 4.0, Max: 12, Diff: 11, Sum: 16]
      [Scan RS (ms): Min: 0.0, Avg: 0.1, Max: 0.3, Diff: 0.3, Sum: 0.3]
      [Code Root Scanning (ms): Min: 0.0, Avg: 3.2, Max: 5.7, Diff: 5.7, Sum: 12.7]
      [Object Copy (ms): Min: 18.4, Avg: 20.0, Max: 21.7, Diff: 3.3, Sum: 80.1]
      [Termination (ms): Min: 0.0, Avg: 0.1, Max: 0.1, Diff: 0.1, Sum: 0.2]
         [Termination Attempts: Min: 1, Avg: 1.0, Max: 1, Diff: 0, Sum: 4]
      [GC Worker Other (ms): Min: 0.0, Avg: 1.5, Max: 5.8, Diff: 5.7, Sum: 5.9]
      [GC Worker Total (ms): Min: 35.5, Avg: 38.4, Max: 41.2, Diff: 5.7, Sum: 153.5]
      [GC Worker End (ms): Min: 67297.5, Avg: 67297.5, Max: 67297.5, Diff: 0.0]
   [Code Root Fixup: 0.0 ms]
   [Code Root Purge: 0.0 ms]
   [Clear CT: 0.1 ms]
   [Other: 4.5 ms]
      [Choose CSet: 0.0 ms]
      [Ref Proc: 1.2 ms]
      [Ref Enq: 0.0 ms]
      [Redirty Cards: 0.1 ms]
      [Humongous Register: 2.0 ms]
      [Humongous Reclaim: 0.0 ms]
      [Free CSet: 0.2 ms]
   [Eden: 44.0M(44.0M)->0.0B(47.0M) Survivors: 7168.0K->4096.0K Heap: 189.5M(1024.0M)->146.9M(1024.0M)]
 [Times: user=0.04 sys=0.03, real=0.04 secs] 
2019-11-28T11:20:24.667+0800: 113.359: [GC pause (G1 Evacuation Pause) (young), 0.0123673 secs]
   [Parallel Time: 11.0 ms, GC Workers: 4]
      [GC Worker Start (ms): Min: 113359.1, Avg: 113363.2, Max: 113369.8, Diff: 10.7]
      [Ext Root Scanning (ms): Min: 0.0, Avg: 0.5, Max: 1.8, Diff: 1.8, Sum: 1.8]
      [Update RS (ms): Min: 0.0, Avg: 0.5, Max: 1.2, Diff: 1.2, Sum: 1.9]
         [Processed Buffers: Min: 0, Avg: 9.5, Max: 31, Diff: 31, Sum: 38]
      [Scan RS (ms): Min: 0.0, Avg: 0.6, Max: 1.2, Diff: 1.2, Sum: 2.6]
      [Code Root Scanning (ms): Min: 0.0, Avg: 0.2, Max: 0.8, Diff: 0.8, Sum: 0.9]
      [Object Copy (ms): Min: 0.0, Avg: 4.7, Max: 6.6, Diff: 6.6, Sum: 18.9]
      [Termination (ms): Min: 0.0, Avg: 0.2, Max: 0.3, Diff: 0.3, Sum: 0.7]
         [Termination Attempts: Min: 1, Avg: 1.0, Max: 1, Diff: 0, Sum: 4]
      [GC Worker Other (ms): Min: 0.0, Avg: 0.0, Max: 0.0, Diff: 0.0, Sum: 0.1]
      [GC Worker Total (ms): Min: 0.2, Avg: 6.7, Max: 10.8, Diff: 10.6, Sum: 26.8]
      [GC Worker End (ms): Min: 113369.9, Avg: 113369.9, Max: 113370.0, Diff: 0.1]
   [Code Root Fixup: 0.0 ms]
   [Code Root Purge: 0.0 ms]
   [Clear CT: 0.3 ms]
   [Other: 1.0 ms]
      [Choose CSet: 0.0 ms]
      [Ref Proc: 0.5 ms]
      [Ref Enq: 0.0 ms]
      [Redirty Cards: 0.1 ms]
      [Humongous Register: 0.1 ms]
      [Humongous Reclaim: 0.0 ms]
      [Free CSet: 0.1 ms]
   [Eden: 47.0M(47.0M)->0.0B(47.0M) Survivors: 4096.0K->4096.0K Heap: 193.9M(1024.0M)->147.4M(1024.0M)]
 [Times: user=0.02 sys=0.01, real=0.01 secs] 
2019-11-28T11:21:15.377+0800: 164.067: [GC pause (G1 Evacuation Pause) (young), 0.0151117 secs]
   [Parallel Time: 12.6 ms, GC Workers: 4]
      [GC Worker Start (ms): Min: 164069.2, Avg: 164069.3, Max: 164069.3, Diff: 0.1]
      [Ext Root Scanning (ms): Min: 1.9, Avg: 2.7, Max: 5.1, Diff: 3.2, Sum: 10.9]
      [Update RS (ms): Min: 0.0, Avg: 1.2, Max: 1.8, Diff: 1.8, Sum: 4.8]
         [Processed Buffers: Min: 0, Avg: 5.2, Max: 19, Diff: 19, Sum: 21]
      [Scan RS (ms): Min: 0.0, Avg: 0.0, Max: 0.0, Diff: 0.0, Sum: 0.0]
      [Code Root Scanning (ms): Min: 0.0, Avg: 0.3, Max: 1.3, Diff: 1.3, Sum: 1.3]
      [Object Copy (ms): Min: 7.3, Avg: 8.1, Max: 8.8, Diff: 1.4, Sum: 32.4]
      [Termination (ms): Min: 0.0, Avg: 0.0, Max: 0.0, Diff: 0.0, Sum: 0.0]
         [Termination Attempts: Min: 1, Avg: 1.0, Max: 1, Diff: 0, Sum: 4]
      [GC Worker Other (ms): Min: 0.0, Avg: 0.1, Max: 0.1, Diff: 0.0, Sum: 0.2]
      [GC Worker Total (ms): Min: 12.4, Avg: 12.4, Max: 12.5, Diff: 0.1, Sum: 49.7]
      [GC Worker End (ms): Min: 164081.7, Avg: 164081.7, Max: 164081.7, Diff: 0.0]
   [Code Root Fixup: 0.0 ms]
   [Code Root Purge: 0.0 ms]
   [Clear CT: 0.1 ms]
   [Other: 2.4 ms]
      [Choose CSet: 0.0 ms]
      [Ref Proc: 0.1 ms]
      [Ref Enq: 0.0 ms]
      [Redirty Cards: 0.0 ms]
      [Humongous Register: 1.8 ms]
      [Humongous Reclaim: 0.0 ms]
      [Free CSet: 0.1 ms]
   [Eden: 47.0M(47.0M)->0.0B(46.0M) Survivors: 4096.0K->5120.0K Heap: 194.4M(1024.0M)->147.9M(1024.0M)]
 [Times: user=0.02 sys=0.02, real=0.02 secs] 
2019-11-28T11:21:57.649+0800: 206.339: [GC pause (G1 Evacuation Pause) (young), 0.0267719 secs]
   [Parallel Time: 20.9 ms, GC Workers: 4]
      [GC Worker Start (ms): Min: 206342.7, Avg: 206347.0, Max: 206349.4, Diff: 6.8]
      [Ext Root Scanning (ms): Min: 0.0, Avg: 2.2, Max: 6.7, Diff: 6.7, Sum: 9.0]
      [Update RS (ms): Min: 2.0, Avg: 3.1, Max: 5.1, Diff: 3.2, Sum: 12.6]
         [Processed Buffers: Min: 1, Avg: 6.0, Max: 18, Diff: 17, Sum: 24]
      [Scan RS (ms): Min: 0.0, Avg: 0.0, Max: 0.0, Diff: 0.0, Sum: 0.0]
      [Code Root Scanning (ms): Min: 0.0, Avg: 1.2, Max: 3.9, Diff: 3.9, Sum: 4.8]
      [Object Copy (ms): Min: 6.9, Avg: 8.7, Max: 10.4, Diff: 3.5, Sum: 34.9]
      [Termination (ms): Min: 0.0, Avg: 0.1, Max: 0.2, Diff: 0.2, Sum: 0.4]
         [Termination Attempts: Min: 1, Avg: 1.0, Max: 1, Diff: 0, Sum: 4]
      [GC Worker Other (ms): Min: 0.0, Avg: 0.3, Max: 1.1, Diff: 1.1, Sum: 1.2]
      [GC Worker Total (ms): Min: 13.3, Avg: 15.7, Max: 20.0, Diff: 6.7, Sum: 63.0]
      [GC Worker End (ms): Min: 206362.6, Avg: 206362.7, Max: 206362.8, Diff: 0.1]
   [Code Root Fixup: 0.0 ms]
   [Code Root Purge: 0.0 ms]
   [Clear CT: 0.1 ms]
   [Other: 5.7 ms]
      [Choose CSet: 0.0 ms]
      [Ref Proc: 1.8 ms]
      [Ref Enq: 0.0 ms]
      [Redirty Cards: 0.1 ms]
      [Humongous Register: 2.7 ms]
      [Humongous Reclaim: 0.0 ms]
      [Free CSet: 0.2 ms]
   [Eden: 46.0M(46.0M)->0.0B(47.0M) Survivors: 5120.0K->4096.0K Heap: 193.9M(1024.0M)->147.4M(1024.0M)]
 [Times: user=0.02 sys=0.02, real=0.04 secs] 
2019-11-28T11:22:42.987+0800: 251.676: [GC pause (G1 Evacuation Pause) (young), 0.0235564 secs]
   [Parallel Time: 19.1 ms, GC Workers: 4]
      [GC Worker Start (ms): Min: 251678.7, Avg: 251678.7, Max: 251678.8, Diff: 0.1]
      [Ext Root Scanning (ms): Min: 2.3, Avg: 3.2, Max: 5.8, Diff: 3.5, Sum: 13.0]
      [Update RS (ms): Min: 0.0, Avg: 1.9, Max: 3.2, Diff: 3.2, Sum: 7.5]
         [Processed Buffers: Min: 0, Avg: 8.2, Max: 30, Diff: 30, Sum: 33]
      [Scan RS (ms): Min: 0.0, Avg: 0.5, Max: 0.9, Diff: 0.9, Sum: 1.9]
      [Code Root Scanning (ms): Min: 0.0, Avg: 0.7, Max: 2.2, Diff: 2.2, Sum: 2.8]
      [Object Copy (ms): Min: 11.0, Avg: 12.6, Max: 13.1, Diff: 2.2, Sum: 50.3]
      [Termination (ms): Min: 0.0, Avg: 0.0, Max: 0.0, Diff: 0.0, Sum: 0.0]
         [Termination Attempts: Min: 1, Avg: 1.5, Max: 2, Diff: 1, Sum: 6]
      [GC Worker Other (ms): Min: 0.0, Avg: 0.1, Max: 0.1, Diff: 0.1, Sum: 0.2]
      [GC Worker Total (ms): Min: 18.9, Avg: 18.9, Max: 19.0, Diff: 0.1, Sum: 75.8]
      [GC Worker End (ms): Min: 251697.7, Avg: 251697.7, Max: 251697.7, Diff: 0.0]
   [Code Root Fixup: 0.0 ms]
   [Code Root Purge: 0.0 ms]
   [Clear CT: 0.1 ms]
   [Other: 4.4 ms]
      [Choose CSet: 0.0 ms]
      [Ref Proc: 0.7 ms]
      [Ref Enq: 0.0 ms]
      [Redirty Cards: 0.0 ms]
      [Humongous Register: 2.5 ms]
      [Humongous Reclaim: 0.0 ms]
      [Free CSet: 0.2 ms]
   [Eden: 47.0M(47.0M)->0.0B(46.0M) Survivors: 4096.0K->5120.0K Heap: 194.4M(1024.0M)->147.9M(1024.0M)]
 [Times: user=0.03 sys=0.04, real=0.04 secs] 
2019-11-28T11:23:28.047+0800: 296.734: [GC pause (G1 Evacuation Pause) (young), 0.1077370 secs]
   [Parallel Time: 92.7 ms, GC Workers: 4]
      [GC Worker Start (ms): Min: 296736.1, Avg: 296736.4, Max: 296737.0, Diff: 0.9]
      [Ext Root Scanning (ms): Min: 15.1, Avg: 20.1, Max: 33.8, Diff: 18.6, Sum: 80.4]
      [Update RS (ms): Min: 0.0, Avg: 11.3, Max: 15.4, Diff: 15.4, Sum: 45.1]
         [Processed Buffers: Min: 0, Avg: 5.8, Max: 20, Diff: 20, Sum: 23]
      [Scan RS (ms): Min: 0.0, Avg: 0.0, Max: 0.1, Diff: 0.0, Sum: 0.1]
      [Code Root Scanning (ms): Min: 0.0, Avg: 2.6, Max: 5.6, Diff: 5.6, Sum: 10.4]
      [Object Copy (ms): Min: 41.0, Avg: 43.2, Max: 46.5, Diff: 5.5, Sum: 172.8]
      [Termination (ms): Min: 0.0, Avg: 10.9, Max: 14.7, Diff: 14.7, Sum: 43.7]
         [Termination Attempts: Min: 1, Avg: 1.0, Max: 1, Diff: 0, Sum: 4]
      [GC Worker Other (ms): Min: 0.1, Avg: 0.2, Max: 0.4, Diff: 0.4, Sum: 0.7]
      [GC Worker Total (ms): Min: 77.5, Avg: 88.3, Max: 92.2, Diff: 14.7, Sum: 353.2]
      [GC Worker End (ms): Min: 296813.8, Avg: 296824.7, Max: 296828.4, Diff: 14.6]
   [Code Root Fixup: 0.1 ms]
   [Code Root Purge: 0.0 ms]
   [Clear CT: 0.2 ms]
   [Other: 14.6 ms]
      [Choose CSet: 0.0 ms]
      [Ref Proc: 11.2 ms]
      [Ref Enq: 0.0 ms]
      [Redirty Cards: 0.1 ms]
      [Humongous Register: 1.8 ms]
      [Humongous Reclaim: 0.0 ms]
      [Free CSet: 0.7 ms]
   [Eden: 46.0M(46.0M)->0.0B(46.0M) Survivors: 5120.0K->5120.0K Heap: 193.9M(1024.0M)->147.9M(1024.0M)]
 [Times: user=0.04 sys=0.09, real=0.11 secs] 
2019-11-28T11:24:12.398+0800: 341.083: [GC pause (G1 Evacuation Pause) (young), 0.1095514 secs]
   [Parallel Time: 93.9 ms, GC Workers: 4]
      [GC Worker Start (ms): Min: 341085.8, Avg: 341086.0, Max: 341086.7, Diff: 0.9]
      [Ext Root Scanning (ms): Min: 2.3, Avg: 4.5, Max: 10.0, Diff: 7.7, Sum: 17.9]
      [Update RS (ms): Min: 0.0, Avg: 7.2, Max: 12.0, Diff: 12.0, Sum: 28.6]
         [Processed Buffers: Min: 0, Avg: 6.5, Max: 23, Diff: 23, Sum: 26]
      [Scan RS (ms): Min: 0.0, Avg: 0.0, Max: 0.0, Diff: 0.0, Sum: 0.0]
      [Code Root Scanning (ms): Min: 0.0, Avg: 0.5, Max: 1.0, Diff: 1.0, Sum: 1.9]
      [Object Copy (ms): Min: 60.4, Avg: 61.5, Max: 62.6, Diff: 2.2, Sum: 245.9]
      [Termination (ms): Min: 0.0, Avg: 9.4, Max: 12.5, Diff: 12.5, Sum: 37.5]
         [Termination Attempts: Min: 1, Avg: 1.0, Max: 1, Diff: 0, Sum: 4]
      [GC Worker Other (ms): Min: 0.0, Avg: 0.0, Max: 0.1, Diff: 0.1, Sum: 0.2]
      [GC Worker Total (ms): Min: 75.2, Avg: 83.0, Max: 86.0, Diff: 10.8, Sum: 332.1]
      [GC Worker End (ms): Min: 341161.0, Avg: 341169.1, Max: 341171.8, Diff: 10.8]
   [Code Root Fixup: 0.0 ms]
   [Code Root Purge: 0.0 ms]
   [Clear CT: 0.5 ms]
   [Other: 15.1 ms]
      [Choose CSet: 0.0 ms]
      [Ref Proc: 12.2 ms]
      [Ref Enq: 0.0 ms]
      [Redirty Cards: 0.1 ms]
      [Humongous Register: 1.9 ms]
      [Humongous Reclaim: 0.0 ms]
      [Free CSet: 0.3 ms]
   [Eden: 46.0M(46.0M)->0.0B(46.0M) Survivors: 5120.0K->5120.0K Heap: 193.9M(1024.0M)->147.9M(1024.0M)]
 [Times: user=0.03 sys=0.04, real=0.11 secs] 
2019-11-28T11:24:56.730+0800: 385.414: [GC pause (G1 Evacuation Pause) (young), 0.0186616 secs]
   [Parallel Time: 15.4 ms, GC Workers: 4]
      [GC Worker Start (ms): Min: 385415.5, Avg: 385415.5, Max: 385415.6, Diff: 0.1]
      [Ext Root Scanning (ms): Min: 2.6, Avg: 3.5, Max: 6.2, Diff: 3.6, Sum: 14.1]
      [Update RS (ms): Min: 0.0, Avg: 1.2, Max: 1.8, Diff: 1.8, Sum: 4.8]
         [Processed Buffers: Min: 0, Avg: 7.5, Max: 28, Diff: 28, Sum: 30]
      [Scan RS (ms): Min: 0.0, Avg: 0.7, Max: 1.5, Diff: 1.5, Sum: 3.0]
      [Code Root Scanning (ms): Min: 0.0, Avg: 1.7, Max: 3.7, Diff: 3.7, Sum: 6.7]
      [Object Copy (ms): Min: 5.4, Avg: 7.4, Max: 9.7, Diff: 4.4, Sum: 29.5]
      [Termination (ms): Min: 0.0, Avg: 0.7, Max: 1.4, Diff: 1.4, Sum: 2.9]
         [Termination Attempts: Min: 1, Avg: 1.0, Max: 1, Diff: 0, Sum: 4]
      [GC Worker Other (ms): Min: 0.0, Avg: 0.0, Max: 0.0, Diff: 0.0, Sum: 0.1]
      [GC Worker Total (ms): Min: 15.2, Avg: 15.3, Max: 15.3, Diff: 0.1, Sum: 61.1]
      [GC Worker End (ms): Min: 385430.8, Avg: 385430.8, Max: 385430.8, Diff: 0.0]
   [Code Root Fixup: 0.0 ms]
   [Code Root Purge: 0.0 ms]
   [Clear CT: 0.1 ms]
   [Other: 3.1 ms]
      [Choose CSet: 0.0 ms]
      [Ref Proc: 0.9 ms]
      [Ref Enq: 0.0 ms]
      [Redirty Cards: 0.1 ms]
      [Humongous Register: 1.5 ms]
      [Humongous Reclaim: 0.0 ms]
      [Free CSet: 0.2 ms]
   [Eden: 46.0M(46.0M)->0.0B(46.0M) Survivors: 5120.0K->5120.0K Heap: 193.9M(1024.0M)->147.8M(1024.0M)]
 [Times: user=0.02 sys=0.03, real=0.02 secs] 
2019-11-28T11:25:40.231+0800: 428.914: [GC pause (G1 Evacuation Pause) (young), 0.0425305 secs]
   [Parallel Time: 27.5 ms, GC Workers: 4]
      [GC Worker Start (ms): Min: 428915.9, Avg: 428916.0, Max: 428916.0, Diff: 0.1]
      [Ext Root Scanning (ms): Min: 3.6, Avg: 4.8, Max: 7.9, Diff: 4.3, Sum: 19.1]
      [Update RS (ms): Min: 0.0, Avg: 2.2, Max: 3.2, Diff: 3.2, Sum: 8.8]
         [Processed Buffers: Min: 0, Avg: 7.0, Max: 24, Diff: 24, Sum: 28]
      [Scan RS (ms): Min: 0.0, Avg: 0.4, Max: 0.9, Diff: 0.9, Sum: 1.7]
      [Code Root Scanning (ms): Min: 0.0, Avg: 0.9, Max: 2.1, Diff: 2.1, Sum: 3.5]
      [Object Copy (ms): Min: 18.0, Avg: 18.6, Max: 19.3, Diff: 1.3, Sum: 74.3]
      [Termination (ms): Min: 0.0, Avg: 0.1, Max: 0.1, Diff: 0.1, Sum: 0.3]
         [Termination Attempts: Min: 1, Avg: 1.2, Max: 2, Diff: 1, Sum: 5]
      [GC Worker Other (ms): Min: 0.0, Avg: 0.1, Max: 0.1, Diff: 0.1, Sum: 0.3]
      [GC Worker Total (ms): Min: 26.9, Avg: 27.0, Max: 27.0, Diff: 0.1, Sum: 107.8]
      [GC Worker End (ms): Min: 428942.9, Avg: 428942.9, Max: 428942.9, Diff: 0.0]
   [Code Root Fixup: 0.0 ms]
   [Code Root Purge: 0.0 ms]
   [Clear CT: 0.1 ms]
   [Other: 14.9 ms]
      [Choose CSet: 0.0 ms]
      [Ref Proc: 12.3 ms]
      [Ref Enq: 0.0 ms]
      [Redirty Cards: 0.1 ms]
      [Humongous Register: 1.7 ms]
      [Humongous Reclaim: 0.0 ms]
      [Free CSet: 0.2 ms]
   [Eden: 46.0M(46.0M)->0.0B(46.0M) Survivors: 5120.0K->5120.0K Heap: 193.8M(1024.0M)->148.4M(1024.0M)]
 [Times: user=0.03 sys=0.04, real=0.04 secs] 
2019-11-28T11:26:24.790+0800: 473.471: [GC pause (G1 Evacuation Pause) (young), 0.0257715 secs]
   [Parallel Time: 21.5 ms, GC Workers: 4]
      [GC Worker Start (ms): Min: 473475.0, Avg: 473475.0, Max: 473475.1, Diff: 0.1]
      [Ext Root Scanning (ms): Min: 2.2, Avg: 4.1, Max: 9.6, Diff: 7.4, Sum: 16.4]
      [Update RS (ms): Min: 0.0, Avg: 1.4, Max: 2.1, Diff: 2.1, Sum: 5.6]
         [Processed Buffers: Min: 0, Avg: 9.2, Max: 21, Diff: 21, Sum: 37]
      [Scan RS (ms): Min: 0.0, Avg: 1.5, Max: 2.5, Diff: 2.5, Sum: 6.0]
      [Code Root Scanning (ms): Min: 0.0, Avg: 0.7, Max: 1.4, Diff: 1.4, Sum: 2.7]
      [Object Copy (ms): Min: 10.1, Avg: 11.6, Max: 13.4, Diff: 3.3, Sum: 46.3]
      [Termination (ms): Min: 0.0, Avg: 2.1, Max: 3.4, Diff: 3.4, Sum: 8.3]
         [Termination Attempts: Min: 1, Avg: 1.8, Max: 2, Diff: 1, Sum: 7]
      [GC Worker Other (ms): Min: 0.0, Avg: 0.0, Max: 0.0, Diff: 0.0, Sum: 0.1]
      [GC Worker Total (ms): Min: 21.3, Avg: 21.3, Max: 21.4, Diff: 0.2, Sum: 85.4]
      [GC Worker End (ms): Min: 473496.3, Avg: 473496.4, Max: 473496.4, Diff: 0.0]
   [Code Root Fixup: 0.0 ms]
   [Code Root Purge: 0.0 ms]
   [Clear CT: 0.1 ms]
   [Other: 4.2 ms]
      [Choose CSet: 0.0 ms]
      [Ref Proc: 0.1 ms]
      [Ref Enq: 0.0 ms]
      [Redirty Cards: 0.1 ms]
      [Humongous Register: 3.2 ms]
      [Humongous Reclaim: 0.0 ms]
      [Free CSet: 0.1 ms]
   [Eden: 46.0M(46.0M)->0.0B(46.0M) Survivors: 5120.0K->5120.0K Heap: 194.4M(1024.0M)->147.9M(1024.0M)]
 [Times: user=0.03 sys=0.03, real=0.02 secs] 
2019-11-28T11:27:09.512+0800: 518.192: [GC pause (G1 Evacuation Pause) (young), 0.0235085 secs]
   [Parallel Time: 20.2 ms, GC Workers: 4]
      [GC Worker Start (ms): Min: 518195.0, Avg: 518195.0, Max: 518195.1, Diff: 0.1]
      [Ext Root Scanning (ms): Min: 2.8, Avg: 4.1, Max: 8.1, Diff: 5.3, Sum: 16.5]
      [Update RS (ms): Min: 0.0, Avg: 2.6, Max: 4.2, Diff: 4.2, Sum: 10.5]
         [Processed Buffers: Min: 0, Avg: 8.2, Max: 31, Diff: 31, Sum: 33]
      [Scan RS (ms): Min: 0.0, Avg: 0.3, Max: 0.9, Diff: 0.9, Sum: 1.0]
      [Code Root Scanning (ms): Min: 0.0, Avg: 1.9, Max: 3.9, Diff: 3.9, Sum: 7.7]
      [Object Copy (ms): Min: 9.6, Avg: 11.0, Max: 12.9, Diff: 3.3, Sum: 44.0]
      [Termination (ms): Min: 0.0, Avg: 0.0, Max: 0.0, Diff: 0.0, Sum: 0.0]
         [Termination Attempts: Min: 1, Avg: 1.8, Max: 2, Diff: 1, Sum: 7]
      [GC Worker Other (ms): Min: 0.0, Avg: 0.0, Max: 0.0, Diff: 0.0, Sum: 0.1]
      [GC Worker Total (ms): Min: 19.9, Avg: 20.0, Max: 20.1, Diff: 0.1, Sum: 80.0]
      [GC Worker End (ms): Min: 518215.0, Avg: 518215.0, Max: 518215.0, Diff: 0.0]
   [Code Root Fixup: 0.0 ms]
   [Code Root Purge: 0.0 ms]
   [Clear CT: 0.0 ms]
   [Other: 3.2 ms]
      [Choose CSet: 0.0 ms]
      [Ref Proc: 0.2 ms]
      [Ref Enq: 0.0 ms]
      [Redirty Cards: 0.1 ms]
      [Humongous Register: 2.1 ms]
      [Humongous Reclaim: 0.0 ms]
      [Free CSet: 0.2 ms]
   [Eden: 46.0M(46.0M)->0.0B(46.0M) Survivors: 5120.0K->5120.0K Heap: 193.9M(1024.0M)->147.9M(1024.0M)]
 [Times: user=0.03 sys=0.03, real=0.02 secs] 
2019-11-28T11:27:54.432+0800: 563.111: [GC pause (G1 Evacuation Pause) (young), 0.0075675 secs]
   [Parallel Time: 7.0 ms, GC Workers: 4]
      [GC Worker Start (ms): Min: 563111.1, Avg: 563111.3, Max: 563111.5, Diff: 0.4]
      [Ext Root Scanning (ms): Min: 0.3, Avg: 0.6, Max: 0.9, Diff: 0.5, Sum: 2.6]
      [Update RS (ms): Min: 0.3, Avg: 0.4, Max: 0.5, Diff: 0.2, Sum: 1.5]
         [Processed Buffers: Min: 1, Avg: 7.0, Max: 24, Diff: 23, Sum: 28]
      [Scan RS (ms): Min: 0.0, Avg: 0.5, Max: 1.6, Diff: 1.5, Sum: 1.9]
      [Code Root Scanning (ms): Min: 0.0, Avg: 0.3, Max: 1.0, Diff: 1.0, Sum: 1.3]
      [Object Copy (ms): Min: 3.5, Avg: 4.5, Max: 5.6, Diff: 2.1, Sum: 18.1]
      [Termination (ms): Min: 0.0, Avg: 0.4, Max: 0.5, Diff: 0.5, Sum: 1.5]
         [Termination Attempts: Min: 1, Avg: 1.0, Max: 1, Diff: 0, Sum: 4]
      [GC Worker Other (ms): Min: 0.0, Avg: 0.0, Max: 0.0, Diff: 0.0, Sum: 0.0]
      [GC Worker Total (ms): Min: 6.5, Avg: 6.7, Max: 6.9, Diff: 0.4, Sum: 26.9]
      [GC Worker End (ms): Min: 563118.0, Avg: 563118.0, Max: 563118.1, Diff: 0.0]
   [Code Root Fixup: 0.0 ms]
   [Code Root Purge: 0.0 ms]
   [Clear CT: 0.1 ms]
   [Other: 0.5 ms]
      [Choose CSet: 0.0 ms]
      [Ref Proc: 0.1 ms]
      [Ref Enq: 0.0 ms]
      [Redirty Cards: 0.0 ms]
      [Humongous Register: 0.1 ms]
      [Humongous Reclaim: 0.0 ms]
      [Free CSet: 0.1 ms]
   [Eden: 46.0M(46.0M)->0.0B(46.0M) Survivors: 5120.0K->5120.0K Heap: 193.9M(1024.0M)->147.9M(1024.0M)]
 [Times: user=0.02 sys=0.01, real=0.01 secs] 
2019-11-28T11:28:38.784+0800: 607.461: [GC pause (G1 Evacuation Pause) (young), 0.0458655 secs]
   [Parallel Time: 38.6 ms, GC Workers: 4]
      [GC Worker Start (ms): Min: 607465.5, Avg: 607468.4, Max: 607471.9, Diff: 6.4]
      [Ext Root Scanning (ms): Min: 2.7, Avg: 6.7, Max: 11.3, Diff: 8.5, Sum: 26.7]
      [Update RS (ms): Min: 2.4, Avg: 4.4, Max: 9.2, Diff: 6.8, Sum: 17.5]
         [Processed Buffers: Min: 1, Avg: 6.0, Max: 12, Diff: 11, Sum: 24]
      [Scan RS (ms): Min: 0.0, Avg: 0.0, Max: 0.0, Diff: 0.0, Sum: 0.0]
      [Code Root Scanning (ms): Min: 0.0, Avg: 0.7, Max: 1.6, Diff: 1.6, Sum: 2.8]
      [Object Copy (ms): Min: 17.5, Avg: 23.0, Max: 25.4, Diff: 7.8, Sum: 92.0]
      [Termination (ms): Min: 0.0, Avg: 0.6, Max: 1.9, Diff: 1.9, Sum: 2.3]
         [Termination Attempts: Min: 1, Avg: 1.0, Max: 1, Diff: 0, Sum: 4]
      [GC Worker Other (ms): Min: 0.0, Avg: 0.0, Max: 0.1, Diff: 0.0, Sum: 0.2]
      [GC Worker Total (ms): Min: 31.8, Avg: 35.4, Max: 38.4, Diff: 6.6, Sum: 141.4]
      [GC Worker End (ms): Min: 607503.7, Avg: 607503.8, Max: 607503.9, Diff: 0.2]
   [Code Root Fixup: 0.0 ms]
   [Code Root Purge: 0.0 ms]
   [Clear CT: 0.1 ms]
   [Other: 7.2 ms]
      [Choose CSet: 0.0 ms]
      [Ref Proc: 2.7 ms]
      [Ref Enq: 0.0 ms]
      [Redirty Cards: 0.0 ms]
      [Humongous Register: 3.7 ms]
      [Humongous Reclaim: 0.0 ms]
      [Free CSet: 0.1 ms]
   [Eden: 46.0M(46.0M)->0.0B(45.0M) Survivors: 5120.0K->6144.0K Heap: 193.9M(1024.0M)->148.9M(1024.0M)]
 [Times: user=0.03 sys=0.04, real=0.05 secs] 
2019-11-28T11:29:22.876+0800: 651.552: [GC pause (G1 Evacuation Pause) (young), 0.0529555 secs]
   [Parallel Time: 35.1 ms, GC Workers: 4]
      [GC Worker Start (ms): Min: 651552.6, Avg: 651552.7, Max: 651552.8, Diff: 0.3]
      [Ext Root Scanning (ms): Min: 5.1, Avg: 6.1, Max: 8.7, Diff: 3.6, Sum: 24.3]
      [Update RS (ms): Min: 0.0, Avg: 1.0, Max: 1.6, Diff: 1.6, Sum: 4.0]
         [Processed Buffers: Min: 0, Avg: 8.0, Max: 27, Diff: 27, Sum: 32]
      [Scan RS (ms): Min: 0.0, Avg: 0.5, Max: 1.4, Diff: 1.4, Sum: 1.8]
      [Code Root Scanning (ms): Min: 0.0, Avg: 1.2, Max: 3.6, Diff: 3.6, Sum: 4.8]
      [Object Copy (ms): Min: 14.6, Avg: 15.8, Max: 16.7, Diff: 2.0, Sum: 63.1]
      [Termination (ms): Min: 0.0, Avg: 7.6, Max: 10.2, Diff: 10.2, Sum: 30.4]
         [Termination Attempts: Min: 1, Avg: 1.0, Max: 1, Diff: 0, Sum: 4]
      [GC Worker Other (ms): Min: 0.0, Avg: 0.1, Max: 0.2, Diff: 0.2, Sum: 0.2]
      [GC Worker Total (ms): Min: 24.8, Avg: 32.2, Max: 34.8, Diff: 10.0, Sum: 128.8]
      [GC Worker End (ms): Min: 651577.4, Avg: 651584.9, Max: 651587.4, Diff: 10.0]
   [Code Root Fixup: 0.0 ms]
   [Code Root Purge: 0.0 ms]
   [Clear CT: 0.5 ms]
   [Other: 17.3 ms]
      [Choose CSet: 0.0 ms]
      [Ref Proc: 12.1 ms]
      [Ref Enq: 0.0 ms]
      [Redirty Cards: 0.5 ms]
      [Humongous Register: 0.2 ms]
      [Humongous Reclaim: 0.3 ms]
      [Free CSet: 3.2 ms]
   [Eden: 45.0M(45.0M)->0.0B(47.0M) Survivors: 6144.0K->4096.0K Heap: 193.9M(1024.0M)->148.0M(1024.0M)]
 [Times: user=0.03 sys=0.01, real=0.06 secs] 
2019-11-28T11:30:08.834+0800: 697.509: [GC pause (G1 Evacuation Pause) (young), 0.0205776 secs]
   [Parallel Time: 18.0 ms, GC Workers: 4]
      [GC Worker Start (ms): Min: 697511.1, Avg: 697511.1, Max: 697511.2, Diff: 0.2]
      [Ext Root Scanning (ms): Min: 4.2, Avg: 4.8, Max: 6.5, Diff: 2.3, Sum: 19.3]
      [Update RS (ms): Min: 1.2, Avg: 3.2, Max: 4.9, Diff: 3.7, Sum: 12.7]
         [Processed Buffers: Min: 1, Avg: 7.8, Max: 24, Diff: 23, Sum: 31]
      [Scan RS (ms): Min: 0.0, Avg: 0.2, Max: 0.4, Diff: 0.4, Sum: 0.7]
      [Code Root Scanning (ms): Min: 0.0, Avg: 0.1, Max: 0.3, Diff: 0.3, Sum: 0.5]
      [Object Copy (ms): Min: 8.6, Avg: 9.3, Max: 9.7, Diff: 1.2, Sum: 37.4]
      [Termination (ms): Min: 0.0, Avg: 0.1, Max: 0.1, Diff: 0.1, Sum: 0.4]
         [Termination Attempts: Min: 1, Avg: 1.0, Max: 1, Diff: 0, Sum: 4]
      [GC Worker Other (ms): Min: 0.0, Avg: 0.0, Max: 0.0, Diff: 0.0, Sum: 0.1]
      [GC Worker Total (ms): Min: 17.7, Avg: 17.8, Max: 17.9, Diff: 0.2, Sum: 71.1]
      [GC Worker End (ms): Min: 697528.9, Avg: 697528.9, Max: 697528.9, Diff: 0.0]
   [Code Root Fixup: 0.0 ms]
   [Code Root Purge: 0.0 ms]
   [Clear CT: 0.0 ms]
   [Other: 2.5 ms]
      [Choose CSet: 0.0 ms]
      [Ref Proc: 0.2 ms]
      [Ref Enq: 0.0 ms]
      [Redirty Cards: 0.0 ms]
      [Humongous Register: 1.7 ms]
      [Humongous Reclaim: 0.0 ms]
      [Free CSet: 0.1 ms]
   [Eden: 47.0M(47.0M)->0.0B(47.0M) Survivors: 4096.0K->4096.0K Heap: 195.0M(1024.0M)->148.0M(1024.0M)]
 [Times: user=0.03 sys=0.03, real=0.02 secs] 
2019-11-28T11:30:54.639+0800: 743.313: [GC pause (G1 Evacuation Pause) (young), 0.0221274 secs]
   [Parallel Time: 18.2 ms, GC Workers: 4]
      [GC Worker Start (ms): Min: 743315.7, Avg: 743316.1, Max: 743316.9, Diff: 1.2]
      [Ext Root Scanning (ms): Min: 3.1, Avg: 4.1, Max: 6.9, Diff: 3.8, Sum: 16.5]
      [Update RS (ms): Min: 0.0, Avg: 2.1, Max: 2.8, Diff: 2.8, Sum: 8.3]
         [Processed Buffers: Min: 0, Avg: 7.8, Max: 26, Diff: 26, Sum: 31]
      [Scan RS (ms): Min: 0.0, Avg: 0.1, Max: 0.3, Diff: 0.3, Sum: 0.6]
      [Code Root Scanning (ms): Min: 0.0, Avg: 0.2, Max: 0.4, Diff: 0.4, Sum: 0.7]
      [Object Copy (ms): Min: 10.7, Avg: 10.9, Max: 11.0, Diff: 0.2, Sum: 43.5]
      [Termination (ms): Min: 0.0, Avg: 0.2, Max: 0.4, Diff: 0.4, Sum: 0.7]
         [Termination Attempts: Min: 1, Avg: 1.2, Max: 2, Diff: 1, Sum: 5]
      [GC Worker Other (ms): Min: 0.0, Avg: 0.0, Max: 0.0, Diff: 0.0, Sum: 0.1]
      [GC Worker Total (ms): Min: 16.9, Avg: 17.6, Max: 18.1, Diff: 1.2, Sum: 70.4]
      [GC Worker End (ms): Min: 743333.6, Avg: 743333.7, Max: 743333.8, Diff: 0.3]
   [Code Root Fixup: 0.0 ms]
   [Code Root Purge: 0.0 ms]
   [Clear CT: 0.1 ms]
   [Other: 3.8 ms]
      [Choose CSet: 0.0 ms]
      [Ref Proc: 0.2 ms]
      [Ref Enq: 0.0 ms]
      [Redirty Cards: 0.0 ms]
      [Humongous Register: 2.3 ms]
      [Humongous Reclaim: 0.0 ms]
      [Free CSet: 0.2 ms]
   [Eden: 47.0M(47.0M)->0.0B(47.0M) Survivors: 4096.0K->4096.0K Heap: 195.0M(1024.0M)->148.1M(1024.0M)]
 [Times: user=0.02 sys=0.02, real=0.03 secs] 
2019-11-28T11:31:40.530+0800: 789.202: [GC pause (G1 Evacuation Pause) (young), 0.0178592 secs]
   [Parallel Time: 14.3 ms, GC Workers: 4]
      [GC Worker Start (ms): Min: 789204.7, Avg: 789204.8, Max: 789204.8, Diff: 0.1]
      [Ext Root Scanning (ms): Min: 2.4, Avg: 3.4, Max: 6.3, Diff: 3.9, Sum: 13.7]
      [Update RS (ms): Min: 0.0, Avg: 1.6, Max: 2.3, Diff: 2.3, Sum: 6.4]
         [Processed Buffers: Min: 0, Avg: 8.0, Max: 29, Diff: 29, Sum: 32]
      [Scan RS (ms): Min: 0.0, Avg: 0.2, Max: 0.4, Diff: 0.4, Sum: 0.7]
      [Code Root Scanning (ms): Min: 0.0, Avg: 0.1, Max: 0.2, Diff: 0.2, Sum: 0.3]
      [Object Copy (ms): Min: 7.8, Avg: 7.9, Max: 8.0, Diff: 0.2, Sum: 31.8]
      [Termination (ms): Min: 0.0, Avg: 0.9, Max: 1.2, Diff: 1.2, Sum: 3.6]
         [Termination Attempts: Min: 1, Avg: 1.0, Max: 1, Diff: 0, Sum: 4]
      [GC Worker Other (ms): Min: 0.0, Avg: 0.0, Max: 0.0, Diff: 0.0, Sum: 0.1]
      [GC Worker Total (ms): Min: 14.1, Avg: 14.1, Max: 14.2, Diff: 0.1, Sum: 56.5]
      [GC Worker End (ms): Min: 789218.9, Avg: 789218.9, Max: 789218.9, Diff: 0.0]
   [Code Root Fixup: 0.0 ms]
   [Code Root Purge: 0.0 ms]
   [Clear CT: 0.0 ms]
   [Other: 3.5 ms]
      [Choose CSet: 0.0 ms]
      [Ref Proc: 0.1 ms]
      [Ref Enq: 0.0 ms]
      [Redirty Cards: 0.0 ms]
      [Humongous Register: 2.5 ms]
      [Humongous Reclaim: 0.0 ms]
      [Free CSet: 0.1 ms]
   [Eden: 47.0M(47.0M)->0.0B(46.0M) Survivors: 4096.0K->5120.0K Heap: 195.1M(1024.0M)->148.7M(1024.0M)]
 [Times: user=0.03 sys=0.03, real=0.01 secs] 
2019-11-28T11:32:24.888+0800: 833.558: [GC pause (G1 Evacuation Pause) (young), 0.0545745 secs]
   [Parallel Time: 37.9 ms, GC Workers: 4]
      [GC Worker Start (ms): Min: 833562.8, Avg: 833562.9, Max: 833563.0, Diff: 0.2]
      [Ext Root Scanning (ms): Min: 3.7, Avg: 5.9, Max: 12.0, Diff: 8.3, Sum: 23.7]
      [Update RS (ms): Min: 0.0, Avg: 3.9, Max: 6.2, Diff: 6.2, Sum: 15.6]
         [Processed Buffers: Min: 0, Avg: 8.0, Max: 19, Diff: 19, Sum: 32]
      [Scan RS (ms): Min: 0.0, Avg: 0.3, Max: 0.6, Diff: 0.6, Sum: 1.1]
      [Code Root Scanning (ms): Min: 0.0, Avg: 0.1, Max: 0.3, Diff: 0.3, Sum: 0.5]
      [Object Copy (ms): Min: 15.4, Avg: 17.2, Max: 17.9, Diff: 2.4, Sum: 68.6]
      [Termination (ms): Min: 0.0, Avg: 2.6, Max: 10.1, Diff: 10.1, Sum: 10.3]
         [Termination Attempts: Min: 1, Avg: 1.0, Max: 1, Diff: 0, Sum: 4]
      [GC Worker Other (ms): Min: 0.0, Avg: 0.1, Max: 0.1, Diff: 0.1, Sum: 0.3]
      [GC Worker Total (ms): Min: 27.4, Avg: 30.0, Max: 37.5, Diff: 10.1, Sum: 120.1]
      [GC Worker End (ms): Min: 833590.4, Avg: 833592.9, Max: 833600.5, Diff: 10.0]
   [Code Root Fixup: 0.0 ms]
   [Code Root Purge: 0.0 ms]
   [Clear CT: 0.6 ms]
   [Other: 16.1 ms]
      [Choose CSet: 0.0 ms]
      [Ref Proc: 10.4 ms]
      [Ref Enq: 0.0 ms]
      [Redirty Cards: 0.1 ms]
      [Humongous Register: 3.5 ms]
      [Humongous Reclaim: 0.0 ms]
      [Free CSet: 0.5 ms]
   [Eden: 46.0M(46.0M)->0.0B(46.0M) Survivors: 5120.0K->5120.0K Heap: 194.7M(1024.0M)->148.7M(1024.0M)]
 [Times: user=0.02 sys=0.04, real=0.06 secs] 
2019-11-28T11:33:09.683+0800: 878.352: [GC pause (G1 Evacuation Pause) (young), 0.0387323 secs]
   [Parallel Time: 21.5 ms, GC Workers: 4]
      [GC Worker Start (ms): Min: 878356.3, Avg: 878356.4, Max: 878356.6, Diff: 0.2]
      [Ext Root Scanning (ms): Min: 2.2, Avg: 3.8, Max: 7.0, Diff: 4.8, Sum: 15.1]
      [Update RS (ms): Min: 0.0, Avg: 1.6, Max: 2.2, Diff: 2.2, Sum: 6.3]
         [Processed Buffers: Min: 0, Avg: 8.2, Max: 19, Diff: 19, Sum: 33]
      [Scan RS (ms): Min: 0.0, Avg: 0.2, Max: 0.3, Diff: 0.3, Sum: 0.6]
      [Code Root Scanning (ms): Min: 0.0, Avg: 0.1, Max: 0.2, Diff: 0.2, Sum: 0.2]
      [Object Copy (ms): Min: 13.9, Avg: 15.2, Max: 15.7, Diff: 1.8, Sum: 60.7]
      [Termination (ms): Min: 0.0, Avg: 0.1, Max: 0.1, Diff: 0.1, Sum: 0.3]
         [Termination Attempts: Min: 1, Avg: 1.0, Max: 1, Diff: 0, Sum: 4]
      [GC Worker Other (ms): Min: 0.0, Avg: 0.2, Max: 0.6, Diff: 0.5, Sum: 0.7]
      [GC Worker Total (ms): Min: 20.8, Avg: 21.0, Max: 21.1, Diff: 0.3, Sum: 83.9]
      [GC Worker End (ms): Min: 878377.4, Avg: 878377.4, Max: 878377.4, Diff: 0.1]
   [Code Root Fixup: 0.0 ms]
   [Code Root Purge: 0.0 ms]
   [Clear CT: 0.8 ms]
   [Other: 16.4 ms]
      [Choose CSet: 0.0 ms]
      [Ref Proc: 12.1 ms]
      [Ref Enq: 0.0 ms]
      [Redirty Cards: 0.1 ms]
      [Humongous Register: 3.1 ms]
      [Humongous Reclaim: 0.0 ms]
      [Free CSet: 0.2 ms]
   [Eden: 46.0M(46.0M)->0.0B(46.0M) Survivors: 5120.0K->5120.0K Heap: 194.7M(1024.0M)->148.9M(1024.0M)]
 [Times: user=0.03 sys=0.04, real=0.04 secs] 
2019-11-28T11:33:54.147+0800: 922.815: [GC pause (G1 Evacuation Pause) (young), 0.0435964 secs]
   [Parallel Time: 40.3 ms, GC Workers: 4]
      [GC Worker Start (ms): Min: 922817.3, Avg: 922817.4, Max: 922817.6, Diff: 0.3]
      [Ext Root Scanning (ms): Min: 11.9, Avg: 16.8, Max: 27.6, Diff: 15.7, Sum: 67.3]
      [Update RS (ms): Min: 0.0, Avg: 6.8, Max: 10.0, Diff: 10.0, Sum: 27.1]
         [Processed Buffers: Min: 0, Avg: 7.8, Max: 27, Diff: 27, Sum: 31]
      [Scan RS (ms): Min: 0.0, Avg: 0.0, Max: 0.0, Diff: 0.0, Sum: 0.0]
      [Code Root Scanning (ms): Min: 0.0, Avg: 0.0, Max: 0.1, Diff: 0.1, Sum: 0.1]
      [Object Copy (ms): Min: 11.4, Avg: 15.4, Max: 18.1, Diff: 6.7, Sum: 61.7]
      [Termination (ms): Min: 0.0, Avg: 1.0, Max: 1.3, Diff: 1.3, Sum: 3.8]
         [Termination Attempts: Min: 1, Avg: 1.2, Max: 2, Diff: 1, Sum: 5]
      [GC Worker Other (ms): Min: 0.0, Avg: 0.1, Max: 0.2, Diff: 0.1, Sum: 0.3]
      [GC Worker Total (ms): Min: 39.9, Avg: 40.1, Max: 40.2, Diff: 0.3, Sum: 160.4]
      [GC Worker End (ms): Min: 922857.5, Avg: 922857.5, Max: 922857.5, Diff: 0.0]
   [Code Root Fixup: 0.0 ms]
   [Code Root Purge: 0.0 ms]
   [Clear CT: 0.1 ms]
   [Other: 3.2 ms]
      [Choose CSet: 0.0 ms]
      [Ref Proc: 0.2 ms]
      [Ref Enq: 0.0 ms]
      [Redirty Cards: 0.1 ms]
      [Humongous Register: 2.2 ms]
      [Humongous Reclaim: 0.0 ms]
      [Free CSet: 0.1 ms]
   [Eden: 46.0M(46.0M)->0.0B(46.0M) Survivors: 5120.0K->5120.0K Heap: 194.9M(1024.0M)->149.0M(1024.0M)]
 [Times: user=0.03 sys=0.03, real=0.05 secs] 
2019-11-28T11:34:38.251+0800: 966.917: [GC pause (G1 Evacuation Pause) (young), 0.0110739 secs]
   [Parallel Time: 10.4 ms, GC Workers: 4]
      [GC Worker Start (ms): Min: 966917.4, Avg: 966917.4, Max: 966917.4, Diff: 0.1]
      [Ext Root Scanning (ms): Min: 1.0, Avg: 1.0, Max: 1.1, Diff: 0.1, Sum: 4.2]
      [Update RS (ms): Min: 0.6, Avg: 2.4, Max: 7.5, Diff: 6.9, Sum: 9.5]
         [Processed Buffers: Min: 1, Avg: 8.2, Max: 16, Diff: 15, Sum: 33]
      [Scan RS (ms): Min: 0.0, Avg: 0.1, Max: 0.2, Diff: 0.1, Sum: 0.4]
      [Code Root Scanning (ms): Min: 0.0, Avg: 0.0, Max: 0.0, Diff: 0.0, Sum: 0.0]
      [Object Copy (ms): Min: 1.0, Avg: 6.4, Max: 8.4, Diff: 7.4, Sum: 25.4]
      [Termination (ms): Min: 0.1, Avg: 0.4, Max: 0.7, Diff: 0.6, Sum: 1.5]
         [Termination Attempts: Min: 10, Avg: 20.8, Max: 34, Diff: 24, Sum: 83]
      [GC Worker Other (ms): Min: 0.0, Avg: 0.0, Max: 0.0, Diff: 0.0, Sum: 0.1]
      [GC Worker Total (ms): Min: 10.2, Avg: 10.3, Max: 10.3, Diff: 0.1, Sum: 41.1]
      [GC Worker End (ms): Min: 966927.7, Avg: 966927.7, Max: 966927.7, Diff: 0.0]
   [Code Root Fixup: 0.0 ms]
   [Code Root Purge: 0.0 ms]
   [Clear CT: 0.1 ms]
   [Other: 0.6 ms]
      [Choose CSet: 0.0 ms]
      [Ref Proc: 0.1 ms]
      [Ref Enq: 0.0 ms]
      [Redirty Cards: 0.0 ms]
      [Humongous Register: 0.2 ms]
      [Humongous Reclaim: 0.0 ms]
      [Free CSet: 0.0 ms]
   [Eden: 46.0M(46.0M)->0.0B(46.0M) Survivors: 5120.0K->5120.0K Heap: 195.0M(1024.0M)->149.1M(1024.0M)]
 [Times: user=0.02 sys=0.00, real=0.01 secs] 
2019-11-28T11:35:23.358+0800: 1012.023: [GC pause (G1 Evacuation Pause) (young), 0.0176353 secs]
   [Parallel Time: 16.7 ms, GC Workers: 4]
      [GC Worker Start (ms): Min: 1012023.1, Avg: 1012023.2, Max: 1012023.3, Diff: 0.2]
      [Ext Root Scanning (ms): Min: 0.4, Avg: 0.7, Max: 0.8, Diff: 0.3, Sum: 2.7]
      [Update RS (ms): Min: 0.0, Avg: 0.5, Max: 0.7, Diff: 0.7, Sum: 1.8]
         [Processed Buffers: Min: 1, Avg: 7.2, Max: 16, Diff: 15, Sum: 29]
      [Scan RS (ms): Min: 0.2, Avg: 0.9, Max: 2.8, Diff: 2.6, Sum: 3.7]
      [Code Root Scanning (ms): Min: 0.0, Avg: 0.0, Max: 0.1, Diff: 0.1, Sum: 0.1]
      [Object Copy (ms): Min: 6.5, Avg: 9.2, Max: 15.3, Diff: 8.8, Sum: 36.9]
      [Termination (ms): Min: 0.2, Avg: 5.2, Max: 7.4, Diff: 7.2, Sum: 20.9]
         [Termination Attempts: Min: 1, Avg: 20.5, Max: 43, Diff: 42, Sum: 82]
      [GC Worker Other (ms): Min: 0.0, Avg: 0.0, Max: 0.0, Diff: 0.0, Sum: 0.1]
      [GC Worker Total (ms): Min: 16.4, Avg: 16.5, Max: 16.6, Diff: 0.2, Sum: 66.1]
      [GC Worker End (ms): Min: 1012039.7, Avg: 1012039.7, Max: 1012039.7, Diff: 0.1]
   [Code Root Fixup: 0.0 ms]
   [Code Root Purge: 0.0 ms]
   [Clear CT: 0.1 ms]
   [Other: 0.8 ms]
      [Choose CSet: 0.0 ms]
      [Ref Proc: 0.3 ms]
      [Ref Enq: 0.0 ms]
      [Redirty Cards: 0.1 ms]
      [Humongous Register: 0.0 ms]
      [Humongous Reclaim: 0.0 ms]
      [Free CSet: 0.1 ms]
   [Eden: 46.0M(46.0M)->0.0B(46.0M) Survivors: 5120.0K->5120.0K Heap: 195.1M(1024.0M)->149.2M(1024.0M)]
 [Times: user=0.03 sys=0.01, real=0.02 secs] 
2019-11-28T11:36:07.513+0800: 1056.177: [GC pause (G1 Evacuation Pause) (young), 0.0281223 secs]
   [Parallel Time: 24.6 ms, GC Workers: 4]
      [GC Worker Start (ms): Min: 1056179.9, Avg: 1056180.0, Max: 1056180.0, Diff: 0.2]
      [Ext Root Scanning (ms): Min: 13.8, Avg: 13.9, Max: 14.1, Diff: 0.3, Sum: 55.7]
      [Update RS (ms): Min: 1.1, Avg: 1.3, Max: 1.4, Diff: 0.3, Sum: 5.2]
         [Processed Buffers: Min: 0, Avg: 8.5, Max: 29, Diff: 29, Sum: 34]
      [Scan RS (ms): Min: 0.2, Avg: 1.0, Max: 1.8, Diff: 1.6, Sum: 4.2]
      [Code Root Scanning (ms): Min: 0.0, Avg: 0.0, Max: 0.0, Diff: 0.0, Sum: 0.1]
      [Object Copy (ms): Min: 6.7, Avg: 7.2, Max: 7.7, Diff: 1.1, Sum: 29.0]
      [Termination (ms): Min: 0.2, Avg: 0.9, Max: 1.2, Diff: 1.0, Sum: 3.6]
         [Termination Attempts: Min: 21, Avg: 33.0, Max: 45, Diff: 24, Sum: 132]
      [GC Worker Other (ms): Min: 0.0, Avg: 0.0, Max: 0.0, Diff: 0.0, Sum: 0.1]
      [GC Worker Total (ms): Min: 24.4, Avg: 24.5, Max: 24.5, Diff: 0.1, Sum: 97.8]
      [GC Worker End (ms): Min: 1056204.4, Avg: 1056204.4, Max: 1056204.4, Diff: 0.0]
   [Code Root Fixup: 0.0 ms]
   [Code Root Purge: 0.0 ms]
   [Clear CT: 0.1 ms]
   [Other: 3.4 ms]
      [Choose CSet: 0.0 ms]
      [Ref Proc: 0.2 ms]
      [Ref Enq: 0.0 ms]
      [Redirty Cards: 0.1 ms]
      [Humongous Register: 2.4 ms]
      [Humongous Reclaim: 0.0 ms]
      [Free CSet: 0.1 ms]
   [Eden: 46.0M(46.0M)->0.0B(46.0M) Survivors: 5120.0K->5120.0K Heap: 195.2M(1024.0M)->149.2M(1024.0M)]
 [Times: user=0.02 sys=0.02, real=0.03 secs] 
2019-11-28T11:36:52.209+0800: 1100.872: [GC pause (G1 Evacuation Pause) (young), 0.0674762 secs]
   [Parallel Time: 53.6 ms, GC Workers: 4]
      [GC Worker Start (ms): Min: 1100872.1, Avg: 1100872.1, Max: 1100872.1, Diff: 0.0]
      [Ext Root Scanning (ms): Min: 0.7, Avg: 7.0, Max: 26.0, Diff: 25.3, Sum: 28.2]
      [Update RS (ms): Min: 0.0, Avg: 1.8, Max: 5.9, Diff: 5.9, Sum: 7.1]
         [Processed Buffers: Min: 0, Avg: 8.8, Max: 26, Diff: 26, Sum: 35]
      [Scan RS (ms): Min: 0.0, Avg: 0.4, Max: 0.8, Diff: 0.8, Sum: 1.5]
      [Code Root Scanning (ms): Min: 0.0, Avg: 0.0, Max: 0.0, Diff: 0.0, Sum: 0.0]
      [Object Copy (ms): Min: 18.2, Avg: 34.1, Max: 41.2, Diff: 23.1, Sum: 136.5]
      [Termination (ms): Min: 0.0, Avg: 7.6, Max: 10.1, Diff: 10.1, Sum: 30.3]
         [Termination Attempts: Min: 1, Avg: 1.0, Max: 1, Diff: 0, Sum: 4]
      [GC Worker Other (ms): Min: 0.0, Avg: 0.0, Max: 0.0, Diff: 0.0, Sum: 0.1]
      [GC Worker Total (ms): Min: 44.2, Avg: 50.9, Max: 53.3, Diff: 9.1, Sum: 203.8]
      [GC Worker End (ms): Min: 1100916.3, Avg: 1100923.0, Max: 1100925.4, Diff: 9.1]
   [Code Root Fixup: 0.0 ms]
   [Code Root Purge: 0.0 ms]
   [Clear CT: 0.3 ms]
   [Other: 13.5 ms]
      [Choose CSet: 0.0 ms]
      [Ref Proc: 13.1 ms]
      [Ref Enq: 0.0 ms]
      [Redirty Cards: 0.1 ms]
      [Humongous Register: 0.0 ms]
      [Humongous Reclaim: 0.0 ms]
      [Free CSet: 0.1 ms]
   [Eden: 46.0M(46.0M)->0.0B(45.0M) Survivors: 5120.0K->6144.0K Heap: 195.2M(1024.0M)->150.3M(1024.0M)]
 [Times: user=0.03 sys=0.03, real=0.07 secs] 
2019-11-28T11:37:36.279+0800: 1144.940: [GC pause (G1 Evacuation Pause) (young), 0.0415926 secs]
   [Parallel Time: 38.4 ms, GC Workers: 4]
      [GC Worker Start (ms): Min: 1144942.2, Avg: 1144942.4, Max: 1144942.8, Diff: 0.6]
      [Ext Root Scanning (ms): Min: 3.2, Avg: 4.6, Max: 7.8, Diff: 4.6, Sum: 18.4]
      [Update RS (ms): Min: 0.4, Avg: 3.7, Max: 5.3, Diff: 4.9, Sum: 14.7]
         [Processed Buffers: Min: 2, Avg: 9.2, Max: 27, Diff: 25, Sum: 37]
      [Scan RS (ms): Min: 0.0, Avg: 1.0, Max: 2.8, Diff: 2.8, Sum: 3.9]
      [Code Root Scanning (ms): Min: 0.0, Avg: 0.0, Max: 0.1, Diff: 0.1, Sum: 0.1]
      [Object Copy (ms): Min: 26.9, Avg: 28.3, Max: 29.0, Diff: 2.1, Sum: 113.1]
      [Termination (ms): Min: 0.2, Avg: 0.5, Max: 0.8, Diff: 0.6, Sum: 1.9]
         [Termination Attempts: Min: 1, Avg: 9.2, Max: 18, Diff: 17, Sum: 37]
      [GC Worker Other (ms): Min: 0.0, Avg: 0.0, Max: 0.1, Diff: 0.1, Sum: 0.2]
      [GC Worker Total (ms): Min: 37.7, Avg: 38.1, Max: 38.2, Diff: 0.5, Sum: 152.2]
      [GC Worker End (ms): Min: 1144980.3, Avg: 1144980.5, Max: 1144980.5, Diff: 0.2]
   [Code Root Fixup: 0.0 ms]
   [Code Root Purge: 0.0 ms]
   [Clear CT: 0.1 ms]
   [Other: 3.1 ms]
      [Choose CSet: 0.0 ms]
      [Ref Proc: 0.2 ms]
      [Ref Enq: 0.0 ms]
      [Redirty Cards: 0.1 ms]
      [Humongous Register: 1.9 ms]
      [Humongous Reclaim: 0.0 ms]
      [Free CSet: 0.2 ms]
   [Eden: 45.0M(45.0M)->0.0B(46.0M) Survivors: 6144.0K->5120.0K Heap: 195.3M(1024.0M)->150.4M(1024.0M)]
 [Times: user=0.04 sys=0.03, real=0.05 secs] 
2019-11-28T11:38:20.960+0800: 1189.620: [GC pause (G1 Evacuation Pause) (young), 0.0175345 secs]
   [Parallel Time: 17.1 ms, GC Workers: 4]
      [GC Worker Start (ms): Min: 1189620.3, Avg: 1189620.3, Max: 1189620.3, Diff: 0.0]
      [Ext Root Scanning (ms): Min: 0.5, Avg: 0.5, Max: 0.6, Diff: 0.1, Sum: 2.2]
      [Update RS (ms): Min: 0.6, Avg: 0.7, Max: 0.7, Diff: 0.2, Sum: 2.6]
         [Processed Buffers: Min: 1, Avg: 7.8, Max: 20, Diff: 19, Sum: 31]
      [Scan RS (ms): Min: 0.7, Avg: 1.0, Max: 1.9, Diff: 1.2, Sum: 4.2]
      [Code Root Scanning (ms): Min: 0.0, Avg: 0.0, Max: 0.0, Diff: 0.0, Sum: 0.0]
      [Object Copy (ms): Min: 13.9, Avg: 14.0, Max: 14.0, Diff: 0.1, Sum: 55.8]
      [Termination (ms): Min: 0.0, Avg: 0.8, Max: 1.2, Diff: 1.2, Sum: 3.3]
         [Termination Attempts: Min: 3, Avg: 8.8, Max: 14, Diff: 11, Sum: 35]
      [GC Worker Other (ms): Min: 0.0, Avg: 0.0, Max: 0.0, Diff: 0.0, Sum: 0.1]
      [GC Worker Total (ms): Min: 17.0, Avg: 17.1, Max: 17.1, Diff: 0.0, Sum: 68.2]
      [GC Worker End (ms): Min: 1189637.3, Avg: 1189637.3, Max: 1189637.4, Diff: 0.0]
   [Code Root Fixup: 0.0 ms]
   [Code Root Purge: 0.0 ms]
   [Clear CT: 0.0 ms]
   [Other: 0.4 ms]
      [Choose CSet: 0.0 ms]
      [Ref Proc: 0.1 ms]
      [Ref Enq: 0.0 ms]
      [Redirty Cards: 0.1 ms]
      [Humongous Register: 0.0 ms]
      [Humongous Reclaim: 0.0 ms]
      [Free CSet: 0.0 ms]
   [Eden: 46.0M(46.0M)->0.0B(45.0M) Survivors: 5120.0K->6144.0K Heap: 196.4M(1024.0M)->151.3M(1024.0M)]
 [Times: user=0.04 sys=0.01, real=0.02 secs] 
2019-11-28T11:39:04.697+0800: 1233.355: [GC pause (G1 Evacuation Pause) (young), 0.0174762 secs]
   [Parallel Time: 15.8 ms, GC Workers: 4]
      [GC Worker Start (ms): Min: 1233355.6, Avg: 1233356.1, Max: 1233356.9, Diff: 1.3]
      [Ext Root Scanning (ms): Min: 0.2, Avg: 1.1, Max: 1.5, Diff: 1.4, Sum: 4.3]
      [Update RS (ms): Min: 0.6, Avg: 1.0, Max: 1.2, Diff: 0.6, Sum: 4.1]
         [Processed Buffers: Min: 4, Avg: 9.0, Max: 21, Diff: 17, Sum: 36]
      [Scan RS (ms): Min: 0.1, Avg: 0.3, Max: 0.6, Diff: 0.4, Sum: 1.3]
      [Code Root Scanning (ms): Min: 0.0, Avg: 0.0, Max: 0.0, Diff: 0.0, Sum: 0.0]
      [Object Copy (ms): Min: 9.8, Avg: 10.4, Max: 11.8, Diff: 2.0, Sum: 41.7]
      [Termination (ms): Min: 0.0, Avg: 1.7, Max: 2.5, Diff: 2.5, Sum: 6.8]
         [Termination Attempts: Min: 1, Avg: 1.0, Max: 1, Diff: 0, Sum: 4]
      [GC Worker Other (ms): Min: 0.0, Avg: 0.0, Max: 0.0, Diff: 0.0, Sum: 0.1]
      [GC Worker Total (ms): Min: 13.6, Avg: 14.6, Max: 15.2, Diff: 1.6, Sum: 58.4]
      [GC Worker End (ms): Min: 1233370.2, Avg: 1233370.7, Max: 1233371.2, Diff: 1.0]
   [Code Root Fixup: 0.0 ms]
   [Code Root Purge: 0.0 ms]
   [Clear CT: 0.5 ms]
   [Other: 1.1 ms]
      [Choose CSet: 0.0 ms]
      [Ref Proc: 0.4 ms]
      [Ref Enq: 0.0 ms]
      [Redirty Cards: 0.2 ms]
      [Humongous Register: 0.2 ms]
      [Humongous Reclaim: 0.0 ms]
      [Free CSet: 0.0 ms]
   [Eden: 45.0M(45.0M)->0.0B(45.0M) Survivors: 6144.0K->6144.0K Heap: 196.3M(1024.0M)->152.1M(1024.0M)]
 [Times: user=0.04 sys=0.00, real=0.02 secs] 
2019-11-28T11:39:48.656+0800: 1277.314: [GC pause (G1 Evacuation Pause) (young), 0.0672498 secs]
   [Parallel Time: 60.7 ms, GC Workers: 4]
      [GC Worker Start (ms): Min: 1277315.7, Avg: 1277315.8, Max: 1277315.8, Diff: 0.1]
      [Ext Root Scanning (ms): Min: 4.7, Avg: 5.9, Max: 9.6, Diff: 4.9, Sum: 23.7]
      [Update RS (ms): Min: 1.8, Avg: 5.4, Max: 6.9, Diff: 5.1, Sum: 21.7]
         [Processed Buffers: Min: 3, Avg: 8.8, Max: 15, Diff: 12, Sum: 35]
      [Scan RS (ms): Min: 0.3, Avg: 5.0, Max: 17.6, Diff: 17.3, Sum: 19.8]
      [Code Root Scanning (ms): Min: 0.0, Avg: 0.0, Max: 0.0, Diff: 0.0, Sum: 0.0]
      [Object Copy (ms): Min: 18.3, Avg: 33.4, Max: 38.5, Diff: 20.2, Sum: 133.7]
      [Termination (ms): Min: 0.0, Avg: 5.7, Max: 12.7, Diff: 12.7, Sum: 22.8]
         [Termination Attempts: Min: 1, Avg: 2.2, Max: 5, Diff: 4, Sum: 9]
      [GC Worker Other (ms): Min: 0.0, Avg: 0.1, Max: 0.1, Diff: 0.0, Sum: 0.2]
      [GC Worker Total (ms): Min: 50.7, Avg: 55.5, Max: 60.5, Diff: 9.8, Sum: 222.0]
      [GC Worker End (ms): Min: 1277366.5, Avg: 1277371.3, Max: 1277376.2, Diff: 9.7]
   [Code Root Fixup: 0.0 ms]
   [Code Root Purge: 0.0 ms]
   [Clear CT: 0.2 ms]
   [Other: 6.4 ms]
      [Choose CSet: 0.0 ms]
      [Ref Proc: 3.8 ms]
      [Ref Enq: 0.0 ms]
      [Redirty Cards: 0.1 ms]
      [Humongous Register: 1.7 ms]
      [Humongous Reclaim: 0.0 ms]
      [Free CSet: 0.2 ms]
   [Eden: 45.0M(45.0M)->0.0B(45.0M) Survivors: 6144.0K->6144.0K Heap: 197.1M(1024.0M)->153.6M(1024.0M)]
 [Times: user=0.05 sys=0.04, real=0.08 secs] 
2019-11-28T11:40:32.364+0800: 1321.019: [GC pause (G1 Evacuation Pause) (young), 0.0189164 secs]
   [Parallel Time: 18.3 ms, GC Workers: 4]
      [GC Worker Start (ms): Min: 1321019.6, Avg: 1321019.8, Max: 1321020.0, Diff: 0.4]
      [Ext Root Scanning (ms): Min: 0.3, Avg: 1.4, Max: 2.4, Diff: 2.1, Sum: 5.6]
      [Update RS (ms): Min: 0.9, Avg: 1.5, Max: 3.0, Diff: 2.1, Sum: 5.9]
         [Processed Buffers: Min: 3, Avg: 8.5, Max: 18, Diff: 15, Sum: 34]
      [Scan RS (ms): Min: 0.0, Avg: 1.2, Max: 2.7, Diff: 2.7, Sum: 4.6]
      [Code Root Scanning (ms): Min: 0.0, Avg: 0.0, Max: 0.0, Diff: 0.0, Sum: 0.0]
      [Object Copy (ms): Min: 11.2, Avg: 12.4, Max: 13.9, Diff: 2.8, Sum: 49.8]
      [Termination (ms): Min: 0.0, Avg: 0.7, Max: 1.0, Diff: 1.0, Sum: 3.0]
         [Termination Attempts: Min: 1, Avg: 1.0, Max: 1, Diff: 0, Sum: 4]
      [GC Worker Other (ms): Min: 0.0, Avg: 0.8, Max: 1.7, Diff: 1.7, Sum: 3.4]
      [GC Worker Total (ms): Min: 17.9, Avg: 18.1, Max: 18.3, Diff: 0.4, Sum: 72.3]
      [GC Worker End (ms): Min: 1321037.9, Avg: 1321037.9, Max: 1321037.9, Diff: 0.0]
   [Code Root Fixup: 0.0 ms]
   [Code Root Purge: 0.0 ms]
   [Clear CT: 0.1 ms]
   [Other: 0.5 ms]
      [Choose CSet: 0.0 ms]
      [Ref Proc: 0.2 ms]
      [Ref Enq: 0.0 ms]
      [Redirty Cards: 0.0 ms]
      [Humongous Register: 0.0 ms]
      [Humongous Reclaim: 0.0 ms]
      [Free CSet: 0.0 ms]
   [Eden: 45.0M(45.0M)->0.0B(45.0M) Survivors: 6144.0K->6144.0K Heap: 198.6M(1024.0M)->155.7M(1024.0M)]
 [Times: user=0.04 sys=0.01, real=0.02 secs] 
2019-11-28T11:41:15.280+0800: 1363.934: [GC pause (G1 Evacuation Pause) (young), 0.0235295 secs]
   [Parallel Time: 21.1 ms, GC Workers: 4]
      [GC Worker Start (ms): Min: 1363936.4, Avg: 1363936.5, Max: 1363936.6, Diff: 0.2]
      [Ext Root Scanning (ms): Min: 2.5, Avg: 3.5, Max: 6.4, Diff: 4.0, Sum: 14.2]
      [Update RS (ms): Min: 0.0, Avg: 2.2, Max: 3.0, Diff: 3.0, Sum: 8.7]
         [Processed Buffers: Min: 0, Avg: 9.0, Max: 19, Diff: 19, Sum: 36]
      [Scan RS (ms): Min: 1.8, Avg: 2.4, Max: 2.9, Diff: 1.1, Sum: 9.7]
      [Code Root Scanning (ms): Min: 0.0, Avg: 0.0, Max: 0.0, Diff: 0.0, Sum: 0.0]
      [Object Copy (ms): Min: 12.3, Avg: 12.6, Max: 12.8, Diff: 0.5, Sum: 50.6]
      [Termination (ms): Min: 0.0, Avg: 0.0, Max: 0.0, Diff: 0.0, Sum: 0.0]
         [Termination Attempts: Min: 1, Avg: 1.8, Max: 2, Diff: 1, Sum: 7]
      [GC Worker Other (ms): Min: 0.0, Avg: 0.1, Max: 0.1, Diff: 0.0, Sum: 0.2]
      [GC Worker Total (ms): Min: 20.8, Avg: 20.9, Max: 21.0, Diff: 0.2, Sum: 83.5]
      [GC Worker End (ms): Min: 1363957.3, Avg: 1363957.3, Max: 1363957.3, Diff: 0.0]
   [Code Root Fixup: 0.0 ms]
   [Code Root Purge: 0.0 ms]
   [Clear CT: 0.1 ms]
   [Other: 2.4 ms]
      [Choose CSet: 0.0 ms]
      [Ref Proc: 0.2 ms]
      [Ref Enq: 0.0 ms]
      [Redirty Cards: 0.1 ms]
      [Humongous Register: 1.6 ms]
      [Humongous Reclaim: 0.0 ms]
      [Free CSet: 0.1 ms]
   [Eden: 45.0M(45.0M)->0.0B(46.0M) Survivors: 6144.0K->5120.0K Heap: 200.7M(1024.0M)->156.9M(1024.0M)]
 [Times: user=0.05 sys=0.04, real=0.02 secs] 
2019-11-28T11:41:59.599+0800: 1408.252: [GC pause (G1 Evacuation Pause) (young), 0.0211480 secs]
   [Parallel Time: 20.5 ms, GC Workers: 4]
      [GC Worker Start (ms): Min: 1408252.1, Avg: 1408252.1, Max: 1408252.2, Diff: 0.0]
      [Ext Root Scanning (ms): Min: 0.8, Avg: 0.8, Max: 0.8, Diff: 0.1, Sum: 3.2]
      [Update RS (ms): Min: 1.5, Avg: 2.1, Max: 3.5, Diff: 2.0, Sum: 8.2]
         [Processed Buffers: Min: 2, Avg: 9.0, Max: 17, Diff: 15, Sum: 36]
      [Scan RS (ms): Min: 0.0, Avg: 1.3, Max: 1.8, Diff: 1.8, Sum: 5.0]
      [Code Root Scanning (ms): Min: 0.0, Avg: 0.0, Max: 0.0, Diff: 0.0, Sum: 0.0]
      [Object Copy (ms): Min: 16.1, Avg: 16.2, Max: 16.2, Diff: 0.2, Sum: 64.8]
      [Termination (ms): Min: 0.0, Avg: 0.1, Max: 0.1, Diff: 0.1, Sum: 0.3]
         [Termination Attempts: Min: 1, Avg: 1.2, Max: 2, Diff: 1, Sum: 5]
      [GC Worker Other (ms): Min: 0.0, Avg: 0.0, Max: 0.0, Diff: 0.0, Sum: 0.1]
      [GC Worker Total (ms): Min: 20.4, Avg: 20.4, Max: 20.4, Diff: 0.1, Sum: 81.6]
      [GC Worker End (ms): Min: 1408272.5, Avg: 1408272.5, Max: 1408272.6, Diff: 0.0]
   [Code Root Fixup: 0.0 ms]
   [Code Root Purge: 0.0 ms]
   [Clear CT: 0.1 ms]
   [Other: 0.5 ms]
      [Choose CSet: 0.0 ms]
      [Ref Proc: 0.2 ms]
      [Ref Enq: 0.0 ms]
      [Redirty Cards: 0.0 ms]
      [Humongous Register: 0.0 ms]
      [Humongous Reclaim: 0.0 ms]
      [Free CSet: 0.0 ms]
   [Eden: 46.0M(46.0M)->0.0B(45.0M) Survivors: 5120.0K->6144.0K Heap: 202.9M(1024.0M)->158.4M(1024.0M)]
 [Times: user=0.04 sys=0.02, real=0.03 secs] 
2019-11-28T11:42:43.587+0800: 1452.239: [GC pause (G1 Evacuation Pause) (young), 0.0366321 secs]
   [Parallel Time: 27.4 ms, GC Workers: 4]
      [GC Worker Start (ms): Min: 1452239.5, Avg: 1452239.5, Max: 1452239.6, Diff: 0.1]
      [Ext Root Scanning (ms): Min: 0.7, Avg: 1.3, Max: 2.9, Diff: 2.3, Sum: 5.1]
      [Update RS (ms): Min: 1.2, Avg: 2.7, Max: 3.3, Diff: 2.2, Sum: 10.6]
         [Processed Buffers: Min: 1, Avg: 8.5, Max: 28, Diff: 27, Sum: 34]
      [Scan RS (ms): Min: 0.7, Avg: 4.1, Max: 12.6, Diff: 11.9, Sum: 16.2]
      [Code Root Scanning (ms): Min: 0.0, Avg: 0.0, Max: 0.0, Diff: 0.0, Sum: 0.0]
      [Object Copy (ms): Min: 2.3, Avg: 13.0, Max: 21.9, Diff: 19.6, Sum: 52.1]
      [Termination (ms): Min: 0.0, Avg: 6.3, Max: 8.4, Diff: 8.4, Sum: 25.2]
         [Termination Attempts: Min: 1, Avg: 1.0, Max: 1, Diff: 0, Sum: 4]
      [GC Worker Other (ms): Min: 0.0, Avg: 0.0, Max: 0.0, Diff: 0.0, Sum: 0.1]
      [GC Worker Total (ms): Min: 27.2, Avg: 27.3, Max: 27.4, Diff: 0.1, Sum: 109.2]
      [GC Worker End (ms): Min: 1452266.8, Avg: 1452266.8, Max: 1452266.8, Diff: 0.0]
   [Code Root Fixup: 0.0 ms]
   [Code Root Purge: 0.0 ms]
   [Clear CT: 0.1 ms]
   [Other: 9.1 ms]
      [Choose CSet: 0.0 ms]
      [Ref Proc: 8.5 ms]
      [Ref Enq: 0.0 ms]
      [Redirty Cards: 0.1 ms]
      [Humongous Register: 0.1 ms]
      [Humongous Reclaim: 0.0 ms]
      [Free CSet: 0.1 ms]
   [Eden: 45.0M(45.0M)->0.0B(44.0M) Survivors: 6144.0K->7168.0K Heap: 203.4M(1024.0M)->160.6M(1024.0M)]
 [Times: user=0.08 sys=0.01, real=0.04 secs] 
2019-11-28T11:43:26.197+0800: 1494.847: [GC pause (G1 Evacuation Pause) (young), 0.0220126 secs]
   [Parallel Time: 21.3 ms, GC Workers: 4]
      [GC Worker Start (ms): Min: 1494847.7, Avg: 1494847.8, Max: 1494848.0, Diff: 0.3]
      [Ext Root Scanning (ms): Min: 0.5, Avg: 0.9, Max: 1.8, Diff: 1.3, Sum: 3.8]
      [Update RS (ms): Min: 1.3, Avg: 2.5, Max: 4.4, Diff: 3.0, Sum: 9.9]
         [Processed Buffers: Min: 1, Avg: 7.8, Max: 27, Diff: 26, Sum: 31]
      [Scan RS (ms): Min: 1.1, Avg: 2.8, Max: 3.5, Diff: 2.5, Sum: 11.3]
      [Code Root Scanning (ms): Min: 0.0, Avg: 0.0, Max: 0.0, Diff: 0.0, Sum: 0.0]
      [Object Copy (ms): Min: 13.8, Avg: 13.9, Max: 14.1, Diff: 0.4, Sum: 55.8]
      [Termination (ms): Min: 0.0, Avg: 0.7, Max: 1.0, Diff: 1.0, Sum: 2.9]
         [Termination Attempts: Min: 1, Avg: 1.0, Max: 1, Diff: 0, Sum: 4]
      [GC Worker Other (ms): Min: 0.0, Avg: 0.0, Max: 0.0, Diff: 0.0, Sum: 0.1]
      [GC Worker Total (ms): Min: 20.4, Avg: 20.9, Max: 21.2, Diff: 0.8, Sum: 83.7]
      [GC Worker End (ms): Min: 1494868.1, Avg: 1494868.7, Max: 1494868.9, Diff: 0.8]
   [Code Root Fixup: 0.0 ms]
   [Code Root Purge: 0.0 ms]
   [Clear CT: 0.1 ms]
   [Other: 0.7 ms]
      [Choose CSet: 0.0 ms]
      [Ref Proc: 0.2 ms]
      [Ref Enq: 0.0 ms]
      [Redirty Cards: 0.1 ms]
      [Humongous Register: 0.1 ms]
      [Humongous Reclaim: 0.0 ms]
      [Free CSet: 0.1 ms]
   [Eden: 44.0M(44.0M)->0.0B(46.0M) Survivors: 7168.0K->5120.0K Heap: 204.6M(1024.0M)->161.4M(1024.0M)]
 [Times: user=0.05 sys=0.01, real=0.03 secs] 
2019-11-28T11:44:11.090+0800: 1539.740: [GC pause (G1 Evacuation Pause) (young), 0.0356120 secs]
   [Parallel Time: 33.2 ms, GC Workers: 4]
      [GC Worker Start (ms): Min: 1539741.7, Avg: 1539741.8, Max: 1539741.9, Diff: 0.2]
      [Ext Root Scanning (ms): Min: 4.4, Avg: 4.6, Max: 5.2, Diff: 0.8, Sum: 18.5]
      [Update RS (ms): Min: 1.2, Avg: 2.2, Max: 3.9, Diff: 2.6, Sum: 8.9]
         [Processed Buffers: Min: 0, Avg: 8.8, Max: 13, Diff: 13, Sum: 35]
      [Scan RS (ms): Min: 3.4, Avg: 4.9, Max: 5.5, Diff: 2.1, Sum: 19.5]
      [Code Root Scanning (ms): Min: 0.0, Avg: 0.0, Max: 0.0, Diff: 0.0, Sum: 0.0]
      [Object Copy (ms): Min: 20.6, Avg: 21.0, Max: 21.2, Diff: 0.6, Sum: 83.9]
      [Termination (ms): Min: 0.0, Avg: 0.3, Max: 1.2, Diff: 1.2, Sum: 1.2]
         [Termination Attempts: Min: 1, Avg: 1.2, Max: 2, Diff: 1, Sum: 5]
      [GC Worker Other (ms): Min: 0.0, Avg: 0.0, Max: 0.0, Diff: 0.0, Sum: 0.1]
      [GC Worker Total (ms): Min: 32.9, Avg: 33.0, Max: 33.1, Diff: 0.2, Sum: 132.1]
      [GC Worker End (ms): Min: 1539774.8, Avg: 1539774.8, Max: 1539774.8, Diff: 0.0]
   [Code Root Fixup: 0.0 ms]
   [Code Root Purge: 0.0 ms]
   [Clear CT: 0.1 ms]
   [Other: 2.4 ms]
      [Choose CSet: 0.0 ms]
      [Ref Proc: 0.2 ms]
      [Ref Enq: 0.0 ms]
      [Redirty Cards: 0.0 ms]
      [Humongous Register: 1.6 ms]
      [Humongous Reclaim: 0.0 ms]
      [Free CSet: 0.1 ms]
   [Eden: 46.0M(46.0M)->0.0B(46.0M) Survivors: 5120.0K->5120.0K Heap: 207.4M(1024.0M)->163.4M(1024.0M)]
 [Times: user=0.04 sys=0.03, real=0.03 secs] 
2019-11-28T11:44:55.943+0800: 1584.592: [GC pause (G1 Evacuation Pause) (young), 0.0304253 secs]
   [Parallel Time: 28.4 ms, GC Workers: 4]
      [GC Worker Start (ms): Min: 1584591.9, Avg: 1584592.0, Max: 1584592.2, Diff: 0.3]
      [Ext Root Scanning (ms): Min: 1.6, Avg: 1.8, Max: 1.9, Diff: 0.3, Sum: 7.0]
      [Update RS (ms): Min: 2.1, Avg: 2.3, Max: 2.9, Diff: 0.8, Sum: 9.3]
         [Processed Buffers: Min: 1, Avg: 7.8, Max: 21, Diff: 20, Sum: 31]
      [Scan RS (ms): Min: 3.0, Avg: 3.7, Max: 4.0, Diff: 1.0, Sum: 14.7]
      [Code Root Scanning (ms): Min: 0.0, Avg: 0.0, Max: 0.0, Diff: 0.0, Sum: 0.0]
      [Object Copy (ms): Min: 16.1, Avg: 16.4, Max: 16.5, Diff: 0.3, Sum: 65.5]
      [Termination (ms): Min: 0.0, Avg: 1.1, Max: 4.0, Diff: 4.0, Sum: 4.3]
         [Termination Attempts: Min: 1, Avg: 1.2, Max: 2, Diff: 1, Sum: 5]
      [GC Worker Other (ms): Min: 0.0, Avg: 0.0, Max: 0.0, Diff: 0.0, Sum: 0.2]
      [GC Worker Total (ms): Min: 24.3, Avg: 25.2, Max: 28.0, Diff: 3.7, Sum: 100.8]
      [GC Worker End (ms): Min: 1584616.2, Avg: 1584617.2, Max: 1584620.2, Diff: 3.9]
   [Code Root Fixup: 0.0 ms]
   [Code Root Purge: 0.0 ms]
   [Clear CT: 0.1 ms]
   [Other: 1.9 ms]
      [Choose CSet: 0.0 ms]
      [Ref Proc: 0.7 ms]
      [Ref Enq: 0.0 ms]
      [Redirty Cards: 0.1 ms]
      [Humongous Register: 0.2 ms]
      [Humongous Reclaim: 0.0 ms]
      [Free CSet: 0.4 ms]
   [Eden: 46.0M(46.0M)->0.0B(46.0M) Survivors: 5120.0K->5120.0K Heap: 209.4M(1024.0M)->164.9M(1024.0M)]
 [Times: user=0.05 sys=0.02, real=0.05 secs] 
2019-11-28T11:45:40.346+0800: 1628.992: [GC pause (G1 Evacuation Pause) (young), 0.0269516 secs]
   [Parallel Time: 26.4 ms, GC Workers: 4]
      [GC Worker Start (ms): Min: 1628992.4, Avg: 1628992.4, Max: 1628992.5, Diff: 0.0]
      [Ext Root Scanning (ms): Min: 0.5, Avg: 0.5, Max: 0.6, Diff: 0.0, Sum: 2.2]
      [Update RS (ms): Min: 1.1, Avg: 1.2, Max: 1.3, Diff: 0.1, Sum: 4.8]
         [Processed Buffers: Min: 2, Avg: 7.2, Max: 13, Diff: 11, Sum: 29]
      [Scan RS (ms): Min: 2.6, Avg: 4.5, Max: 8.5, Diff: 6.0, Sum: 18.2]
      [Code Root Scanning (ms): Min: 0.0, Avg: 0.0, Max: 0.0, Diff: 0.0, Sum: 0.0]
      [Object Copy (ms): Min: 16.0, Avg: 19.8, Max: 21.9, Diff: 5.9, Sum: 79.2]
      [Termination (ms): Min: 0.0, Avg: 0.2, Max: 0.8, Diff: 0.8, Sum: 0.8]
         [Termination Attempts: Min: 1, Avg: 1.0, Max: 1, Diff: 0, Sum: 4]
      [GC Worker Other (ms): Min: 0.0, Avg: 0.0, Max: 0.0, Diff: 0.0, Sum: 0.1]
      [GC Worker Total (ms): Min: 26.3, Avg: 26.3, Max: 26.3, Diff: 0.0, Sum: 105.2]
      [GC Worker End (ms): Min: 1629018.7, Avg: 1629018.8, Max: 1629018.8, Diff: 0.0]
   [Code Root Fixup: 0.0 ms]
   [Code Root Purge: 0.0 ms]
   [Clear CT: 0.0 ms]
   [Other: 0.5 ms]
      [Choose CSet: 0.0 ms]
      [Ref Proc: 0.1 ms]
      [Ref Enq: 0.0 ms]
      [Redirty Cards: 0.1 ms]
      [Humongous Register: 0.0 ms]
      [Humongous Reclaim: 0.0 ms]
      [Free CSet: 0.1 ms]
   [Eden: 46.0M(46.0M)->0.0B(44.0M) Survivors: 5120.0K->7168.0K Heap: 210.9M(1024.0M)->167.4M(1024.0M)]
 [Times: user=0.03 sys=0.02, real=0.03 secs] 
2019-11-28T11:46:23.859+0800: 1672.504: [GC pause (G1 Evacuation Pause) (young), 0.0408453 secs]
   [Parallel Time: 33.5 ms, GC Workers: 4]
      [GC Worker Start (ms): Min: 1672506.5, Avg: 1672506.6, Max: 1672506.8, Diff: 0.3]
      [Ext Root Scanning (ms): Min: 2.5, Avg: 3.7, Max: 6.9, Diff: 4.5, Sum: 14.8]
      [Update RS (ms): Min: 2.0, Avg: 4.2, Max: 5.0, Diff: 3.1, Sum: 16.7]
         [Processed Buffers: Min: 3, Avg: 7.5, Max: 12, Diff: 9, Sum: 30]
      [Scan RS (ms): Min: 1.9, Avg: 2.6, Max: 3.0, Diff: 1.1, Sum: 10.5]
      [Code Root Scanning (ms): Min: 0.0, Avg: 0.0, Max: 0.0, Diff: 0.0, Sum: 0.0]
      [Object Copy (ms): Min: 21.1, Avg: 21.2, Max: 21.3, Diff: 0.2, Sum: 85.0]
      [Termination (ms): Min: 0.0, Avg: 0.8, Max: 1.6, Diff: 1.6, Sum: 3.0]
         [Termination Attempts: Min: 1, Avg: 1.2, Max: 2, Diff: 1, Sum: 5]
      [GC Worker Other (ms): Min: 0.0, Avg: 0.0, Max: 0.1, Diff: 0.0, Sum: 0.2]
      [GC Worker Total (ms): Min: 31.6, Avg: 32.5, Max: 33.4, Diff: 1.8, Sum: 130.2]
      [GC Worker End (ms): Min: 1672538.5, Avg: 1672539.2, Max: 1672540.0, Diff: 1.5]
   [Code Root Fixup: 0.0 ms]
   [Code Root Purge: 0.0 ms]
   [Clear CT: 0.3 ms]
   [Other: 7.0 ms]
      [Choose CSet: 0.0 ms]
      [Ref Proc: 4.2 ms]
      [Ref Enq: 0.0 ms]
      [Redirty Cards: 0.1 ms]
      [Humongous Register: 1.8 ms]
      [Humongous Reclaim: 0.0 ms]
      [Free CSet: 0.2 ms]
   [Eden: 44.0M(44.0M)->0.0B(46.0M) Survivors: 7168.0K->5120.0K Heap: 211.4M(1024.0M)->167.6M(1024.0M)]
 [Times: user=0.05 sys=0.04, real=0.05 secs] 
2019-11-28T11:47:08.515+0800: 1717.159: [GC pause (G1 Evacuation Pause) (young), 0.0420016 secs]
   [Parallel Time: 28.7 ms, GC Workers: 4]
      [GC Worker Start (ms): Min: 1717159.7, Avg: 1717159.7, Max: 1717159.7, Diff: 0.1]
      [Ext Root Scanning (ms): Min: 0.6, Avg: 1.2, Max: 2.9, Diff: 2.3, Sum: 4.9]
      [Update RS (ms): Min: 0.0, Avg: 1.4, Max: 2.0, Diff: 2.0, Sum: 5.7]
         [Processed Buffers: Min: 0, Avg: 8.8, Max: 25, Diff: 25, Sum: 35]
      [Scan RS (ms): Min: 2.9, Avg: 3.1, Max: 3.4, Diff: 0.6, Sum: 12.6]
      [Code Root Scanning (ms): Min: 0.0, Avg: 0.0, Max: 0.0, Diff: 0.0, Sum: 0.1]
      [Object Copy (ms): Min: 12.6, Avg: 12.7, Max: 13.1, Diff: 0.5, Sum: 50.9]
      [Termination (ms): Min: 0.0, Avg: 7.6, Max: 10.2, Diff: 10.2, Sum: 30.5]
         [Termination Attempts: Min: 1, Avg: 1.0, Max: 1, Diff: 0, Sum: 4]
      [GC Worker Other (ms): Min: 0.0, Avg: 0.0, Max: 0.0, Diff: 0.0, Sum: 0.1]
      [GC Worker Total (ms): Min: 18.8, Avg: 26.2, Max: 28.7, Diff: 9.8, Sum: 104.8]
      [GC Worker End (ms): Min: 1717178.5, Avg: 1717185.9, Max: 1717188.3, Diff: 9.8]
   [Code Root Fixup: 0.0 ms]
   [Code Root Purge: 0.0 ms]
   [Clear CT: 0.9 ms]
   [Other: 12.4 ms]
      [Choose CSet: 0.0 ms]
      [Ref Proc: 10.7 ms]
      [Ref Enq: 0.0 ms]
      [Redirty Cards: 0.4 ms]
      [Humongous Register: 0.0 ms]
      [Humongous Reclaim: 0.0 ms]
      [Free CSet: 0.1 ms]
   [Eden: 46.0M(46.0M)->0.0B(46.0M) Survivors: 5120.0K->5120.0K Heap: 213.6M(1024.0M)->169.8M(1024.0M)]
 [Times: user=0.04 sys=0.01, real=0.04 secs] 
2019-11-28T11:47:53.069+0800: 1761.712: [GC pause (G1 Evacuation Pause) (young), 0.0285070 secs]
   [Parallel Time: 25.3 ms, GC Workers: 4]
      [GC Worker Start (ms): Min: 1761714.5, Avg: 1761714.6, Max: 1761714.7, Diff: 0.2]
      [Ext Root Scanning (ms): Min: 2.6, Avg: 3.6, Max: 6.5, Diff: 3.9, Sum: 14.6]
      [Update RS (ms): Min: 4.7, Avg: 7.5, Max: 9.9, Diff: 5.2, Sum: 30.2]
         [Processed Buffers: Min: 1, Avg: 7.8, Max: 13, Diff: 12, Sum: 31]
      [Scan RS (ms): Min: 0.0, Avg: 0.9, Max: 3.7, Diff: 3.7, Sum: 3.7]
      [Code Root Scanning (ms): Min: 0.0, Avg: 0.0, Max: 0.0, Diff: 0.0, Sum: 0.0]
      [Object Copy (ms): Min: 12.4, Avg: 13.0, Max: 14.0, Diff: 1.5, Sum: 52.1]
      [Termination (ms): Min: 0.0, Avg: 0.0, Max: 0.0, Diff: 0.0, Sum: 0.0]
         [Termination Attempts: Min: 1, Avg: 1.5, Max: 2, Diff: 1, Sum: 6]
      [GC Worker Other (ms): Min: 0.0, Avg: 0.0, Max: 0.1, Diff: 0.1, Sum: 0.2]
      [GC Worker Total (ms): Min: 25.0, Avg: 25.2, Max: 25.3, Diff: 0.2, Sum: 100.7]
      [GC Worker End (ms): Min: 1761739.8, Avg: 1761739.8, Max: 1761739.8, Diff: 0.0]
   [Code Root Fixup: 0.0 ms]
   [Code Root Purge: 0.0 ms]
   [Clear CT: 0.0 ms]
   [Other: 3.1 ms]
      [Choose CSet: 0.0 ms]
      [Ref Proc: 0.1 ms]
      [Ref Enq: 0.0 ms]
      [Redirty Cards: 0.1 ms]
      [Humongous Register: 2.2 ms]
      [Humongous Reclaim: 0.0 ms]
      [Free CSet: 0.1 ms]
   [Eden: 46.0M(46.0M)->0.0B(46.0M) Survivors: 5120.0K->5120.0K Heap: 215.8M(1024.0M)->171.6M(1024.0M)]
 [Times: user=0.05 sys=0.03, real=0.03 secs] 
2019-11-28T11:48:37.537+0800: 1806.178: [GC pause (G1 Evacuation Pause) (young), 0.0207796 secs]
   [Parallel Time: 20.2 ms, GC Workers: 4]
      [GC Worker Start (ms): Min: 1806178.4, Avg: 1806178.4, Max: 1806178.4, Diff: 0.0]
      [Ext Root Scanning (ms): Min: 0.6, Avg: 1.0, Max: 2.1, Diff: 1.4, Sum: 4.1]
      [Update RS (ms): Min: 0.6, Avg: 2.5, Max: 3.9, Diff: 3.3, Sum: 10.0]
         [Processed Buffers: Min: 2, Avg: 8.0, Max: 16, Diff: 14, Sum: 32]
      [Scan RS (ms): Min: 2.8, Avg: 3.8, Max: 4.7, Diff: 1.9, Sum: 15.0]
      [Code Root Scanning (ms): Min: 0.0, Avg: 0.0, Max: 0.1, Diff: 0.1, Sum: 0.1]
      [Object Copy (ms): Min: 11.7, Avg: 12.3, Max: 12.9, Diff: 1.1, Sum: 49.1]
      [Termination (ms): Min: 0.0, Avg: 0.6, Max: 1.1, Diff: 1.1, Sum: 2.3]
         [Termination Attempts: Min: 1, Avg: 1.0, Max: 1, Diff: 0, Sum: 4]
      [GC Worker Other (ms): Min: 0.0, Avg: 0.0, Max: 0.0, Diff: 0.0, Sum: 0.1]
      [GC Worker Total (ms): Min: 20.2, Avg: 20.2, Max: 20.2, Diff: 0.0, Sum: 80.7]
      [GC Worker End (ms): Min: 1806198.6, Avg: 1806198.6, Max: 1806198.6, Diff: 0.0]
   [Code Root Fixup: 0.0 ms]
   [Code Root Purge: 0.0 ms]
   [Clear CT: 0.1 ms]
   [Other: 0.5 ms]
      [Choose CSet: 0.0 ms]
      [Ref Proc: 0.1 ms]
      [Ref Enq: 0.0 ms]
      [Redirty Cards: 0.1 ms]
      [Humongous Register: 0.0 ms]
      [Humongous Reclaim: 0.0 ms]
      [Free CSet: 0.1 ms]
   [Eden: 46.0M(46.0M)->0.0B(45.0M) Survivors: 5120.0K->6144.0K Heap: 217.6M(1024.0M)->172.1M(1024.0M)]
 [Times: user=0.05 sys=0.02, real=0.02 secs] 
2019-11-28T11:49:21.152+0800: 1849.792: [GC pause (G1 Evacuation Pause) (young), 0.0186151 secs]
   [Parallel Time: 17.9 ms, GC Workers: 4]
      [GC Worker Start (ms): Min: 1849792.5, Avg: 1849792.5, Max: 1849792.5, Diff: 0.1]
      [Ext Root Scanning (ms): Min: 0.5, Avg: 0.9, Max: 2.1, Diff: 1.5, Sum: 3.8]
      [Update RS (ms): Min: 0.1, Avg: 2.2, Max: 5.2, Diff: 5.2, Sum: 8.7]
         [Processed Buffers: Min: 3, Avg: 9.2, Max: 20, Diff: 17, Sum: 37]
      [Scan RS (ms): Min: 0.0, Avg: 1.7, Max: 2.3, Diff: 2.3, Sum: 6.7]
      [Code Root Scanning (ms): Min: 0.0, Avg: 0.0, Max: 0.0, Diff: 0.0, Sum: 0.0]
      [Object Copy (ms): Min: 12.0, Avg: 12.3, Max: 12.3, Diff: 0.3, Sum: 49.0]
      [Termination (ms): Min: 0.0, Avg: 0.8, Max: 1.0, Diff: 1.0, Sum: 3.0]
         [Termination Attempts: Min: 1, Avg: 1.0, Max: 1, Diff: 0, Sum: 4]
      [GC Worker Other (ms): Min: 0.0, Avg: 0.0, Max: 0.0, Diff: 0.0, Sum: 0.1]
      [GC Worker Total (ms): Min: 17.8, Avg: 17.8, Max: 17.9, Diff: 0.1, Sum: 71.3]
      [GC Worker End (ms): Min: 1849810.3, Avg: 1849810.3, Max: 1849810.4, Diff: 0.0]
   [Code Root Fixup: 0.0 ms]
   [Code Root Purge: 0.0 ms]
   [Clear CT: 0.1 ms]
   [Other: 0.6 ms]
      [Choose CSet: 0.0 ms]
      [Ref Proc: 0.2 ms]
      [Ref Enq: 0.0 ms]
      [Redirty Cards: 0.1 ms]
      [Humongous Register: 0.1 ms]
      [Humongous Reclaim: 0.0 ms]
      [Free CSet: 0.0 ms]
   [Eden: 45.0M(45.0M)->0.0B(44.0M) Survivors: 6144.0K->7168.0K Heap: 217.1M(1024.0M)->174.8M(1024.0M)]
 [Times: user=0.05 sys=0.01, real=0.02 secs] 
2019-11-28T11:50:04.068+0800: 1892.707: [GC pause (G1 Evacuation Pause) (young), 0.0219309 secs]
   [Parallel Time: 21.0 ms, GC Workers: 4]
      [GC Worker Start (ms): Min: 1892706.9, Avg: 1892706.9, Max: 1892706.9, Diff: 0.0]
      [Ext Root Scanning (ms): Min: 0.4, Avg: 0.5, Max: 0.5, Diff: 0.1, Sum: 1.9]
      [Update RS (ms): Min: 1.9, Avg: 2.6, Max: 4.4, Diff: 2.5, Sum: 10.2]
         [Processed Buffers: Min: 0, Avg: 10.2, Max: 18, Diff: 18, Sum: 41]
      [Scan RS (ms): Min: 0.7, Avg: 2.5, Max: 3.3, Diff: 2.5, Sum: 10.1]
      [Code Root Scanning (ms): Min: 0.0, Avg: 0.0, Max: 0.0, Diff: 0.0, Sum: 0.0]
      [Object Copy (ms): Min: 14.5, Avg: 14.6, Max: 14.7, Diff: 0.2, Sum: 58.4]
      [Termination (ms): Min: 0.0, Avg: 0.2, Max: 0.6, Diff: 0.6, Sum: 0.8]
         [Termination Attempts: Min: 1, Avg: 1.0, Max: 1, Diff: 0, Sum: 4]
      [GC Worker Other (ms): Min: 0.0, Avg: 0.0, Max: 0.0, Diff: 0.0, Sum: 0.1]
      [GC Worker Total (ms): Min: 20.2, Avg: 20.4, Max: 20.8, Diff: 0.5, Sum: 81.5]
      [GC Worker End (ms): Min: 1892727.2, Avg: 1892727.3, Max: 1892727.7, Diff: 0.5]
   [Code Root Fixup: 0.0 ms]
   [Code Root Purge: 0.0 ms]
   [Clear CT: 0.1 ms]
   [Other: 0.9 ms]
      [Choose CSet: 0.0 ms]
      [Ref Proc: 0.5 ms]
      [Ref Enq: 0.0 ms]
      [Redirty Cards: 0.1 ms]
      [Humongous Register: 0.0 ms]
      [Humongous Reclaim: 0.0 ms]
      [Free CSet: 0.1 ms]
   [Eden: 44.0M(44.0M)->0.0B(46.0M) Survivors: 7168.0K->5120.0K Heap: 218.8M(1024.0M)->175.8M(1024.0M)]
 [Times: user=0.06 sys=0.01, real=0.03 secs] 
2019-11-28T11:50:48.985+0800: 1937.622: [GC pause (G1 Evacuation Pause) (young), 0.0228308 secs]
   [Parallel Time: 22.2 ms, GC Workers: 4]
      [GC Worker Start (ms): Min: 1937622.4, Avg: 1937622.4, Max: 1937622.4, Diff: 0.0]
      [Ext Root Scanning (ms): Min: 0.6, Avg: 0.8, Max: 1.3, Diff: 0.6, Sum: 3.2]
      [Update RS (ms): Min: 2.7, Avg: 3.2, Max: 3.5, Diff: 0.8, Sum: 12.7]
         [Processed Buffers: Min: 1, Avg: 9.8, Max: 18, Diff: 17, Sum: 39]
      [Scan RS (ms): Min: 5.0, Avg: 5.8, Max: 6.8, Diff: 1.8, Sum: 23.3]
      [Code Root Scanning (ms): Min: 0.0, Avg: 0.0, Max: 0.0, Diff: 0.0, Sum: 0.0]
      [Object Copy (ms): Min: 10.8, Avg: 11.9, Max: 12.5, Diff: 1.7, Sum: 47.7]
      [Termination (ms): Min: 0.0, Avg: 0.4, Max: 0.5, Diff: 0.5, Sum: 1.5]
         [Termination Attempts: Min: 1, Avg: 1.0, Max: 1, Diff: 0, Sum: 4]
      [GC Worker Other (ms): Min: 0.0, Avg: 0.0, Max: 0.0, Diff: 0.0, Sum: 0.1]
      [GC Worker Total (ms): Min: 22.1, Avg: 22.1, Max: 22.1, Diff: 0.0, Sum: 88.5]
      [GC Worker End (ms): Min: 1937644.5, Avg: 1937644.5, Max: 1937644.5, Diff: 0.0]
   [Code Root Fixup: 0.0 ms]
   [Code Root Purge: 0.0 ms]
   [Clear CT: 0.1 ms]
   [Other: 0.6 ms]
      [Choose CSet: 0.0 ms]
      [Ref Proc: 0.1 ms]
      [Ref Enq: 0.0 ms]
      [Redirty Cards: 0.0 ms]
      [Humongous Register: 0.1 ms]
      [Humongous Reclaim: 0.0 ms]
      [Free CSet: 0.1 ms]
   [Eden: 46.0M(46.0M)->0.0B(46.0M) Survivors: 5120.0K->5120.0K Heap: 221.8M(1024.0M)->177.9M(1024.0M)]
 [Times: user=0.05 sys=0.01, real=0.02 secs] 
2019-11-28T11:51:33.308+0800: 1981.944: [GC pause (G1 Evacuation Pause) (young), 0.0185748 secs]
   [Parallel Time: 16.6 ms, GC Workers: 4]
      [GC Worker Start (ms): Min: 1981946.0, Avg: 1981946.2, Max: 1981946.3, Diff: 0.3]
      [Ext Root Scanning (ms): Min: 2.3, Avg: 2.4, Max: 2.5, Diff: 0.3, Sum: 9.6]
      [Update RS (ms): Min: 1.3, Avg: 1.5, Max: 1.6, Diff: 0.3, Sum: 5.9]
         [Processed Buffers: Min: 3, Avg: 9.5, Max: 16, Diff: 13, Sum: 38]
      [Scan RS (ms): Min: 2.8, Avg: 3.0, Max: 3.1, Diff: 0.3, Sum: 11.9]
      [Code Root Scanning (ms): Min: 0.0, Avg: 0.0, Max: 0.0, Diff: 0.0, Sum: 0.0]
      [Object Copy (ms): Min: 8.9, Avg: 9.2, Max: 9.6, Diff: 0.7, Sum: 36.7]
      [Termination (ms): Min: 0.0, Avg: 0.3, Max: 0.4, Diff: 0.4, Sum: 1.3]
         [Termination Attempts: Min: 1, Avg: 1.0, Max: 1, Diff: 0, Sum: 4]
      [GC Worker Other (ms): Min: 0.0, Avg: 0.0, Max: 0.0, Diff: 0.0, Sum: 0.1]
      [GC Worker Total (ms): Min: 16.2, Avg: 16.4, Max: 16.5, Diff: 0.3, Sum: 65.5]
      [GC Worker End (ms): Min: 1981962.5, Avg: 1981962.5, Max: 1981962.5, Diff: 0.0]
   [Code Root Fixup: 0.0 ms]
   [Code Root Purge: 0.0 ms]
   [Clear CT: 0.1 ms]
   [Other: 1.9 ms]
      [Choose CSet: 0.0 ms]
      [Ref Proc: 0.1 ms]
      [Ref Enq: 0.0 ms]
      [Redirty Cards: 0.1 ms]
      [Humongous Register: 0.1 ms]
      [Humongous Reclaim: 0.0 ms]
      [Free CSet: 0.1 ms]
   [Eden: 46.0M(46.0M)->0.0B(45.0M) Survivors: 5120.0K->6144.0K Heap: 223.9M(1024.0M)->178.9M(1024.0M)]
 [Times: user=0.05 sys=0.01, real=0.02 secs] 
2019-11-28T11:52:16.815+0800: 2025.450: [GC pause (G1 Evacuation Pause) (young), 0.0322120 secs]
   [Parallel Time: 31.2 ms, GC Workers: 4]
      [GC Worker Start (ms): Min: 2025450.6, Avg: 2025450.6, Max: 2025450.7, Diff: 0.1]
      [Ext Root Scanning (ms): Min: 1.2, Avg: 1.2, Max: 1.3, Diff: 0.1, Sum: 5.0]
      [Update RS (ms): Min: 2.3, Avg: 2.7, Max: 2.9, Diff: 0.6, Sum: 10.6]
         [Processed Buffers: Min: 3, Avg: 8.5, Max: 18, Diff: 15, Sum: 34]
      [Scan RS (ms): Min: 1.8, Avg: 2.0, Max: 2.2, Diff: 0.5, Sum: 7.8]
      [Code Root Scanning (ms): Min: 0.0, Avg: 0.0, Max: 0.0, Diff: 0.0, Sum: 0.0]
      [Object Copy (ms): Min: 24.1, Avg: 24.7, Max: 25.2, Diff: 1.1, Sum: 98.7]
      [Termination (ms): Min: 0.0, Avg: 0.5, Max: 1.1, Diff: 1.1, Sum: 2.2]
         [Termination Attempts: Min: 1, Avg: 1.0, Max: 1, Diff: 0, Sum: 4]
      [GC Worker Other (ms): Min: 0.0, Avg: 0.0, Max: 0.1, Diff: 0.0, Sum: 0.2]
      [GC Worker Total (ms): Min: 31.1, Avg: 31.1, Max: 31.1, Diff: 0.0, Sum: 124.5]
      [GC Worker End (ms): Min: 2025481.8, Avg: 2025481.8, Max: 2025481.8, Diff: 0.0]
   [Code Root Fixup: 0.0 ms]
   [Code Root Purge: 0.0 ms]
   [Clear CT: 0.1 ms]
   [Other: 0.9 ms]
      [Choose CSet: 0.0 ms]
      [Ref Proc: 0.2 ms]
      [Ref Enq: 0.0 ms]
      [Redirty Cards: 0.1 ms]
      [Humongous Register: 0.2 ms]
      [Humongous Reclaim: 0.0 ms]
      [Free CSet: 0.1 ms]
   [Eden: 45.0M(45.0M)->0.0B(44.0M) Survivors: 6144.0K->7168.0K Heap: 223.9M(1024.0M)->180.7M(1024.0M)]
 [Times: user=0.06 sys=0.01, real=0.04 secs] 
2019-11-28T11:52:59.782+0800: 2068.416: [GC pause (G1 Evacuation Pause) (young), 0.0759848 secs]
   [Parallel Time: 71.3 ms, GC Workers: 4]
      [GC Worker Start (ms): Min: 2068419.3, Avg: 2068419.6, Max: 2068420.2, Diff: 0.8]
      [Ext Root Scanning (ms): Min: 7.3, Avg: 8.2, Max: 8.5, Diff: 1.2, Sum: 32.6]
      [Update RS (ms): Min: 8.3, Avg: 10.1, Max: 11.0, Diff: 2.6, Sum: 40.4]
         [Processed Buffers: Min: 4, Avg: 9.0, Max: 23, Diff: 19, Sum: 36]
      [Scan RS (ms): Min: 5.7, Avg: 7.2, Max: 9.3, Diff: 3.6, Sum: 28.6]
      [Code Root Scanning (ms): Min: 0.0, Avg: 0.0, Max: 0.0, Diff: 0.0, Sum: 0.0]
      [Object Copy (ms): Min: 34.9, Avg: 35.2, Max: 35.5, Diff: 0.6, Sum: 140.9]
      [Termination (ms): Min: 0.0, Avg: 5.1, Max: 10.1, Diff: 10.1, Sum: 20.2]
         [Termination Attempts: Min: 1, Avg: 1.0, Max: 1, Diff: 0, Sum: 4]
      [GC Worker Other (ms): Min: 0.0, Avg: 0.1, Max: 0.4, Diff: 0.4, Sum: 0.5]
      [GC Worker Total (ms): Min: 61.1, Avg: 65.8, Max: 70.8, Diff: 9.7, Sum: 263.3]
      [GC Worker End (ms): Min: 2068480.5, Avg: 2068485.5, Max: 2068490.5, Diff: 10.0]
   [Code Root Fixup: 0.0 ms]
   [Code Root Purge: 0.0 ms]
   [Clear CT: 0.0 ms]
   [Other: 4.6 ms]
      [Choose CSet: 0.0 ms]
      [Ref Proc: 0.3 ms]
      [Ref Enq: 0.0 ms]
      [Redirty Cards: 0.1 ms]
      [Humongous Register: 2.7 ms]
      [Humongous Reclaim: 0.0 ms]
      [Free CSet: 0.4 ms]
   [Eden: 44.0M(44.0M)->0.0B(46.0M) Survivors: 7168.0K->5120.0K Heap: 224.7M(1024.0M)->181.8M(1024.0M)]
 [Times: user=0.07 sys=0.08, real=0.08 secs] 
2019-11-28T11:53:43.910+0800: 2112.542: [GC pause (G1 Evacuation Pause) (young), 0.0221835 secs]
   [Parallel Time: 21.6 ms, GC Workers: 4]
      [GC Worker Start (ms): Min: 2112542.3, Avg: 2112542.3, Max: 2112542.4, Diff: 0.1]
      [Ext Root Scanning (ms): Min: 0.9, Avg: 1.1, Max: 1.5, Diff: 0.5, Sum: 4.5]
      [Update RS (ms): Min: 0.9, Avg: 1.7, Max: 2.8, Diff: 1.9, Sum: 6.7]
         [Processed Buffers: Min: 3, Avg: 10.0, Max: 24, Diff: 21, Sum: 40]
      [Scan RS (ms): Min: 1.8, Avg: 3.0, Max: 4.0, Diff: 2.3, Sum: 12.2]
      [Code Root Scanning (ms): Min: 0.0, Avg: 0.0, Max: 0.0, Diff: 0.0, Sum: 0.0]
      [Object Copy (ms): Min: 14.6, Avg: 15.2, Max: 16.0, Diff: 1.3, Sum: 60.7]
      [Termination (ms): Min: 0.0, Avg: 0.4, Max: 0.8, Diff: 0.8, Sum: 1.7]
         [Termination Attempts: Min: 1, Avg: 1.8, Max: 3, Diff: 2, Sum: 7]
      [GC Worker Other (ms): Min: 0.0, Avg: 0.0, Max: 0.0, Diff: 0.0, Sum: 0.1]
      [GC Worker Total (ms): Min: 21.4, Avg: 21.5, Max: 21.5, Diff: 0.1, Sum: 85.9]
      [GC Worker End (ms): Min: 2112563.8, Avg: 2112563.8, Max: 2112563.8, Diff: 0.0]
   [Code Root Fixup: 0.0 ms]
   [Code Root Purge: 0.0 ms]
   [Clear CT: 0.1 ms]
   [Other: 0.6 ms]
      [Choose CSet: 0.0 ms]
      [Ref Proc: 0.2 ms]
      [Ref Enq: 0.0 ms]
      [Redirty Cards: 0.1 ms]
      [Humongous Register: 0.0 ms]
      [Humongous Reclaim: 0.0 ms]
      [Free CSet: 0.1 ms]
   [Eden: 46.0M(46.0M)->0.0B(46.0M) Survivors: 5120.0K->5120.0K Heap: 227.8M(1024.0M)->183.4M(1024.0M)]
 [Times: user=0.05 sys=0.01, real=0.02 secs] 
2019-11-28T11:54:28.508+0800: 2157.139: [GC pause (G1 Evacuation Pause) (young), 0.0178486 secs]
   [Parallel Time: 17.3 ms, GC Workers: 4]
      [GC Worker Start (ms): Min: 2157139.1, Avg: 2157139.1, Max: 2157139.2, Diff: 0.1]
      [Ext Root Scanning (ms): Min: 0.8, Avg: 1.8, Max: 4.7, Diff: 3.9, Sum: 7.4]
      [Update RS (ms): Min: 0.0, Avg: 2.6, Max: 4.3, Diff: 4.3, Sum: 10.4]
         [Processed Buffers: Min: 0, Avg: 8.5, Max: 24, Diff: 24, Sum: 34]
      [Scan RS (ms): Min: 1.2, Avg: 1.9, Max: 3.6, Diff: 2.5, Sum: 7.5]
      [Code Root Scanning (ms): Min: 0.0, Avg: 0.0, Max: 0.0, Diff: 0.0, Sum: 0.0]
      [Object Copy (ms): Min: 8.9, Avg: 10.3, Max: 10.8, Diff: 1.9, Sum: 41.3]
      [Termination (ms): Min: 0.0, Avg: 0.5, Max: 1.9, Diff: 1.9, Sum: 1.9]
         [Termination Attempts: Min: 1, Avg: 2.8, Max: 4, Diff: 3, Sum: 11]
      [GC Worker Other (ms): Min: 0.0, Avg: 0.0, Max: 0.0, Diff: 0.0, Sum: 0.1]
      [GC Worker Total (ms): Min: 17.1, Avg: 17.1, Max: 17.2, Diff: 0.1, Sum: 68.6]
      [GC Worker End (ms): Min: 2157156.3, Avg: 2157156.3, Max: 2157156.3, Diff: 0.0]
   [Code Root Fixup: 0.0 ms]
   [Code Root Purge: 0.0 ms]
   [Clear CT: 0.1 ms]
   [Other: 0.5 ms]
      [Choose CSet: 0.0 ms]
      [Ref Proc: 0.1 ms]
      [Ref Enq: 0.0 ms]
      [Redirty Cards: 0.0 ms]
      [Humongous Register: 0.0 ms]
      [Humongous Reclaim: 0.0 ms]
      [Free CSet: 0.1 ms]
   [Eden: 46.0M(46.0M)->0.0B(45.0M) Survivors: 5120.0K->6144.0K Heap: 229.4M(1024.0M)->184.9M(1024.0M)]
 [Times: user=0.04 sys=0.01, real=0.03 secs] 
2019-11-28T11:55:12.173+0800: 2200.803: [GC pause (G1 Evacuation Pause) (young), 0.0208442 secs]
   [Parallel Time: 20.2 ms, GC Workers: 4]
      [GC Worker Start (ms): Min: 2200802.8, Avg: 2200802.8, Max: 2200802.9, Diff: 0.1]
      [Ext Root Scanning (ms): Min: 0.5, Avg: 0.6, Max: 0.7, Diff: 0.2, Sum: 2.3]
      [Update RS (ms): Min: 1.3, Avg: 2.0, Max: 4.1, Diff: 2.8, Sum: 8.2]
         [Processed Buffers: Min: 4, Avg: 8.8, Max: 17, Diff: 13, Sum: 35]
      [Scan RS (ms): Min: 0.0, Avg: 1.6, Max: 2.2, Diff: 2.2, Sum: 6.5]
      [Code Root Scanning (ms): Min: 0.0, Avg: 0.0, Max: 0.0, Diff: 0.0, Sum: 0.0]
      [Object Copy (ms): Min: 13.8, Avg: 14.6, Max: 16.0, Diff: 2.2, Sum: 58.4]
      [Termination (ms): Min: 0.0, Avg: 1.3, Max: 1.7, Diff: 1.7, Sum: 5.1]
         [Termination Attempts: Min: 1, Avg: 1.0, Max: 1, Diff: 0, Sum: 4]
      [GC Worker Other (ms): Min: 0.0, Avg: 0.0, Max: 0.0, Diff: 0.0, Sum: 0.1]
      [GC Worker Total (ms): Min: 20.1, Avg: 20.1, Max: 20.2, Diff: 0.1, Sum: 80.5]
      [GC Worker End (ms): Min: 2200822.9, Avg: 2200823.0, Max: 2200823.0, Diff: 0.0]
   [Code Root Fixup: 0.0 ms]
   [Code Root Purge: 0.0 ms]
   [Clear CT: 0.0 ms]
   [Other: 0.6 ms]
      [Choose CSet: 0.0 ms]
      [Ref Proc: 0.1 ms]
      [Ref Enq: 0.0 ms]
      [Redirty Cards: 0.0 ms]
      [Humongous Register: 0.1 ms]
      [Humongous Reclaim: 0.0 ms]
      [Free CSet: 0.0 ms]
   [Eden: 45.0M(45.0M)->0.0B(44.0M) Survivors: 6144.0K->7168.0K Heap: 229.9M(1024.0M)->186.5M(1024.0M)]
 [Times: user=0.06 sys=0.01, real=0.02 secs] 
2019-11-28T11:55:54.905+0800: 2243.533: [GC pause (G1 Evacuation Pause) (young), 0.0208657 secs]
   [Parallel Time: 20.1 ms, GC Workers: 4]
      [GC Worker Start (ms): Min: 2243533.1, Avg: 2243533.1, Max: 2243533.2, Diff: 0.1]
      [Ext Root Scanning (ms): Min: 0.5, Avg: 3.7, Max: 13.2, Diff: 12.8, Sum: 14.9]
      [Update RS (ms): Min: 0.0, Avg: 2.3, Max: 3.3, Diff: 3.3, Sum: 9.0]
         [Processed Buffers: Min: 0, Avg: 8.8, Max: 21, Diff: 21, Sum: 35]
      [Scan RS (ms): Min: 0.0, Avg: 3.4, Max: 5.5, Diff: 5.5, Sum: 13.7]
      [Code Root Scanning (ms): Min: 0.0, Avg: 0.0, Max: 0.0, Diff: 0.0, Sum: 0.0]
      [Object Copy (ms): Min: 6.6, Avg: 10.5, Max: 12.2, Diff: 5.6, Sum: 41.8]
      [Termination (ms): Min: 0.0, Avg: 0.0, Max: 0.0, Diff: 0.0, Sum: 0.0]
         [Termination Attempts: Min: 1, Avg: 2.0, Max: 3, Diff: 2, Sum: 8]
      [GC Worker Other (ms): Min: 0.0, Avg: 0.0, Max: 0.0, Diff: 0.0, Sum: 0.1]
      [GC Worker Total (ms): Min: 19.8, Avg: 19.9, Max: 19.9, Diff: 0.1, Sum: 79.5]
      [GC Worker End (ms): Min: 2243553.0, Avg: 2243553.0, Max: 2243553.0, Diff: 0.0]
   [Code Root Fixup: 0.0 ms]
   [Code Root Purge: 0.0 ms]
   [Clear CT: 0.1 ms]
   [Other: 0.7 ms]
      [Choose CSet: 0.0 ms]
      [Ref Proc: 0.2 ms]
      [Ref Enq: 0.0 ms]
      [Redirty Cards: 0.1 ms]
      [Humongous Register: 0.1 ms]
      [Humongous Reclaim: 0.0 ms]
      [Free CSet: 0.1 ms]
   [Eden: 44.0M(44.0M)->0.0B(46.0M) Survivors: 7168.0K->5120.0K Heap: 230.5M(1024.0M)->187.6M(1024.0M)]
 [Times: user=0.05 sys=0.01, real=0.03 secs] 
2019-11-28T11:56:39.897+0800: 2288.524: [GC pause (G1 Evacuation Pause) (young), 0.0641317 secs]
   [Parallel Time: 60.5 ms, GC Workers: 4]
      [GC Worker Start (ms): Min: 2288527.1, Avg: 2288527.2, Max: 2288527.3, Diff: 0.1]
      [Ext Root Scanning (ms): Min: 28.1, Avg: 28.3, Max: 28.6, Diff: 0.4, Sum: 113.2]
      [Update RS (ms): Min: 5.8, Avg: 6.4, Max: 7.5, Diff: 1.6, Sum: 25.8]
         [Processed Buffers: Min: 2, Avg: 9.5, Max: 19, Diff: 17, Sum: 38]
      [Scan RS (ms): Min: 5.2, Avg: 6.2, Max: 7.1, Diff: 1.9, Sum: 25.0]
      [Code Root Scanning (ms): Min: 0.0, Avg: 0.0, Max: 0.0, Diff: 0.0, Sum: 0.0]
      [Object Copy (ms): Min: 19.1, Avg: 19.3, Max: 19.4, Diff: 0.3, Sum: 77.3]
      [Termination (ms): Min: 0.0, Avg: 0.0, Max: 0.0, Diff: 0.0, Sum: 0.0]
         [Termination Attempts: Min: 1, Avg: 1.2, Max: 2, Diff: 1, Sum: 5]
      [GC Worker Other (ms): Min: 0.0, Avg: 0.0, Max: 0.0, Diff: 0.0, Sum: 0.1]
      [GC Worker Total (ms): Min: 60.3, Avg: 60.4, Max: 60.4, Diff: 0.1, Sum: 241.4]
      [GC Worker End (ms): Min: 2288587.6, Avg: 2288587.6, Max: 2288587.6, Diff: 0.0]
   [Code Root Fixup: 0.0 ms]
   [Code Root Purge: 0.0 ms]
   [Clear CT: 0.1 ms]
   [Other: 3.5 ms]
      [Choose CSet: 0.0 ms]
      [Ref Proc: 0.3 ms]
      [Ref Enq: 0.0 ms]
      [Redirty Cards: 0.1 ms]
      [Humongous Register: 1.9 ms]
      [Humongous Reclaim: 0.0 ms]
      [Free CSet: 0.3 ms]
   [Eden: 46.0M(46.0M)->0.0B(46.0M) Survivors: 5120.0K->5120.0K Heap: 233.6M(1024.0M)->189.4M(1024.0M)]
 [Times: user=0.05 sys=0.07, real=0.07 secs] 
2019-11-28T11:57:24.407+0800: 2333.033: [GC pause (G1 Evacuation Pause) (young), 0.0153208 secs]
   [Parallel Time: 14.7 ms, GC Workers: 4]
      [GC Worker Start (ms): Min: 2333032.8, Avg: 2333032.9, Max: 2333032.9, Diff: 0.1]
      [Ext Root Scanning (ms): Min: 0.8, Avg: 0.9, Max: 0.9, Diff: 0.1, Sum: 3.4]
      [Update RS (ms): Min: 1.5, Avg: 1.9, Max: 3.2, Diff: 1.7, Sum: 7.6]
         [Processed Buffers: Min: 2, Avg: 8.5, Max: 18, Diff: 16, Sum: 34]
      [Scan RS (ms): Min: 0.9, Avg: 2.1, Max: 2.6, Diff: 1.7, Sum: 8.6]
      [Code Root Scanning (ms): Min: 0.0, Avg: 0.0, Max: 0.0, Diff: 0.0, Sum: 0.0]
      [Object Copy (ms): Min: 8.9, Avg: 9.1, Max: 9.7, Diff: 0.8, Sum: 36.5]
      [Termination (ms): Min: 0.0, Avg: 0.6, Max: 0.8, Diff: 0.8, Sum: 2.3]
         [Termination Attempts: Min: 1, Avg: 1.2, Max: 2, Diff: 1, Sum: 5]
      [GC Worker Other (ms): Min: 0.0, Avg: 0.0, Max: 0.0, Diff: 0.0, Sum: 0.1]
      [GC Worker Total (ms): Min: 14.6, Avg: 14.6, Max: 14.7, Diff: 0.1, Sum: 58.5]
      [GC Worker End (ms): Min: 2333047.5, Avg: 2333047.5, Max: 2333047.5, Diff: 0.0]
   [Code Root Fixup: 0.0 ms]
   [Code Root Purge: 0.0 ms]
   [Clear CT: 0.1 ms]
   [Other: 0.5 ms]
      [Choose CSet: 0.0 ms]
      [Ref Proc: 0.1 ms]
      [Ref Enq: 0.0 ms]
      [Redirty Cards: 0.1 ms]
      [Humongous Register: 0.0 ms]
      [Humongous Reclaim: 0.0 ms]
      [Free CSet: 0.1 ms]
   [Eden: 46.0M(46.0M)->0.0B(45.0M) Survivors: 5120.0K->6144.0K Heap: 235.4M(1024.0M)->190.9M(1024.0M)]
 [Times: user=0.05 sys=0.01, real=0.02 secs] 
2019-11-28T11:58:07.431+0800: 2376.055: [GC pause (G1 Evacuation Pause) (young), 0.0193823 secs]
   [Parallel Time: 18.5 ms, GC Workers: 4]
      [GC Worker Start (ms): Min: 2376055.3, Avg: 2376055.3, Max: 2376055.3, Diff: 0.1]
      [Ext Root Scanning (ms): Min: 0.9, Avg: 1.0, Max: 1.0, Diff: 0.1, Sum: 3.8]
      [Update RS (ms): Min: 1.3, Avg: 1.7, Max: 2.8, Diff: 1.4, Sum: 7.0]
         [Processed Buffers: Min: 2, Avg: 8.2, Max: 18, Diff: 16, Sum: 33]
      [Scan RS (ms): Min: 0.8, Avg: 2.1, Max: 3.2, Diff: 2.5, Sum: 8.3]
      [Code Root Scanning (ms): Min: 0.0, Avg: 0.0, Max: 0.0, Diff: 0.0, Sum: 0.0]
      [Object Copy (ms): Min: 12.9, Avg: 13.5, Max: 13.8, Diff: 1.0, Sum: 53.9]
      [Termination (ms): Min: 0.0, Avg: 0.2, Max: 0.5, Diff: 0.5, Sum: 0.7]
         [Termination Attempts: Min: 1, Avg: 1.0, Max: 1, Diff: 0, Sum: 4]
      [GC Worker Other (ms): Min: 0.0, Avg: 0.0, Max: 0.0, Diff: 0.0, Sum: 0.1]
      [GC Worker Total (ms): Min: 18.4, Avg: 18.4, Max: 18.5, Diff: 0.1, Sum: 73.8]
      [GC Worker End (ms): Min: 2376073.7, Avg: 2376073.7, Max: 2376073.8, Diff: 0.0]
   [Code Root Fixup: 0.0 ms]
   [Code Root Purge: 0.0 ms]
   [Clear CT: 0.1 ms]
   [Other: 0.7 ms]
      [Choose CSet: 0.0 ms]
      [Ref Proc: 0.2 ms]
      [Ref Enq: 0.0 ms]
      [Redirty Cards: 0.1 ms]
      [Humongous Register: 0.2 ms]
      [Humongous Reclaim: 0.0 ms]
      [Free CSet: 0.0 ms]
   [Eden: 45.0M(45.0M)->0.0B(44.0M) Survivors: 6144.0K->7168.0K Heap: 235.9M(1024.0M)->192.6M(1024.0M)]
 [Times: user=0.06 sys=0.01, real=0.02 secs] 
2019-11-28T11:58:49.880+0800: 2418.503: [GC pause (G1 Evacuation Pause) (young), 0.0196621 secs]
   [Parallel Time: 19.1 ms, GC Workers: 4]
      [GC Worker Start (ms): Min: 2418503.4, Avg: 2418503.4, Max: 2418503.5, Diff: 0.1]
      [Ext Root Scanning (ms): Min: 0.4, Avg: 0.5, Max: 0.5, Diff: 0.2, Sum: 1.9]
      [Update RS (ms): Min: 2.9, Avg: 3.6, Max: 5.7, Diff: 2.8, Sum: 14.6]
         [Processed Buffers: Min: 3, Avg: 10.5, Max: 18, Diff: 15, Sum: 42]
      [Scan RS (ms): Min: 0.0, Avg: 2.0, Max: 2.8, Diff: 2.8, Sum: 8.1]
      [Code Root Scanning (ms): Min: 0.0, Avg: 0.0, Max: 0.0, Diff: 0.0, Sum: 0.0]
      [Object Copy (ms): Min: 11.8, Avg: 12.3, Max: 12.6, Diff: 0.7, Sum: 49.2]
      [Termination (ms): Min: 0.0, Avg: 0.4, Max: 1.0, Diff: 1.0, Sum: 1.5]
         [Termination Attempts: Min: 1, Avg: 1.5, Max: 3, Diff: 2, Sum: 6]
      [GC Worker Other (ms): Min: 0.0, Avg: 0.0, Max: 0.0, Diff: 0.0, Sum: 0.1]
      [GC Worker Total (ms): Min: 18.7, Avg: 18.8, Max: 19.0, Diff: 0.3, Sum: 75.3]
      [GC Worker End (ms): Min: 2418522.2, Avg: 2418522.3, Max: 2418522.4, Diff: 0.2]
   [Code Root Fixup: 0.0 ms]
   [Code Root Purge: 0.0 ms]
   [Clear CT: 0.1 ms]
   [Other: 0.5 ms]
      [Choose CSet: 0.0 ms]
      [Ref Proc: 0.2 ms]
      [Ref Enq: 0.0 ms]
      [Redirty Cards: 0.0 ms]
      [Humongous Register: 0.0 ms]
      [Humongous Reclaim: 0.0 ms]
      [Free CSet: 0.0 ms]
   [Eden: 44.0M(44.0M)->0.0B(46.0M) Survivors: 7168.0K->5120.0K Heap: 236.6M(1024.0M)->193.9M(1024.0M)]
 [Times: user=0.05 sys=0.01, real=0.02 secs] 
2019-11-28T11:59:34.560+0800: 2463.181: [GC pause (G1 Evacuation Pause) (young), 0.0263527 secs]
   [Parallel Time: 25.3 ms, GC Workers: 4]
      [GC Worker Start (ms): Min: 2463181.4, Avg: 2463181.4, Max: 2463181.5, Diff: 0.1]
      [Ext Root Scanning (ms): Min: 0.8, Avg: 0.9, Max: 0.9, Diff: 0.0, Sum: 3.4]
      [Update RS (ms): Min: 3.6, Avg: 3.7, Max: 3.8, Diff: 0.2, Sum: 14.8]
         [Processed Buffers: Min: 1, Avg: 10.0, Max: 25, Diff: 24, Sum: 40]
      [Scan RS (ms): Min: 4.9, Avg: 5.1, Max: 5.6, Diff: 0.7, Sum: 20.6]
      [Code Root Scanning (ms): Min: 0.0, Avg: 0.0, Max: 0.0, Diff: 0.0, Sum: 0.0]
      [Object Copy (ms): Min: 14.2, Avg: 14.6, Max: 14.7, Diff: 0.5, Sum: 58.3]
      [Termination (ms): Min: 0.0, Avg: 0.7, Max: 1.0, Diff: 1.0, Sum: 2.8]
         [Termination Attempts: Min: 1, Avg: 2.2, Max: 4, Diff: 3, Sum: 9]
      [GC Worker Other (ms): Min: 0.0, Avg: 0.0, Max: 0.0, Diff: 0.0, Sum: 0.1]
      [GC Worker Total (ms): Min: 24.3, Avg: 25.0, Max: 25.2, Diff: 0.9, Sum: 100.0]
      [GC Worker End (ms): Min: 2463205.8, Avg: 2463206.4, Max: 2463206.6, Diff: 0.9]
   [Code Root Fixup: 0.0 ms]
   [Code Root Purge: 0.0 ms]
   [Clear CT: 0.1 ms]
   [Other: 1.0 ms]
      [Choose CSet: 0.0 ms]
      [Ref Proc: 0.3 ms]
      [Ref Enq: 0.0 ms]
      [Redirty Cards: 0.1 ms]
      [Humongous Register: 0.1 ms]
      [Humongous Reclaim: 0.0 ms]
      [Free CSet: 0.2 ms]
   [Eden: 46.0M(46.0M)->0.0B(46.0M) Survivors: 5120.0K->5120.0K Heap: 239.9M(1024.0M)->195.9M(1024.0M)]
 [Times: user=0.04 sys=0.02, real=0.02 secs] 
2019-11-28T12:00:19.046+0800: 2507.666: [GC pause (G1 Evacuation Pause) (young), 0.0222148 secs]
   [Parallel Time: 19.4 ms, GC Workers: 4]
      [GC Worker Start (ms): Min: 2507668.2, Avg: 2507668.2, Max: 2507668.3, Diff: 0.2]
      [Ext Root Scanning (ms): Min: 3.3, Avg: 3.4, Max: 3.6, Diff: 0.4, Sum: 13.7]
      [Update RS (ms): Min: 1.5, Avg: 2.7, Max: 3.5, Diff: 1.9, Sum: 10.8]
         [Processed Buffers: Min: 0, Avg: 8.5, Max: 22, Diff: 22, Sum: 34]
      [Scan RS (ms): Min: 1.4, Avg: 2.3, Max: 3.5, Diff: 2.1, Sum: 9.3]
      [Code Root Scanning (ms): Min: 0.0, Avg: 0.0, Max: 0.0, Diff: 0.0, Sum: 0.0]
      [Object Copy (ms): Min: 10.7, Avg: 10.8, Max: 10.8, Diff: 0.1, Sum: 43.0]
      [Termination (ms): Min: 0.0, Avg: 0.1, Max: 0.1, Diff: 0.1, Sum: 0.4]
         [Termination Attempts: Min: 1, Avg: 1.2, Max: 2, Diff: 1, Sum: 5]
      [GC Worker Other (ms): Min: 0.0, Avg: 0.0, Max: 0.0, Diff: 0.0, Sum: 0.1]
      [GC Worker Total (ms): Min: 19.2, Avg: 19.3, Max: 19.4, Diff: 0.2, Sum: 77.3]
      [GC Worker End (ms): Min: 2507687.6, Avg: 2507687.6, Max: 2507687.6, Diff: 0.0]
   [Code Root Fixup: 0.0 ms]
   [Code Root Purge: 0.0 ms]
   [Clear CT: 0.1 ms]
   [Other: 2.7 ms]
      [Choose CSet: 0.0 ms]
      [Ref Proc: 0.1 ms]
      [Ref Enq: 0.0 ms]
      [Redirty Cards: 0.1 ms]
      [Humongous Register: 0.0 ms]
      [Humongous Reclaim: 0.0 ms]
      [Free CSet: 0.1 ms]
   [Eden: 46.0M(46.0M)->0.0B(45.0M) Survivors: 5120.0K->6144.0K Heap: 241.9M(1024.0M)->196.9M(1024.0M)]
 [Times: user=0.05 sys=0.01, real=0.02 secs] 
2019-11-28T12:01:02.687+0800: 2551.306: [GC pause (G1 Evacuation Pause) (young), 0.0377672 secs]
   [Parallel Time: 36.0 ms, GC Workers: 4]
      [GC Worker Start (ms): Min: 2551307.5, Avg: 2551308.1, Max: 2551308.8, Diff: 1.3]
      [Ext Root Scanning (ms): Min: 0.4, Avg: 9.7, Max: 13.0, Diff: 12.5, Sum: 38.6]
      [Update RS (ms): Min: 1.4, Avg: 2.8, Max: 6.6, Diff: 5.2, Sum: 11.2]
         [Processed Buffers: Min: 4, Avg: 7.2, Max: 15, Diff: 11, Sum: 29]
      [Scan RS (ms): Min: 0.0, Avg: 1.6, Max: 2.2, Diff: 2.2, Sum: 6.3]
      [Code Root Scanning (ms): Min: 0.0, Avg: 0.0, Max: 0.0, Diff: 0.0, Sum: 0.0]
      [Object Copy (ms): Min: 16.3, Avg: 18.4, Max: 19.2, Diff: 3.0, Sum: 73.7]
      [Termination (ms): Min: 0.0, Avg: 0.0, Max: 0.2, Diff: 0.2, Sum: 0.2]
         [Termination Attempts: Min: 1, Avg: 1.5, Max: 2, Diff: 1, Sum: 6]
      [GC Worker Other (ms): Min: 0.0, Avg: 2.9, Max: 11.3, Diff: 11.3, Sum: 11.4]
      [GC Worker Total (ms): Min: 34.6, Avg: 35.4, Max: 35.9, Diff: 1.3, Sum: 141.5]
      [GC Worker End (ms): Min: 2551343.4, Avg: 2551343.4, Max: 2551343.4, Diff: 0.0]
   [Code Root Fixup: 0.0 ms]
   [Code Root Purge: 0.0 ms]
   [Clear CT: 0.1 ms]
   [Other: 1.6 ms]
      [Choose CSet: 0.0 ms]
      [Ref Proc: 0.1 ms]
      [Ref Enq: 0.0 ms]
      [Redirty Cards: 0.0 ms]
      [Humongous Register: 0.4 ms]
      [Humongous Reclaim: 0.0 ms]
      [Free CSet: 0.0 ms]
   [Eden: 45.0M(45.0M)->0.0B(44.0M) Survivors: 6144.0K->7168.0K Heap: 241.9M(1024.0M)->198.5M(1024.0M)]
 [Times: user=0.06 sys=0.01, real=0.04 secs] 
2019-11-28T12:01:45.438+0800: 2594.056: [GC pause (G1 Evacuation Pause) (young), 0.0301752 secs]
   [Parallel Time: 29.3 ms, GC Workers: 4]
      [GC Worker Start (ms): Min: 2594056.7, Avg: 2594058.3, Max: 2594060.6, Diff: 3.9]
      [Ext Root Scanning (ms): Min: 0.0, Avg: 2.4, Max: 5.6, Diff: 5.6, Sum: 9.7]
      [Update RS (ms): Min: 0.0, Avg: 4.3, Max: 6.8, Diff: 6.8, Sum: 17.1]
         [Processed Buffers: Min: 0, Avg: 10.0, Max: 30, Diff: 30, Sum: 40]
      [Scan RS (ms): Min: 3.8, Avg: 4.8, Max: 6.0, Diff: 2.3, Sum: 19.4]
      [Code Root Scanning (ms): Min: 0.0, Avg: 0.0, Max: 0.0, Diff: 0.0, Sum: 0.0]
      [Object Copy (ms): Min: 14.3, Avg: 14.9, Max: 16.1, Diff: 1.7, Sum: 59.4]
      [Termination (ms): Min: 0.0, Avg: 0.6, Max: 0.8, Diff: 0.8, Sum: 2.2]
         [Termination Attempts: Min: 1, Avg: 1.0, Max: 1, Diff: 0, Sum: 4]
      [GC Worker Other (ms): Min: 0.0, Avg: 0.0, Max: 0.0, Diff: 0.0, Sum: 0.1]
      [GC Worker Total (ms): Min: 24.8, Avg: 27.0, Max: 28.1, Diff: 3.3, Sum: 107.9]
      [GC Worker End (ms): Min: 2594084.8, Avg: 2594085.3, Max: 2594085.4, Diff: 0.7]
   [Code Root Fixup: 0.0 ms]
   [Code Root Purge: 0.0 ms]
   [Clear CT: 0.0 ms]
   [Other: 0.9 ms]
      [Choose CSet: 0.0 ms]
      [Ref Proc: 0.1 ms]
      [Ref Enq: 0.0 ms]
      [Redirty Cards: 0.1 ms]
      [Humongous Register: 0.2 ms]
      [Humongous Reclaim: 0.0 ms]
      [Free CSet: 0.1 ms]
   [Eden: 44.0M(44.0M)->0.0B(46.0M) Survivors: 7168.0K->5120.0K Heap: 242.5M(1024.0M)->199.8M(1024.0M)]
 [Times: user=0.06 sys=0.01, real=0.03 secs] 
2019-11-28T12:02:29.737+0800: 2638.353: [GC pause (G1 Evacuation Pause) (young), 0.0195290 secs]
   [Parallel Time: 18.9 ms, GC Workers: 4]
      [GC Worker Start (ms): Min: 2638353.1, Avg: 2638353.3, Max: 2638353.6, Diff: 0.5]
      [Ext Root Scanning (ms): Min: 0.3, Avg: 2.1, Max: 4.5, Diff: 4.2, Sum: 8.3]
      [Update RS (ms): Min: 0.0, Avg: 1.5, Max: 3.8, Diff: 3.8, Sum: 6.0]
         [Processed Buffers: Min: 0, Avg: 9.5, Max: 30, Diff: 30, Sum: 38]
      [Scan RS (ms): Min: 3.8, Avg: 6.1, Max: 10.0, Diff: 6.2, Sum: 24.2]
      [Code Root Scanning (ms): Min: 0.0, Avg: 0.0, Max: 0.0, Diff: 0.0, Sum: 0.0]
      [Object Copy (ms): Min: 5.5, Avg: 8.9, Max: 10.5, Diff: 5.0, Sum: 35.5]
      [Termination (ms): Min: 0.0, Avg: 0.0, Max: 0.1, Diff: 0.1, Sum: 0.1]
         [Termination Attempts: Min: 1, Avg: 1.0, Max: 1, Diff: 0, Sum: 4]
      [GC Worker Other (ms): Min: 0.0, Avg: 0.0, Max: 0.0, Diff: 0.0, Sum: 0.0]
      [GC Worker Total (ms): Min: 18.3, Avg: 18.5, Max: 18.8, Diff: 0.5, Sum: 74.2]
      [GC Worker End (ms): Min: 2638371.9, Avg: 2638371.9, Max: 2638371.9, Diff: 0.0]
   [Code Root Fixup: 0.0 ms]
   [Code Root Purge: 0.0 ms]
   [Clear CT: 0.0 ms]
   [Other: 0.6 ms]
      [Choose CSet: 0.0 ms]
      [Ref Proc: 0.2 ms]
      [Ref Enq: 0.0 ms]
      [Redirty Cards: 0.1 ms]
      [Humongous Register: 0.0 ms]
      [Humongous Reclaim: 0.0 ms]
      [Free CSet: 0.1 ms]
   [Eden: 46.0M(46.0M)->0.0B(46.0M) Survivors: 5120.0K->5120.0K Heap: 245.8M(1024.0M)->201.4M(1024.0M)]
 [Times: user=0.05 sys=0.01, real=0.02 secs] 
2019-11-28T12:03:14.390+0800: 2683.005: [GC pause (G1 Evacuation Pause) (young), 0.0313425 secs]
   [Parallel Time: 30.4 ms, GC Workers: 4]
      [GC Worker Start (ms): Min: 2683005.7, Avg: 2683005.7, Max: 2683005.8, Diff: 0.1]
      [Ext Root Scanning (ms): Min: 0.9, Avg: 1.0, Max: 1.0, Diff: 0.1, Sum: 3.9]
      [Update RS (ms): Min: 4.2, Avg: 4.5, Max: 5.0, Diff: 0.8, Sum: 18.0]
         [Processed Buffers: Min: 0, Avg: 8.2, Max: 22, Diff: 22, Sum: 33]
      [Scan RS (ms): Min: 3.2, Avg: 3.7, Max: 4.0, Diff: 0.8, Sum: 14.8]
      [Code Root Scanning (ms): Min: 0.0, Avg: 0.0, Max: 0.0, Diff: 0.0, Sum: 0.1]
      [Object Copy (ms): Min: 12.1, Avg: 14.4, Max: 21.1, Diff: 9.0, Sum: 57.5]
      [Termination (ms): Min: 0.0, Avg: 6.7, Max: 9.0, Diff: 9.0, Sum: 26.9]
         [Termination Attempts: Min: 1, Avg: 1.0, Max: 1, Diff: 0, Sum: 4]
      [GC Worker Other (ms): Min: 0.0, Avg: 0.0, Max: 0.0, Diff: 0.0, Sum: 0.1]
      [GC Worker Total (ms): Min: 30.3, Avg: 30.3, Max: 30.4, Diff: 0.1, Sum: 121.2]
      [GC Worker End (ms): Min: 2683036.0, Avg: 2683036.0, Max: 2683036.1, Diff: 0.0]
   [Code Root Fixup: 0.0 ms]
   [Code Root Purge: 0.0 ms]
   [Clear CT: 0.1 ms]
   [Other: 0.9 ms]
      [Choose CSet: 0.0 ms]
      [Ref Proc: 0.2 ms]
      [Ref Enq: 0.0 ms]
      [Redirty Cards: 0.1 ms]
      [Humongous Register: 0.2 ms]
      [Humongous Reclaim: 0.0 ms]
      [Free CSet: 0.1 ms]
   [Eden: 46.0M(46.0M)->0.0B(45.0M) Survivors: 5120.0K->6144.0K Heap: 247.4M(1024.0M)->202.9M(1024.0M)]
 [Times: user=0.08 sys=0.02, real=0.03 secs] 
2019-11-28T12:03:57.917+0800: 2726.530: [GC pause (G1 Evacuation Pause) (young), 0.0300455 secs]
   [Parallel Time: 23.7 ms, GC Workers: 4]
      [GC Worker Start (ms): Min: 2726530.6, Avg: 2726534.2, Max: 2726540.7, Diff: 10.1]
      [Ext Root Scanning (ms): Min: 0.0, Avg: 0.4, Max: 0.8, Diff: 0.7, Sum: 1.5]
      [Update RS (ms): Min: 0.0, Avg: 1.2, Max: 2.5, Diff: 2.5, Sum: 4.7]
         [Processed Buffers: Min: 0, Avg: 8.5, Max: 29, Diff: 29, Sum: 34]
      [Scan RS (ms): Min: 0.0, Avg: 2.1, Max: 3.3, Diff: 3.3, Sum: 8.3]
      [Code Root Scanning (ms): Min: 0.0, Avg: 0.0, Max: 0.0, Diff: 0.0, Sum: 0.1]
      [Object Copy (ms): Min: 13.5, Avg: 15.6, Max: 17.1, Diff: 3.6, Sum: 62.3]
      [Termination (ms): Min: 0.0, Avg: 0.8, Max: 1.5, Diff: 1.5, Sum: 3.2]
         [Termination Attempts: Min: 1, Avg: 1.0, Max: 1, Diff: 0, Sum: 4]
      [GC Worker Other (ms): Min: 0.0, Avg: 0.0, Max: 0.0, Diff: 0.0, Sum: 0.0]
      [GC Worker Total (ms): Min: 13.5, Avg: 20.0, Max: 23.7, Diff: 10.2, Sum: 80.1]
      [GC Worker End (ms): Min: 2726554.2, Avg: 2726554.3, Max: 2726554.3, Diff: 0.1]
   [Code Root Fixup: 0.0 ms]
   [Code Root Purge: 0.0 ms]
   [Clear CT: 2.3 ms]
   [Other: 4.0 ms]
      [Choose CSet: 0.0 ms]
      [Ref Proc: 3.5 ms]
      [Ref Enq: 0.0 ms]
      [Redirty Cards: 0.1 ms]
      [Humongous Register: 0.0 ms]
      [Humongous Reclaim: 0.0 ms]
      [Free CSet: 0.1 ms]
   [Eden: 45.0M(45.0M)->0.0B(44.0M) Survivors: 6144.0K->7168.0K Heap: 247.9M(1024.0M)->205.2M(1024.0M)]
 [Times: user=0.05 sys=0.01, real=0.03 secs] 
2019-11-28T12:04:40.093+0800: 2768.706: [GC pause (G1 Evacuation Pause) (young), 0.0202236 secs]
   [Parallel Time: 19.5 ms, GC Workers: 4]
      [GC Worker Start (ms): Min: 2768706.0, Avg: 2768706.0, Max: 2768706.1, Diff: 0.1]
      [Ext Root Scanning (ms): Min: 0.5, Avg: 0.5, Max: 0.6, Diff: 0.1, Sum: 2.1]
      [Update RS (ms): Min: 2.5, Avg: 2.6, Max: 2.9, Diff: 0.3, Sum: 10.6]
         [Processed Buffers: Min: 2, Avg: 9.0, Max: 17, Diff: 15, Sum: 36]
      [Scan RS (ms): Min: 3.2, Avg: 3.4, Max: 3.6, Diff: 0.4, Sum: 13.7]
      [Code Root Scanning (ms): Min: 0.0, Avg: 0.0, Max: 0.1, Diff: 0.1, Sum: 0.1]
      [Object Copy (ms): Min: 12.2, Avg: 12.3, Max: 12.5, Diff: 0.3, Sum: 49.2]
      [Termination (ms): Min: 0.0, Avg: 0.4, Max: 0.5, Diff: 0.5, Sum: 1.6]
         [Termination Attempts: Min: 1, Avg: 1.0, Max: 1, Diff: 0, Sum: 4]
      [GC Worker Other (ms): Min: 0.0, Avg: 0.0, Max: 0.0, Diff: 0.0, Sum: 0.1]
      [GC Worker Total (ms): Min: 19.1, Avg: 19.3, Max: 19.5, Diff: 0.4, Sum: 77.4]
      [GC Worker End (ms): Min: 2768725.1, Avg: 2768725.4, Max: 2768725.5, Diff: 0.4]
   [Code Root Fixup: 0.0 ms]
   [Code Root Purge: 0.0 ms]
   [Clear CT: 0.0 ms]
   [Other: 0.6 ms]
      [Choose CSet: 0.0 ms]
      [Ref Proc: 0.2 ms]
      [Ref Enq: 0.0 ms]
      [Redirty Cards: 0.1 ms]
      [Humongous Register: 0.0 ms]
      [Humongous Reclaim: 0.0 ms]
      [Free CSet: 0.1 ms]
   [Eden: 44.0M(44.0M)->0.0B(46.0M) Survivors: 7168.0K->5120.0K Heap: 249.2M(1024.0M)->205.8M(1024.0M)]
 [Times: user=0.05 sys=0.01, real=0.02 secs] 
2019-11-28T12:05:25.303+0800: 2813.915: [GC pause (G1 Evacuation Pause) (young), 0.0491290 secs]
   [Parallel Time: 45.0 ms, GC Workers: 4]
      [GC Worker Start (ms): Min: 2813918.8, Avg: 2813920.0, Max: 2813920.7, Diff: 2.0]
      [Ext Root Scanning (ms): Min: 3.4, Avg: 6.6, Max: 13.0, Diff: 9.6, Sum: 26.4]
      [Update RS (ms): Min: 3.6, Avg: 6.9, Max: 8.3, Diff: 4.7, Sum: 27.4]
         [Processed Buffers: Min: 0, Avg: 9.5, Max: 17, Diff: 17, Sum: 38]
      [Scan RS (ms): Min: 6.2, Avg: 7.9, Max: 8.7, Diff: 2.4, Sum: 31.6]
      [Code Root Scanning (ms): Min: 0.0, Avg: 0.0, Max: 0.1, Diff: 0.1, Sum: 0.1]
      [Object Copy (ms): Min: 21.0, Avg: 21.2, Max: 21.5, Diff: 0.5, Sum: 85.0]
      [Termination (ms): Min: 0.0, Avg: 0.0, Max: 0.0, Diff: 0.0, Sum: 0.0]
         [Termination Attempts: Min: 1, Avg: 1.8, Max: 4, Diff: 3, Sum: 7]
      [GC Worker Other (ms): Min: 0.0, Avg: 0.3, Max: 1.2, Diff: 1.1, Sum: 1.3]
      [GC Worker Total (ms): Min: 42.2, Avg: 43.0, Max: 44.2, Diff: 2.0, Sum: 171.8]
      [GC Worker End (ms): Min: 2813962.9, Avg: 2813962.9, Max: 2813962.9, Diff: 0.0]
   [Code Root Fixup: 0.0 ms]
   [Code Root Purge: 0.0 ms]
   [Clear CT: 0.0 ms]
   [Other: 4.1 ms]
      [Choose CSet: 0.0 ms]
      [Ref Proc: 0.2 ms]
      [Ref Enq: 0.0 ms]
      [Redirty Cards: 0.1 ms]
      [Humongous Register: 2.6 ms]
      [Humongous Reclaim: 0.0 ms]
      [Free CSet: 0.3 ms]
   [Eden: 46.0M(46.0M)->0.0B(46.0M) Survivors: 5120.0K->5120.0K Heap: 251.8M(1024.0M)->207.4M(1024.0M)]
 [Times: user=0.05 sys=0.04, real=0.05 secs] 
2019-11-28T12:06:09.475+0800: 2858.085: [GC pause (G1 Evacuation Pause) (young), 0.0348418 secs]
   [Parallel Time: 32.3 ms, GC Workers: 4]
      [GC Worker Start (ms): Min: 2858087.0, Avg: 2858087.1, Max: 2858087.1, Diff: 0.1]
      [Ext Root Scanning (ms): Min: 3.0, Avg: 4.1, Max: 6.9, Diff: 3.9, Sum: 16.6]
      [Update RS (ms): Min: 1.9, Avg: 4.3, Max: 5.5, Diff: 3.6, Sum: 17.3]
         [Processed Buffers: Min: 0, Avg: 8.2, Max: 27, Diff: 27, Sum: 33]
      [Scan RS (ms): Min: 5.6, Avg: 5.9, Max: 6.1, Diff: 0.5, Sum: 23.4]
      [Code Root Scanning (ms): Min: 0.0, Avg: 0.0, Max: 0.0, Diff: 0.0, Sum: 0.0]
      [Object Copy (ms): Min: 16.9, Avg: 17.1, Max: 17.7, Diff: 0.9, Sum: 68.5]
      [Termination (ms): Min: 0.0, Avg: 0.7, Max: 0.9, Diff: 0.9, Sum: 2.8]
         [Termination Attempts: Min: 1, Avg: 1.5, Max: 2, Diff: 1, Sum: 6]
      [GC Worker Other (ms): Min: 0.0, Avg: 0.0, Max: 0.0, Diff: 0.0, Sum: 0.1]
      [GC Worker Total (ms): Min: 32.1, Avg: 32.2, Max: 32.2, Diff: 0.1, Sum: 128.7]
      [GC Worker End (ms): Min: 2858119.2, Avg: 2858119.2, Max: 2858119.3, Diff: 0.0]
   [Code Root Fixup: 0.0 ms]
   [Code Root Purge: 0.0 ms]
   [Clear CT: 0.1 ms]
   [Other: 2.4 ms]
      [Choose CSet: 0.0 ms]
      [Ref Proc: 0.1 ms]
      [Ref Enq: 0.0 ms]
      [Redirty Cards: 0.0 ms]
      [Humongous Register: 1.4 ms]
      [Humongous Reclaim: 0.0 ms]
      [Free CSet: 0.2 ms]
   [Eden: 46.0M(46.0M)->0.0B(45.0M) Survivors: 5120.0K->6144.0K Heap: 253.4M(1024.0M)->208.9M(1024.0M)]
 [Times: user=0.05 sys=0.06, real=0.04 secs] 
2019-11-28T12:06:52.992+0800: 2901.601: [GC pause (G1 Evacuation Pause) (young), 0.0187422 secs]
   [Parallel Time: 18.0 ms, GC Workers: 4]
      [GC Worker Start (ms): Min: 2901600.8, Avg: 2901600.8, Max: 2901600.8, Diff: 0.1]
      [Ext Root Scanning (ms): Min: 0.6, Avg: 0.6, Max: 0.7, Diff: 0.1, Sum: 2.5]
      [Update RS (ms): Min: 1.4, Avg: 2.0, Max: 3.3, Diff: 1.9, Sum: 7.8]
         [Processed Buffers: Min: 2, Avg: 7.8, Max: 17, Diff: 15, Sum: 31]
      [Scan RS (ms): Min: 0.5, Avg: 1.9, Max: 2.5, Diff: 2.0, Sum: 7.5]
      [Code Root Scanning (ms): Min: 0.0, Avg: 0.0, Max: 0.0, Diff: 0.0, Sum: 0.0]
      [Object Copy (ms): Min: 11.9, Avg: 12.3, Max: 13.5, Diff: 1.6, Sum: 49.4]
      [Termination (ms): Min: 0.0, Avg: 1.1, Max: 1.5, Diff: 1.5, Sum: 4.4]
         [Termination Attempts: Min: 1, Avg: 1.2, Max: 2, Diff: 1, Sum: 5]
      [GC Worker Other (ms): Min: 0.0, Avg: 0.0, Max: 0.0, Diff: 0.0, Sum: 0.1]
      [GC Worker Total (ms): Min: 17.9, Avg: 17.9, Max: 18.0, Diff: 0.1, Sum: 71.8]
      [GC Worker End (ms): Min: 2901618.7, Avg: 2901618.7, Max: 2901618.8, Diff: 0.0]
   [Code Root Fixup: 0.0 ms]
   [Code Root Purge: 0.0 ms]
   [Clear CT: 0.0 ms]
   [Other: 0.7 ms]
      [Choose CSet: 0.0 ms]
      [Ref Proc: 0.1 ms]
      [Ref Enq: 0.0 ms]
      [Redirty Cards: 0.1 ms]
      [Humongous Register: 0.1 ms]
      [Humongous Reclaim: 0.0 ms]
      [Free CSet: 0.1 ms]
   [Eden: 45.0M(45.0M)->0.0B(44.0M) Survivors: 6144.0K->7168.0K Heap: 253.9M(1024.0M)->211.1M(1024.0M)]
 [Times: user=0.06 sys=0.01, real=0.02 secs] 
2019-11-28T12:07:35.363+0800: 2943.971: [GC pause (G1 Evacuation Pause) (young), 0.1450182 secs]
   [Parallel Time: 37.1 ms, GC Workers: 4]
      [GC Worker Start (ms): Min: 2943971.6, Avg: 2943971.8, Max: 2943972.0, Diff: 0.4]
      [Ext Root Scanning (ms): Min: 1.5, Avg: 1.8, Max: 2.2, Diff: 0.6, Sum: 7.3]
      [Update RS (ms): Min: 2.3, Avg: 6.6, Max: 18.8, Diff: 16.4, Sum: 26.3]
         [Processed Buffers: Min: 2, Avg: 9.2, Max: 16, Diff: 14, Sum: 37]
      [Scan RS (ms): Min: 0.0, Avg: 3.6, Max: 7.9, Diff: 7.9, Sum: 14.5]
      [Code Root Scanning (ms): Min: 0.0, Avg: 0.0, Max: 0.0, Diff: 0.0, Sum: 0.0]
      [Object Copy (ms): Min: 16.1, Avg: 24.7, Max: 29.3, Diff: 13.1, Sum: 98.7]
      [Termination (ms): Min: 0.0, Avg: 0.0, Max: 0.0, Diff: 0.0, Sum: 0.0]
         [Termination Attempts: Min: 1, Avg: 1.0, Max: 1, Diff: 0, Sum: 4]
      [GC Worker Other (ms): Min: 0.0, Avg: 0.0, Max: 0.1, Diff: 0.0, Sum: 0.2]
      [GC Worker Total (ms): Min: 36.5, Avg: 36.8, Max: 36.9, Diff: 0.4, Sum: 147.0]
      [GC Worker End (ms): Min: 2944008.5, Avg: 2944008.5, Max: 2944008.5, Diff: 0.0]
   [Code Root Fixup: 0.0 ms]
   [Code Root Purge: 0.0 ms]
   [Clear CT: 1.6 ms]
   [Other: 106.2 ms]
      [Choose CSet: 0.0 ms]
      [Ref Proc: 87.9 ms]
      [Ref Enq: 0.0 ms]
      [Redirty Cards: 17.1 ms]
      [Humongous Register: 0.3 ms]
      [Humongous Reclaim: 0.0 ms]
      [Free CSet: 0.1 ms]
   [Eden: 44.0M(44.0M)->0.0B(45.0M) Survivors: 7168.0K->6144.0K Heap: 255.1M(1024.0M)->212.4M(1024.0M)]
 [Times: user=0.06 sys=0.01, real=0.14 secs] 
2019-11-28T12:08:18.641+0800: 2987.247: [GC pause (G1 Evacuation Pause) (young), 0.0528021 secs]
   [Parallel Time: 50.9 ms, GC Workers: 4]
      [GC Worker Start (ms): Min: 2987264.3, Avg: 2987274.4, Max: 2987280.2, Diff: 15.9]
      [Ext Root Scanning (ms): Min: 0.1, Avg: 4.5, Max: 16.2, Diff: 16.1, Sum: 17.9]
      [Update RS (ms): Min: 3.4, Avg: 4.6, Max: 5.6, Diff: 2.3, Sum: 18.6]
         [Processed Buffers: Min: 4, Avg: 10.0, Max: 16, Diff: 12, Sum: 40]
      [Scan RS (ms): Min: 3.3, Avg: 3.6, Max: 3.8, Diff: 0.4, Sum: 14.2]
      [Code Root Scanning (ms): Min: 0.0, Avg: 0.0, Max: 0.0, Diff: 0.0, Sum: 0.0]
      [Object Copy (ms): Min: 8.2, Avg: 9.1, Max: 10.7, Diff: 2.5, Sum: 36.5]
      [Termination (ms): Min: 0.0, Avg: 0.0, Max: 0.0, Diff: 0.0, Sum: 0.0]
         [Termination Attempts: Min: 1, Avg: 1.2, Max: 2, Diff: 1, Sum: 5]
      [GC Worker Other (ms): Min: 0.0, Avg: 1.6, Max: 6.5, Diff: 6.5, Sum: 6.6]
      [GC Worker Total (ms): Min: 17.6, Avg: 23.4, Max: 33.5, Diff: 15.9, Sum: 93.8]
      [GC Worker End (ms): Min: 2987297.8, Avg: 2987297.8, Max: 2987297.8, Diff: 0.0]
   [Code Root Fixup: 0.0 ms]
   [Code Root Purge: 0.0 ms]
   [Clear CT: 0.1 ms]
   [Other: 1.8 ms]
      [Choose CSet: 0.0 ms]
      [Ref Proc: 1.1 ms]
      [Ref Enq: 0.0 ms]
      [Redirty Cards: 0.1 ms]
      [Humongous Register: 0.1 ms]
      [Humongous Reclaim: 0.0 ms]
      [Free CSet: 0.3 ms]
   [Eden: 45.0M(45.0M)->0.0B(46.0M) Survivors: 6144.0K->5120.0K Heap: 257.4M(1024.0M)->213.4M(1024.0M)]
 [Times: user=0.05 sys=0.01, real=0.05 secs] 
2019-11-28T12:09:03.976+0800: 3032.581: [GC pause (G1 Evacuation Pause) (young), 0.0270080 secs]
   [Parallel Time: 26.3 ms, GC Workers: 4]
      [GC Worker Start (ms): Min: 3032581.2, Avg: 3032581.2, Max: 3032581.2, Diff: 0.0]
      [Ext Root Scanning (ms): Min: 0.7, Avg: 1.0, Max: 1.4, Diff: 0.7, Sum: 3.9]
      [Update RS (ms): Min: 1.1, Avg: 2.1, Max: 4.2, Diff: 3.0, Sum: 8.5]
         [Processed Buffers: Min: 0, Avg: 9.8, Max: 25, Diff: 25, Sum: 39]
      [Scan RS (ms): Min: 1.0, Avg: 2.9, Max: 3.7, Diff: 2.7, Sum: 11.5]
      [Code Root Scanning (ms): Min: 0.0, Avg: 0.0, Max: 0.0, Diff: 0.0, Sum: 0.0]
      [Object Copy (ms): Min: 19.8, Avg: 20.0, Max: 20.3, Diff: 0.5, Sum: 79.9]
      [Termination (ms): Min: 0.0, Avg: 0.3, Max: 0.5, Diff: 0.5, Sum: 1.1]
         [Termination Attempts: Min: 1, Avg: 1.2, Max: 2, Diff: 1, Sum: 5]
      [GC Worker Other (ms): Min: 0.0, Avg: 0.0, Max: 0.0, Diff: 0.0, Sum: 0.1]
      [GC Worker Total (ms): Min: 26.2, Avg: 26.2, Max: 26.3, Diff: 0.1, Sum: 104.9]
      [GC Worker End (ms): Min: 3032607.4, Avg: 3032607.4, Max: 3032607.4, Diff: 0.0]
   [Code Root Fixup: 0.0 ms]
   [Code Root Purge: 0.0 ms]
   [Clear CT: 0.1 ms]
   [Other: 0.6 ms]
      [Choose CSet: 0.0 ms]
      [Ref Proc: 0.2 ms]
      [Ref Enq: 0.0 ms]
      [Redirty Cards: 0.1 ms]
      [Humongous Register: 0.0 ms]
      [Humongous Reclaim: 0.0 ms]
      [Free CSet: 0.1 ms]
   [Eden: 46.0M(46.0M)->0.0B(44.0M) Survivors: 5120.0K->7168.0K Heap: 259.4M(1024.0M)->215.9M(1024.0M)]
 [Times: user=0.05 sys=0.01, real=0.03 secs] 
2019-11-28T12:09:46.716+0800: 3075.319: [GC pause (G1 Evacuation Pause) (young), 0.0309534 secs]
   [Parallel Time: 28.0 ms, GC Workers: 4]
      [GC Worker Start (ms): Min: 3075321.3, Avg: 3075321.4, Max: 3075321.5, Diff: 0.2]
      [Ext Root Scanning (ms): Min: 2.6, Avg: 3.9, Max: 7.5, Diff: 4.8, Sum: 15.7]
      [Update RS (ms): Min: 0.3, Avg: 4.0, Max: 6.6, Diff: 6.3, Sum: 16.2]
         [Processed Buffers: Min: 7, Avg: 9.8, Max: 14, Diff: 7, Sum: 39]
      [Scan RS (ms): Min: 1.0, Avg: 2.4, Max: 3.0, Diff: 2.0, Sum: 9.8]
      [Code Root Scanning (ms): Min: 0.0, Avg: 0.0, Max: 0.0, Diff: 0.0, Sum: 0.0]
      [Object Copy (ms): Min: 17.2, Avg: 17.3, Max: 17.4, Diff: 0.2, Sum: 69.3]
      [Termination (ms): Min: 0.0, Avg: 0.0, Max: 0.0, Diff: 0.0, Sum: 0.0]
         [Termination Attempts: Min: 1, Avg: 1.8, Max: 2, Diff: 1, Sum: 7]
      [GC Worker Other (ms): Min: 0.0, Avg: 0.1, Max: 0.1, Diff: 0.0, Sum: 0.3]
      [GC Worker Total (ms): Min: 27.7, Avg: 27.8, Max: 27.9, Diff: 0.2, Sum: 111.2]
      [GC Worker End (ms): Min: 3075349.2, Avg: 3075349.2, Max: 3075349.2, Diff: 0.0]
   [Code Root Fixup: 0.0 ms]
   [Code Root Purge: 0.0 ms]
   [Clear CT: 0.1 ms]
   [Other: 2.9 ms]
      [Choose CSet: 0.0 ms]
      [Ref Proc: 0.2 ms]
      [Ref Enq: 0.0 ms]
      [Redirty Cards: 0.1 ms]
      [Humongous Register: 1.9 ms]
      [Humongous Reclaim: 0.0 ms]
      [Free CSet: 0.2 ms]
   [Eden: 44.0M(44.0M)->0.0B(46.0M) Survivors: 7168.0K->5120.0K Heap: 259.9M(1024.0M)->216.0M(1024.0M)]
 [Times: user=0.05 sys=0.04, real=0.03 secs] 
2019-11-28T12:10:31.426+0800: 3120.028: [GC pause (G1 Evacuation Pause) (young), 0.0248537 secs]
   [Parallel Time: 23.9 ms, GC Workers: 4]
      [GC Worker Start (ms): Min: 3120028.3, Avg: 3120028.4, Max: 3120028.4, Diff: 0.0]
      [Ext Root Scanning (ms): Min: 2.1, Avg: 2.1, Max: 2.3, Diff: 0.2, Sum: 8.6]
      [Update RS (ms): Min: 1.9, Avg: 2.6, Max: 3.7, Diff: 1.8, Sum: 10.6]
         [Processed Buffers: Min: 6, Avg: 9.0, Max: 17, Diff: 11, Sum: 36]
      [Scan RS (ms): Min: 2.7, Avg: 3.9, Max: 4.8, Diff: 2.1, Sum: 15.5]
      [Code Root Scanning (ms): Min: 0.0, Avg: 0.0, Max: 0.0, Diff: 0.0, Sum: 0.0]
      [Object Copy (ms): Min: 14.3, Avg: 15.0, Max: 15.4, Diff: 1.2, Sum: 60.1]
      [Termination (ms): Min: 0.0, Avg: 0.1, Max: 0.1, Diff: 0.1, Sum: 0.3]
         [Termination Attempts: Min: 1, Avg: 1.2, Max: 2, Diff: 1, Sum: 5]
      [GC Worker Other (ms): Min: 0.0, Avg: 0.0, Max: 0.0, Diff: 0.0, Sum: 0.1]
      [GC Worker Total (ms): Min: 23.8, Avg: 23.8, Max: 23.8, Diff: 0.1, Sum: 95.1]
      [GC Worker End (ms): Min: 3120052.1, Avg: 3120052.1, Max: 3120052.2, Diff: 0.0]
   [Code Root Fixup: 0.0 ms]
   [Code Root Purge: 0.0 ms]
   [Clear CT: 0.1 ms]
   [Other: 0.9 ms]
      [Choose CSet: 0.0 ms]
      [Ref Proc: 0.2 ms]
      [Ref Enq: 0.0 ms]
      [Redirty Cards: 0.1 ms]
      [Humongous Register: 0.0 ms]
      [Humongous Reclaim: 0.0 ms]
      [Free CSet: 0.2 ms]
   [Eden: 46.0M(46.0M)->0.0B(46.0M) Survivors: 5120.0K->5120.0K Heap: 262.0M(1024.0M)->217.8M(1024.0M)]
 [Times: user=0.05 sys=0.01, real=0.03 secs] 
2019-11-28T12:11:15.774+0800: 3164.375: [GC pause (G1 Evacuation Pause) (young), 0.1728956 secs]
   [Parallel Time: 165.7 ms, GC Workers: 4]
      [GC Worker Start (ms): Min: 3164378.6, Avg: 3164380.1, Max: 3164384.6, Diff: 5.9]
      [Ext Root Scanning (ms): Min: 32.6, Avg: 53.8, Max: 110.4, Diff: 77.8, Sum: 215.2]
      [Update RS (ms): Min: 0.0, Avg: 38.7, Max: 52.9, Diff: 52.9, Sum: 154.9]
         [Processed Buffers: Min: 0, Avg: 9.2, Max: 24, Diff: 24, Sum: 37]
      [Scan RS (ms): Min: 0.0, Avg: 5.8, Max: 8.5, Diff: 8.5, Sum: 23.3]
      [Code Root Scanning (ms): Min: 0.0, Avg: 0.0, Max: 0.0, Diff: 0.0, Sum: 0.0]
      [Object Copy (ms): Min: 53.8, Avg: 62.9, Max: 69.6, Diff: 15.8, Sum: 251.6]
      [Termination (ms): Min: 0.0, Avg: 0.9, Max: 1.5, Diff: 1.5, Sum: 3.5]
         [Termination Attempts: Min: 1, Avg: 1.5, Max: 3, Diff: 2, Sum: 6]
      [GC Worker Other (ms): Min: 0.1, Avg: 1.4, Max: 2.8, Diff: 2.8, Sum: 5.7]
      [GC Worker Total (ms): Min: 159.0, Avg: 163.5, Max: 165.1, Diff: 6.1, Sum: 654.2]
      [GC Worker End (ms): Min: 3164543.6, Avg: 3164543.7, Max: 3164543.7, Diff: 0.2]
   [Code Root Fixup: 0.0 ms]
   [Code Root Purge: 0.0 ms]
   [Clear CT: 0.1 ms]
   [Other: 7.1 ms]
      [Choose CSet: 0.0 ms]
      [Ref Proc: 0.5 ms]
      [Ref Enq: 0.0 ms]
      [Redirty Cards: 0.1 ms]
      [Humongous Register: 2.7 ms]
      [Humongous Reclaim: 0.0 ms]
      [Free CSet: 2.0 ms]
   [Eden: 46.0M(46.0M)->0.0B(46.0M) Survivors: 5120.0K->5120.0K Heap: 263.8M(1024.0M)->219.9M(1024.0M)]
 [Times: user=0.06 sys=0.05, real=0.17 secs] 
2019-11-28T12:12:01.079+0800: 3209.679: [GC pause (G1 Evacuation Pause) (young), 0.0323693 secs]
   [Parallel Time: 29.6 ms, GC Workers: 4]
      [GC Worker Start (ms): Min: 3209680.9, Avg: 3209681.0, Max: 3209681.1, Diff: 0.2]
      [Ext Root Scanning (ms): Min: 2.8, Avg: 3.9, Max: 6.6, Diff: 3.9, Sum: 15.7]
      [Update RS (ms): Min: 0.6, Avg: 3.2, Max: 4.5, Diff: 3.9, Sum: 12.8]
         [Processed Buffers: Min: 5, Avg: 10.0, Max: 21, Diff: 16, Sum: 40]
      [Scan RS (ms): Min: 5.1, Avg: 5.8, Max: 6.8, Diff: 1.7, Sum: 23.0]
      [Code Root Scanning (ms): Min: 0.0, Avg: 0.0, Max: 0.0, Diff: 0.0, Sum: 0.0]
      [Object Copy (ms): Min: 14.8, Avg: 15.9, Max: 16.8, Diff: 2.0, Sum: 63.8]
      [Termination (ms): Min: 0.0, Avg: 0.5, Max: 0.7, Diff: 0.7, Sum: 2.2]
         [Termination Attempts: Min: 1, Avg: 1.5, Max: 3, Diff: 2, Sum: 6]
      [GC Worker Other (ms): Min: 0.0, Avg: 0.0, Max: 0.0, Diff: 0.0, Sum: 0.1]
      [GC Worker Total (ms): Min: 29.3, Avg: 29.4, Max: 29.5, Diff: 0.2, Sum: 117.7]
      [GC Worker End (ms): Min: 3209710.4, Avg: 3209710.4, Max: 3209710.4, Diff: 0.0]
   [Code Root Fixup: 0.0 ms]
   [Code Root Purge: 0.0 ms]
   [Clear CT: 0.0 ms]
   [Other: 2.7 ms]
      [Choose CSet: 0.0 ms]
      [Ref Proc: 0.1 ms]
      [Ref Enq: 0.0 ms]
      [Redirty Cards: 0.0 ms]
      [Humongous Register: 1.7 ms]
      [Humongous Reclaim: 0.0 ms]
      [Free CSet: 0.2 ms]
   [Eden: 46.0M(46.0M)->0.0B(45.0M) Survivors: 5120.0K->6144.0K Heap: 265.9M(1024.0M)->220.4M(1024.0M)]
 [Times: user=0.05 sys=0.05, real=0.04 secs] 
2019-11-28T12:12:44.335+0800: 3252.933: [GC pause (G1 Evacuation Pause) (young), 0.0192907 secs]
   [Parallel Time: 18.8 ms, GC Workers: 4]
      [GC Worker Start (ms): Min: 3252932.8, Avg: 3252932.8, Max: 3252932.9, Diff: 0.0]
      [Ext Root Scanning (ms): Min: 0.6, Avg: 1.0, Max: 2.1, Diff: 1.5, Sum: 3.9]
      [Update RS (ms): Min: 0.1, Avg: 1.8, Max: 2.9, Diff: 2.8, Sum: 7.2]
         [Processed Buffers: Min: 3, Avg: 7.5, Max: 16, Diff: 13, Sum: 30]
      [Scan RS (ms): Min: 1.6, Avg: 2.3, Max: 3.1, Diff: 1.5, Sum: 9.4]
      [Code Root Scanning (ms): Min: 0.0, Avg: 0.0, Max: 0.0, Diff: 0.0, Sum: 0.0]
      [Object Copy (ms): Min: 13.1, Avg: 13.3, Max: 13.6, Diff: 0.5, Sum: 53.2]
      [Termination (ms): Min: 0.0, Avg: 0.3, Max: 0.4, Diff: 0.4, Sum: 1.0]
         [Termination Attempts: Min: 1, Avg: 1.0, Max: 1, Diff: 0, Sum: 4]
      [GC Worker Other (ms): Min: 0.0, Avg: 0.0, Max: 0.0, Diff: 0.0, Sum: 0.1]
      [GC Worker Total (ms): Min: 18.7, Avg: 18.7, Max: 18.7, Diff: 0.0, Sum: 74.8]
      [GC Worker End (ms): Min: 3252951.5, Avg: 3252951.5, Max: 3252951.5, Diff: 0.0]
   [Code Root Fixup: 0.0 ms]
   [Code Root Purge: 0.0 ms]
   [Clear CT: 0.1 ms]
   [Other: 0.4 ms]
      [Choose CSet: 0.0 ms]
      [Ref Proc: 0.1 ms]
      [Ref Enq: 0.0 ms]
      [Redirty Cards: 0.1 ms]
      [Humongous Register: 0.0 ms]
      [Humongous Reclaim: 0.0 ms]
      [Free CSet: 0.0 ms]
   [Eden: 45.0M(45.0M)->0.0B(44.0M) Survivors: 6144.0K->7168.0K Heap: 265.4M(1024.0M)->222.6M(1024.0M)]
 [Times: user=0.05 sys=0.01, real=0.02 secs] 
2019-11-28T12:13:26.728+0800: 3295.325: [GC pause (G1 Evacuation Pause) (young), 0.0246213 secs]
   [Parallel Time: 20.9 ms, GC Workers: 4]
      [GC Worker Start (ms): Min: 3295328.4, Avg: 3295328.4, Max: 3295328.4, Diff: 0.1]
      [Ext Root Scanning (ms): Min: 4.5, Avg: 4.5, Max: 4.5, Diff: 0.0, Sum: 18.0]
      [Update RS (ms): Min: 2.3, Avg: 3.3, Max: 5.1, Diff: 2.8, Sum: 13.3]
         [Processed Buffers: Min: 1, Avg: 8.2, Max: 13, Diff: 12, Sum: 33]
      [Scan RS (ms): Min: 0.0, Avg: 1.9, Max: 3.4, Diff: 3.4, Sum: 7.8]
      [Code Root Scanning (ms): Min: 0.0, Avg: 0.0, Max: 0.0, Diff: 0.0, Sum: 0.0]
      [Object Copy (ms): Min: 10.5, Avg: 11.0, Max: 11.3, Diff: 0.7, Sum: 44.2]
      [Termination (ms): Min: 0.0, Avg: 0.0, Max: 0.0, Diff: 0.0, Sum: 0.0]
         [Termination Attempts: Min: 1, Avg: 2.2, Max: 4, Diff: 3, Sum: 9]
      [GC Worker Other (ms): Min: 0.0, Avg: 0.0, Max: 0.0, Diff: 0.0, Sum: 0.1]
      [GC Worker Total (ms): Min: 20.8, Avg: 20.9, Max: 20.9, Diff: 0.0, Sum: 83.4]
      [GC Worker End (ms): Min: 3295349.2, Avg: 3295349.2, Max: 3295349.2, Diff: 0.0]
   [Code Root Fixup: 0.0 ms]
   [Code Root Purge: 0.0 ms]
   [Clear CT: 0.1 ms]
   [Other: 3.6 ms]
      [Choose CSet: 0.0 ms]
      [Ref Proc: 0.1 ms]
      [Ref Enq: 0.0 ms]
      [Redirty Cards: 0.0 ms]
      [Humongous Register: 0.0 ms]
      [Humongous Reclaim: 0.0 ms]
      [Free CSet: 0.0 ms]
   [Eden: 44.0M(44.0M)->0.0B(45.0M) Survivors: 7168.0K->6144.0K Heap: 266.6M(1024.0M)->224.3M(1024.0M)]
 [Times: user=0.05 sys=0.01, real=0.03 secs] 
2019-11-28T12:14:10.113+0800: 3338.709: [GC pause (G1 Evacuation Pause) (young), 0.0215538 secs]
   [Parallel Time: 20.7 ms, GC Workers: 4]
      [GC Worker Start (ms): Min: 3338709.0, Avg: 3338709.1, Max: 3338709.2, Diff: 0.3]
      [Ext Root Scanning (ms): Min: 0.7, Avg: 1.7, Max: 2.6, Diff: 1.9, Sum: 6.9]
      [Update RS (ms): Min: 0.5, Avg: 2.4, Max: 5.2, Diff: 4.7, Sum: 9.6]
         [Processed Buffers: Min: 2, Avg: 10.5, Max: 29, Diff: 27, Sum: 42]
      [Scan RS (ms): Min: 0.8, Avg: 4.0, Max: 8.2, Diff: 7.3, Sum: 16.0]
      [Code Root Scanning (ms): Min: 0.0, Avg: 0.0, Max: 0.0, Diff: 0.0, Sum: 0.0]
      [Object Copy (ms): Min: 6.9, Avg: 11.3, Max: 13.8, Diff: 6.9, Sum: 45.1]
      [Termination (ms): Min: 0.0, Avg: 0.3, Max: 0.4, Diff: 0.4, Sum: 1.1]
         [Termination Attempts: Min: 1, Avg: 1.5, Max: 3, Diff: 2, Sum: 6]
      [GC Worker Other (ms): Min: 0.0, Avg: 0.8, Max: 1.6, Diff: 1.5, Sum: 3.1]
      [GC Worker Total (ms): Min: 20.4, Avg: 20.4, Max: 20.6, Diff: 0.3, Sum: 81.8]
      [GC Worker End (ms): Min: 3338729.4, Avg: 3338729.5, Max: 3338729.6, Diff: 0.2]
   [Code Root Fixup: 0.0 ms]
   [Code Root Purge: 0.0 ms]
   [Clear CT: 0.1 ms]
   [Other: 0.8 ms]
      [Choose CSet: 0.0 ms]
      [Ref Proc: 0.2 ms]
      [Ref Enq: 0.0 ms]
      [Redirty Cards: 0.1 ms]
      [Humongous Register: 0.1 ms]
      [Humongous Reclaim: 0.0 ms]
      [Free CSet: 0.1 ms]
   [Eden: 45.0M(45.0M)->0.0B(46.0M) Survivors: 6144.0K->5120.0K Heap: 269.3M(1024.0M)->226.4M(1024.0M)]
 [Times: user=0.05 sys=0.00, real=0.02 secs] 
2019-11-28T12:14:54.781+0800: 3383.375: [GC pause (G1 Evacuation Pause) (young), 0.0286810 secs]
   [Parallel Time: 28.1 ms, GC Workers: 4]
      [GC Worker Start (ms): Min: 3383375.4, Avg: 3383375.5, Max: 3383375.5, Diff: 0.0]
      [Ext Root Scanning (ms): Min: 0.7, Avg: 1.7, Max: 4.6, Diff: 3.9, Sum: 6.8]
      [Update RS (ms): Min: 0.0, Avg: 4.2, Max: 9.6, Diff: 9.6, Sum: 16.6]
         [Processed Buffers: Min: 0, Avg: 9.5, Max: 26, Diff: 26, Sum: 38]
      [Scan RS (ms): Min: 0.0, Avg: 2.8, Max: 4.3, Diff: 4.3, Sum: 11.0]
      [Code Root Scanning (ms): Min: 0.0, Avg: 0.0, Max: 0.0, Diff: 0.0, Sum: 0.0]
      [Object Copy (ms): Min: 17.7, Avg: 19.3, Max: 20.0, Diff: 2.3, Sum: 77.1]
      [Termination (ms): Min: 0.0, Avg: 0.2, Max: 0.3, Diff: 0.3, Sum: 0.6]
         [Termination Attempts: Min: 1, Avg: 1.2, Max: 2, Diff: 1, Sum: 5]
      [GC Worker Other (ms): Min: 0.0, Avg: 0.0, Max: 0.0, Diff: 0.0, Sum: 0.1]
      [GC Worker Total (ms): Min: 28.0, Avg: 28.0, Max: 28.1, Diff: 0.0, Sum: 112.2]
      [GC Worker End (ms): Min: 3383403.5, Avg: 3383403.5, Max: 3383403.5, Diff: 0.0]
   [Code Root Fixup: 0.0 ms]
   [Code Root Purge: 0.0 ms]
   [Clear CT: 0.1 ms]
   [Other: 0.5 ms]
      [Choose CSet: 0.0 ms]
      [Ref Proc: 0.1 ms]
      [Ref Enq: 0.0 ms]
      [Redirty Cards: 0.1 ms]
      [Humongous Register: 0.0 ms]
      [Humongous Reclaim: 0.0 ms]
      [Free CSet: 0.1 ms]
   [Eden: 46.0M(46.0M)->0.0B(44.0M) Survivors: 5120.0K->7168.0K Heap: 272.4M(1024.0M)->228.4M(1024.0M)]
 [Times: user=0.05 sys=0.02, real=0.03 secs] 
2019-11-28T12:15:36.520+0800: 3425.112: [GC pause (G1 Evacuation Pause) (young), 0.0166689 secs]
   [Parallel Time: 16.2 ms, GC Workers: 4]
      [GC Worker Start (ms): Min: 3425112.5, Avg: 3425112.5, Max: 3425112.6, Diff: 0.1]
      [Ext Root Scanning (ms): Min: 0.7, Avg: 0.8, Max: 0.8, Diff: 0.1, Sum: 3.1]
      [Update RS (ms): Min: 1.5, Avg: 2.4, Max: 3.5, Diff: 2.0, Sum: 9.4]
         [Processed Buffers: Min: 2, Avg: 8.8, Max: 19, Diff: 17, Sum: 35]
      [Scan RS (ms): Min: 0.7, Avg: 1.9, Max: 2.6, Diff: 1.9, Sum: 7.4]
      [Code Root Scanning (ms): Min: 0.0, Avg: 0.0, Max: 0.0, Diff: 0.0, Sum: 0.0]
      [Object Copy (ms): Min: 11.0, Avg: 11.0, Max: 11.1, Diff: 0.1, Sum: 44.2]
      [Termination (ms): Min: 0.0, Avg: 0.0, Max: 0.0, Diff: 0.0, Sum: 0.0]
         [Termination Attempts: Min: 1, Avg: 1.0, Max: 1, Diff: 0, Sum: 4]
      [GC Worker Other (ms): Min: 0.0, Avg: 0.0, Max: 0.0, Diff: 0.0, Sum: 0.1]
      [GC Worker Total (ms): Min: 16.0, Avg: 16.0, Max: 16.1, Diff: 0.1, Sum: 64.2]
      [GC Worker End (ms): Min: 3425128.6, Avg: 3425128.6, Max: 3425128.6, Diff: 0.0]
   [Code Root Fixup: 0.0 ms]
   [Code Root Purge: 0.0 ms]
   [Clear CT: 0.1 ms]
   [Other: 0.4 ms]
      [Choose CSet: 0.0 ms]
      [Ref Proc: 0.1 ms]
      [Ref Enq: 0.0 ms]
      [Redirty Cards: 0.0 ms]
      [Humongous Register: 0.0 ms]
      [Humongous Reclaim: 0.0 ms]
      [Free CSet: 0.0 ms]
   [Eden: 44.0M(44.0M)->0.0B(46.0M) Survivors: 7168.0K->5120.0K Heap: 272.4M(1024.0M)->228.6M(1024.0M)]
 [Times: user=0.05 sys=0.00, real=0.01 secs] 
2019-11-28T12:16:20.408+0800: 3469.000: [GC pause (G1 Evacuation Pause) (young), 0.0296835 secs]
   [Parallel Time: 27.3 ms, GC Workers: 4]
      [GC Worker Start (ms): Min: 3469001.4, Avg: 3469001.5, Max: 3469001.6, Diff: 0.2]
      [Ext Root Scanning (ms): Min: 3.0, Avg: 4.0, Max: 6.7, Diff: 3.7, Sum: 16.1]
      [Update RS (ms): Min: 0.0, Avg: 2.8, Max: 4.6, Diff: 4.6, Sum: 11.3]
         [Processed Buffers: Min: 0, Avg: 9.5, Max: 24, Diff: 24, Sum: 38]
      [Scan RS (ms): Min: 3.1, Avg: 4.0, Max: 4.4, Diff: 1.2, Sum: 16.0]
      [Code Root Scanning (ms): Min: 0.0, Avg: 0.0, Max: 0.0, Diff: 0.0, Sum: 0.0]
      [Object Copy (ms): Min: 16.1, Avg: 16.2, Max: 16.2, Diff: 0.2, Sum: 64.7]
      [Termination (ms): Min: 0.0, Avg: 0.1, Max: 0.1, Diff: 0.1, Sum: 0.3]
         [Termination Attempts: Min: 1, Avg: 2.2, Max: 4, Diff: 3, Sum: 9]
      [GC Worker Other (ms): Min: 0.0, Avg: 0.0, Max: 0.1, Diff: 0.0, Sum: 0.1]
      [GC Worker Total (ms): Min: 27.0, Avg: 27.1, Max: 27.2, Diff: 0.2, Sum: 108.4]
      [GC Worker End (ms): Min: 3469028.6, Avg: 3469028.6, Max: 3469028.6, Diff: 0.0]
   [Code Root Fixup: 0.0 ms]
   [Code Root Purge: 0.0 ms]
   [Clear CT: 0.1 ms]
   [Other: 2.3 ms]
      [Choose CSet: 0.0 ms]
      [Ref Proc: 0.1 ms]
      [Ref Enq: 0.0 ms]
      [Redirty Cards: 0.1 ms]
      [Humongous Register: 1.5 ms]
      [Humongous Reclaim: 0.0 ms]
      [Free CSet: 0.1 ms]
   [Eden: 46.0M(46.0M)->0.0B(46.0M) Survivors: 5120.0K->5120.0K Heap: 274.6M(1024.0M)->230.4M(1024.0M)]
 [Times: user=0.04 sys=0.03, real=0.04 secs] 
2019-11-28T12:17:06.410+0800: 3515.000: [GC pause (G1 Evacuation Pause) (young), 0.0586703 secs]
   [Parallel Time: 55.7 ms, GC Workers: 4]
      [GC Worker Start (ms): Min: 3515002.6, Avg: 3515002.7, Max: 3515002.7, Diff: 0.2]
      [Ext Root Scanning (ms): Min: 3.1, Avg: 4.3, Max: 7.7, Diff: 4.6, Sum: 17.3]
      [Update RS (ms): Min: 3.2, Avg: 9.4, Max: 13.3, Diff: 10.2, Sum: 37.4]
         [Processed Buffers: Min: 2, Avg: 8.5, Max: 15, Diff: 13, Sum: 34]
      [Scan RS (ms): Min: 11.7, Avg: 13.8, Max: 17.3, Diff: 5.5, Sum: 55.4]
      [Code Root Scanning (ms): Min: 0.0, Avg: 0.0, Max: 0.1, Diff: 0.1, Sum: 0.1]
      [Object Copy (ms): Min: 27.0, Avg: 27.9, Max: 30.2, Diff: 3.2, Sum: 111.7]
      [Termination (ms): Min: 0.0, Avg: 0.0, Max: 0.0, Diff: 0.0, Sum: 0.0]
         [Termination Attempts: Min: 1, Avg: 1.2, Max: 2, Diff: 1, Sum: 5]
      [GC Worker Other (ms): Min: 0.0, Avg: 0.1, Max: 0.1, Diff: 0.1, Sum: 0.2]
      [GC Worker Total (ms): Min: 55.4, Avg: 55.5, Max: 55.6, Diff: 0.2, Sum: 222.1]
      [GC Worker End (ms): Min: 3515058.2, Avg: 3515058.2, Max: 3515058.2, Diff: 0.0]
   [Code Root Fixup: 0.0 ms]
   [Code Root Purge: 0.0 ms]
   [Clear CT: 0.0 ms]
   [Other: 2.9 ms]
      [Choose CSet: 0.0 ms]
      [Ref Proc: 0.2 ms]
      [Ref Enq: 0.0 ms]
      [Redirty Cards: 0.1 ms]
      [Humongous Register: 1.6 ms]
      [Humongous Reclaim: 0.0 ms]
      [Free CSet: 0.2 ms]
   [Eden: 46.0M(46.0M)->0.0B(46.0M) Survivors: 5120.0K->5120.0K Heap: 276.4M(1024.0M)->231.9M(1024.0M)]
 [Times: user=0.05 sys=0.07, real=0.06 secs] 
2019-11-28T12:17:51.445+0800: 3560.034: [GC pause (G1 Evacuation Pause) (young), 0.0361449 secs]
   [Parallel Time: 29.9 ms, GC Workers: 4]
      [GC Worker Start (ms): Min: 3560036.0, Avg: 3560036.1, Max: 3560036.2, Diff: 0.1]
      [Ext Root Scanning (ms): Min: 3.6, Avg: 4.6, Max: 7.8, Diff: 4.2, Sum: 18.6]
      [Update RS (ms): Min: 1.0, Avg: 3.9, Max: 5.2, Diff: 4.2, Sum: 15.6]
         [Processed Buffers: Min: 2, Avg: 9.5, Max: 19, Diff: 17, Sum: 38]
      [Scan RS (ms): Min: 4.3, Avg: 4.6, Max: 4.8, Diff: 0.5, Sum: 18.3]
      [Code Root Scanning (ms): Min: 0.0, Avg: 0.0, Max: 0.1, Diff: 0.1, Sum: 0.1]
      [Object Copy (ms): Min: 16.4, Avg: 16.4, Max: 16.4, Diff: 0.0, Sum: 65.5]
      [Termination (ms): Min: 0.0, Avg: 0.2, Max: 0.2, Diff: 0.2, Sum: 0.6]
         [Termination Attempts: Min: 1, Avg: 1.5, Max: 2, Diff: 1, Sum: 6]
      [GC Worker Other (ms): Min: 0.0, Avg: 0.0, Max: 0.0, Diff: 0.0, Sum: 0.1]
      [GC Worker Total (ms): Min: 29.6, Avg: 29.7, Max: 29.7, Diff: 0.1, Sum: 118.8]
      [GC Worker End (ms): Min: 3560065.8, Avg: 3560065.8, Max: 3560065.8, Diff: 0.1]
   [Code Root Fixup: 0.0 ms]
   [Code Root Purge: 0.0 ms]
   [Clear CT: 0.1 ms]
   [Other: 6.2 ms]
      [Choose CSet: 0.0 ms]
      [Ref Proc: 2.3 ms]
      [Ref Enq: 0.0 ms]
      [Redirty Cards: 0.1 ms]
      [Humongous Register: 1.5 ms]
      [Humongous Reclaim: 0.0 ms]
      [Free CSet: 1.6 ms]
   [Eden: 46.0M(46.0M)->0.0B(46.0M) Survivors: 5120.0K->5120.0K Heap: 277.9M(1024.0M)->231.9M(1024.0M)]
 [Times: user=0.05 sys=0.05, real=0.04 secs] 
2019-11-28T12:18:35.354+0800: 3603.941: [GC pause (G1 Evacuation Pause) (young), 0.0305992 secs]
   [Parallel Time: 28.0 ms, GC Workers: 4]
      [GC Worker Start (ms): Min: 3603941.8, Avg: 3603941.8, Max: 3603941.8, Diff: 0.1]
      [Ext Root Scanning (ms): Min: 0.9, Avg: 2.3, Max: 6.1, Diff: 5.2, Sum: 9.0]
      [Update RS (ms): Min: 0.0, Avg: 2.4, Max: 3.4, Diff: 3.4, Sum: 9.7]
         [Processed Buffers: Min: 0, Avg: 8.0, Max: 14, Diff: 14, Sum: 32]
      [Scan RS (ms): Min: 0.8, Avg: 2.3, Max: 3.0, Diff: 2.2, Sum: 9.2]
      [Code Root Scanning (ms): Min: 0.0, Avg: 0.0, Max: 0.1, Diff: 0.1, Sum: 0.1]
      [Object Copy (ms): Min: 20.2, Avg: 20.7, Max: 20.9, Diff: 0.6, Sum: 82.8]
      [Termination (ms): Min: 0.0, Avg: 0.2, Max: 0.7, Diff: 0.7, Sum: 0.7]
         [Termination Attempts: Min: 1, Avg: 1.0, Max: 1, Diff: 0, Sum: 4]
      [GC Worker Other (ms): Min: 0.0, Avg: 0.0, Max: 0.0, Diff: 0.0, Sum: 0.1]
      [GC Worker Total (ms): Min: 27.9, Avg: 27.9, Max: 27.9, Diff: 0.1, Sum: 111.6]
      [GC Worker End (ms): Min: 3603969.7, Avg: 3603969.7, Max: 3603969.7, Diff: 0.1]
   [Code Root Fixup: 0.0 ms]
   [Code Root Purge: 0.0 ms]
   [Clear CT: 0.1 ms]
   [Other: 2.5 ms]
      [Choose CSet: 0.0 ms]
      [Ref Proc: 1.8 ms]
      [Ref Enq: 0.0 ms]
      [Redirty Cards: 0.1 ms]
      [Humongous Register: 0.3 ms]
      [Humongous Reclaim: 0.0 ms]
      [Free CSet: 0.1 ms]
   [Eden: 46.0M(46.0M)->0.0B(44.0M) Survivors: 5120.0K->7168.0K Heap: 277.9M(1024.0M)->235.1M(1024.0M)]
 [Times: user=0.06 sys=0.02, real=0.03 secs] 
2019-11-28T12:19:14.908+0800: 3643.494: [GC pause (G1 Evacuation Pause) (young), 0.0561137 secs]
   [Parallel Time: 52.8 ms, GC Workers: 4]
      [GC Worker Start (ms): Min: 3643496.4, Avg: 3643496.5, Max: 3643496.7, Diff: 0.3]
      [Ext Root Scanning (ms): Min: 3.1, Avg: 5.9, Max: 9.7, Diff: 6.6, Sum: 23.7]
      [Update RS (ms): Min: 8.2, Avg: 9.6, Max: 11.3, Diff: 3.2, Sum: 38.5]
         [Processed Buffers: Min: 3, Avg: 10.8, Max: 25, Diff: 22, Sum: 43]
      [Scan RS (ms): Min: 8.1, Avg: 9.5, Max: 10.7, Diff: 2.6, Sum: 37.8]
      [Code Root Scanning (ms): Min: 0.0, Avg: 0.0, Max: 0.1, Diff: 0.1, Sum: 0.1]
      [Object Copy (ms): Min: 26.6, Avg: 26.9, Max: 27.2, Diff: 0.5, Sum: 107.5]
      [Termination (ms): Min: 0.0, Avg: 0.1, Max: 0.1, Diff: 0.1, Sum: 0.4]
         [Termination Attempts: Min: 1, Avg: 1.0, Max: 1, Diff: 0, Sum: 4]
      [GC Worker Other (ms): Min: 0.0, Avg: 0.6, Max: 2.3, Diff: 2.2, Sum: 2.4]
      [GC Worker Total (ms): Min: 52.4, Avg: 52.6, Max: 52.7, Diff: 0.3, Sum: 210.4]
      [GC Worker End (ms): Min: 3643549.0, Avg: 3643549.1, Max: 3643549.1, Diff: 0.0]
   [Code Root Fixup: 0.0 ms]
   [Code Root Purge: 0.0 ms]
   [Clear CT: 0.1 ms]
   [Other: 3.2 ms]
      [Choose CSet: 0.0 ms]
      [Ref Proc: 0.3 ms]
      [Ref Enq: 0.0 ms]
      [Redirty Cards: 0.1 ms]
      [Humongous Register: 1.6 ms]
      [Humongous Reclaim: 0.0 ms]
      [Free CSet: 0.3 ms]
   [Eden: 44.0M(44.0M)->0.0B(46.0M) Survivors: 7168.0K->5120.0K Heap: 279.1M(1024.0M)->237.4M(1024.0M)]
 [Times: user=0.08 sys=0.10, real=0.06 secs] 
2019-11-28T12:19:59.785+0800: 3688.370: [GC pause (G1 Evacuation Pause) (young), 0.0409226 secs]
   [Parallel Time: 36.6 ms, GC Workers: 4]
      [GC Worker Start (ms): Min: 3688373.6, Avg: 3688373.7, Max: 3688373.8, Diff: 0.2]
      [Ext Root Scanning (ms): Min: 3.3, Avg: 4.6, Max: 8.1, Diff: 4.8, Sum: 18.2]
      [Update RS (ms): Min: 2.3, Avg: 6.0, Max: 7.7, Diff: 5.4, Sum: 24.1]
         [Processed Buffers: Min: 0, Avg: 9.0, Max: 21, Diff: 21, Sum: 36]
      [Scan RS (ms): Min: 11.3, Avg: 11.8, Max: 12.2, Diff: 0.9, Sum: 47.3]
      [Code Root Scanning (ms): Min: 0.0, Avg: 0.0, Max: 0.0, Diff: 0.0, Sum: 0.0]
      [Object Copy (ms): Min: 14.0, Avg: 14.0, Max: 14.0, Diff: 0.1, Sum: 55.9]
      [Termination (ms): Min: 0.0, Avg: 0.0, Max: 0.0, Diff: 0.0, Sum: 0.0]
         [Termination Attempts: Min: 1, Avg: 1.0, Max: 1, Diff: 0, Sum: 4]
      [GC Worker Other (ms): Min: 0.0, Avg: 0.0, Max: 0.1, Diff: 0.0, Sum: 0.2]
      [GC Worker Total (ms): Min: 36.4, Avg: 36.4, Max: 36.5, Diff: 0.1, Sum: 145.7]
      [GC Worker End (ms): Min: 3688410.1, Avg: 3688410.1, Max: 3688410.1, Diff: 0.0]
   [Code Root Fixup: 0.0 ms]
   [Code Root Purge: 0.0 ms]
   [Clear CT: 0.1 ms]
   [Other: 4.2 ms]
      [Choose CSet: 0.0 ms]
      [Ref Proc: 0.1 ms]
      [Ref Enq: 0.0 ms]
      [Redirty Cards: 0.1 ms]
      [Humongous Register: 2.6 ms]
      [Humongous Reclaim: 0.0 ms]
      [Free CSet: 0.3 ms]
   [Eden: 46.0M(46.0M)->0.0B(46.0M) Survivors: 5120.0K->5120.0K Heap: 283.4M(1024.0M)->236.9M(1024.0M)]
 [Times: user=0.04 sys=0.09, real=0.04 secs] 
2019-11-28T12:20:45.320+0800: 3733.903: [GC pause (G1 Evacuation Pause) (young), 0.0704655 secs]
   [Parallel Time: 67.0 ms, GC Workers: 4]
      [GC Worker Start (ms): Min: 3733905.7, Avg: 3733905.9, Max: 3733906.2, Diff: 0.4]
      [Ext Root Scanning (ms): Min: 4.6, Avg: 5.9, Max: 9.0, Diff: 4.5, Sum: 23.7]
      [Update RS (ms): Min: 3.4, Avg: 6.2, Max: 7.2, Diff: 3.8, Sum: 24.8]
         [Processed Buffers: Min: 2, Avg: 8.5, Max: 15, Diff: 13, Sum: 34]
      [Scan RS (ms): Min: 10.4, Avg: 10.6, Max: 10.6, Diff: 0.2, Sum: 42.2]
      [Code Root Scanning (ms): Min: 0.0, Avg: 0.0, Max: 0.0, Diff: 0.0, Sum: 0.0]
      [Object Copy (ms): Min: 42.2, Avg: 42.4, Max: 42.6, Diff: 0.5, Sum: 169.6]
      [Termination (ms): Min: 0.0, Avg: 0.8, Max: 1.6, Diff: 1.6, Sum: 3.2]
         [Termination Attempts: Min: 1, Avg: 1.0, Max: 1, Diff: 0, Sum: 4]
      [GC Worker Other (ms): Min: 0.0, Avg: 0.1, Max: 0.2, Diff: 0.2, Sum: 0.4]
      [GC Worker Total (ms): Min: 65.4, Avg: 66.0, Max: 66.8, Diff: 1.5, Sum: 264.0]
      [GC Worker End (ms): Min: 3733971.2, Avg: 3733971.9, Max: 3733972.6, Diff: 1.4]
   [Code Root Fixup: 0.0 ms]
   [Code Root Purge: 0.0 ms]
   [Clear CT: 0.1 ms]
   [Other: 3.4 ms]
      [Choose CSet: 0.0 ms]
      [Ref Proc: 0.2 ms]
      [Ref Enq: 0.0 ms]
      [Redirty Cards: 0.1 ms]
      [Humongous Register: 1.7 ms]
      [Humongous Reclaim: 0.1 ms]
      [Free CSet: 0.4 ms]
   [Eden: 46.0M(46.0M)->0.0B(45.0M) Survivors: 5120.0K->6144.0K Heap: 282.9M(1024.0M)->238.4M(1024.0M)]
 [Times: user=0.05 sys=0.09, real=0.08 secs] 
2019-11-28T12:21:29.760+0800: 3778.342: [GC pause (G1 Evacuation Pause) (young), 0.0814692 secs]
   [Parallel Time: 77.7 ms, GC Workers: 4]
      [GC Worker Start (ms): Min: 3778344.7, Avg: 3778344.8, Max: 3778344.8, Diff: 0.1]
      [Ext Root Scanning (ms): Min: 7.8, Avg: 10.2, Max: 11.0, Diff: 3.2, Sum: 40.9]
      [Update RS (ms): Min: 7.8, Avg: 21.2, Max: 36.6, Diff: 28.7, Sum: 84.8]
         [Processed Buffers: Min: 1, Avg: 8.8, Max: 17, Diff: 16, Sum: 35]
      [Scan RS (ms): Min: 13.3, Avg: 26.2, Max: 38.9, Diff: 25.6, Sum: 104.6]
      [Code Root Scanning (ms): Min: 0.0, Avg: 0.0, Max: 0.0, Diff: 0.0, Sum: 0.0]
      [Object Copy (ms): Min: 19.3, Avg: 19.8, Max: 20.5, Diff: 1.2, Sum: 79.3]
      [Termination (ms): Min: 0.0, Avg: 0.0, Max: 0.1, Diff: 0.1, Sum: 0.2]
         [Termination Attempts: Min: 1, Avg: 1.5, Max: 2, Diff: 1, Sum: 6]
      [GC Worker Other (ms): Min: 0.0, Avg: 0.0, Max: 0.0, Diff: 0.0, Sum: 0.2]
      [GC Worker Total (ms): Min: 77.4, Avg: 77.5, Max: 77.6, Diff: 0.2, Sum: 310.0]
      [GC Worker End (ms): Min: 3778422.3, Avg: 3778422.3, Max: 3778422.3, Diff: 0.0]
   [Code Root Fixup: 0.0 ms]
   [Code Root Purge: 0.0 ms]
   [Clear CT: 0.1 ms]
   [Other: 3.7 ms]
      [Choose CSet: 0.0 ms]
      [Ref Proc: 0.2 ms]
      [Ref Enq: 0.0 ms]
      [Redirty Cards: 0.1 ms]
      [Humongous Register: 1.9 ms]
      [Humongous Reclaim: 0.0 ms]
      [Free CSet: 0.4 ms]
   [Eden: 45.0M(45.0M)->0.0B(46.0M) Survivors: 6144.0K->5120.0K Heap: 283.4M(1024.0M)->238.8M(1024.0M)]
 [Times: user=0.06 sys=0.09, real=0.08 secs] 
2019-11-28T12:22:14.871+0800: 3823.452: [GC pause (G1 Evacuation Pause) (young), 0.1832436 secs]
   [Parallel Time: 163.5 ms, GC Workers: 4]
      [GC Worker Start (ms): Min: 3823458.3, Avg: 3823458.4, Max: 3823458.6, Diff: 0.2]
      [Ext Root Scanning (ms): Min: 8.8, Avg: 11.4, Max: 18.3, Diff: 9.6, Sum: 45.4]
      [Update RS (ms): Min: 23.1, Avg: 29.5, Max: 46.1, Diff: 23.0, Sum: 118.1]
         [Processed Buffers: Min: 3, Avg: 9.0, Max: 14, Diff: 11, Sum: 36]
      [Scan RS (ms): Min: 55.0, Avg: 79.7, Max: 94.7, Diff: 39.8, Sum: 319.0]
      [Code Root Scanning (ms): Min: 0.0, Avg: 0.0, Max: 0.0, Diff: 0.0, Sum: 0.0]
      [Object Copy (ms): Min: 25.7, Avg: 34.3, Max: 44.7, Diff: 19.0, Sum: 137.1]
      [Termination (ms): Min: 0.0, Avg: 7.8, Max: 10.6, Diff: 10.6, Sum: 31.1]
         [Termination Attempts: Min: 1, Avg: 1.0, Max: 1, Diff: 0, Sum: 4]
      [GC Worker Other (ms): Min: 0.1, Avg: 0.1, Max: 0.1, Diff: 0.0, Sum: 0.3]
      [GC Worker Total (ms): Min: 161.8, Avg: 162.8, Max: 163.3, Diff: 1.5, Sum: 651.1]
      [GC Worker End (ms): Min: 3823620.4, Avg: 3823621.2, Max: 3823621.7, Diff: 1.3]
   [Code Root Fixup: 0.0 ms]
   [Code Root Purge: 0.0 ms]
   [Clear CT: 0.1 ms]
   [Other: 19.6 ms]
      [Choose CSet: 0.0 ms]
      [Ref Proc: 11.9 ms]
      [Ref Enq: 0.0 ms]
      [Redirty Cards: 0.1 ms]
      [Humongous Register: 4.4 ms]
      [Humongous Reclaim: 0.0 ms]
      [Free CSet: 0.9 ms]
   [Eden: 46.0M(46.0M)->0.0B(46.0M) Survivors: 5120.0K->5120.0K Heap: 284.8M(1024.0M)->238.3M(1024.0M)]
 [Times: user=0.04 sys=0.08, real=0.22 secs] 
2019-11-28T12:23:02.257+0800: 3870.836: [GC pause (G1 Evacuation Pause) (young), 0.0996219 secs]
   [Parallel Time: 89.8 ms, GC Workers: 4]
      [GC Worker Start (ms): Min: 3870845.5, Avg: 3870848.6, Max: 3870853.5, Diff: 7.9]
      [Ext Root Scanning (ms): Min: 18.7, Avg: 29.3, Max: 46.7, Diff: 28.0, Sum: 117.3]
      [Update RS (ms): Min: 1.7, Avg: 15.9, Max: 24.6, Diff: 22.9, Sum: 63.5]
         [Processed Buffers: Min: 2, Avg: 10.2, Max: 28, Diff: 26, Sum: 41]
      [Scan RS (ms): Min: 17.0, Avg: 17.1, Max: 17.2, Diff: 0.2, Sum: 68.5]
      [Code Root Scanning (ms): Min: 0.0, Avg: 0.0, Max: 0.0, Diff: 0.0, Sum: 0.0]
      [Object Copy (ms): Min: 23.5, Avg: 23.5, Max: 23.6, Diff: 0.1, Sum: 94.1]
      [Termination (ms): Min: 0.0, Avg: 0.1, Max: 0.1, Diff: 0.1, Sum: 0.3]
         [Termination Attempts: Min: 1, Avg: 1.0, Max: 1, Diff: 0, Sum: 4]
      [GC Worker Other (ms): Min: 0.0, Avg: 0.1, Max: 0.1, Diff: 0.0, Sum: 0.3]
      [GC Worker Total (ms): Min: 81.1, Avg: 86.0, Max: 89.1, Diff: 8.0, Sum: 343.9]
      [GC Worker End (ms): Min: 3870934.6, Avg: 3870934.6, Max: 3870934.6, Diff: 0.0]
   [Code Root Fixup: 0.0 ms]
   [Code Root Purge: 0.0 ms]
   [Clear CT: 0.1 ms]
   [Other: 9.8 ms]
      [Choose CSet: 0.0 ms]
      [Ref Proc: 0.3 ms]
      [Ref Enq: 0.0 ms]
      [Redirty Cards: 0.0 ms]
      [Humongous Register: 7.6 ms]
      [Humongous Reclaim: 0.0 ms]
      [Free CSet: 0.4 ms]
   [Eden: 46.0M(46.0M)->0.0B(46.0M) Survivors: 5120.0K->5120.0K Heap: 284.3M(1024.0M)->238.3M(1024.0M)]
 [Times: user=0.04 sys=0.10, real=0.10 secs] 
2019-11-28T12:23:47.874+0800: 3916.452: [GC pause (G1 Evacuation Pause) (young), 0.0496355 secs]
   [Parallel Time: 45.9 ms, GC Workers: 4]
      [GC Worker Start (ms): Min: 3916454.6, Avg: 3916454.7, Max: 3916454.9, Diff: 0.3]
      [Ext Root Scanning (ms): Min: 4.4, Avg: 6.1, Max: 10.6, Diff: 6.3, Sum: 24.3]
      [Update RS (ms): Min: 4.5, Avg: 8.7, Max: 10.6, Diff: 6.1, Sum: 34.9]
         [Processed Buffers: Min: 1, Avg: 9.8, Max: 16, Diff: 15, Sum: 39]
      [Scan RS (ms): Min: 13.3, Avg: 13.4, Max: 13.5, Diff: 0.2, Sum: 53.6]
      [Code Root Scanning (ms): Min: 0.0, Avg: 0.0, Max: 0.0, Diff: 0.0, Sum: 0.0]
      [Object Copy (ms): Min: 17.0, Avg: 17.3, Max: 17.9, Diff: 0.9, Sum: 69.2]
      [Termination (ms): Min: 0.0, Avg: 0.0, Max: 0.0, Diff: 0.0, Sum: 0.0]
         [Termination Attempts: Min: 1, Avg: 1.0, Max: 1, Diff: 0, Sum: 4]
      [GC Worker Other (ms): Min: 0.0, Avg: 0.1, Max: 0.2, Diff: 0.1, Sum: 0.3]
      [GC Worker Total (ms): Min: 45.4, Avg: 45.6, Max: 45.7, Diff: 0.3, Sum: 182.3]
      [GC Worker End (ms): Min: 3916500.3, Avg: 3916500.3, Max: 3916500.3, Diff: 0.0]
   [Code Root Fixup: 0.0 ms]
   [Code Root Purge: 0.0 ms]
   [Clear CT: 0.1 ms]
   [Other: 3.6 ms]
      [Choose CSet: 0.0 ms]
      [Ref Proc: 0.1 ms]
      [Ref Enq: 0.0 ms]
      [Redirty Cards: 0.1 ms]
      [Humongous Register: 2.2 ms]
      [Humongous Reclaim: 0.0 ms]
      [Free CSet: 0.4 ms]
   [Eden: 46.0M(46.0M)->0.0B(45.0M) Survivors: 5120.0K->6144.0K Heap: 284.3M(1024.0M)->239.8M(1024.0M)]
 [Times: user=0.05 sys=0.10, real=0.05 secs] 
2019-11-28T12:24:31.948+0800: 3960.525: [GC pause (G1 Evacuation Pause) (young), 0.0551794 secs]
   [Parallel Time: 51.6 ms, GC Workers: 4]
      [GC Worker Start (ms): Min: 3960527.3, Avg: 3960527.4, Max: 3960527.5, Diff: 0.1]
      [Ext Root Scanning (ms): Min: 3.6, Avg: 4.9, Max: 8.9, Diff: 5.4, Sum: 19.7]
      [Update RS (ms): Min: 4.2, Avg: 8.0, Max: 9.3, Diff: 5.2, Sum: 32.0]
         [Processed Buffers: Min: 1, Avg: 9.5, Max: 14, Diff: 13, Sum: 38]
      [Scan RS (ms): Min: 16.6, Avg: 16.8, Max: 17.1, Diff: 0.5, Sum: 67.4]
      [Code Root Scanning (ms): Min: 0.0, Avg: 0.0, Max: 0.0, Diff: 0.0, Sum: 0.0]
      [Object Copy (ms): Min: 21.2, Avg: 21.4, Max: 21.6, Diff: 0.3, Sum: 85.6]
      [Termination (ms): Min: 0.0, Avg: 0.1, Max: 0.2, Diff: 0.2, Sum: 0.4]
         [Termination Attempts: Min: 1, Avg: 1.0, Max: 1, Diff: 0, Sum: 4]
      [GC Worker Other (ms): Min: 0.0, Avg: 0.0, Max: 0.1, Diff: 0.0, Sum: 0.2]
      [GC Worker Total (ms): Min: 51.2, Avg: 51.3, Max: 51.3, Diff: 0.1, Sum: 205.2]
      [GC Worker End (ms): Min: 3960578.6, Avg: 3960578.7, Max: 3960578.8, Diff: 0.1]
   [Code Root Fixup: 0.0 ms]
   [Code Root Purge: 0.0 ms]
   [Clear CT: 0.1 ms]
   [Other: 3.6 ms]
      [Choose CSet: 0.0 ms]
      [Ref Proc: 0.3 ms]
      [Ref Enq: 0.0 ms]
      [Redirty Cards: 0.1 ms]
      [Humongous Register: 1.8 ms]
      [Humongous Reclaim: 0.0 ms]
      [Free CSet: 0.4 ms]
   [Eden: 45.0M(45.0M)->0.0B(46.0M) Survivors: 6144.0K->5120.0K Heap: 284.8M(1024.0M)->239.3M(1024.0M)]
 [Times: user=0.05 sys=0.09, real=0.06 secs] 
2019-11-28T12:25:16.420+0800: 4004.996: [GC pause (G1 Evacuation Pause) (young), 0.2041335 secs]
   [Parallel Time: 89.5 ms, GC Workers: 4]
      [GC Worker Start (ms): Min: 4005110.8, Avg: 4005111.0, Max: 4005111.1, Diff: 0.4]
      [Ext Root Scanning (ms): Min: 10.8, Avg: 12.8, Max: 17.9, Diff: 7.1, Sum: 51.1]
      [Update RS (ms): Min: 19.6, Avg: 24.6, Max: 29.9, Diff: 10.2, Sum: 98.4]
         [Processed Buffers: Min: 0, Avg: 10.2, Max: 35, Diff: 35, Sum: 41]
      [Scan RS (ms): Min: 6.7, Avg: 14.6, Max: 19.1, Diff: 12.4, Sum: 58.3]
      [Code Root Scanning (ms): Min: 0.0, Avg: 0.0, Max: 0.1, Diff: 0.1, Sum: 0.1]
      [Object Copy (ms): Min: 33.5, Avg: 35.7, Max: 37.9, Diff: 4.4, Sum: 142.9]
      [Termination (ms): Min: 0.0, Avg: 0.0, Max: 0.0, Diff: 0.0, Sum: 0.1]
         [Termination Attempts: Min: 1, Avg: 1.0, Max: 1, Diff: 0, Sum: 4]
      [GC Worker Other (ms): Min: 0.0, Avg: 0.1, Max: 0.2, Diff: 0.1, Sum: 0.3]
      [GC Worker Total (ms): Min: 87.7, Avg: 87.8, Max: 88.0, Diff: 0.4, Sum: 351.3]
      [GC Worker End (ms): Min: 4005198.8, Avg: 4005198.8, Max: 4005198.8, Diff: 0.0]
   [Code Root Fixup: 0.0 ms]
   [Code Root Purge: 0.0 ms]
   [Clear CT: 0.1 ms]
   [Other: 114.5 ms]
      [Choose CSet: 0.1 ms]
      [Ref Proc: 0.2 ms]
      [Ref Enq: 0.0 ms]
      [Redirty Cards: 0.1 ms]
      [Humongous Register: 98.7 ms]
      [Humongous Reclaim: 0.0 ms]
      [Free CSet: 0.2 ms]
   [Eden: 46.0M(46.0M)->0.0B(45.0M) Survivors: 5120.0K->6144.0K Heap: 285.3M(1024.0M)->240.3M(1024.0M)]
 [Times: user=0.05 sys=0.08, real=0.20 secs] 
2019-11-28T12:26:00.171+0800: 4048.746: [GC pause (G1 Evacuation Pause) (young), 0.0134047 secs]
   [Parallel Time: 12.7 ms, GC Workers: 4]
      [GC Worker Start (ms): Min: 4048745.8, Avg: 4048745.9, Max: 4048745.9, Diff: 0.1]
      [Ext Root Scanning (ms): Min: 0.8, Avg: 0.9, Max: 0.9, Diff: 0.1, Sum: 3.4]
      [Update RS (ms): Min: 1.3, Avg: 1.4, Max: 1.5, Diff: 0.2, Sum: 5.6]
         [Processed Buffers: Min: 2, Avg: 9.5, Max: 17, Diff: 15, Sum: 38]
      [Scan RS (ms): Min: 0.4, Avg: 0.5, Max: 0.6, Diff: 0.1, Sum: 2.1]
      [Code Root Scanning (ms): Min: 0.0, Avg: 0.0, Max: 0.0, Diff: 0.0, Sum: 0.0]
      [Object Copy (ms): Min: 9.8, Avg: 9.8, Max: 9.8, Diff: 0.1, Sum: 39.2]
      [Termination (ms): Min: 0.0, Avg: 0.0, Max: 0.0, Diff: 0.0, Sum: 0.0]
         [Termination Attempts: Min: 1, Avg: 2.5, Max: 4, Diff: 3, Sum: 10]
      [GC Worker Other (ms): Min: 0.0, Avg: 0.0, Max: 0.0, Diff: 0.0, Sum: 0.1]
      [GC Worker Total (ms): Min: 12.6, Avg: 12.6, Max: 12.7, Diff: 0.1, Sum: 50.5]
      [GC Worker End (ms): Min: 4048758.5, Avg: 4048758.5, Max: 4048758.5, Diff: 0.0]
   [Code Root Fixup: 0.0 ms]
   [Code Root Purge: 0.0 ms]
   [Clear CT: 0.1 ms]
   [Other: 0.6 ms]
      [Choose CSet: 0.0 ms]
      [Ref Proc: 0.1 ms]
      [Ref Enq: 0.0 ms]
      [Redirty Cards: 0.1 ms]
      [Humongous Register: 0.1 ms]
      [Humongous Reclaim: 0.0 ms]
      [Free CSet: 0.1 ms]
   [Eden: 45.0M(45.0M)->0.0B(45.0M) Survivors: 6144.0K->6144.0K Heap: 285.3M(1024.0M)->241.3M(1024.0M)]
 [Times: user=0.04 sys=0.00, real=0.01 secs] 
2019-11-28T12:26:42.817+0800: 4091.389: [GC pause (G1 Evacuation Pause) (young), 0.0159438 secs]
   [Parallel Time: 15.4 ms, GC Workers: 4]
      [GC Worker Start (ms): Min: 4091389.6, Avg: 4091389.6, Max: 4091389.6, Diff: 0.1]
      [Ext Root Scanning (ms): Min: 0.7, Avg: 0.7, Max: 0.7, Diff: 0.1, Sum: 2.8]
      [Update RS (ms): Min: 1.7, Avg: 1.7, Max: 1.9, Diff: 0.2, Sum: 6.9]
         [Processed Buffers: Min: 2, Avg: 7.5, Max: 13, Diff: 11, Sum: 30]
      [Scan RS (ms): Min: 0.7, Avg: 0.8, Max: 0.8, Diff: 0.2, Sum: 3.1]
      [Code Root Scanning (ms): Min: 0.0, Avg: 0.0, Max: 0.0, Diff: 0.0, Sum: 0.0]
      [Object Copy (ms): Min: 11.8, Avg: 12.0, Max: 12.0, Diff: 0.2, Sum: 47.8]
      [Termination (ms): Min: 0.0, Avg: 0.1, Max: 0.3, Diff: 0.3, Sum: 0.3]
         [Termination Attempts: Min: 1, Avg: 1.0, Max: 1, Diff: 0, Sum: 4]
      [GC Worker Other (ms): Min: 0.0, Avg: 0.0, Max: 0.0, Diff: 0.0, Sum: 0.1]
      [GC Worker Total (ms): Min: 15.2, Avg: 15.3, Max: 15.3, Diff: 0.1, Sum: 61.1]
      [GC Worker End (ms): Min: 4091404.9, Avg: 4091404.9, Max: 4091404.9, Diff: 0.0]
   [Code Root Fixup: 0.0 ms]
   [Code Root Purge: 0.0 ms]
   [Clear CT: 0.0 ms]
   [Other: 0.5 ms]
      [Choose CSet: 0.0 ms]
      [Ref Proc: 0.1 ms]
      [Ref Enq: 0.0 ms]
      [Redirty Cards: 0.1 ms]
      [Humongous Register: 0.0 ms]
      [Humongous Reclaim: 0.0 ms]
      [Free CSet: 0.0 ms]
   [Eden: 45.0M(45.0M)->0.0B(44.0M) Survivors: 6144.0K->7168.0K Heap: 286.3M(1024.0M)->244.4M(1024.0M)]
 [Times: user=0.05 sys=0.01, real=0.02 secs] 
2019-11-28T12:27:24.834+0800: 4133.406: [GC pause (G1 Evacuation Pause) (young), 0.0162510 secs]
   [Parallel Time: 15.6 ms, GC Workers: 4]
      [GC Worker Start (ms): Min: 4133405.9, Avg: 4133406.0, Max: 4133406.0, Diff: 0.1]
      [Ext Root Scanning (ms): Min: 1.4, Avg: 3.0, Max: 4.6, Diff: 3.2, Sum: 12.0]
      [Update RS (ms): Min: 0.0, Avg: 0.5, Max: 1.4, Diff: 1.4, Sum: 2.1]
         [Processed Buffers: Min: 0, Avg: 7.8, Max: 17, Diff: 17, Sum: 31]
      [Scan RS (ms): Min: 0.8, Avg: 1.9, Max: 2.8, Diff: 2.0, Sum: 7.7]
      [Code Root Scanning (ms): Min: 0.0, Avg: 0.0, Max: 0.0, Diff: 0.0, Sum: 0.0]
      [Object Copy (ms): Min: 9.9, Avg: 9.9, Max: 10.0, Diff: 0.1, Sum: 39.8]
      [Termination (ms): Min: 0.0, Avg: 0.0, Max: 0.0, Diff: 0.0, Sum: 0.0]
         [Termination Attempts: Min: 1, Avg: 1.0, Max: 1, Diff: 0, Sum: 4]
      [GC Worker Other (ms): Min: 0.0, Avg: 0.0, Max: 0.1, Diff: 0.0, Sum: 0.1]
      [GC Worker Total (ms): Min: 15.4, Avg: 15.4, Max: 15.5, Diff: 0.1, Sum: 61.7]
      [GC Worker End (ms): Min: 4133421.4, Avg: 4133421.4, Max: 4133421.4, Diff: 0.0]
   [Code Root Fixup: 0.0 ms]
   [Code Root Purge: 0.0 ms]
   [Clear CT: 0.1 ms]
   [Other: 0.6 ms]
      [Choose CSet: 0.0 ms]
      [Ref Proc: 0.3 ms]
      [Ref Enq: 0.0 ms]
      [Redirty Cards: 0.1 ms]
      [Humongous Register: 0.0 ms]
      [Humongous Reclaim: 0.0 ms]
      [Free CSet: 0.0 ms]
   [Eden: 44.0M(44.0M)->0.0B(45.0M) Survivors: 7168.0K->6144.0K Heap: 288.4M(1024.0M)->245.0M(1024.0M)]
 [Times: user=0.05 sys=0.01, real=0.02 secs] 
2019-11-28T12:28:07.586+0800: 4176.156: [GC pause (G1 Evacuation Pause) (young), 0.0199786 secs]
   [Parallel Time: 19.3 ms, GC Workers: 4]
      [GC Worker Start (ms): Min: 4176156.5, Avg: 4176156.8, Max: 4176157.1, Diff: 0.6]
      [Ext Root Scanning (ms): Min: 0.3, Avg: 1.6, Max: 3.3, Diff: 2.9, Sum: 6.2]
      [Update RS (ms): Min: 0.0, Avg: 1.7, Max: 3.7, Diff: 3.7, Sum: 7.0]
         [Processed Buffers: Min: 0, Avg: 8.5, Max: 17, Diff: 17, Sum: 34]
      [Scan RS (ms): Min: 1.3, Avg: 1.8, Max: 2.4, Diff: 1.1, Sum: 7.1]
      [Code Root Scanning (ms): Min: 0.0, Avg: 0.0, Max: 0.0, Diff: 0.0, Sum: 0.0]
      [Object Copy (ms): Min: 12.2, Avg: 13.3, Max: 15.8, Diff: 3.6, Sum: 53.4]
      [Termination (ms): Min: 0.0, Avg: 0.0, Max: 0.0, Diff: 0.0, Sum: 0.0]
         [Termination Attempts: Min: 1, Avg: 1.2, Max: 2, Diff: 1, Sum: 5]
      [GC Worker Other (ms): Min: 0.0, Avg: 0.0, Max: 0.0, Diff: 0.0, Sum: 0.1]
      [GC Worker Total (ms): Min: 18.2, Avg: 18.5, Max: 18.8, Diff: 0.6, Sum: 73.8]
      [GC Worker End (ms): Min: 4176175.2, Avg: 4176175.2, Max: 4176175.2, Diff: 0.0]
   [Code Root Fixup: 0.0 ms]
   [Code Root Purge: 0.0 ms]
   [Clear CT: 0.1 ms]
   [Other: 0.6 ms]
      [Choose CSet: 0.0 ms]
      [Ref Proc: 0.2 ms]
      [Ref Enq: 0.0 ms]
      [Redirty Cards: 0.1 ms]
      [Humongous Register: 0.0 ms]
      [Humongous Reclaim: 0.0 ms]
      [Free CSet: 0.0 ms]
   [Eden: 45.0M(45.0M)->0.0B(46.0M) Survivors: 6144.0K->5120.0K Heap: 290.0M(1024.0M)->245.9M(1024.0M)]
 [Times: user=0.05 sys=0.01, real=0.02 secs] 
2019-11-28T12:28:51.658+0800: 4220.227: [GC pause (G1 Evacuation Pause) (young), 0.0140830 secs]
   [Parallel Time: 13.4 ms, GC Workers: 4]
      [GC Worker Start (ms): Min: 4220227.1, Avg: 4220227.1, Max: 4220227.2, Diff: 0.1]
      [Ext Root Scanning (ms): Min: 0.9, Avg: 1.2, Max: 1.7, Diff: 0.8, Sum: 4.9]
      [Update RS (ms): Min: 1.1, Avg: 1.4, Max: 1.6, Diff: 0.6, Sum: 5.7]
         [Processed Buffers: Min: 4, Avg: 9.5, Max: 15, Diff: 11, Sum: 38]
      [Scan RS (ms): Min: 1.4, Avg: 1.5, Max: 1.5, Diff: 0.1, Sum: 5.9]
      [Code Root Scanning (ms): Min: 0.0, Avg: 0.0, Max: 0.0, Diff: 0.0, Sum: 0.0]
      [Object Copy (ms): Min: 9.0, Avg: 9.2, Max: 9.3, Diff: 0.3, Sum: 36.6]
      [Termination (ms): Min: 0.0, Avg: 0.0, Max: 0.0, Diff: 0.0, Sum: 0.0]
         [Termination Attempts: Min: 1, Avg: 1.0, Max: 1, Diff: 0, Sum: 4]
      [GC Worker Other (ms): Min: 0.0, Avg: 0.0, Max: 0.0, Diff: 0.0, Sum: 0.1]
      [GC Worker Total (ms): Min: 13.2, Avg: 13.3, Max: 13.3, Diff: 0.1, Sum: 53.2]
      [GC Worker End (ms): Min: 4220240.4, Avg: 4220240.4, Max: 4220240.4, Diff: 0.0]
   [Code Root Fixup: 0.0 ms]
   [Code Root Purge: 0.0 ms]
   [Clear CT: 0.1 ms]
   [Other: 0.6 ms]
      [Choose CSet: 0.0 ms]
      [Ref Proc: 0.3 ms]
      [Ref Enq: 0.0 ms]
      [Redirty Cards: 0.1 ms]
      [Humongous Register: 0.0 ms]
      [Humongous Reclaim: 0.0 ms]
      [Free CSet: 0.0 ms]
   [Eden: 46.0M(46.0M)->0.0B(45.0M) Survivors: 5120.0K->6144.0K Heap: 291.9M(1024.0M)->247.4M(1024.0M)]
 [Times: user=0.05 sys=0.01, real=0.02 secs] 
2019-11-28T12:29:34.510+0800: 4263.077: [GC pause (G1 Evacuation Pause) (young), 0.0208780 secs]
   [Parallel Time: 18.9 ms, GC Workers: 4]
      [GC Worker Start (ms): Min: 4263077.9, Avg: 4263078.0, Max: 4263078.0, Diff: 0.0]
      [Ext Root Scanning (ms): Min: 0.9, Avg: 1.0, Max: 1.0, Diff: 0.1, Sum: 3.8]
      [Update RS (ms): Min: 0.0, Avg: 1.6, Max: 2.9, Diff: 2.9, Sum: 6.4]
         [Processed Buffers: Min: 0, Avg: 8.8, Max: 15, Diff: 15, Sum: 35]
      [Scan RS (ms): Min: 2.0, Avg: 2.9, Max: 4.6, Diff: 2.6, Sum: 11.4]
      [Code Root Scanning (ms): Min: 0.0, Avg: 0.0, Max: 0.0, Diff: 0.0, Sum: 0.0]
      [Object Copy (ms): Min: 11.5, Avg: 13.3, Max: 15.8, Diff: 4.2, Sum: 53.2]
      [Termination (ms): Min: 0.0, Avg: 0.1, Max: 0.1, Diff: 0.1, Sum: 0.3]
         [Termination Attempts: Min: 1, Avg: 4.2, Max: 8, Diff: 7, Sum: 17]
      [GC Worker Other (ms): Min: 0.0, Avg: 0.0, Max: 0.0, Diff: 0.0, Sum: 0.1]
      [GC Worker Total (ms): Min: 18.8, Avg: 18.8, Max: 18.9, Diff: 0.1, Sum: 75.3]
      [GC Worker End (ms): Min: 4263096.8, Avg: 4263096.8, Max: 4263096.8, Diff: 0.0]
   [Code Root Fixup: 0.0 ms]
   [Code Root Purge: 0.0 ms]
   [Clear CT: 0.6 ms]
   [Other: 1.4 ms]
      [Choose CSet: 0.0 ms]
      [Ref Proc: 0.5 ms]
      [Ref Enq: 0.0 ms]
      [Redirty Cards: 0.1 ms]
      [Humongous Register: 0.3 ms]
      [Humongous Reclaim: 0.0 ms]
      [Free CSet: 0.1 ms]
   [Eden: 45.0M(45.0M)->0.0B(44.0M) Survivors: 6144.0K->7168.0K Heap: 292.4M(1024.0M)->249.0M(1024.0M)]
 [Times: user=0.05 sys=0.00, real=0.02 secs] 
2019-11-28T12:30:16.609+0800: 4305.176: [GC pause (G1 Evacuation Pause) (young), 0.0158731 secs]
   [Parallel Time: 15.2 ms, GC Workers: 4]
      [GC Worker Start (ms): Min: 4305176.1, Avg: 4305176.2, Max: 4305176.2, Diff: 0.2]
      [Ext Root Scanning (ms): Min: 0.8, Avg: 0.9, Max: 0.9, Diff: 0.1, Sum: 3.4]
      [Update RS (ms): Min: 2.0, Avg: 2.0, Max: 2.1, Diff: 0.1, Sum: 8.1]
         [Processed Buffers: Min: 3, Avg: 9.0, Max: 16, Diff: 13, Sum: 36]
      [Scan RS (ms): Min: 1.3, Avg: 1.4, Max: 1.5, Diff: 0.2, Sum: 5.5]
      [Code Root Scanning (ms): Min: 0.0, Avg: 0.0, Max: 0.0, Diff: 0.0, Sum: 0.0]
      [Object Copy (ms): Min: 10.7, Avg: 10.8, Max: 10.8, Diff: 0.1, Sum: 43.1]
      [Termination (ms): Min: 0.0, Avg: 0.0, Max: 0.0, Diff: 0.0, Sum: 0.0]
         [Termination Attempts: Min: 1, Avg: 1.0, Max: 1, Diff: 0, Sum: 4]
      [GC Worker Other (ms): Min: 0.0, Avg: 0.0, Max: 0.0, Diff: 0.0, Sum: 0.1]
      [GC Worker Total (ms): Min: 15.0, Avg: 15.1, Max: 15.2, Diff: 0.2, Sum: 60.3]
      [GC Worker End (ms): Min: 4305191.2, Avg: 4305191.2, Max: 4305191.2, Diff: 0.0]
   [Code Root Fixup: 0.0 ms]
   [Code Root Purge: 0.0 ms]
   [Clear CT: 0.1 ms]
   [Other: 0.6 ms]
      [Choose CSet: 0.0 ms]
      [Ref Proc: 0.1 ms]
      [Ref Enq: 0.0 ms]
      [Redirty Cards: 0.1 ms]
      [Humongous Register: 0.1 ms]
      [Humongous Reclaim: 0.0 ms]
      [Free CSet: 0.0 ms]
   [Eden: 44.0M(44.0M)->0.0B(46.0M) Survivors: 7168.0K->5120.0K Heap: 293.0M(1024.0M)->250.4M(1024.0M)]
 [Times: user=0.06 sys=0.00, real=0.02 secs] 
2019-11-28T12:31:00.380+0800: 4348.945: [GC pause (G1 Evacuation Pause) (young), 0.0131423 secs]
   [Parallel Time: 12.5 ms, GC Workers: 4]
      [GC Worker Start (ms): Min: 4348944.8, Avg: 4348944.8, Max: 4348944.8, Diff: 0.0]
      [Ext Root Scanning (ms): Min: 0.4, Avg: 0.5, Max: 0.5, Diff: 0.1, Sum: 1.9]
      [Update RS (ms): Min: 1.4, Avg: 1.5, Max: 1.6, Diff: 0.3, Sum: 6.0]
         [Processed Buffers: Min: 2, Avg: 8.8, Max: 16, Diff: 14, Sum: 35]
      [Scan RS (ms): Min: 1.6, Avg: 2.0, Max: 2.8, Diff: 1.1, Sum: 8.1]
      [Code Root Scanning (ms): Min: 0.0, Avg: 0.0, Max: 0.0, Diff: 0.0, Sum: 0.0]
      [Object Copy (ms): Min: 7.7, Avg: 8.3, Max: 8.6, Diff: 0.9, Sum: 33.4]
      [Termination (ms): Min: 0.0, Avg: 0.0, Max: 0.0, Diff: 0.0, Sum: 0.0]
         [Termination Attempts: Min: 1, Avg: 4.0, Max: 9, Diff: 8, Sum: 16]
      [GC Worker Other (ms): Min: 0.0, Avg: 0.0, Max: 0.1, Diff: 0.1, Sum: 0.2]
      [GC Worker Total (ms): Min: 12.3, Avg: 12.4, Max: 12.5, Diff: 0.1, Sum: 49.5]
      [GC Worker End (ms): Min: 4348957.2, Avg: 4348957.2, Max: 4348957.3, Diff: 0.1]
   [Code Root Fixup: 0.0 ms]
   [Code Root Purge: 0.0 ms]
   [Clear CT: 0.1 ms]
   [Other: 0.6 ms]
      [Choose CSet: 0.0 ms]
      [Ref Proc: 0.2 ms]
      [Ref Enq: 0.0 ms]
      [Redirty Cards: 0.1 ms]
      [Humongous Register: 0.0 ms]
      [Humongous Reclaim: 0.0 ms]
      [Free CSet: 0.0 ms]
   [Eden: 46.0M(46.0M)->0.0B(46.0M) Survivors: 5120.0K->5120.0K Heap: 296.4M(1024.0M)->252.4M(1024.0M)]
 [Times: user=0.05 sys=0.00, real=0.01 secs] 
2019-11-28T12:31:44.898+0800: 4393.461: [GC pause (G1 Evacuation Pause) (young), 0.0133570 secs]
   [Parallel Time: 12.7 ms, GC Workers: 4]
      [GC Worker Start (ms): Min: 4393461.6, Avg: 4393461.6, Max: 4393461.6, Diff: 0.0]
      [Ext Root Scanning (ms): Min: 0.5, Avg: 0.8, Max: 1.7, Diff: 1.2, Sum: 3.4]
      [Update RS (ms): Min: 0.8, Avg: 1.7, Max: 2.2, Diff: 1.4, Sum: 7.0]
         [Processed Buffers: Min: 3, Avg: 9.2, Max: 17, Diff: 14, Sum: 37]
      [Scan RS (ms): Min: 1.3, Avg: 1.5, Max: 1.6, Diff: 0.4, Sum: 6.0]
      [Code Root Scanning (ms): Min: 0.0, Avg: 0.0, Max: 0.0, Diff: 0.0, Sum: 0.0]
      [Object Copy (ms): Min: 8.5, Avg: 8.5, Max: 8.5, Diff: 0.0, Sum: 33.9]
      [Termination (ms): Min: 0.0, Avg: 0.0, Max: 0.0, Diff: 0.0, Sum: 0.0]
         [Termination Attempts: Min: 1, Avg: 1.0, Max: 1, Diff: 0, Sum: 4]
      [GC Worker Other (ms): Min: 0.0, Avg: 0.0, Max: 0.1, Diff: 0.1, Sum: 0.1]
      [GC Worker Total (ms): Min: 12.6, Avg: 12.6, Max: 12.6, Diff: 0.0, Sum: 50.4]
      [GC Worker End (ms): Min: 4393474.2, Avg: 4393474.2, Max: 4393474.2, Diff: 0.0]
   [Code Root Fixup: 0.0 ms]
   [Code Root Purge: 0.0 ms]
   [Clear CT: 0.1 ms]
   [Other: 0.6 ms]
      [Choose CSet: 0.0 ms]
      [Ref Proc: 0.2 ms]
      [Ref Enq: 0.0 ms]
      [Redirty Cards: 0.1 ms]
      [Humongous Register: 0.1 ms]
      [Humongous Reclaim: 0.0 ms]
      [Free CSet: 0.0 ms]
   [Eden: 46.0M(46.0M)->0.0B(45.0M) Survivors: 5120.0K->6144.0K Heap: 298.4M(1024.0M)->253.4M(1024.0M)]
 [Times: user=0.05 sys=0.00, real=0.02 secs] 
2019-11-28T12:32:28.099+0800: 4436.661: [GC pause (G1 Evacuation Pause) (young), 0.0546303 secs]
   [Parallel Time: 52.7 ms, GC Workers: 4]
      [GC Worker Start (ms): Min: 4436661.6, Avg: 4436661.6, Max: 4436661.7, Diff: 0.1]
      [Ext Root Scanning (ms): Min: 0.5, Avg: 0.7, Max: 0.7, Diff: 0.2, Sum: 2.6]
      [Update RS (ms): Min: 0.2, Avg: 1.6, Max: 2.2, Diff: 2.0, Sum: 6.4]
         [Processed Buffers: Min: 1, Avg: 8.8, Max: 24, Diff: 23, Sum: 35]
      [Scan RS (ms): Min: 1.2, Avg: 1.5, Max: 1.8, Diff: 0.6, Sum: 6.1]
      [Code Root Scanning (ms): Min: 0.0, Avg: 0.0, Max: 0.0, Diff: 0.0, Sum: 0.0]
      [Object Copy (ms): Min: 22.2, Avg: 28.5, Max: 43.8, Diff: 21.6, Sum: 114.1]
      [Termination (ms): Min: 0.0, Avg: 16.8, Max: 25.4, Diff: 25.4, Sum: 67.0]
         [Termination Attempts: Min: 1, Avg: 1.2, Max: 2, Diff: 1, Sum: 5]
      [GC Worker Other (ms): Min: 0.0, Avg: 0.0, Max: 0.0, Diff: 0.0, Sum: 0.1]
      [GC Worker Total (ms): Min: 48.0, Avg: 49.1, Max: 52.2, Diff: 4.2, Sum: 196.3]
      [GC Worker End (ms): Min: 4436709.6, Avg: 4436710.7, Max: 4436713.9, Diff: 4.4]
   [Code Root Fixup: 0.0 ms]
   [Code Root Purge: 0.0 ms]
   [Clear CT: 0.2 ms]
   [Other: 1.7 ms]
      [Choose CSet: 0.0 ms]
      [Ref Proc: 0.7 ms]
      [Ref Enq: 0.0 ms]
      [Redirty Cards: 0.1 ms]
      [Humongous Register: 0.1 ms]
      [Humongous Reclaim: 0.1 ms]
      [Free CSet: 0.1 ms]
   [Eden: 45.0M(45.0M)->0.0B(44.0M) Survivors: 6144.0K->7168.0K Heap: 298.4M(1024.0M)->255.7M(1024.0M)]
 [Times: user=0.10 sys=0.01, real=0.08 secs] 
2019-11-28T12:33:10.648+0800: 4479.209: [GC pause (G1 Evacuation Pause) (young), 0.0289008 secs]
   [Parallel Time: 28.3 ms, GC Workers: 4]
      [GC Worker Start (ms): Min: 4479209.1, Avg: 4479209.3, Max: 4479209.4, Diff: 0.3]
      [Ext Root Scanning (ms): Min: 0.6, Avg: 0.8, Max: 1.0, Diff: 0.3, Sum: 3.2]
      [Update RS (ms): Min: 12.9, Avg: 13.0, Max: 13.0, Diff: 0.1, Sum: 51.9]
         [Processed Buffers: Min: 4, Avg: 9.5, Max: 15, Diff: 11, Sum: 38]
      [Scan RS (ms): Min: 2.4, Avg: 2.5, Max: 2.5, Diff: 0.2, Sum: 9.9]
      [Code Root Scanning (ms): Min: 0.0, Avg: 0.0, Max: 0.0, Diff: 0.0, Sum: 0.0]
      [Object Copy (ms): Min: 11.7, Avg: 11.8, Max: 11.9, Diff: 0.2, Sum: 47.3]
      [Termination (ms): Min: 0.0, Avg: 0.0, Max: 0.0, Diff: 0.0, Sum: 0.0]
         [Termination Attempts: Min: 1, Avg: 2.2, Max: 5, Diff: 4, Sum: 9]
      [GC Worker Other (ms): Min: 0.0, Avg: 0.0, Max: 0.0, Diff: 0.0, Sum: 0.1]
      [GC Worker Total (ms): Min: 28.0, Avg: 28.1, Max: 28.3, Diff: 0.3, Sum: 112.4]
      [GC Worker End (ms): Min: 4479237.4, Avg: 4479237.4, Max: 4479237.4, Diff: 0.0]
   [Code Root Fixup: 0.0 ms]
   [Code Root Purge: 0.0 ms]
   [Clear CT: 0.0 ms]
   [Other: 0.5 ms]
      [Choose CSet: 0.0 ms]
      [Ref Proc: 0.2 ms]
      [Ref Enq: 0.0 ms]
      [Redirty Cards: 0.1 ms]
      [Humongous Register: 0.0 ms]
      [Humongous Reclaim: 0.0 ms]
      [Free CSet: 0.0 ms]
   [Eden: 44.0M(44.0M)->0.0B(45.0M) Survivors: 7168.0K->6144.0K Heap: 299.7M(1024.0M)->257.1M(1024.0M)]
 [Times: user=0.07 sys=0.00, real=0.03 secs] 
2019-11-28T12:33:54.067+0800: 4522.627: [GC pause (G1 Evacuation Pause) (young), 0.0182310 secs]
   [Parallel Time: 14.9 ms, GC Workers: 4]
      [GC Worker Start (ms): Min: 4522629.7, Avg: 4522629.7, Max: 4522629.8, Diff: 0.0]
      [Ext Root Scanning (ms): Min: 0.6, Avg: 1.0, Max: 1.9, Diff: 1.3, Sum: 3.9]
      [Update RS (ms): Min: 2.0, Avg: 2.4, Max: 2.5, Diff: 0.6, Sum: 9.4]
         [Processed Buffers: Min: 2, Avg: 9.2, Max: 17, Diff: 15, Sum: 37]
      [Scan RS (ms): Min: 1.9, Avg: 2.2, Max: 2.4, Diff: 0.6, Sum: 8.7]
      [Code Root Scanning (ms): Min: 0.0, Avg: 0.0, Max: 0.0, Diff: 0.0, Sum: 0.0]
      [Object Copy (ms): Min: 9.0, Avg: 9.3, Max: 9.4, Diff: 0.3, Sum: 37.0]
      [Termination (ms): Min: 0.0, Avg: 0.0, Max: 0.1, Diff: 0.1, Sum: 0.2]
         [Termination Attempts: Min: 1, Avg: 1.0, Max: 1, Diff: 0, Sum: 4]
      [GC Worker Other (ms): Min: 0.0, Avg: 0.0, Max: 0.0, Diff: 0.0, Sum: 0.1]
      [GC Worker Total (ms): Min: 14.8, Avg: 14.8, Max: 14.8, Diff: 0.0, Sum: 59.3]
      [GC Worker End (ms): Min: 4522644.5, Avg: 4522644.6, Max: 4522644.6, Diff: 0.0]
   [Code Root Fixup: 0.0 ms]
   [Code Root Purge: 0.0 ms]
   [Clear CT: 0.1 ms]
   [Other: 3.3 ms]
      [Choose CSet: 0.0 ms]
      [Ref Proc: 0.6 ms]
      [Ref Enq: 0.0 ms]
      [Redirty Cards: 0.1 ms]
      [Humongous Register: 0.0 ms]
      [Humongous Reclaim: 0.0 ms]
      [Free CSet: 0.0 ms]
   [Eden: 45.0M(45.0M)->0.0B(46.0M) Survivors: 6144.0K->5120.0K Heap: 302.1M(1024.0M)->258.4M(1024.0M)]
 [Times: user=0.05 sys=0.00, real=0.02 secs] 
2019-11-28T12:34:38.261+0800: 4566.820: [GC pause (G1 Evacuation Pause) (young), 0.0144211 secs]
   [Parallel Time: 13.3 ms, GC Workers: 4]
      [GC Worker Start (ms): Min: 4566820.2, Avg: 4566820.5, Max: 4566820.6, Diff: 0.4]
      [Ext Root Scanning (ms): Min: 0.3, Avg: 0.4, Max: 0.7, Diff: 0.3, Sum: 1.6]
      [Update RS (ms): Min: 1.7, Avg: 1.8, Max: 1.9, Diff: 0.2, Sum: 7.1]
         [Processed Buffers: Min: 3, Avg: 9.2, Max: 20, Diff: 17, Sum: 37]
      [Scan RS (ms): Min: 1.3, Avg: 1.4, Max: 1.4, Diff: 0.1, Sum: 5.5]
      [Code Root Scanning (ms): Min: 0.0, Avg: 0.0, Max: 0.0, Diff: 0.0, Sum: 0.0]
      [Object Copy (ms): Min: 9.2, Avg: 9.3, Max: 9.3, Diff: 0.1, Sum: 37.1]
      [Termination (ms): Min: 0.0, Avg: 0.1, Max: 0.1, Diff: 0.1, Sum: 0.2]
         [Termination Attempts: Min: 1, Avg: 1.0, Max: 1, Diff: 0, Sum: 4]
      [GC Worker Other (ms): Min: 0.0, Avg: 0.0, Max: 0.0, Diff: 0.0, Sum: 0.0]
      [GC Worker Total (ms): Min: 12.8, Avg: 12.9, Max: 13.1, Diff: 0.3, Sum: 51.6]
      [GC Worker End (ms): Min: 4566833.4, Avg: 4566833.4, Max: 4566833.4, Diff: 0.0]
   [Code Root Fixup: 0.0 ms]
   [Code Root Purge: 0.0 ms]
   [Clear CT: 0.3 ms]
   [Other: 0.8 ms]
      [Choose CSet: 0.0 ms]
      [Ref Proc: 0.4 ms]
      [Ref Enq: 0.0 ms]
      [Redirty Cards: 0.1 ms]
      [Humongous Register: 0.1 ms]
      [Humongous Reclaim: 0.0 ms]
      [Free CSet: 0.0 ms]
   [Eden: 46.0M(46.0M)->0.0B(45.0M) Survivors: 5120.0K->6144.0K Heap: 304.4M(1024.0M)->259.9M(1024.0M)]
 [Times: user=0.04 sys=0.01, real=0.01 secs] 
2019-11-28T12:35:21.722+0800: 4610.279: [GC pause (G1 Evacuation Pause) (young), 0.0308926 secs]
   [Parallel Time: 26.5 ms, GC Workers: 4]
      [GC Worker Start (ms): Min: 4610279.3, Avg: 4610279.5, Max: 4610279.8, Diff: 0.5]
      [Ext Root Scanning (ms): Min: 5.6, Avg: 6.3, Max: 7.2, Diff: 1.6, Sum: 25.3]
      [Update RS (ms): Min: 0.8, Avg: 1.4, Max: 2.1, Diff: 1.2, Sum: 5.8]
         [Processed Buffers: Min: 2, Avg: 9.0, Max: 15, Diff: 13, Sum: 36]
      [Scan RS (ms): Min: 1.2, Avg: 1.3, Max: 1.4, Diff: 0.2, Sum: 5.1]
      [Code Root Scanning (ms): Min: 0.0, Avg: 0.0, Max: 0.0, Diff: 0.0, Sum: 0.0]
      [Object Copy (ms): Min: 15.6, Avg: 16.0, Max: 16.8, Diff: 1.2, Sum: 64.0]
      [Termination (ms): Min: 0.0, Avg: 1.0, Max: 1.4, Diff: 1.4, Sum: 3.9]
         [Termination Attempts: Min: 1, Avg: 2.0, Max: 3, Diff: 2, Sum: 8]
      [GC Worker Other (ms): Min: 0.0, Avg: 0.0, Max: 0.0, Diff: 0.0, Sum: 0.1]
      [GC Worker Total (ms): Min: 25.8, Avg: 26.1, Max: 26.4, Diff: 0.6, Sum: 104.2]
      [GC Worker End (ms): Min: 4610305.5, Avg: 4610305.6, Max: 4610305.7, Diff: 0.2]
   [Code Root Fixup: 0.0 ms]
   [Code Root Purge: 0.0 ms]
   [Clear CT: 0.1 ms]
   [Other: 4.2 ms]
      [Choose CSet: 0.0 ms]
      [Ref Proc: 3.7 ms]
      [Ref Enq: 0.0 ms]
      [Redirty Cards: 0.1 ms]
      [Humongous Register: 0.1 ms]
      [Humongous Reclaim: 0.0 ms]
      [Free CSet: 0.0 ms]
   [Eden: 45.0M(45.0M)->0.0B(44.0M) Survivors: 6144.0K->7168.0K Heap: 304.9M(1024.0M)->262.1M(1024.0M)]
 [Times: user=0.06 sys=0.00, real=0.03 secs] 
2019-11-28T12:36:04.439+0800: 4652.995: [GC pause (G1 Evacuation Pause) (young), 0.0270557 secs]
   [Parallel Time: 25.7 ms, GC Workers: 4]
      [GC Worker Start (ms): Min: 4652996.2, Avg: 4652996.5, Max: 4652996.7, Diff: 0.4]
      [Ext Root Scanning (ms): Min: 3.5, Avg: 5.1, Max: 9.5, Diff: 6.0, Sum: 20.5]
      [Update RS (ms): Min: 0.2, Avg: 4.4, Max: 5.8, Diff: 5.6, Sum: 17.4]
         [Processed Buffers: Min: 4, Avg: 8.5, Max: 16, Diff: 12, Sum: 34]
      [Scan RS (ms): Min: 1.7, Avg: 1.8, Max: 1.8, Diff: 0.1, Sum: 7.1]
      [Code Root Scanning (ms): Min: 0.0, Avg: 0.0, Max: 0.0, Diff: 0.0, Sum: 0.0]
      [Object Copy (ms): Min: 14.0, Avg: 14.0, Max: 14.1, Diff: 0.1, Sum: 56.2]
      [Termination (ms): Min: 0.0, Avg: 0.0, Max: 0.0, Diff: 0.0, Sum: 0.0]
         [Termination Attempts: Min: 1, Avg: 1.0, Max: 1, Diff: 0, Sum: 4]
      [GC Worker Other (ms): Min: 0.0, Avg: 0.1, Max: 0.1, Diff: 0.1, Sum: 0.2]
      [GC Worker Total (ms): Min: 25.1, Avg: 25.4, Max: 25.6, Diff: 0.4, Sum: 101.4]
      [GC Worker End (ms): Min: 4653021.8, Avg: 4653021.8, Max: 4653021.8, Diff: 0.0]
   [Code Root Fixup: 0.0 ms]
   [Code Root Purge: 0.0 ms]
   [Clear CT: 0.1 ms]
   [Other: 1.3 ms]
      [Choose CSet: 0.0 ms]
      [Ref Proc: 0.2 ms]
      [Ref Enq: 0.0 ms]
      [Redirty Cards: 0.1 ms]
      [Humongous Register: 0.5 ms]
      [Humongous Reclaim: 0.0 ms]
      [Free CSet: 0.2 ms]
   [Eden: 44.0M(44.0M)->0.0B(45.0M) Survivors: 7168.0K->6144.0K Heap: 306.1M(1024.0M)->263.3M(1024.0M)]
 [Times: user=0.06 sys=0.03, real=0.04 secs] 
2019-11-28T12:36:47.696+0800: 4696.250: [GC pause (G1 Evacuation Pause) (young), 0.0357468 secs]
   [Parallel Time: 35.0 ms, GC Workers: 4]
      [GC Worker Start (ms): Min: 4696250.4, Avg: 4696250.4, Max: 4696250.5, Diff: 0.1]
      [Ext Root Scanning (ms): Min: 0.6, Avg: 0.6, Max: 0.6, Diff: 0.1, Sum: 2.3]
      [Update RS (ms): Min: 1.9, Avg: 2.0, Max: 2.2, Diff: 0.2, Sum: 8.2]
         [Processed Buffers: Min: 3, Avg: 9.2, Max: 14, Diff: 11, Sum: 37]
      [Scan RS (ms): Min: 1.9, Avg: 2.1, Max: 2.4, Diff: 0.4, Sum: 8.5]
      [Code Root Scanning (ms): Min: 0.0, Avg: 0.0, Max: 0.0, Diff: 0.0, Sum: 0.0]
      [Object Copy (ms): Min: 28.9, Avg: 29.7, Max: 30.0, Diff: 1.0, Sum: 118.7]
      [Termination (ms): Min: 0.0, Avg: 0.3, Max: 0.9, Diff: 0.9, Sum: 1.3]
         [Termination Attempts: Min: 1, Avg: 1.0, Max: 1, Diff: 0, Sum: 4]
      [GC Worker Other (ms): Min: 0.0, Avg: 0.0, Max: 0.0, Diff: 0.0, Sum: 0.1]
      [GC Worker Total (ms): Min: 34.7, Avg: 34.8, Max: 34.8, Diff: 0.1, Sum: 139.1]
      [GC Worker End (ms): Min: 4696285.2, Avg: 4696285.2, Max: 4696285.3, Diff: 0.1]
   [Code Root Fixup: 0.0 ms]
   [Code Root Purge: 0.0 ms]
   [Clear CT: 0.1 ms]
   [Other: 0.7 ms]
      [Choose CSet: 0.0 ms]
      [Ref Proc: 0.3 ms]
      [Ref Enq: 0.0 ms]
      [Redirty Cards: 0.1 ms]
      [Humongous Register: 0.0 ms]
      [Humongous Reclaim: 0.0 ms]
      [Free CSet: 0.0 ms]
   [Eden: 45.0M(45.0M)->0.0B(46.0M) Survivors: 6144.0K->5120.0K Heap: 308.3M(1024.0M)->265.4M(1024.0M)]
 [Times: user=0.05 sys=0.00, real=0.04 secs] 
2019-11-28T12:37:32.615+0800: 4741.169: [GC pause (G1 Evacuation Pause) (young), 0.0271214 secs]
   [Parallel Time: 25.3 ms, GC Workers: 4]
      [GC Worker Start (ms): Min: 4741168.9, Avg: 4741169.0, Max: 4741169.1, Diff: 0.2]
      [Ext Root Scanning (ms): Min: 0.9, Avg: 1.0, Max: 1.1, Diff: 0.2, Sum: 4.0]
      [Update RS (ms): Min: 3.6, Avg: 4.2, Max: 5.3, Diff: 1.7, Sum: 16.7]
         [Processed Buffers: Min: 2, Avg: 9.2, Max: 16, Diff: 14, Sum: 37]
      [Scan RS (ms): Min: 2.6, Avg: 2.7, Max: 3.0, Diff: 0.5, Sum: 11.0]
      [Code Root Scanning (ms): Min: 0.0, Avg: 0.0, Max: 0.0, Diff: 0.0, Sum: 0.0]
      [Object Copy (ms): Min: 14.9, Avg: 16.3, Max: 17.4, Diff: 2.4, Sum: 65.4]
      [Termination (ms): Min: 0.0, Avg: 0.7, Max: 1.0, Diff: 1.0, Sum: 2.8]
         [Termination Attempts: Min: 1, Avg: 1.0, Max: 1, Diff: 0, Sum: 4]
      [GC Worker Other (ms): Min: 0.0, Avg: 0.1, Max: 0.3, Diff: 0.3, Sum: 0.4]
      [GC Worker Total (ms): Min: 25.0, Avg: 25.1, Max: 25.2, Diff: 0.2, Sum: 100.3]
      [GC Worker End (ms): Min: 4741194.0, Avg: 4741194.1, Max: 4741194.1, Diff: 0.2]
   [Code Root Fixup: 0.0 ms]
   [Code Root Purge: 0.0 ms]
   [Clear CT: 0.1 ms]
   [Other: 1.7 ms]
      [Choose CSet: 0.0 ms]
      [Ref Proc: 1.1 ms]
      [Ref Enq: 0.0 ms]
      [Redirty Cards: 0.2 ms]
      [Humongous Register: 0.0 ms]
      [Humongous Reclaim: 0.0 ms]
      [Free CSet: 0.1 ms]
   [Eden: 46.0M(46.0M)->0.0B(45.0M) Survivors: 5120.0K->6144.0K Heap: 311.4M(1024.0M)->265.9M(1024.0M)]
 [Times: user=0.05 sys=0.01, real=0.03 secs] 
2019-11-28T12:38:16.705+0800: 4785.256: [GC pause (G1 Evacuation Pause) (young), 0.0224595 secs]
   [Parallel Time: 21.8 ms, GC Workers: 4]
      [GC Worker Start (ms): Min: 4785256.7, Avg: 4785256.8, Max: 4785256.8, Diff: 0.1]
      [Ext Root Scanning (ms): Min: 0.9, Avg: 1.7, Max: 3.0, Diff: 2.1, Sum: 6.8]
      [Update RS (ms): Min: 0.5, Avg: 3.1, Max: 6.2, Diff: 5.7, Sum: 12.3]
         [Processed Buffers: Min: 3, Avg: 8.2, Max: 12, Diff: 9, Sum: 33]
      [Scan RS (ms): Min: 0.9, Avg: 4.0, Max: 6.0, Diff: 5.1, Sum: 16.1]
      [Code Root Scanning (ms): Min: 0.0, Avg: 0.0, Max: 0.0, Diff: 0.0, Sum: 0.0]
      [Object Copy (ms): Min: 10.7, Avg: 12.0, Max: 13.7, Diff: 2.9, Sum: 48.0]
      [Termination (ms): Min: 0.0, Avg: 0.9, Max: 1.2, Diff: 1.2, Sum: 3.6]
         [Termination Attempts: Min: 1, Avg: 1.0, Max: 1, Diff: 0, Sum: 4]
      [GC Worker Other (ms): Min: 0.0, Avg: 0.0, Max: 0.0, Diff: 0.0, Sum: 0.1]
      [GC Worker Total (ms): Min: 21.6, Avg: 21.7, Max: 21.7, Diff: 0.1, Sum: 86.8]
      [GC Worker End (ms): Min: 4785278.5, Avg: 4785278.5, Max: 4785278.5, Diff: 0.0]
   [Code Root Fixup: 0.0 ms]
   [Code Root Purge: 0.0 ms]
   [Clear CT: 0.1 ms]
   [Other: 0.6 ms]
      [Choose CSet: 0.0 ms]
      [Ref Proc: 0.1 ms]
      [Ref Enq: 0.0 ms]
      [Redirty Cards: 0.0 ms]
      [Humongous Register: 0.1 ms]
      [Humongous Reclaim: 0.0 ms]
      [Free CSet: 0.1 ms]
   [Eden: 45.0M(45.0M)->0.0B(44.0M) Survivors: 6144.0K->7168.0K Heap: 310.9M(1024.0M)->268.6M(1024.0M)]
 [Times: user=0.05 sys=0.00, real=0.02 secs] 
2019-11-28T12:38:59.768+0800: 4828.319: [GC pause (G1 Evacuation Pause) (young), 0.0189127 secs]
   [Parallel Time: 18.4 ms, GC Workers: 4]
      [GC Worker Start (ms): Min: 4828318.7, Avg: 4828318.8, Max: 4828318.8, Diff: 0.1]
      [Ext Root Scanning (ms): Min: 0.7, Avg: 0.7, Max: 0.8, Diff: 0.1, Sum: 3.0]
      [Update RS (ms): Min: 2.3, Avg: 3.4, Max: 6.6, Diff: 4.3, Sum: 13.6]
         [Processed Buffers: Min: 0, Avg: 9.2, Max: 21, Diff: 21, Sum: 37]
      [Scan RS (ms): Min: 0.0, Avg: 1.5, Max: 2.1, Diff: 2.1, Sum: 6.2]
      [Code Root Scanning (ms): Min: 0.0, Avg: 0.0, Max: 0.0, Diff: 0.0, Sum: 0.0]
      [Object Copy (ms): Min: 10.8, Avg: 12.5, Max: 13.1, Diff: 2.3, Sum: 50.0]
      [Termination (ms): Min: 0.0, Avg: 0.1, Max: 0.1, Diff: 0.1, Sum: 0.3]
         [Termination Attempts: Min: 1, Avg: 1.0, Max: 1, Diff: 0, Sum: 4]
      [GC Worker Other (ms): Min: 0.0, Avg: 0.0, Max: 0.0, Diff: 0.0, Sum: 0.1]
      [GC Worker Total (ms): Min: 18.3, Avg: 18.3, Max: 18.3, Diff: 0.1, Sum: 73.2]
      [GC Worker End (ms): Min: 4828337.1, Avg: 4828337.1, Max: 4828337.1, Diff: 0.0]
   [Code Root Fixup: 0.0 ms]
   [Code Root Purge: 0.0 ms]
   [Clear CT: 0.0 ms]
   [Other: 0.5 ms]
      [Choose CSet: 0.0 ms]
      [Ref Proc: 0.1 ms]
      [Ref Enq: 0.0 ms]
      [Redirty Cards: 0.1 ms]
      [Humongous Register: 0.0 ms]
      [Humongous Reclaim: 0.0 ms]
      [Free CSet: 0.0 ms]
   [Eden: 44.0M(44.0M)->0.0B(46.0M) Survivors: 7168.0K->5120.0K Heap: 312.6M(1024.0M)->269.4M(1024.0M)]
 [Times: user=0.05 sys=0.00, real=0.02 secs] 
2019-11-28T12:39:44.380+0800: 4872.929: [GC pause (G1 Evacuation Pause) (young), 0.0197679 secs]
   [Parallel Time: 19.2 ms, GC Workers: 4]
      [GC Worker Start (ms): Min: 4872929.4, Avg: 4872929.4, Max: 4872929.6, Diff: 0.2]
      [Ext Root Scanning (ms): Min: 0.3, Avg: 2.7, Max: 5.0, Diff: 4.8, Sum: 10.7]
      [Update RS (ms): Min: 1.6, Avg: 1.8, Max: 2.4, Diff: 0.9, Sum: 7.3]
         [Processed Buffers: Min: 1, Avg: 9.2, Max: 31, Diff: 30, Sum: 37]
      [Scan RS (ms): Min: 1.8, Avg: 2.3, Max: 2.7, Diff: 0.9, Sum: 9.3]
      [Code Root Scanning (ms): Min: 0.0, Avg: 0.0, Max: 0.0, Diff: 0.0, Sum: 0.0]
      [Object Copy (ms): Min: 9.8, Avg: 10.0, Max: 10.1, Diff: 0.3, Sum: 39.9]
      [Termination (ms): Min: 0.0, Avg: 0.0, Max: 0.0, Diff: 0.0, Sum: 0.0]
         [Termination Attempts: Min: 1, Avg: 1.0, Max: 1, Diff: 0, Sum: 4]
      [GC Worker Other (ms): Min: 0.0, Avg: 2.3, Max: 4.7, Diff: 4.6, Sum: 9.3]
      [GC Worker Total (ms): Min: 19.0, Avg: 19.1, Max: 19.2, Diff: 0.2, Sum: 76.4]
      [GC Worker End (ms): Min: 4872948.5, Avg: 4872948.5, Max: 4872948.5, Diff: 0.0]
   [Code Root Fixup: 0.0 ms]
   [Code Root Purge: 0.0 ms]
   [Clear CT: 0.1 ms]
   [Other: 0.5 ms]
      [Choose CSet: 0.0 ms]
      [Ref Proc: 0.1 ms]
      [Ref Enq: 0.0 ms]
      [Redirty Cards: 0.1 ms]
      [Humongous Register: 0.0 ms]
      [Humongous Reclaim: 0.0 ms]
      [Free CSet: 0.0 ms]
   [Eden: 46.0M(46.0M)->0.0B(46.0M) Survivors: 5120.0K->5120.0K Heap: 315.4M(1024.0M)->271.4M(1024.0M)]
 [Times: user=0.05 sys=0.01, real=0.02 secs] 
2019-11-28T12:40:29.074+0800: 4917.622: [GC pause (G1 Evacuation Pause) (young), 0.0397629 secs]
   [Parallel Time: 36.4 ms, GC Workers: 4]
      [GC Worker Start (ms): Min: 4917622.2, Avg: 4917622.9, Max: 4917623.5, Diff: 1.3]
      [Ext Root Scanning (ms): Min: 0.2, Avg: 1.1, Max: 2.6, Diff: 2.4, Sum: 4.3]
      [Update RS (ms): Min: 1.1, Avg: 2.1, Max: 2.9, Diff: 1.8, Sum: 8.5]
         [Processed Buffers: Min: 0, Avg: 9.0, Max: 17, Diff: 17, Sum: 36]
      [Scan RS (ms): Min: 1.8, Avg: 2.4, Max: 3.1, Diff: 1.3, Sum: 9.7]
      [Code Root Scanning (ms): Min: 0.0, Avg: 0.0, Max: 0.0, Diff: 0.0, Sum: 0.0]
      [Object Copy (ms): Min: 18.4, Avg: 18.7, Max: 18.9, Diff: 0.5, Sum: 74.9]
      [Termination (ms): Min: 0.0, Avg: 5.5, Max: 11.0, Diff: 11.0, Sum: 22.0]
         [Termination Attempts: Min: 1, Avg: 1.0, Max: 1, Diff: 0, Sum: 4]
      [GC Worker Other (ms): Min: 0.0, Avg: 0.0, Max: 0.0, Diff: 0.0, Sum: 0.1]
      [GC Worker Total (ms): Min: 23.9, Avg: 29.9, Max: 35.4, Diff: 11.5, Sum: 119.5]
      [GC Worker End (ms): Min: 4917647.4, Avg: 4917652.8, Max: 4917658.3, Diff: 10.9]
   [Code Root Fixup: 0.0 ms]
   [Code Root Purge: 0.0 ms]
   [Clear CT: 0.1 ms]
   [Other: 3.2 ms]
      [Choose CSet: 0.0 ms]
      [Ref Proc: 2.3 ms]
      [Ref Enq: 0.0 ms]
      [Redirty Cards: 0.1 ms]
      [Humongous Register: 0.2 ms]
      [Humongous Reclaim: 0.0 ms]
      [Free CSet: 0.1 ms]
   [Eden: 46.0M(46.0M)->0.0B(46.0M) Survivors: 5120.0K->5120.0K Heap: 317.4M(1024.0M)->273.6M(1024.0M)]
 [Times: user=0.06 sys=0.00, real=0.04 secs] 
2019-11-28T12:41:13.481+0800: 4962.028: [GC pause (G1 Evacuation Pause) (young), 0.0144270 secs]
   [Parallel Time: 13.9 ms, GC Workers: 4]
      [GC Worker Start (ms): Min: 4962027.6, Avg: 4962027.6, Max: 4962027.7, Diff: 0.0]
      [Ext Root Scanning (ms): Min: 0.8, Avg: 0.9, Max: 0.9, Diff: 0.1, Sum: 3.5]
      [Update RS (ms): Min: 1.2, Avg: 1.3, Max: 1.3, Diff: 0.1, Sum: 5.1]
         [Processed Buffers: Min: 1, Avg: 8.2, Max: 30, Diff: 29, Sum: 33]
      [Scan RS (ms): Min: 1.9, Avg: 2.0, Max: 2.0, Diff: 0.1, Sum: 7.9]
      [Code Root Scanning (ms): Min: 0.0, Avg: 0.0, Max: 0.0, Diff: 0.0, Sum: 0.0]
      [Object Copy (ms): Min: 8.3, Avg: 8.7, Max: 9.6, Diff: 1.3, Sum: 34.7]
      [Termination (ms): Min: 0.0, Avg: 1.0, Max: 1.3, Diff: 1.3, Sum: 3.8]
         [Termination Attempts: Min: 1, Avg: 1.0, Max: 1, Diff: 0, Sum: 4]
      [GC Worker Other (ms): Min: 0.0, Avg: 0.0, Max: 0.0, Diff: 0.0, Sum: 0.1]
      [GC Worker Total (ms): Min: 13.8, Avg: 13.8, Max: 13.8, Diff: 0.1, Sum: 55.2]
      [GC Worker End (ms): Min: 4962041.4, Avg: 4962041.4, Max: 4962041.4, Diff: 0.0]
   [Code Root Fixup: 0.0 ms]
   [Code Root Purge: 0.0 ms]
   [Clear CT: 0.1 ms]
   [Other: 0.5 ms]
      [Choose CSet: 0.0 ms]
      [Ref Proc: 0.2 ms]
      [Ref Enq: 0.0 ms]
      [Redirty Cards: 0.1 ms]
      [Humongous Register: 0.0 ms]
      [Humongous Reclaim: 0.0 ms]
      [Free CSet: 0.0 ms]
   [Eden: 46.0M(46.0M)->0.0B(44.0M) Survivors: 5120.0K->7168.0K Heap: 319.6M(1024.0M)->275.1M(1024.0M)]
 [Times: user=0.05 sys=0.01, real=0.01 secs] 
2019-11-28T12:41:56.142+0800: 5004.687: [GC pause (G1 Evacuation Pause) (young), 0.0470522 secs]
   [Parallel Time: 40.1 ms, GC Workers: 4]
      [GC Worker Start (ms): Min: 5004693.2, Avg: 5004693.6, Max: 5004694.0, Diff: 0.8]
      [Ext Root Scanning (ms): Min: 6.2, Avg: 8.3, Max: 13.4, Diff: 7.1, Sum: 33.2]
      [Update RS (ms): Min: 0.0, Avg: 4.6, Max: 7.1, Diff: 7.1, Sum: 18.4]
         [Processed Buffers: Min: 0, Avg: 8.8, Max: 16, Diff: 16, Sum: 35]
      [Scan RS (ms): Min: 1.9, Avg: 2.1, Max: 2.4, Diff: 0.5, Sum: 8.6]
      [Code Root Scanning (ms): Min: 0.0, Avg: 0.0, Max: 0.0, Diff: 0.0, Sum: 0.0]
      [Object Copy (ms): Min: 23.4, Avg: 24.4, Max: 24.9, Diff: 1.5, Sum: 97.5]
      [Termination (ms): Min: 0.0, Avg: 0.1, Max: 0.2, Diff: 0.2, Sum: 0.4]
         [Termination Attempts: Min: 1, Avg: 1.0, Max: 1, Diff: 0, Sum: 4]
      [GC Worker Other (ms): Min: 0.0, Avg: 0.0, Max: 0.1, Diff: 0.0, Sum: 0.2]
      [GC Worker Total (ms): Min: 39.1, Avg: 39.6, Max: 40.0, Diff: 0.9, Sum: 158.4]
      [GC Worker End (ms): Min: 5004733.1, Avg: 5004733.1, Max: 5004733.2, Diff: 0.1]
   [Code Root Fixup: 0.0 ms]
   [Code Root Purge: 0.0 ms]
   [Clear CT: 0.1 ms]
   [Other: 6.9 ms]
      [Choose CSet: 0.0 ms]
      [Ref Proc: 0.3 ms]
      [Ref Enq: 0.0 ms]
      [Redirty Cards: 0.1 ms]
      [Humongous Register: 5.5 ms]
      [Humongous Reclaim: 0.0 ms]
      [Free CSet: 0.3 ms]
   [Eden: 44.0M(44.0M)->0.0B(45.0M) Survivors: 7168.0K->6144.0K Heap: 319.1M(1024.0M)->275.7M(1024.0M)]
 [Times: user=0.06 sys=0.04, real=0.05 secs] 
2019-11-28T12:42:40.075+0800: 5048.619: [GC pause (G1 Evacuation Pause) (young), 0.0177150 secs]
   [Parallel Time: 16.8 ms, GC Workers: 4]
      [GC Worker Start (ms): Min: 5048619.0, Avg: 5048619.1, Max: 5048619.2, Diff: 0.2]
      [Ext Root Scanning (ms): Min: 0.5, Avg: 0.6, Max: 0.7, Diff: 0.2, Sum: 2.3]
      [Update RS (ms): Min: 1.7, Avg: 1.7, Max: 1.8, Diff: 0.1, Sum: 6.8]
         [Processed Buffers: Min: 2, Avg: 8.8, Max: 14, Diff: 12, Sum: 35]
      [Scan RS (ms): Min: 1.6, Avg: 1.7, Max: 1.7, Diff: 0.1, Sum: 6.7]
      [Code Root Scanning (ms): Min: 0.0, Avg: 0.0, Max: 0.0, Diff: 0.0, Sum: 0.0]
      [Object Copy (ms): Min: 12.4, Avg: 12.5, Max: 12.6, Diff: 0.2, Sum: 50.1]
      [Termination (ms): Min: 0.0, Avg: 0.0, Max: 0.0, Diff: 0.0, Sum: 0.0]
         [Termination Attempts: Min: 1, Avg: 1.0, Max: 1, Diff: 0, Sum: 4]
      [GC Worker Other (ms): Min: 0.0, Avg: 0.0, Max: 0.0, Diff: 0.0, Sum: 0.1]
      [GC Worker Total (ms): Min: 16.4, Avg: 16.5, Max: 16.5, Diff: 0.2, Sum: 65.9]
      [GC Worker End (ms): Min: 5048635.6, Avg: 5048635.6, Max: 5048635.6, Diff: 0.0]
   [Code Root Fixup: 0.0 ms]
   [Code Root Purge: 0.0 ms]
   [Clear CT: 0.1 ms]
   [Other: 0.9 ms]
      [Choose CSet: 0.0 ms]
      [Ref Proc: 0.5 ms]
      [Ref Enq: 0.0 ms]
      [Redirty Cards: 0.1 ms]
      [Humongous Register: 0.0 ms]
      [Humongous Reclaim: 0.0 ms]
      [Free CSet: 0.1 ms]
   [Eden: 45.0M(45.0M)->0.0B(46.0M) Survivors: 6144.0K->5120.0K Heap: 320.7M(1024.0M)->277.1M(1024.0M)]
 [Times: user=0.05 sys=0.01, real=0.02 secs] 
2019-11-28T12:43:24.739+0800: 5093.281: [GC pause (G1 Evacuation Pause) (young), 0.0414454 secs]
   [Parallel Time: 40.3 ms, GC Workers: 4]
      [GC Worker Start (ms): Min: 5093282.0, Avg: 5093282.3, Max: 5093283.0, Diff: 1.0]
      [Ext Root Scanning (ms): Min: 1.8, Avg: 2.5, Max: 2.8, Diff: 1.0, Sum: 10.0]
      [Update RS (ms): Min: 3.0, Avg: 3.2, Max: 3.5, Diff: 0.5, Sum: 12.6]
         [Processed Buffers: Min: 1, Avg: 9.2, Max: 13, Diff: 12, Sum: 37]
      [Scan RS (ms): Min: 4.0, Avg: 9.7, Max: 26.5, Diff: 22.5, Sum: 39.0]
      [Code Root Scanning (ms): Min: 0.0, Avg: 0.0, Max: 0.0, Diff: 0.0, Sum: 0.0]
      [Object Copy (ms): Min: 5.9, Avg: 21.6, Max: 27.0, Diff: 21.0, Sum: 86.6]
      [Termination (ms): Min: 0.0, Avg: 2.3, Max: 3.2, Diff: 3.2, Sum: 9.4]
         [Termination Attempts: Min: 1, Avg: 1.2, Max: 2, Diff: 1, Sum: 5]
      [GC Worker Other (ms): Min: 0.0, Avg: 0.1, Max: 0.1, Diff: 0.0, Sum: 0.2]
      [GC Worker Total (ms): Min: 37.4, Avg: 39.4, Max: 40.2, Diff: 2.8, Sum: 157.8]
      [GC Worker End (ms): Min: 5093320.4, Avg: 5093321.7, Max: 5093322.2, Diff: 1.8]
   [Code Root Fixup: 0.0 ms]
   [Code Root Purge: 0.0 ms]
   [Clear CT: 0.1 ms]
   [Other: 1.0 ms]
      [Choose CSet: 0.0 ms]
      [Ref Proc: 0.3 ms]
      [Ref Enq: 0.0 ms]
      [Redirty Cards: 0.1 ms]
      [Humongous Register: 0.2 ms]
      [Humongous Reclaim: 0.0 ms]
      [Free CSet: 0.1 ms]
   [Eden: 46.0M(46.0M)->0.0B(45.0M) Survivors: 5120.0K->6144.0K Heap: 323.1M(1024.0M)->280.4M(1024.0M)]
 [Times: user=0.05 sys=0.01, real=0.05 secs] 
2019-11-28T12:44:07.738+0800: 5136.279: [GC pause (G1 Evacuation Pause) (young), 0.0142359 secs]
   [Parallel Time: 13.7 ms, GC Workers: 4]
      [GC Worker Start (ms): Min: 5136279.3, Avg: 5136279.7, Max: 5136280.1, Diff: 0.7]
      [Ext Root Scanning (ms): Min: 0.4, Avg: 1.1, Max: 2.2, Diff: 1.7, Sum: 4.2]
      [Update RS (ms): Min: 1.3, Avg: 2.0, Max: 2.4, Diff: 1.1, Sum: 8.1]
         [Processed Buffers: Min: 4, Avg: 9.0, Max: 17, Diff: 13, Sum: 36]
      [Scan RS (ms): Min: 1.7, Avg: 1.8, Max: 1.9, Diff: 0.2, Sum: 7.3]
      [Code Root Scanning (ms): Min: 0.0, Avg: 0.0, Max: 0.0, Diff: 0.0, Sum: 0.0]
      [Object Copy (ms): Min: 8.4, Avg: 8.4, Max: 8.5, Diff: 0.1, Sum: 33.6]
      [Termination (ms): Min: 0.0, Avg: 0.0, Max: 0.0, Diff: 0.0, Sum: 0.0]
         [Termination Attempts: Min: 1, Avg: 1.5, Max: 3, Diff: 2, Sum: 6]
      [GC Worker Other (ms): Min: 0.0, Avg: 0.0, Max: 0.0, Diff: 0.0, Sum: 0.1]
      [GC Worker Total (ms): Min: 13.0, Avg: 13.3, Max: 13.7, Diff: 0.7, Sum: 53.3]
      [GC Worker End (ms): Min: 5136293.0, Avg: 5136293.0, Max: 5136293.0, Diff: 0.0]
   [Code Root Fixup: 0.0 ms]
   [Code Root Purge: 0.0 ms]
   [Clear CT: 0.1 ms]
   [Other: 0.4 ms]
      [Choose CSet: 0.0 ms]
      [Ref Proc: 0.1 ms]
      [Ref Enq: 0.0 ms]
      [Redirty Cards: 0.1 ms]
      [Humongous Register: 0.0 ms]
      [Humongous Reclaim: 0.0 ms]
      [Free CSet: 0.0 ms]
   [Eden: 45.0M(45.0M)->0.0B(46.0M) Survivors: 6144.0K->5120.0K Heap: 325.4M(1024.0M)->281.1M(1024.0M)]
 [Times: user=0.05 sys=0.00, real=0.02 secs] 
2019-11-28T12:44:52.464+0800: 5181.004: [GC pause (G1 Evacuation Pause) (young), 0.0668520 secs]
   [Parallel Time: 64.1 ms, GC Workers: 4]
      [GC Worker Start (ms): Min: 5181006.1, Avg: 5181006.2, Max: 5181006.2, Diff: 0.1]
      [Ext Root Scanning (ms): Min: 4.3, Avg: 6.8, Max: 13.8, Diff: 9.4, Sum: 27.1]
      [Update RS (ms): Min: 0.0, Avg: 2.4, Max: 3.9, Diff: 3.9, Sum: 9.6]
         [Processed Buffers: Min: 0, Avg: 7.8, Max: 16, Diff: 16, Sum: 31]
      [Scan RS (ms): Min: 0.0, Avg: 3.7, Max: 7.2, Diff: 7.1, Sum: 14.7]
      [Code Root Scanning (ms): Min: 0.0, Avg: 0.0, Max: 0.0, Diff: 0.0, Sum: 0.0]
      [Object Copy (ms): Min: 42.9, Avg: 45.6, Max: 49.4, Diff: 6.5, Sum: 182.3]
      [Termination (ms): Min: 0.0, Avg: 5.5, Max: 7.4, Diff: 7.4, Sum: 21.9]
         [Termination Attempts: Min: 1, Avg: 1.0, Max: 1, Diff: 0, Sum: 4]
      [GC Worker Other (ms): Min: 0.0, Avg: 0.0, Max: 0.0, Diff: 0.0, Sum: 0.1]
      [GC Worker Total (ms): Min: 63.9, Avg: 63.9, Max: 64.0, Diff: 0.1, Sum: 255.8]
      [GC Worker End (ms): Min: 5181070.1, Avg: 5181070.1, Max: 5181070.1, Diff: 0.0]
   [Code Root Fixup: 0.0 ms]
   [Code Root Purge: 0.0 ms]
   [Clear CT: 0.1 ms]
   [Other: 2.7 ms]
      [Choose CSet: 0.0 ms]
      [Ref Proc: 0.2 ms]
      [Ref Enq: 0.0 ms]
      [Redirty Cards: 0.1 ms]
      [Humongous Register: 1.6 ms]
      [Humongous Reclaim: 0.0 ms]
      [Free CSet: 0.2 ms]
   [Eden: 46.0M(46.0M)->0.0B(44.0M) Survivors: 5120.0K->7168.0K Heap: 327.1M(1024.0M)->283.6M(1024.0M)]
 [Times: user=0.06 sys=0.03, real=0.07 secs] 
2019-11-28T12:45:35.181+0800: 5223.719: [GC pause (G1 Evacuation Pause) (young), 0.0499546 secs]
   [Parallel Time: 46.6 ms, GC Workers: 4]
      [GC Worker Start (ms): Min: 5223722.2, Avg: 5223722.6, Max: 5223723.4, Diff: 1.2]
      [Ext Root Scanning (ms): Min: 3.2, Avg: 5.4, Max: 8.8, Diff: 5.6, Sum: 21.8]
      [Update RS (ms): Min: 4.1, Avg: 7.5, Max: 10.4, Diff: 6.4, Sum: 30.0]
         [Processed Buffers: Min: 5, Avg: 9.2, Max: 17, Diff: 12, Sum: 37]
      [Scan RS (ms): Min: 4.0, Avg: 5.5, Max: 6.1, Diff: 2.1, Sum: 22.1]
      [Code Root Scanning (ms): Min: 0.0, Avg: 0.0, Max: 0.0, Diff: 0.0, Sum: 0.0]
      [Object Copy (ms): Min: 24.7, Avg: 24.8, Max: 24.8, Diff: 0.1, Sum: 99.0]
      [Termination (ms): Min: 0.0, Avg: 0.7, Max: 2.5, Diff: 2.5, Sum: 2.7]
         [Termination Attempts: Min: 1, Avg: 1.5, Max: 2, Diff: 1, Sum: 6]
      [GC Worker Other (ms): Min: 0.0, Avg: 0.1, Max: 0.1, Diff: 0.1, Sum: 0.3]
      [GC Worker Total (ms): Min: 42.5, Avg: 44.0, Max: 46.2, Diff: 3.6, Sum: 175.9]
      [GC Worker End (ms): Min: 5223765.9, Avg: 5223766.5, Max: 5223768.4, Diff: 2.5]
   [Code Root Fixup: 0.0 ms]
   [Code Root Purge: 0.0 ms]
   [Clear CT: 0.1 ms]
   [Other: 3.3 ms]
      [Choose CSet: 0.0 ms]
      [Ref Proc: 0.2 ms]
      [Ref Enq: 0.0 ms]
      [Redirty Cards: 0.1 ms]
      [Humongous Register: 1.9 ms]
      [Humongous Reclaim: 0.0 ms]
      [Free CSet: 0.3 ms]
   [Eden: 44.0M(44.0M)->0.0B(46.0M) Survivors: 7168.0K->5120.0K Heap: 327.6M(1024.0M)->283.8M(1024.0M)]
 [Times: user=0.06 sys=0.07, real=0.05 secs] 
2019-11-28T12:46:19.346+0800: 5267.883: [GC pause (G1 Evacuation Pause) (young), 0.0207242 secs]
   [Parallel Time: 16.7 ms, GC Workers: 4]
      [GC Worker Start (ms): Min: 5267886.8, Avg: 5267886.9, Max: 5267886.9, Diff: 0.1]
      [Ext Root Scanning (ms): Min: 1.1, Avg: 1.2, Max: 1.2, Diff: 0.1, Sum: 4.6]
      [Update RS (ms): Min: 1.3, Avg: 1.3, Max: 1.5, Diff: 0.2, Sum: 5.4]
         [Processed Buffers: Min: 5, Avg: 9.5, Max: 17, Diff: 12, Sum: 38]
      [Scan RS (ms): Min: 3.0, Avg: 3.2, Max: 3.3, Diff: 0.3, Sum: 12.7]
      [Code Root Scanning (ms): Min: 0.0, Avg: 0.0, Max: 0.0, Diff: 0.0, Sum: 0.0]
      [Object Copy (ms): Min: 10.8, Avg: 10.9, Max: 10.9, Diff: 0.1, Sum: 43.4]
      [Termination (ms): Min: 0.0, Avg: 0.0, Max: 0.0, Diff: 0.0, Sum: 0.0]
         [Termination Attempts: Min: 1, Avg: 1.0, Max: 1, Diff: 0, Sum: 4]
      [GC Worker Other (ms): Min: 0.0, Avg: 0.0, Max: 0.0, Diff: 0.0, Sum: 0.1]
      [GC Worker Total (ms): Min: 16.5, Avg: 16.6, Max: 16.6, Diff: 0.1, Sum: 66.3]
      [GC Worker End (ms): Min: 5267903.4, Avg: 5267903.5, Max: 5267903.5, Diff: 0.0]
   [Code Root Fixup: 0.0 ms]
   [Code Root Purge: 0.0 ms]
   [Clear CT: 0.1 ms]
   [Other: 4.0 ms]
      [Choose CSet: 0.0 ms]
      [Ref Proc: 0.1 ms]
      [Ref Enq: 0.0 ms]
      [Redirty Cards: 0.1 ms]
      [Humongous Register: 0.2 ms]
      [Humongous Reclaim: 0.0 ms]
      [Free CSet: 0.1 ms]
   [Eden: 46.0M(46.0M)->0.0B(46.0M) Survivors: 5120.0K->5120.0K Heap: 329.8M(1024.0M)->285.8M(1024.0M)]
 [Times: user=0.05 sys=0.01, real=0.02 secs] 
2019-11-28T12:47:04.102+0800: 5312.639: [GC pause (G1 Evacuation Pause) (young), 0.0133617 secs]
   [Parallel Time: 12.6 ms, GC Workers: 4]
      [GC Worker Start (ms): Min: 5312638.8, Avg: 5312638.8, Max: 5312638.8, Diff: 0.0]
      [Ext Root Scanning (ms): Min: 0.7, Avg: 0.8, Max: 0.8, Diff: 0.1, Sum: 3.3]
      [Update RS (ms): Min: 1.1, Avg: 1.6, Max: 2.8, Diff: 1.8, Sum: 6.6]
         [Processed Buffers: Min: 1, Avg: 8.2, Max: 16, Diff: 15, Sum: 33]
      [Scan RS (ms): Min: 0.5, Avg: 1.9, Max: 2.5, Diff: 1.9, Sum: 7.5]
      [Code Root Scanning (ms): Min: 0.0, Avg: 0.0, Max: 0.0, Diff: 0.0, Sum: 0.0]
      [Object Copy (ms): Min: 7.9, Avg: 8.1, Max: 8.2, Diff: 0.3, Sum: 32.2]
      [Termination (ms): Min: 0.0, Avg: 0.0, Max: 0.0, Diff: 0.0, Sum: 0.0]
         [Termination Attempts: Min: 1, Avg: 1.2, Max: 2, Diff: 1, Sum: 5]
      [GC Worker Other (ms): Min: 0.0, Avg: 0.0, Max: 0.0, Diff: 0.0, Sum: 0.1]
      [GC Worker Total (ms): Min: 12.4, Avg: 12.4, Max: 12.4, Diff: 0.0, Sum: 49.6]
      [GC Worker End (ms): Min: 5312651.2, Avg: 5312651.2, Max: 5312651.2, Diff: 0.0]
   [Code Root Fixup: 0.0 ms]
   [Code Root Purge: 0.0 ms]
   [Clear CT: 0.1 ms]
   [Other: 0.7 ms]
      [Choose CSet: 0.0 ms]
      [Ref Proc: 0.2 ms]
      [Ref Enq: 0.0 ms]
      [Redirty Cards: 0.2 ms]
      [Humongous Register: 0.0 ms]
      [Humongous Reclaim: 0.0 ms]
      [Free CSet: 0.1 ms]
   [Eden: 46.0M(46.0M)->0.0B(46.0M) Survivors: 5120.0K->5120.0K Heap: 331.8M(1024.0M)->287.6M(1024.0M)]
 [Times: user=0.04 sys=0.00, real=0.01 secs] 
2019-11-28T12:47:48.351+0800: 5356.885: [GC pause (G1 Evacuation Pause) (young), 0.0229192 secs]
   [Parallel Time: 22.1 ms, GC Workers: 4]
      [GC Worker Start (ms): Min: 5356885.5, Avg: 5356886.2, Max: 5356887.3, Diff: 1.7]
      [Ext Root Scanning (ms): Min: 0.0, Avg: 0.4, Max: 0.9, Diff: 0.9, Sum: 1.8]
      [Update RS (ms): Min: 1.6, Avg: 4.2, Max: 8.3, Diff: 6.7, Sum: 16.7]
         [Processed Buffers: Min: 0, Avg: 9.2, Max: 25, Diff: 25, Sum: 37]
      [Scan RS (ms): Min: 0.0, Avg: 2.8, Max: 3.9, Diff: 3.9, Sum: 11.4]
      [Code Root Scanning (ms): Min: 0.0, Avg: 0.0, Max: 0.0, Diff: 0.0, Sum: 0.0]
      [Object Copy (ms): Min: 12.4, Avg: 13.4, Max: 14.4, Diff: 2.0, Sum: 53.7]
      [Termination (ms): Min: 0.0, Avg: 0.0, Max: 0.0, Diff: 0.0, Sum: 0.0]
         [Termination Attempts: Min: 1, Avg: 1.2, Max: 2, Diff: 1, Sum: 5]
      [GC Worker Other (ms): Min: 0.0, Avg: 0.1, Max: 0.1, Diff: 0.1, Sum: 0.3]
      [GC Worker Total (ms): Min: 20.0, Avg: 21.0, Max: 21.7, Diff: 1.7, Sum: 83.9]
      [GC Worker End (ms): Min: 5356907.1, Avg: 5356907.2, Max: 5356907.2, Diff: 0.1]
   [Code Root Fixup: 0.0 ms]
   [Code Root Purge: 0.0 ms]
   [Clear CT: 0.1 ms]
   [Other: 0.7 ms]
      [Choose CSet: 0.0 ms]
      [Ref Proc: 0.3 ms]
      [Ref Enq: 0.0 ms]
      [Redirty Cards: 0.1 ms]
      [Humongous Register: 0.0 ms]
      [Humongous Reclaim: 0.0 ms]
      [Free CSet: 0.1 ms]
   [Eden: 46.0M(46.0M)->0.0B(45.0M) Survivors: 5120.0K->6144.0K Heap: 333.6M(1024.0M)->288.1M(1024.0M)]
 [Times: user=0.05 sys=0.00, real=0.02 secs] 
2019-11-28T12:48:32.529+0800: 5401.063: [GC pause (G1 Evacuation Pause) (young), 0.0210642 secs]
   [Parallel Time: 20.1 ms, GC Workers: 4]
      [GC Worker Start (ms): Min: 5401063.0, Avg: 5401063.1, Max: 5401063.1, Diff: 0.0]
      [Ext Root Scanning (ms): Min: 0.5, Avg: 0.6, Max: 0.6, Diff: 0.1, Sum: 2.3]
      [Update RS (ms): Min: 3.0, Avg: 4.6, Max: 6.4, Diff: 3.3, Sum: 18.6]
         [Processed Buffers: Min: 3, Avg: 9.8, Max: 17, Diff: 14, Sum: 39]
      [Scan RS (ms): Min: 0.0, Avg: 1.7, Max: 3.2, Diff: 3.2, Sum: 6.7]
      [Code Root Scanning (ms): Min: 0.0, Avg: 0.0, Max: 0.0, Diff: 0.0, Sum: 0.0]
      [Object Copy (ms): Min: 12.4, Avg: 12.6, Max: 13.2, Diff: 0.8, Sum: 50.5]
      [Termination (ms): Min: 0.0, Avg: 0.5, Max: 0.6, Diff: 0.6, Sum: 1.9]
         [Termination Attempts: Min: 1, Avg: 1.0, Max: 1, Diff: 0, Sum: 4]
      [GC Worker Other (ms): Min: 0.0, Avg: 0.0, Max: 0.0, Diff: 0.0, Sum: 0.1]
      [GC Worker Total (ms): Min: 20.0, Avg: 20.0, Max: 20.0, Diff: 0.0, Sum: 80.0]
      [GC Worker End (ms): Min: 5401083.1, Avg: 5401083.1, Max: 5401083.1, Diff: 0.0]
   [Code Root Fixup: 0.0 ms]
   [Code Root Purge: 0.0 ms]
   [Clear CT: 0.1 ms]
   [Other: 0.9 ms]
      [Choose CSet: 0.0 ms]
      [Ref Proc: 0.1 ms]
      [Ref Enq: 0.0 ms]
      [Redirty Cards: 0.1 ms]
      [Humongous Register: 0.2 ms]
      [Humongous Reclaim: 0.0 ms]
      [Free CSet: 0.1 ms]
   [Eden: 45.0M(45.0M)->0.0B(44.0M) Survivors: 6144.0K->7168.0K Heap: 333.1M(1024.0M)->290.7M(1024.0M)]
 [Times: user=0.06 sys=0.01, real=0.03 secs] 
2019-11-28T12:49:14.653+0800: 5443.185: [GC pause (G1 Evacuation Pause) (young), 0.0176726 secs]
   [Parallel Time: 16.9 ms, GC Workers: 4]
      [GC Worker Start (ms): Min: 5443185.5, Avg: 5443185.5, Max: 5443185.5, Diff: 0.0]
      [Ext Root Scanning (ms): Min: 2.0, Avg: 2.0, Max: 2.1, Diff: 0.1, Sum: 8.0]
      [Update RS (ms): Min: 1.2, Avg: 1.8, Max: 2.9, Diff: 1.6, Sum: 7.3]
         [Processed Buffers: Min: 4, Avg: 10.2, Max: 20, Diff: 16, Sum: 41]
      [Scan RS (ms): Min: 1.1, Avg: 2.3, Max: 2.9, Diff: 1.7, Sum: 9.3]
      [Code Root Scanning (ms): Min: 0.0, Avg: 0.0, Max: 0.0, Diff: 0.0, Sum: 0.0]
      [Object Copy (ms): Min: 10.6, Avg: 10.7, Max: 10.8, Diff: 0.2, Sum: 42.8]
      [Termination (ms): Min: 0.0, Avg: 0.0, Max: 0.0, Diff: 0.0, Sum: 0.0]
         [Termination Attempts: Min: 1, Avg: 1.2, Max: 2, Diff: 1, Sum: 5]
      [GC Worker Other (ms): Min: 0.0, Avg: 0.0, Max: 0.0, Diff: 0.0, Sum: 0.1]
      [GC Worker Total (ms): Min: 16.8, Avg: 16.9, Max: 16.9, Diff: 0.0, Sum: 67.5]
      [GC Worker End (ms): Min: 5443202.4, Avg: 5443202.4, Max: 5443202.4, Diff: 0.0]
   [Code Root Fixup: 0.0 ms]
   [Code Root Purge: 0.0 ms]
   [Clear CT: 0.1 ms]
   [Other: 0.7 ms]
      [Choose CSet: 0.0 ms]
      [Ref Proc: 0.3 ms]
      [Ref Enq: 0.0 ms]
      [Redirty Cards: 0.1 ms]
      [Humongous Register: 0.0 ms]
      [Humongous Reclaim: 0.0 ms]
      [Free CSet: 0.0 ms]
   [Eden: 44.0M(44.0M)->0.0B(45.0M) Survivors: 7168.0K->6144.0K Heap: 334.7M(1024.0M)->292.3M(1024.0M)]
 [Times: user=0.06 sys=0.01, real=0.02 secs] 
2019-11-28T12:49:58.271+0800: 5486.801: [GC pause (G1 Evacuation Pause) (young), 0.0230860 secs]
   [Parallel Time: 22.4 ms, GC Workers: 4]
      [GC Worker Start (ms): Min: 5486801.7, Avg: 5486801.7, Max: 5486801.7, Diff: 0.0]
      [Ext Root Scanning (ms): Min: 0.4, Avg: 0.4, Max: 0.5, Diff: 0.1, Sum: 1.8]
      [Update RS (ms): Min: 4.3, Avg: 5.1, Max: 6.4, Diff: 2.2, Sum: 20.3]
         [Processed Buffers: Min: 1, Avg: 9.0, Max: 23, Diff: 22, Sum: 36]
      [Scan RS (ms): Min: 4.4, Avg: 5.1, Max: 5.5, Diff: 1.1, Sum: 20.6]
      [Code Root Scanning (ms): Min: 0.0, Avg: 0.0, Max: 0.0, Diff: 0.0, Sum: 0.0]
      [Object Copy (ms): Min: 10.1, Avg: 10.7, Max: 11.4, Diff: 1.3, Sum: 43.0]
      [Termination (ms): Min: 0.0, Avg: 0.7, Max: 1.0, Diff: 1.0, Sum: 2.8]
         [Termination Attempts: Min: 1, Avg: 1.0, Max: 1, Diff: 0, Sum: 4]
      [GC Worker Other (ms): Min: 0.0, Avg: 0.0, Max: 0.0, Diff: 0.0, Sum: 0.1]
      [GC Worker Total (ms): Min: 21.5, Avg: 22.1, Max: 22.4, Diff: 0.9, Sum: 88.5]
      [GC Worker End (ms): Min: 5486823.2, Avg: 5486823.8, Max: 5486824.1, Diff: 0.9]
   [Code Root Fixup: 0.0 ms]
   [Code Root Purge: 0.0 ms]
   [Clear CT: 0.1 ms]
   [Other: 0.6 ms]
      [Choose CSet: 0.0 ms]
      [Ref Proc: 0.1 ms]
      [Ref Enq: 0.0 ms]
      [Redirty Cards: 0.1 ms]
      [Humongous Register: 0.1 ms]
      [Humongous Reclaim: 0.0 ms]
      [Free CSet: 0.1 ms]
   [Eden: 45.0M(45.0M)->0.0B(46.0M) Survivors: 6144.0K->5120.0K Heap: 337.3M(1024.0M)->293.4M(1024.0M)]
 [Times: user=0.05 sys=0.02, real=0.02 secs] 
2019-11-28T12:50:43.245+0800: 5531.775: [GC pause (G1 Evacuation Pause) (young), 0.0159393 secs]
   [Parallel Time: 15.4 ms, GC Workers: 4]
      [GC Worker Start (ms): Min: 5531775.6, Avg: 5531775.6, Max: 5531775.7, Diff: 0.1]
      [Ext Root Scanning (ms): Min: 2.0, Avg: 2.1, Max: 2.1, Diff: 0.1, Sum: 8.3]
      [Update RS (ms): Min: 1.5, Avg: 1.8, Max: 2.3, Diff: 0.8, Sum: 7.2]
         [Processed Buffers: Min: 0, Avg: 9.0, Max: 23, Diff: 23, Sum: 36]
      [Scan RS (ms): Min: 1.4, Avg: 1.9, Max: 2.2, Diff: 0.8, Sum: 7.6]
      [Code Root Scanning (ms): Min: 0.0, Avg: 0.0, Max: 0.0, Diff: 0.0, Sum: 0.0]
      [Object Copy (ms): Min: 9.1, Avg: 9.1, Max: 9.1, Diff: 0.0, Sum: 36.6]
      [Termination (ms): Min: 0.0, Avg: 0.0, Max: 0.0, Diff: 0.0, Sum: 0.0]
         [Termination Attempts: Min: 1, Avg: 1.0, Max: 1, Diff: 0, Sum: 4]
      [GC Worker Other (ms): Min: 0.0, Avg: 0.0, Max: 0.0, Diff: 0.0, Sum: 0.1]
      [GC Worker Total (ms): Min: 14.9, Avg: 14.9, Max: 15.0, Diff: 0.1, Sum: 59.7]
      [GC Worker End (ms): Min: 5531790.5, Avg: 5531790.6, Max: 5531790.6, Diff: 0.0]
   [Code Root Fixup: 0.0 ms]
   [Code Root Purge: 0.0 ms]
   [Clear CT: 0.1 ms]
   [Other: 0.4 ms]
      [Choose CSet: 0.0 ms]
      [Ref Proc: 0.1 ms]
      [Ref Enq: 0.0 ms]
      [Redirty Cards: 0.1 ms]
      [Humongous Register: 0.0 ms]
      [Humongous Reclaim: 0.0 ms]
      [Free CSet: 0.1 ms]
   [Eden: 46.0M(46.0M)->0.0B(45.0M) Survivors: 5120.0K->6144.0K Heap: 339.4M(1024.0M)->294.9M(1024.0M)]
 [Times: user=0.05 sys=0.00, real=0.02 secs] 
2019-11-28T12:51:26.941+0800: 5575.470: [GC pause (G1 Evacuation Pause) (young), 0.0248896 secs]
   [Parallel Time: 24.1 ms, GC Workers: 4]
      [GC Worker Start (ms): Min: 5575470.0, Avg: 5575470.1, Max: 5575470.3, Diff: 0.4]
      [Ext Root Scanning (ms): Min: 0.7, Avg: 0.9, Max: 1.1, Diff: 0.4, Sum: 3.5]
      [Update RS (ms): Min: 0.0, Avg: 1.5, Max: 2.1, Diff: 2.1, Sum: 6.0]
         [Processed Buffers: Min: 0, Avg: 8.2, Max: 17, Diff: 17, Sum: 33]
      [Scan RS (ms): Min: 1.7, Avg: 2.1, Max: 2.6, Diff: 1.0, Sum: 8.4]
      [Code Root Scanning (ms): Min: 0.0, Avg: 0.0, Max: 0.0, Diff: 0.0, Sum: 0.0]
      [Object Copy (ms): Min: 18.3, Avg: 19.3, Max: 21.2, Diff: 2.9, Sum: 77.1]
      [Termination (ms): Min: 0.0, Avg: 0.1, Max: 0.1, Diff: 0.1, Sum: 0.3]
         [Termination Attempts: Min: 1, Avg: 1.0, Max: 1, Diff: 0, Sum: 4]
      [GC Worker Other (ms): Min: 0.0, Avg: 0.0, Max: 0.0, Diff: 0.0, Sum: 0.1]
      [GC Worker Total (ms): Min: 23.7, Avg: 23.9, Max: 24.0, Diff: 0.4, Sum: 95.4]
      [GC Worker End (ms): Min: 5575494.0, Avg: 5575494.0, Max: 5575494.0, Diff: 0.0]
   [Code Root Fixup: 0.0 ms]
   [Code Root Purge: 0.0 ms]
   [Clear CT: 0.1 ms]
   [Other: 0.7 ms]
      [Choose CSet: 0.0 ms]
      [Ref Proc: 0.1 ms]
      [Ref Enq: 0.0 ms]
      [Redirty Cards: 0.1 ms]
      [Humongous Register: 0.1 ms]
      [Humongous Reclaim: 0.0 ms]
      [Free CSet: 0.1 ms]
   [Eden: 45.0M(45.0M)->0.0B(44.0M) Survivors: 6144.0K->7168.0K Heap: 339.9M(1024.0M)->297.1M(1024.0M)]
 [Times: user=0.06 sys=0.00, real=0.02 secs] 
2019-11-28T12:52:09.424+0800: 5617.951: [GC pause (G1 Evacuation Pause) (young), 0.0276956 secs]
   [Parallel Time: 27.1 ms, GC Workers: 4]
      [GC Worker Start (ms): Min: 5617950.8, Avg: 5617950.8, Max: 5617950.9, Diff: 0.1]
      [Ext Root Scanning (ms): Min: 6.8, Avg: 7.2, Max: 8.1, Diff: 1.3, Sum: 28.8]
      [Update RS (ms): Min: 2.0, Avg: 3.0, Max: 3.4, Diff: 1.4, Sum: 12.0]
         [Processed Buffers: Min: 5, Avg: 9.8, Max: 19, Diff: 14, Sum: 39]
      [Scan RS (ms): Min: 3.0, Avg: 4.1, Max: 5.6, Diff: 2.7, Sum: 16.6]
      [Code Root Scanning (ms): Min: 0.0, Avg: 0.0, Max: 0.0, Diff: 0.0, Sum: 0.0]
      [Object Copy (ms): Min: 11.1, Avg: 12.6, Max: 13.7, Diff: 2.6, Sum: 50.4]
      [Termination (ms): Min: 0.0, Avg: 0.1, Max: 0.1, Diff: 0.1, Sum: 0.3]
         [Termination Attempts: Min: 1, Avg: 1.0, Max: 1, Diff: 0, Sum: 4]
      [GC Worker Other (ms): Min: 0.0, Avg: 0.0, Max: 0.0, Diff: 0.0, Sum: 0.1]
      [GC Worker Total (ms): Min: 26.9, Avg: 27.0, Max: 27.0, Diff: 0.1, Sum: 108.0]
      [GC Worker End (ms): Min: 5617977.8, Avg: 5617977.8, Max: 5617977.8, Diff: 0.0]
   [Code Root Fixup: 0.0 ms]
   [Code Root Purge: 0.0 ms]
   [Clear CT: 0.1 ms]
   [Other: 0.5 ms]
      [Choose CSet: 0.0 ms]
      [Ref Proc: 0.2 ms]
      [Ref Enq: 0.0 ms]
      [Redirty Cards: 0.1 ms]
      [Humongous Register: 0.0 ms]
      [Humongous Reclaim: 0.0 ms]
      [Free CSet: 0.0 ms]
   [Eden: 44.0M(44.0M)->0.0B(46.0M) Survivors: 7168.0K->5120.0K Heap: 341.1M(1024.0M)->297.3M(1024.0M)]
 [Times: user=0.05 sys=0.00, real=0.09 secs] 
2019-11-28T12:52:53.974+0800: 5662.499: [GC pause (G1 Evacuation Pause) (young), 0.0469368 secs]
   [Parallel Time: 46.2 ms, GC Workers: 4]
      [GC Worker Start (ms): Min: 5662500.3, Avg: 5662520.1, Max: 5662537.2, Diff: 36.9]
      [Ext Root Scanning (ms): Min: 0.0, Avg: 0.4, Max: 1.6, Diff: 1.6, Sum: 1.7]
      [Update RS (ms): Min: 0.0, Avg: 2.5, Max: 10.2, Diff: 10.2, Sum: 10.2]
         [Processed Buffers: Min: 0, Avg: 10.0, Max: 40, Diff: 40, Sum: 40]
      [Scan RS (ms): Min: 0.1, Avg: 8.5, Max: 28.1, Diff: 28.0, Sum: 34.0]
      [Code Root Scanning (ms): Min: 0.0, Avg: 0.0, Max: 0.0, Diff: 0.0, Sum: 0.0]
      [Object Copy (ms): Min: 5.3, Avg: 14.0, Max: 21.3, Diff: 15.9, Sum: 55.8]
      [Termination (ms): Min: 0.0, Avg: 0.1, Max: 0.3, Diff: 0.3, Sum: 0.6]
         [Termination Attempts: Min: 1, Avg: 1.2, Max: 2, Diff: 1, Sum: 5]
      [GC Worker Other (ms): Min: 0.0, Avg: 0.0, Max: 0.1, Diff: 0.0, Sum: 0.1]
      [GC Worker Total (ms): Min: 8.5, Avg: 25.6, Max: 45.5, Diff: 37.0, Sum: 102.4]
      [GC Worker End (ms): Min: 5662545.7, Avg: 5662545.7, Max: 5662545.8, Diff: 0.1]
   [Code Root Fixup: 0.0 ms]
   [Code Root Purge: 0.0 ms]
   [Clear CT: 0.1 ms]
   [Other: 0.6 ms]
      [Choose CSet: 0.0 ms]
      [Ref Proc: 0.1 ms]
      [Ref Enq: 0.0 ms]
      [Redirty Cards: 0.2 ms]
      [Humongous Register: 0.0 ms]
      [Humongous Reclaim: 0.0 ms]
      [Free CSet: 0.1 ms]
   [Eden: 46.0M(46.0M)->0.0B(46.0M) Survivors: 5120.0K->5120.0K Heap: 343.3M(1024.0M)->299.4M(1024.0M)]
 [Times: user=0.04 sys=0.00, real=0.05 secs] 
2019-11-28T12:53:38.467+0800: 5706.992: [GC pause (G1 Evacuation Pause) (young), 0.0174740 secs]
   [Parallel Time: 16.7 ms, GC Workers: 4]
      [GC Worker Start (ms): Min: 5706991.6, Avg: 5706991.6, Max: 5706991.7, Diff: 0.0]
      [Ext Root Scanning (ms): Min: 0.8, Avg: 1.7, Max: 3.3, Diff: 2.6, Sum: 6.9]
      [Update RS (ms): Min: 0.9, Avg: 2.9, Max: 3.7, Diff: 2.9, Sum: 11.6]
         [Processed Buffers: Min: 0, Avg: 9.0, Max: 17, Diff: 17, Sum: 36]
      [Scan RS (ms): Min: 1.9, Avg: 3.5, Max: 5.2, Diff: 3.3, Sum: 14.0]
      [Code Root Scanning (ms): Min: 0.0, Avg: 0.0, Max: 0.0, Diff: 0.0, Sum: 0.0]
      [Object Copy (ms): Min: 7.2, Avg: 8.5, Max: 8.9, Diff: 1.7, Sum: 33.9]
      [Termination (ms): Min: 0.0, Avg: 0.0, Max: 0.0, Diff: 0.0, Sum: 0.0]
         [Termination Attempts: Min: 1, Avg: 1.0, Max: 1, Diff: 0, Sum: 4]
      [GC Worker Other (ms): Min: 0.0, Avg: 0.0, Max: 0.0, Diff: 0.0, Sum: 0.1]
      [GC Worker Total (ms): Min: 16.6, Avg: 16.6, Max: 16.6, Diff: 0.0, Sum: 66.5]
      [GC Worker End (ms): Min: 5707008.3, Avg: 5707008.3, Max: 5707008.3, Diff: 0.0]
   [Code Root Fixup: 0.0 ms]
   [Code Root Purge: 0.0 ms]
   [Clear CT: 0.1 ms]
   [Other: 0.7 ms]
      [Choose CSet: 0.0 ms]
      [Ref Proc: 0.3 ms]
      [Ref Enq: 0.0 ms]
      [Redirty Cards: 0.1 ms]
      [Humongous Register: 0.0 ms]
      [Humongous Reclaim: 0.0 ms]
      [Free CSet: 0.1 ms]
   [Eden: 46.0M(46.0M)->0.0B(46.0M) Survivors: 5120.0K->5120.0K Heap: 345.4M(1024.0M)->300.8M(1024.0M)]
 [Times: user=0.05 sys=0.01, real=0.02 secs] 
2019-11-28T12:54:22.877+0800: 5751.400: [GC pause (G1 Evacuation Pause) (young), 0.0150924 secs]
   [Parallel Time: 13.7 ms, GC Workers: 4]
      [GC Worker Start (ms): Min: 5751400.1, Avg: 5751400.1, Max: 5751400.2, Diff: 0.0]
      [Ext Root Scanning (ms): Min: 0.5, Avg: 0.5, Max: 0.6, Diff: 0.1, Sum: 2.1]
      [Update RS (ms): Min: 1.1, Avg: 1.1, Max: 1.2, Diff: 0.1, Sum: 4.5]
         [Processed Buffers: Min: 4, Avg: 8.5, Max: 20, Diff: 16, Sum: 34]
      [Scan RS (ms): Min: 2.1, Avg: 2.2, Max: 2.3, Diff: 0.2, Sum: 8.6]
      [Code Root Scanning (ms): Min: 0.0, Avg: 0.0, Max: 0.0, Diff: 0.0, Sum: 0.0]
      [Object Copy (ms): Min: 9.4, Avg: 9.6, Max: 9.8, Diff: 0.4, Sum: 38.4]
      [Termination (ms): Min: 0.0, Avg: 0.1, Max: 0.2, Diff: 0.2, Sum: 0.4]
         [Termination Attempts: Min: 1, Avg: 1.0, Max: 1, Diff: 0, Sum: 4]
      [GC Worker Other (ms): Min: 0.0, Avg: 0.0, Max: 0.0, Diff: 0.0, Sum: 0.1]
      [GC Worker Total (ms): Min: 13.5, Avg: 13.5, Max: 13.6, Diff: 0.2, Sum: 54.1]
      [GC Worker End (ms): Min: 5751413.6, Avg: 5751413.7, Max: 5751413.8, Diff: 0.2]
   [Code Root Fixup: 0.0 ms]
   [Code Root Purge: 0.0 ms]
   [Clear CT: 0.1 ms]
   [Other: 1.3 ms]
      [Choose CSet: 0.0 ms]
      [Ref Proc: 1.0 ms]
      [Ref Enq: 0.0 ms]
      [Redirty Cards: 0.1 ms]
      [Humongous Register: 0.0 ms]
      [Humongous Reclaim: 0.0 ms]
      [Free CSet: 0.1 ms]
   [Eden: 46.0M(46.0M)->0.0B(45.0M) Survivors: 5120.0K->6144.0K Heap: 346.8M(1024.0M)->301.8M(1024.0M)]
 [Times: user=0.04 sys=0.00, real=0.02 secs] 
2019-11-28T12:55:06.697+0800: 5795.219: [GC pause (G1 Evacuation Pause) (young), 0.0694085 secs]
   [Parallel Time: 63.2 ms, GC Workers: 4]
      [GC Worker Start (ms): Min: 5795222.6, Avg: 5795226.4, Max: 5795228.7, Diff: 6.1]
      [Ext Root Scanning (ms): Min: 0.0, Avg: 11.0, Max: 18.3, Diff: 18.3, Sum: 44.1]
      [Update RS (ms): Min: 2.2, Avg: 9.3, Max: 16.0, Diff: 13.8, Sum: 37.1]
         [Processed Buffers: Min: 0, Avg: 8.2, Max: 26, Diff: 26, Sum: 33]
      [Scan RS (ms): Min: 0.0, Avg: 2.9, Max: 6.2, Diff: 6.2, Sum: 11.5]
      [Code Root Scanning (ms): Min: 0.0, Avg: 0.0, Max: 0.1, Diff: 0.1, Sum: 0.1]
      [Object Copy (ms): Min: 32.8, Avg: 33.3, Max: 33.7, Diff: 0.9, Sum: 133.2]
      [Termination (ms): Min: 0.0, Avg: 0.0, Max: 0.0, Diff: 0.0, Sum: 0.0]
         [Termination Attempts: Min: 1, Avg: 1.0, Max: 1, Diff: 0, Sum: 4]
      [GC Worker Other (ms): Min: 0.0, Avg: 2.8, Max: 11.0, Diff: 11.0, Sum: 11.1]
      [GC Worker Total (ms): Min: 56.9, Avg: 59.3, Max: 63.0, Diff: 6.1, Sum: 237.0]
      [GC Worker End (ms): Min: 5795285.6, Avg: 5795285.6, Max: 5795285.6, Diff: 0.0]
   [Code Root Fixup: 0.0 ms]
   [Code Root Purge: 0.0 ms]
   [Clear CT: 0.2 ms]
   [Other: 6.1 ms]
      [Choose CSet: 0.0 ms]
      [Ref Proc: 2.1 ms]
      [Ref Enq: 0.0 ms]
      [Redirty Cards: 0.1 ms]
      [Humongous Register: 2.3 ms]
      [Humongous Reclaim: 0.0 ms]
      [Free CSet: 0.3 ms]
   [Eden: 45.0M(45.0M)->0.0B(44.0M) Survivors: 6144.0K->7168.0K Heap: 346.8M(1024.0M)->304.0M(1024.0M)]
 [Times: user=0.06 sys=0.04, real=0.07 secs] 
2019-11-28T12:55:49.071+0800: 5837.592: [GC pause (G1 Evacuation Pause) (young), 0.0174551 secs]
   [Parallel Time: 16.6 ms, GC Workers: 4]
      [GC Worker Start (ms): Min: 5837591.9, Avg: 5837591.9, Max: 5837592.1, Diff: 0.2]
      [Ext Root Scanning (ms): Min: 0.4, Avg: 0.6, Max: 0.7, Diff: 0.3, Sum: 2.4]
      [Update RS (ms): Min: 1.1, Avg: 1.3, Max: 1.4, Diff: 0.3, Sum: 5.3]
         [Processed Buffers: Min: 5, Avg: 9.5, Max: 19, Diff: 14, Sum: 38]
      [Scan RS (ms): Min: 2.8, Avg: 3.2, Max: 3.9, Diff: 1.1, Sum: 12.9]
      [Code Root Scanning (ms): Min: 0.0, Avg: 0.0, Max: 0.0, Diff: 0.0, Sum: 0.0]
      [Object Copy (ms): Min: 10.5, Avg: 11.2, Max: 11.5, Diff: 1.1, Sum: 44.8]
      [Termination (ms): Min: 0.0, Avg: 0.0, Max: 0.0, Diff: 0.0, Sum: 0.0]
         [Termination Attempts: Min: 1, Avg: 2.2, Max: 4, Diff: 3, Sum: 9]
      [GC Worker Other (ms): Min: 0.0, Avg: 0.1, Max: 0.1, Diff: 0.1, Sum: 0.2]
      [GC Worker Total (ms): Min: 16.3, Avg: 16.4, Max: 16.5, Diff: 0.2, Sum: 65.7]
      [GC Worker End (ms): Min: 5837608.3, Avg: 5837608.4, Max: 5837608.4, Diff: 0.1]
   [Code Root Fixup: 0.0 ms]
   [Code Root Purge: 0.0 ms]
   [Clear CT: 0.1 ms]
   [Other: 0.7 ms]
      [Choose CSet: 0.0 ms]
      [Ref Proc: 0.3 ms]
      [Ref Enq: 0.0 ms]
      [Redirty Cards: 0.1 ms]
      [Humongous Register: 0.0 ms]
      [Humongous Reclaim: 0.0 ms]
      [Free CSet: 0.0 ms]
   [Eden: 44.0M(44.0M)->0.0B(46.0M) Survivors: 7168.0K->5120.0K Heap: 348.0M(1024.0M)->305.6M(1024.0M)]
 [Times: user=0.05 sys=0.00, real=0.01 secs] 
2019-11-28T12:56:33.348+0800: 5881.867: [GC pause (G1 Evacuation Pause) (young), 0.0181428 secs]
   [Parallel Time: 15.9 ms, GC Workers: 4]
      [GC Worker Start (ms): Min: 5881867.2, Avg: 5881867.2, Max: 5881867.3, Diff: 0.0]
      [Ext Root Scanning (ms): Min: 0.4, Avg: 0.5, Max: 0.5, Diff: 0.1, Sum: 1.9]
      [Update RS (ms): Min: 1.2, Avg: 1.3, Max: 1.5, Diff: 0.3, Sum: 5.2]
         [Processed Buffers: Min: 1, Avg: 9.5, Max: 25, Diff: 24, Sum: 38]
      [Scan RS (ms): Min: 1.9, Avg: 2.5, Max: 3.3, Diff: 1.4, Sum: 9.9]
      [Code Root Scanning (ms): Min: 0.0, Avg: 0.0, Max: 0.0, Diff: 0.0, Sum: 0.0]
      [Object Copy (ms): Min: 8.6, Avg: 9.2, Max: 9.5, Diff: 0.9, Sum: 36.8]
      [Termination (ms): Min: 0.0, Avg: 1.6, Max: 2.4, Diff: 2.4, Sum: 6.3]
         [Termination Attempts: Min: 1, Avg: 1.8, Max: 4, Diff: 3, Sum: 7]
      [GC Worker Other (ms): Min: 0.0, Avg: 0.0, Max: 0.0, Diff: 0.0, Sum: 0.1]
      [GC Worker Total (ms): Min: 13.5, Avg: 15.0, Max: 15.8, Diff: 2.3, Sum: 60.1]
      [GC Worker End (ms): Min: 5881880.8, Avg: 5881882.3, Max: 5881883.1, Diff: 2.3]
   [Code Root Fixup: 0.0 ms]
   [Code Root Purge: 0.0 ms]
   [Clear CT: 0.1 ms]
   [Other: 2.2 ms]
      [Choose CSet: 0.0 ms]
      [Ref Proc: 0.1 ms]
      [Ref Enq: 0.0 ms]
      [Redirty Cards: 0.1 ms]
      [Humongous Register: 0.0 ms]
      [Humongous Reclaim: 0.1 ms]
      [Free CSet: 1.7 ms]
   [Eden: 46.0M(46.0M)->0.0B(46.0M) Survivors: 5120.0K->5120.0K Heap: 351.6M(1024.0M)->307.9M(1024.0M)]
 [Times: user=0.04 sys=0.00, real=0.02 secs] 
2019-11-28T12:57:17.582+0800: 5926.100: [GC pause (G1 Evacuation Pause) (young), 0.0227320 secs]
   [Parallel Time: 21.2 ms, GC Workers: 4]
      [GC Worker Start (ms): Min: 5926100.7, Avg: 5926100.8, Max: 5926101.0, Diff: 0.3]
      [Ext Root Scanning (ms): Min: 0.7, Avg: 0.9, Max: 1.1, Diff: 0.4, Sum: 3.6]
      [Update RS (ms): Min: 3.5, Avg: 3.7, Max: 4.3, Diff: 0.8, Sum: 14.9]
         [Processed Buffers: Min: 6, Avg: 9.2, Max: 13, Diff: 7, Sum: 37]
      [Scan RS (ms): Min: 2.6, Avg: 3.4, Max: 4.3, Diff: 1.7, Sum: 13.6]
      [Code Root Scanning (ms): Min: 0.0, Avg: 0.0, Max: 0.0, Diff: 0.0, Sum: 0.0]
      [Object Copy (ms): Min: 12.0, Avg: 12.8, Max: 13.1, Diff: 1.1, Sum: 51.1]
      [Termination (ms): Min: 0.0, Avg: 0.1, Max: 0.2, Diff: 0.2, Sum: 0.4]
         [Termination Attempts: Min: 1, Avg: 1.0, Max: 1, Diff: 0, Sum: 4]
      [GC Worker Other (ms): Min: 0.0, Avg: 0.0, Max: 0.1, Diff: 0.0, Sum: 0.2]
      [GC Worker Total (ms): Min: 20.8, Avg: 20.9, Max: 21.1, Diff: 0.3, Sum: 83.8]
      [GC Worker End (ms): Min: 5926121.7, Avg: 5926121.7, Max: 5926121.8, Diff: 0.1]
   [Code Root Fixup: 0.0 ms]
   [Code Root Purge: 0.0 ms]
   [Clear CT: 0.2 ms]
   [Other: 1.4 ms]
      [Choose CSet: 0.0 ms]
      [Ref Proc: 0.5 ms]
      [Ref Enq: 0.0 ms]
      [Redirty Cards: 0.1 ms]
      [Humongous Register: 0.2 ms]
      [Humongous Reclaim: 0.0 ms]
      [Free CSet: 0.1 ms]
   [Eden: 46.0M(46.0M)->0.0B(45.0M) Survivors: 5120.0K->6144.0K Heap: 353.9M(1024.0M)->308.4M(1024.0M)]
 [Times: user=0.05 sys=0.01, real=0.02 secs] 
2019-11-28T12:58:01.074+0800: 5969.590: [GC pause (G1 Evacuation Pause) (young), 0.0238119 secs]
   [Parallel Time: 23.0 ms, GC Workers: 4]
      [GC Worker Start (ms): Min: 5969590.5, Avg: 5969590.5, Max: 5969590.5, Diff: 0.1]
      [Ext Root Scanning (ms): Min: 1.3, Avg: 1.3, Max: 1.3, Diff: 0.1, Sum: 5.1]
      [Update RS (ms): Min: 2.9, Avg: 3.2, Max: 3.4, Diff: 0.4, Sum: 12.8]
         [Processed Buffers: Min: 2, Avg: 7.5, Max: 13, Diff: 11, Sum: 30]
      [Scan RS (ms): Min: 3.1, Avg: 3.6, Max: 4.8, Diff: 1.7, Sum: 14.4]
      [Code Root Scanning (ms): Min: 0.0, Avg: 0.0, Max: 0.0, Diff: 0.0, Sum: 0.0]
      [Object Copy (ms): Min: 13.7, Avg: 14.1, Max: 15.2, Diff: 1.5, Sum: 56.6]
      [Termination (ms): Min: 0.0, Avg: 0.7, Max: 1.4, Diff: 1.4, Sum: 2.8]
         [Termination Attempts: Min: 1, Avg: 1.0, Max: 1, Diff: 0, Sum: 4]
      [GC Worker Other (ms): Min: 0.0, Avg: 0.0, Max: 0.1, Diff: 0.0, Sum: 0.1]
      [GC Worker Total (ms): Min: 22.9, Avg: 23.0, Max: 23.0, Diff: 0.1, Sum: 91.9]
      [GC Worker End (ms): Min: 5969613.5, Avg: 5969613.5, Max: 5969613.5, Diff: 0.0]
   [Code Root Fixup: 0.0 ms]
   [Code Root Purge: 0.0 ms]
   [Clear CT: 0.1 ms]
   [Other: 0.7 ms]
      [Choose CSet: 0.0 ms]
      [Ref Proc: 0.2 ms]
      [Ref Enq: 0.0 ms]
      [Redirty Cards: 0.1 ms]
      [Humongous Register: 0.1 ms]
      [Humongous Reclaim: 0.0 ms]
      [Free CSet: 0.1 ms]
   [Eden: 45.0M(45.0M)->0.0B(44.0M) Survivors: 6144.0K->7168.0K Heap: 353.4M(1024.0M)->311.1M(1024.0M)]
 [Times: user=0.06 sys=0.02, real=0.02 secs] 
2019-11-28T12:58:44.237+0800: 6012.752: [GC pause (G1 Evacuation Pause) (young), 0.0351296 secs]
   [Parallel Time: 31.4 ms, GC Workers: 4]
      [GC Worker Start (ms): Min: 6012755.0, Avg: 6012755.1, Max: 6012755.2, Diff: 0.1]
      [Ext Root Scanning (ms): Min: 4.3, Avg: 5.0, Max: 6.4, Diff: 2.1, Sum: 19.8]
      [Update RS (ms): Min: 5.6, Avg: 6.9, Max: 7.5, Diff: 1.9, Sum: 27.7]
         [Processed Buffers: Min: 1, Avg: 9.0, Max: 13, Diff: 12, Sum: 36]
      [Scan RS (ms): Min: 3.6, Avg: 4.1, Max: 5.1, Diff: 1.5, Sum: 16.2]
      [Code Root Scanning (ms): Min: 0.0, Avg: 0.0, Max: 0.0, Diff: 0.0, Sum: 0.0]
      [Object Copy (ms): Min: 14.2, Avg: 15.3, Max: 15.6, Diff: 1.4, Sum: 61.1]
      [Termination (ms): Min: 0.0, Avg: 0.0, Max: 0.0, Diff: 0.0, Sum: 0.0]
         [Termination Attempts: Min: 1, Avg: 1.8, Max: 2, Diff: 1, Sum: 7]
      [GC Worker Other (ms): Min: 0.0, Avg: 0.0, Max: 0.1, Diff: 0.1, Sum: 0.2]
      [GC Worker Total (ms): Min: 31.2, Avg: 31.3, Max: 31.3, Diff: 0.1, Sum: 125.1]
      [GC Worker End (ms): Min: 6012786.4, Avg: 6012786.4, Max: 6012786.4, Diff: 0.0]
   [Code Root Fixup: 0.0 ms]
   [Code Root Purge: 0.0 ms]
   [Clear CT: 0.2 ms]
   [Other: 3.6 ms]
      [Choose CSet: 0.0 ms]
      [Ref Proc: 0.1 ms]
      [Ref Enq: 0.0 ms]
      [Redirty Cards: 0.1 ms]
      [Humongous Register: 2.5 ms]
      [Humongous Reclaim: 0.0 ms]
      [Free CSet: 0.2 ms]
   [Eden: 44.0M(44.0M)->0.0B(46.0M) Survivors: 7168.0K->5120.0K Heap: 355.1M(1024.0M)->311.6M(1024.0M)]
 [Times: user=0.06 sys=0.05, real=0.04 secs] 
2019-11-28T12:59:28.667+0800: 6057.181: [GC pause (G1 Evacuation Pause) (young), 0.0322247 secs]
   [Parallel Time: 26.0 ms, GC Workers: 4]
      [GC Worker Start (ms): Min: 6057181.1, Avg: 6057181.1, Max: 6057181.1, Diff: 0.1]
      [Ext Root Scanning (ms): Min: 1.1, Avg: 1.2, Max: 1.2, Diff: 0.1, Sum: 4.6]
      [Update RS (ms): Min: 3.0, Avg: 3.1, Max: 3.2, Diff: 0.2, Sum: 12.4]
         [Processed Buffers: Min: 3, Avg: 8.5, Max: 19, Diff: 16, Sum: 34]
      [Scan RS (ms): Min: 4.5, Avg: 4.8, Max: 5.1, Diff: 0.6, Sum: 19.1]
      [Code Root Scanning (ms): Min: 0.0, Avg: 0.0, Max: 0.0, Diff: 0.0, Sum: 0.0]
      [Object Copy (ms): Min: 16.1, Avg: 16.5, Max: 16.7, Diff: 0.6, Sum: 66.1]
      [Termination (ms): Min: 0.0, Avg: 0.1, Max: 0.1, Diff: 0.1, Sum: 0.3]
         [Termination Attempts: Min: 1, Avg: 1.5, Max: 2, Diff: 1, Sum: 6]
      [GC Worker Other (ms): Min: 0.0, Avg: 0.0, Max: 0.0, Diff: 0.0, Sum: 0.1]
      [GC Worker Total (ms): Min: 25.6, Avg: 25.7, Max: 25.7, Diff: 0.1, Sum: 102.6]
      [GC Worker End (ms): Min: 6057206.7, Avg: 6057206.7, Max: 6057206.8, Diff: 0.0]
   [Code Root Fixup: 0.0 ms]
   [Code Root Purge: 0.0 ms]
   [Clear CT: 2.0 ms]
   [Other: 4.2 ms]
      [Choose CSet: 0.0 ms]
      [Ref Proc: 1.4 ms]
      [Ref Enq: 0.0 ms]
      [Redirty Cards: 1.2 ms]
      [Humongous Register: 0.2 ms]
      [Humongous Reclaim: 0.1 ms]
      [Free CSet: 0.5 ms]
   [Eden: 46.0M(46.0M)->0.0B(46.0M) Survivors: 5120.0K->5120.0K Heap: 357.6M(1024.0M)->313.9M(1024.0M)]
 [Times: user=0.05 sys=0.03, real=0.04 secs] 
2019-11-28T13:00:13.034+0800: 6101.547: [GC pause (G1 Evacuation Pause) (young), 0.0135131 secs]
   [Parallel Time: 12.8 ms, GC Workers: 4]
      [GC Worker Start (ms): Min: 6101547.0, Avg: 6101547.1, Max: 6101547.1, Diff: 0.1]
      [Ext Root Scanning (ms): Min: 0.7, Avg: 0.7, Max: 0.8, Diff: 0.1, Sum: 2.9]
      [Update RS (ms): Min: 1.2, Avg: 1.3, Max: 1.4, Diff: 0.2, Sum: 5.1]
         [Processed Buffers: Min: 1, Avg: 7.2, Max: 15, Diff: 14, Sum: 29]
      [Scan RS (ms): Min: 1.9, Avg: 2.1, Max: 2.2, Diff: 0.3, Sum: 8.4]
      [Code Root Scanning (ms): Min: 0.0, Avg: 0.0, Max: 0.0, Diff: 0.0, Sum: 0.0]
      [Object Copy (ms): Min: 8.5, Avg: 8.6, Max: 8.6, Diff: 0.1, Sum: 34.3]
      [Termination (ms): Min: 0.0, Avg: 0.0, Max: 0.0, Diff: 0.0, Sum: 0.0]
         [Termination Attempts: Min: 1, Avg: 1.0, Max: 1, Diff: 0, Sum: 4]
      [GC Worker Other (ms): Min: 0.0, Avg: 0.0, Max: 0.1, Diff: 0.0, Sum: 0.1]
      [GC Worker Total (ms): Min: 12.7, Avg: 12.7, Max: 12.7, Diff: 0.1, Sum: 50.8]
      [GC Worker End (ms): Min: 6101559.8, Avg: 6101559.8, Max: 6101559.8, Diff: 0.0]
   [Code Root Fixup: 0.0 ms]
   [Code Root Purge: 0.0 ms]
   [Clear CT: 0.1 ms]
   [Other: 0.6 ms]
      [Choose CSet: 0.0 ms]
      [Ref Proc: 0.1 ms]
      [Ref Enq: 0.0 ms]
      [Redirty Cards: 0.1 ms]
      [Humongous Register: 0.0 ms]
      [Humongous Reclaim: 0.0 ms]
      [Free CSet: 0.1 ms]
   [Eden: 46.0M(46.0M)->0.0B(46.0M) Survivors: 5120.0K->5120.0K Heap: 359.9M(1024.0M)->314.8M(1024.0M)]
 [Times: user=0.05 sys=0.00, real=0.01 secs] 
2019-11-28T13:00:56.960+0800: 6145.471: [GC pause (G1 Evacuation Pause) (young), 0.0160670 secs]
   [Parallel Time: 15.4 ms, GC Workers: 4]
      [GC Worker Start (ms): Min: 6145471.1, Avg: 6145471.2, Max: 6145471.2, Diff: 0.1]
      [Ext Root Scanning (ms): Min: 1.0, Avg: 1.8, Max: 4.0, Diff: 3.0, Sum: 7.2]
      [Update RS (ms): Min: 0.0, Avg: 1.6, Max: 2.2, Diff: 2.2, Sum: 6.3]
         [Processed Buffers: Min: 0, Avg: 7.5, Max: 14, Diff: 14, Sum: 30]
      [Scan RS (ms): Min: 1.2, Avg: 2.1, Max: 3.0, Diff: 1.9, Sum: 8.3]
      [Code Root Scanning (ms): Min: 0.0, Avg: 0.0, Max: 0.0, Diff: 0.0, Sum: 0.0]
      [Object Copy (ms): Min: 8.7, Avg: 9.4, Max: 9.7, Diff: 1.0, Sum: 37.6]
      [Termination (ms): Min: 0.0, Avg: 0.3, Max: 0.4, Diff: 0.4, Sum: 1.2]
         [Termination Attempts: Min: 1, Avg: 1.0, Max: 1, Diff: 0, Sum: 4]
      [GC Worker Other (ms): Min: 0.0, Avg: 0.0, Max: 0.0, Diff: 0.0, Sum: 0.1]
      [GC Worker Total (ms): Min: 15.0, Avg: 15.2, Max: 15.3, Diff: 0.4, Sum: 60.8]
      [GC Worker End (ms): Min: 6145486.2, Avg: 6145486.4, Max: 6145486.5, Diff: 0.3]
   [Code Root Fixup: 0.0 ms]
   [Code Root Purge: 0.0 ms]
   [Clear CT: 0.1 ms]
   [Other: 0.6 ms]
      [Choose CSet: 0.0 ms]
      [Ref Proc: 0.2 ms]
      [Ref Enq: 0.0 ms]
      [Redirty Cards: 0.0 ms]
      [Humongous Register: 0.0 ms]
      [Humongous Reclaim: 0.0 ms]
      [Free CSet: 0.0 ms]
   [Eden: 46.0M(46.0M)->0.0B(45.0M) Survivors: 5120.0K->6144.0K Heap: 360.8M(1024.0M)->315.8M(1024.0M)]
 [Times: user=0.05 sys=0.00, real=0.01 secs] 
2019-11-28T13:01:39.291+0800: 6187.801: [GC pause (G1 Evacuation Pause) (young), 0.0159452 secs]
   [Parallel Time: 15.4 ms, GC Workers: 4]
      [GC Worker Start (ms): Min: 6187801.3, Avg: 6187801.3, Max: 6187801.3, Diff: 0.0]
      [Ext Root Scanning (ms): Min: 0.6, Avg: 0.6, Max: 0.7, Diff: 0.1, Sum: 2.5]
      [Update RS (ms): Min: 1.8, Avg: 2.3, Max: 3.4, Diff: 1.5, Sum: 9.0]
         [Processed Buffers: Min: 2, Avg: 8.0, Max: 13, Diff: 11, Sum: 32]
      [Scan RS (ms): Min: 0.3, Avg: 1.4, Max: 1.8, Diff: 1.5, Sum: 5.7]
      [Code Root Scanning (ms): Min: 0.0, Avg: 0.0, Max: 0.0, Diff: 0.0, Sum: 0.0]
      [Object Copy (ms): Min: 10.9, Avg: 11.0, Max: 11.0, Diff: 0.1, Sum: 43.9]
      [Termination (ms): Min: 0.0, Avg: 0.0, Max: 0.0, Diff: 0.0, Sum: 0.0]
         [Termination Attempts: Min: 1, Avg: 1.0, Max: 1, Diff: 0, Sum: 4]
      [GC Worker Other (ms): Min: 0.0, Avg: 0.0, Max: 0.0, Diff: 0.0, Sum: 0.1]
      [GC Worker Total (ms): Min: 15.3, Avg: 15.3, Max: 15.3, Diff: 0.0, Sum: 61.3]
      [GC Worker End (ms): Min: 6187816.6, Avg: 6187816.6, Max: 6187816.6, Diff: 0.0]
   [Code Root Fixup: 0.0 ms]
   [Code Root Purge: 0.0 ms]
   [Clear CT: 0.1 ms]
   [Other: 0.5 ms]
      [Choose CSet: 0.0 ms]
      [Ref Proc: 0.1 ms]
      [Ref Enq: 0.0 ms]
      [Redirty Cards: 0.1 ms]
      [Humongous Register: 0.0 ms]
      [Humongous Reclaim: 0.0 ms]
      [Free CSet: 0.0 ms]
   [Eden: 45.0M(45.0M)->0.0B(44.0M) Survivors: 6144.0K->7168.0K Heap: 360.8M(1024.0M)->318.0M(1024.0M)]
 [Times: user=0.06 sys=0.00, real=0.01 secs] 
2019-11-28T13:02:21.501+0800: 6230.010: [GC pause (G1 Evacuation Pause) (young), 0.0183986 secs]
   [Parallel Time: 17.7 ms, GC Workers: 4]
      [GC Worker Start (ms): Min: 6230009.9, Avg: 6230009.9, Max: 6230010.1, Diff: 0.2]
      [Ext Root Scanning (ms): Min: 2.3, Avg: 2.5, Max: 2.6, Diff: 0.3, Sum: 9.8]
      [Update RS (ms): Min: 1.7, Avg: 2.0, Max: 3.0, Diff: 1.4, Sum: 8.1]
         [Processed Buffers: Min: 1, Avg: 7.8, Max: 16, Diff: 15, Sum: 31]
      [Scan RS (ms): Min: 0.9, Avg: 2.0, Max: 2.7, Diff: 1.9, Sum: 8.1]
      [Code Root Scanning (ms): Min: 0.0, Avg: 0.0, Max: 0.0, Diff: 0.0, Sum: 0.0]
      [Object Copy (ms): Min: 10.7, Avg: 11.0, Max: 11.2, Diff: 0.5, Sum: 44.1]
      [Termination (ms): Min: 0.0, Avg: 0.0, Max: 0.0, Diff: 0.0, Sum: 0.0]
         [Termination Attempts: Min: 1, Avg: 1.0, Max: 1, Diff: 0, Sum: 4]
      [GC Worker Other (ms): Min: 0.0, Avg: 0.0, Max: 0.0, Diff: 0.0, Sum: 0.1]
      [GC Worker Total (ms): Min: 17.4, Avg: 17.6, Max: 17.6, Diff: 0.2, Sum: 70.2]
      [GC Worker End (ms): Min: 6230027.5, Avg: 6230027.5, Max: 6230027.5, Diff: 0.0]
   [Code Root Fixup: 0.0 ms]
   [Code Root Purge: 0.0 ms]
   [Clear CT: 0.1 ms]
   [Other: 0.6 ms]
      [Choose CSet: 0.0 ms]
      [Ref Proc: 0.2 ms]
      [Ref Enq: 0.0 ms]
      [Redirty Cards: 0.1 ms]
      [Humongous Register: 0.0 ms]
      [Humongous Reclaim: 0.0 ms]
      [Free CSet: 0.0 ms]
   [Eden: 44.0M(44.0M)->0.0B(46.0M) Survivors: 7168.0K->5120.0K Heap: 362.0M(1024.0M)->319.6M(1024.0M)]
 [Times: user=0.05 sys=0.01, real=0.02 secs] 
2019-11-28T13:03:06.486+0800: 6274.993: [GC pause (G1 Evacuation Pause) (young), 0.0772879 secs]
   [Parallel Time: 45.6 ms, GC Workers: 4]
      [GC Worker Start (ms): Min: 6275024.3, Avg: 6275024.4, Max: 6275024.5, Diff: 0.2]
      [Ext Root Scanning (ms): Min: 3.4, Avg: 4.5, Max: 7.6, Diff: 4.2, Sum: 18.1]
      [Update RS (ms): Min: 0.7, Avg: 3.7, Max: 4.9, Diff: 4.2, Sum: 14.7]
         [Processed Buffers: Min: 5, Avg: 10.2, Max: 24, Diff: 19, Sum: 41]
      [Scan RS (ms): Min: 5.9, Avg: 6.2, Max: 6.4, Diff: 0.5, Sum: 24.8]
      [Code Root Scanning (ms): Min: 0.0, Avg: 0.0, Max: 0.0, Diff: 0.0, Sum: 0.0]
      [Object Copy (ms): Min: 16.4, Avg: 27.2, Max: 30.9, Diff: 14.5, Sum: 109.0]
      [Termination (ms): Min: 0.0, Avg: 3.6, Max: 14.5, Diff: 14.5, Sum: 14.6]
         [Termination Attempts: Min: 1, Avg: 1.0, Max: 1, Diff: 0, Sum: 4]
      [GC Worker Other (ms): Min: 0.0, Avg: 0.0, Max: 0.0, Diff: 0.0, Sum: 0.1]
      [GC Worker Total (ms): Min: 45.2, Avg: 45.3, Max: 45.4, Diff: 0.2, Sum: 181.3]
      [GC Worker End (ms): Min: 6275069.8, Avg: 6275069.8, Max: 6275069.8, Diff: 0.0]
   [Code Root Fixup: 0.0 ms]
   [Code Root Purge: 0.0 ms]
   [Clear CT: 0.0 ms]
   [Other: 31.7 ms]
      [Choose CSet: 0.0 ms]
      [Ref Proc: 0.1 ms]
      [Ref Enq: 0.0 ms]
      [Redirty Cards: 0.1 ms]
      [Humongous Register: 2.6 ms]
      [Humongous Reclaim: 0.0 ms]
      [Free CSet: 0.2 ms]
   [Eden: 46.0M(46.0M)->0.0B(45.0M) Survivors: 5120.0K->6144.0K Heap: 365.6M(1024.0M)->320.6M(1024.0M)]
 [Times: user=0.07 sys=0.07, real=0.09 secs] 
2019-11-28T13:03:49.642+0800: 6318.148: [GC pause (G1 Evacuation Pause) (young), 0.0177975 secs]
   [Parallel Time: 17.1 ms, GC Workers: 4]
      [GC Worker Start (ms): Min: 6318148.7, Avg: 6318148.7, Max: 6318148.7, Diff: 0.1]
      [Ext Root Scanning (ms): Min: 1.0, Avg: 1.7, Max: 2.5, Diff: 1.4, Sum: 6.6]
      [Update RS (ms): Min: 1.1, Avg: 1.8, Max: 2.2, Diff: 1.0, Sum: 7.1]
         [Processed Buffers: Min: 5, Avg: 9.2, Max: 20, Diff: 15, Sum: 37]
      [Scan RS (ms): Min: 1.0, Avg: 2.1, Max: 3.4, Diff: 2.4, Sum: 8.5]
      [Code Root Scanning (ms): Min: 0.0, Avg: 0.0, Max: 0.0, Diff: 0.0, Sum: 0.0]
      [Object Copy (ms): Min: 10.5, Avg: 11.4, Max: 11.8, Diff: 1.3, Sum: 45.7]
      [Termination (ms): Min: 0.0, Avg: 0.0, Max: 0.0, Diff: 0.0, Sum: 0.0]
         [Termination Attempts: Min: 1, Avg: 1.0, Max: 1, Diff: 0, Sum: 4]
      [GC Worker Other (ms): Min: 0.0, Avg: 0.0, Max: 0.0, Diff: 0.0, Sum: 0.1]
      [GC Worker Total (ms): Min: 17.0, Avg: 17.0, Max: 17.0, Diff: 0.1, Sum: 68.0]
      [GC Worker End (ms): Min: 6318165.7, Avg: 6318165.7, Max: 6318165.7, Diff: 0.0]
   [Code Root Fixup: 0.0 ms]
   [Code Root Purge: 0.0 ms]
   [Clear CT: 0.1 ms]
   [Other: 0.6 ms]
      [Choose CSet: 0.0 ms]
      [Ref Proc: 0.1 ms]
      [Ref Enq: 0.0 ms]
      [Redirty Cards: 0.1 ms]
      [Humongous Register: 0.0 ms]
      [Humongous Reclaim: 0.0 ms]
      [Free CSet: 0.1 ms]
   [Eden: 45.0M(45.0M)->0.0B(44.0M) Survivors: 6144.0K->7168.0K Heap: 365.6M(1024.0M)->322.4M(1024.0M)]
 [Times: user=0.05 sys=0.01, real=0.02 secs] 
2019-11-28T13:04:31.431+0800: 6359.936: [GC pause (G1 Evacuation Pause) (young), 0.0173843 secs]
   [Parallel Time: 16.7 ms, GC Workers: 4]
      [GC Worker Start (ms): Min: 6359936.0, Avg: 6359936.0, Max: 6359936.1, Diff: 0.1]
      [Ext Root Scanning (ms): Min: 1.0, Avg: 1.3, Max: 1.9, Diff: 1.0, Sum: 5.0]
      [Update RS (ms): Min: 0.8, Avg: 1.5, Max: 1.9, Diff: 1.1, Sum: 6.2]
         [Processed Buffers: Min: 3, Avg: 9.5, Max: 18, Diff: 15, Sum: 38]
      [Scan RS (ms): Min: 1.9, Avg: 2.0, Max: 2.1, Diff: 0.2, Sum: 8.1]
      [Code Root Scanning (ms): Min: 0.0, Avg: 0.0, Max: 0.0, Diff: 0.0, Sum: 0.0]
      [Object Copy (ms): Min: 11.7, Avg: 11.7, Max: 11.8, Diff: 0.0, Sum: 47.0]
      [Termination (ms): Min: 0.0, Avg: 0.0, Max: 0.0, Diff: 0.0, Sum: 0.0]
         [Termination Attempts: Min: 1, Avg: 1.0, Max: 1, Diff: 0, Sum: 4]
      [GC Worker Other (ms): Min: 0.0, Avg: 0.0, Max: 0.0, Diff: 0.0, Sum: 0.1]
      [GC Worker Total (ms): Min: 16.6, Avg: 16.6, Max: 16.7, Diff: 0.1, Sum: 66.4]
      [GC Worker End (ms): Min: 6359952.7, Avg: 6359952.7, Max: 6359952.7, Diff: 0.0]
   [Code Root Fixup: 0.0 ms]
   [Code Root Purge: 0.0 ms]
   [Clear CT: 0.1 ms]
   [Other: 0.6 ms]
      [Choose CSet: 0.0 ms]
      [Ref Proc: 0.3 ms]
      [Ref Enq: 0.0 ms]
      [Redirty Cards: 0.0 ms]
      [Humongous Register: 0.0 ms]
      [Humongous Reclaim: 0.0 ms]
      [Free CSet: 0.0 ms]
   [Eden: 44.0M(44.0M)->0.0B(45.0M) Survivors: 7168.0K->6144.0K Heap: 366.4M(1024.0M)->324.2M(1024.0M)]
 [Times: user=0.06 sys=0.00, real=0.01 secs] 
2019-11-28T13:05:14.603+0800: 6403.106: [GC pause (G1 Evacuation Pause) (young), 0.0137673 secs]
   [Parallel Time: 13.2 ms, GC Workers: 4]
      [GC Worker Start (ms): Min: 6403106.4, Avg: 6403106.5, Max: 6403106.5, Diff: 0.1]
      [Ext Root Scanning (ms): Min: 0.4, Avg: 0.4, Max: 0.5, Diff: 0.1, Sum: 1.8]
      [Update RS (ms): Min: 1.4, Avg: 1.5, Max: 1.8, Diff: 0.4, Sum: 6.1]
         [Processed Buffers: Min: 1, Avg: 9.8, Max: 18, Diff: 17, Sum: 39]
      [Scan RS (ms): Min: 1.8, Avg: 2.6, Max: 3.3, Diff: 1.5, Sum: 10.2]
      [Code Root Scanning (ms): Min: 0.0, Avg: 0.0, Max: 0.0, Diff: 0.0, Sum: 0.0]
      [Object Copy (ms): Min: 7.8, Avg: 8.5, Max: 9.0, Diff: 1.2, Sum: 34.1]
      [Termination (ms): Min: 0.0, Avg: 0.0, Max: 0.0, Diff: 0.0, Sum: 0.0]
         [Termination Attempts: Min: 1, Avg: 1.0, Max: 1, Diff: 0, Sum: 4]
      [GC Worker Other (ms): Min: 0.0, Avg: 0.0, Max: 0.1, Diff: 0.0, Sum: 0.2]
      [GC Worker Total (ms): Min: 13.1, Avg: 13.1, Max: 13.1, Diff: 0.0, Sum: 52.4]
      [GC Worker End (ms): Min: 6403119.6, Avg: 6403119.6, Max: 6403119.6, Diff: 0.0]
   [Code Root Fixup: 0.0 ms]
   [Code Root Purge: 0.0 ms]
   [Clear CT: 0.1 ms]
   [Other: 0.5 ms]
      [Choose CSet: 0.0 ms]
      [Ref Proc: 0.1 ms]
      [Ref Enq: 0.0 ms]
      [Redirty Cards: 0.1 ms]
      [Humongous Register: 0.0 ms]
      [Humongous Reclaim: 0.0 ms]
      [Free CSet: 0.0 ms]
   [Eden: 45.0M(45.0M)->0.0B(46.0M) Survivors: 6144.0K->5120.0K Heap: 369.2M(1024.0M)->325.4M(1024.0M)]
 [Times: user=0.05 sys=0.00, real=0.01 secs] 
2019-11-28T13:06:55.958+0800: 6446.638: [GC pause (G1 Evacuation Pause) (young), 0.0523231 secs]
   [Parallel Time: 46.4 ms, GC Workers: 4]
      [GC Worker Start (ms): Min: 6446640.1, Avg: 6446640.2, Max: 6446640.3, Diff: 0.1]
      [Ext Root Scanning (ms): Min: 1.9, Avg: 2.4, Max: 3.7, Diff: 1.8, Sum: 9.5]
      [Update RS (ms): Min: 12.9, Avg: 15.5, Max: 19.8, Diff: 7.0, Sum: 61.9]
         [Processed Buffers: Min: 1, Avg: 10.5, Max: 21, Diff: 20, Sum: 42]
      [Scan RS (ms): Min: 0.0, Avg: 4.7, Max: 6.5, Diff: 6.5, Sum: 18.7]
      [Code Root Scanning (ms): Min: 0.0, Avg: 0.0, Max: 0.0, Diff: 0.0, Sum: 0.0]
      [Object Copy (ms): Min: 21.5, Avg: 23.1, Max: 25.0, Diff: 3.5, Sum: 92.4]
      [Termination (ms): Min: 0.0, Avg: 0.5, Max: 0.7, Diff: 0.7, Sum: 2.1]
         [Termination Attempts: Min: 1, Avg: 1.2, Max: 2, Diff: 1, Sum: 5]
      [GC Worker Other (ms): Min: 0.0, Avg: 0.0, Max: 0.0, Diff: 0.0, Sum: 0.1]
      [GC Worker Total (ms): Min: 46.2, Avg: 46.2, Max: 46.2, Diff: 0.1, Sum: 184.7]
      [GC Worker End (ms): Min: 6446686.3, Avg: 6446686.4, Max: 6446686.5, Diff: 0.1]
   [Code Root Fixup: 0.0 ms]
   [Code Root Purge: 0.0 ms]
   [Clear CT: 0.1 ms]
   [Other: 5.8 ms]
      [Choose CSet: 0.0 ms]
      [Ref Proc: 3.5 ms]
      [Ref Enq: 0.0 ms]
      [Redirty Cards: 0.2 ms]
      [Humongous Register: 1.3 ms]
      [Humongous Reclaim: 0.0 ms]
      [Free CSet: 0.3 ms]
   [Eden: 46.0M(46.0M)->0.0B(44.0M) Survivors: 5120.0K->7168.0K Heap: 371.4M(1024.0M)->327.9M(1024.0M)]
 [Times: user=0.06 sys=0.06, real=0.06 secs] 
2019-11-28T13:07:37.527+0800: 6488.206: [GC pause (G1 Evacuation Pause) (young), 0.0180770 secs]
   [Parallel Time: 17.4 ms, GC Workers: 4]
      [GC Worker Start (ms): Min: 6488206.2, Avg: 6488206.2, Max: 6488206.2, Diff: 0.1]
      [Ext Root Scanning (ms): Min: 0.5, Avg: 0.6, Max: 0.6, Diff: 0.1, Sum: 2.2]
      [Update RS (ms): Min: 1.4, Avg: 1.4, Max: 1.4, Diff: 0.1, Sum: 5.6]
         [Processed Buffers: Min: 6, Avg: 8.5, Max: 13, Diff: 7, Sum: 34]
      [Scan RS (ms): Min: 1.8, Avg: 3.2, Max: 7.3, Diff: 5.6, Sum: 12.7]
      [Code Root Scanning (ms): Min: 0.0, Avg: 0.0, Max: 0.0, Diff: 0.0, Sum: 0.0]
      [Object Copy (ms): Min: 8.0, Avg: 12.2, Max: 13.7, Diff: 5.7, Sum: 48.8]
      [Termination (ms): Min: 0.0, Avg: 0.0, Max: 0.0, Diff: 0.0, Sum: 0.0]
         [Termination Attempts: Min: 1, Avg: 1.0, Max: 1, Diff: 0, Sum: 4]
      [GC Worker Other (ms): Min: 0.0, Avg: 0.0, Max: 0.1, Diff: 0.0, Sum: 0.1]
      [GC Worker Total (ms): Min: 17.4, Avg: 17.4, Max: 17.4, Diff: 0.1, Sum: 69.5]
      [GC Worker End (ms): Min: 6488223.6, Avg: 6488223.6, Max: 6488223.6, Diff: 0.0]
   [Code Root Fixup: 0.0 ms]
   [Code Root Purge: 0.0 ms]
   [Clear CT: 0.1 ms]
   [Other: 0.6 ms]
      [Choose CSet: 0.0 ms]
      [Ref Proc: 0.1 ms]
      [Ref Enq: 0.0 ms]
      [Redirty Cards: 0.1 ms]
      [Humongous Register: 0.0 ms]
      [Humongous Reclaim: 0.0 ms]
      [Free CSet: 0.1 ms]
   [Eden: 44.0M(44.0M)->0.0B(45.0M) Survivors: 7168.0K->6144.0K Heap: 371.9M(1024.0M)->329.2M(1024.0M)]
 [Times: user=0.06 sys=0.00, real=0.02 secs] 
2019-11-28T13:08:20.465+0800: 6531.143: [GC pause (G1 Evacuation Pause) (young), 0.0251041 secs]
   [Parallel Time: 21.6 ms, GC Workers: 4]
      [GC Worker Start (ms): Min: 6531143.0, Avg: 6531143.2, Max: 6531143.7, Diff: 0.7]
      [Ext Root Scanning (ms): Min: 0.0, Avg: 0.4, Max: 0.6, Diff: 0.6, Sum: 1.7]
      [Update RS (ms): Min: 1.8, Avg: 2.3, Max: 3.0, Diff: 1.2, Sum: 9.0]
         [Processed Buffers: Min: 0, Avg: 8.2, Max: 26, Diff: 26, Sum: 33]
      [Scan RS (ms): Min: 1.1, Avg: 3.9, Max: 6.7, Diff: 5.6, Sum: 15.5]
      [Code Root Scanning (ms): Min: 0.0, Avg: 0.0, Max: 0.0, Diff: 0.0, Sum: 0.0]
      [Object Copy (ms): Min: 10.3, Avg: 13.0, Max: 15.0, Diff: 4.7, Sum: 52.0]
      [Termination (ms): Min: 0.0, Avg: 1.0, Max: 1.7, Diff: 1.7, Sum: 4.1]
         [Termination Attempts: Min: 1, Avg: 1.5, Max: 2, Diff: 1, Sum: 6]
      [GC Worker Other (ms): Min: 0.0, Avg: 0.0, Max: 0.0, Diff: 0.0, Sum: 0.1]
      [GC Worker Total (ms): Min: 20.2, Avg: 20.6, Max: 20.9, Diff: 0.8, Sum: 82.5]
      [GC Worker End (ms): Min: 6531163.2, Avg: 6531163.8, Max: 6531164.4, Diff: 1.3]
   [Code Root Fixup: 0.0 ms]
   [Code Root Purge: 0.0 ms]
   [Clear CT: 0.8 ms]
   [Other: 2.7 ms]
      [Choose CSet: 0.0 ms]
      [Ref Proc: 1.6 ms]
      [Ref Enq: 0.0 ms]
      [Redirty Cards: 0.4 ms]
      [Humongous Register: 0.0 ms]
      [Humongous Reclaim: 0.1 ms]
      [Free CSet: 0.2 ms]
   [Eden: 45.0M(45.0M)->0.0B(44.0M) Survivors: 6144.0K->7168.0K Heap: 374.2M(1024.0M)->331.3M(1024.0M)]
 [Times: user=0.05 sys=0.00, real=0.03 secs] 
2019-11-28T13:09:02.709+0800: 6573.385: [GC pause (G1 Evacuation Pause) (young), 0.0584853 secs]
   [Parallel Time: 55.0 ms, GC Workers: 4]
      [GC Worker Start (ms): Min: 6573394.1, Avg: 6573396.4, Max: 6573399.2, Diff: 5.1]
      [Ext Root Scanning (ms): Min: 4.4, Avg: 6.8, Max: 8.8, Diff: 4.4, Sum: 27.3]
      [Update RS (ms): Min: 7.7, Avg: 9.8, Max: 12.8, Diff: 5.1, Sum: 39.2]
         [Processed Buffers: Min: 0, Avg: 8.5, Max: 17, Diff: 17, Sum: 34]
      [Scan RS (ms): Min: 1.5, Avg: 7.1, Max: 11.7, Diff: 10.2, Sum: 28.4]
      [Code Root Scanning (ms): Min: 0.0, Avg: 0.0, Max: 0.1, Diff: 0.1, Sum: 0.1]
      [Object Copy (ms): Min: 17.7, Avg: 21.9, Max: 24.3, Diff: 6.6, Sum: 87.8]
      [Termination (ms): Min: 0.0, Avg: 0.0, Max: 0.0, Diff: 0.0, Sum: 0.1]
         [Termination Attempts: Min: 1, Avg: 1.2, Max: 2, Diff: 1, Sum: 5]
      [GC Worker Other (ms): Min: 0.1, Avg: 0.1, Max: 0.1, Diff: 0.0, Sum: 0.4]
      [GC Worker Total (ms): Min: 43.0, Avg: 45.8, Max: 48.1, Diff: 5.1, Sum: 183.1]
      [GC Worker End (ms): Min: 6573442.2, Avg: 6573442.2, Max: 6573442.2, Diff: 0.0]
   [Code Root Fixup: 0.0 ms]
   [Code Root Purge: 0.0 ms]
   [Clear CT: 0.1 ms]
   [Other: 3.3 ms]
      [Choose CSet: 0.0 ms]
      [Ref Proc: 0.3 ms]
      [Ref Enq: 0.0 ms]
      [Redirty Cards: 0.1 ms]
      [Humongous Register: 1.6 ms]
      [Humongous Reclaim: 0.0 ms]
      [Free CSet: 0.3 ms]
   [Eden: 44.0M(44.0M)->0.0B(44.0M) Survivors: 7168.0K->7168.0K Heap: 375.3M(1024.0M)->334.1M(1024.0M)]
 [Times: user=0.07 sys=0.05, real=0.06 secs] 
2019-11-28T13:09:45.373+0800: 6616.048: [GC pause (G1 Evacuation Pause) (young), 0.0287462 secs]
   [Parallel Time: 28.2 ms, GC Workers: 4]
      [GC Worker Start (ms): Min: 6616049.3, Avg: 6616052.9, Max: 6616056.6, Diff: 7.4]
      [Ext Root Scanning (ms): Min: 0.0, Avg: 0.3, Max: 1.3, Diff: 1.3, Sum: 1.4]
      [Update RS (ms): Min: 0.0, Avg: 2.7, Max: 7.2, Diff: 7.2, Sum: 10.7]
         [Processed Buffers: Min: 0, Avg: 10.0, Max: 38, Diff: 38, Sum: 40]
      [Scan RS (ms): Min: 0.3, Avg: 4.9, Max: 11.9, Diff: 11.7, Sum: 19.6]
      [Code Root Scanning (ms): Min: 0.0, Avg: 0.0, Max: 0.0, Diff: 0.0, Sum: 0.0]
      [Object Copy (ms): Min: 10.2, Avg: 15.6, Max: 17.4, Diff: 7.3, Sum: 62.3]
      [Termination (ms): Min: 0.0, Avg: 0.1, Max: 0.1, Diff: 0.1, Sum: 0.3]
         [Termination Attempts: Min: 1, Avg: 4.0, Max: 5, Diff: 4, Sum: 16]
      [GC Worker Other (ms): Min: 0.0, Avg: 0.0, Max: 0.0, Diff: 0.0, Sum: 0.1]
      [GC Worker Total (ms): Min: 19.9, Avg: 23.6, Max: 27.3, Diff: 7.4, Sum: 94.4]
      [GC Worker End (ms): Min: 6616076.5, Avg: 6616076.5, Max: 6616076.5, Diff: 0.0]
   [Code Root Fixup: 0.0 ms]
   [Code Root Purge: 0.0 ms]
   [Clear CT: 0.1 ms]
   [Other: 0.5 ms]
      [Choose CSet: 0.0 ms]
      [Ref Proc: 0.1 ms]
      [Ref Enq: 0.0 ms]
      [Redirty Cards: 0.1 ms]
      [Humongous Register: 0.0 ms]
      [Humongous Reclaim: 0.0 ms]
      [Free CSet: 0.1 ms]
   [Eden: 44.0M(44.0M)->0.0B(45.0M) Survivors: 7168.0K->6144.0K Heap: 378.1M(1024.0M)->335.8M(1024.0M)]
 [Times: user=0.05 sys=0.00, real=0.03 secs] 
2019-11-28T13:10:28.950+0800: 6659.624: [GC pause (G1 Evacuation Pause) (young), 0.0148092 secs]
   [Parallel Time: 14.2 ms, GC Workers: 4]
      [GC Worker Start (ms): Min: 6659624.4, Avg: 6659624.4, Max: 6659624.5, Diff: 0.1]
      [Ext Root Scanning (ms): Min: 0.9, Avg: 1.0, Max: 1.0, Diff: 0.1, Sum: 3.8]
      [Update RS (ms): Min: 1.4, Avg: 1.8, Max: 2.5, Diff: 1.1, Sum: 7.0]
         [Processed Buffers: Min: 0, Avg: 9.0, Max: 23, Diff: 23, Sum: 36]
      [Scan RS (ms): Min: 1.3, Avg: 2.5, Max: 3.4, Diff: 2.0, Sum: 10.0]
      [Code Root Scanning (ms): Min: 0.0, Avg: 0.0, Max: 0.0, Diff: 0.0, Sum: 0.0]
      [Object Copy (ms): Min: 8.4, Avg: 8.8, Max: 9.3, Diff: 1.0, Sum: 35.4]
      [Termination (ms): Min: 0.0, Avg: 0.0, Max: 0.0, Diff: 0.0, Sum: 0.0]
         [Termination Attempts: Min: 1, Avg: 1.0, Max: 1, Diff: 0, Sum: 4]
      [GC Worker Other (ms): Min: 0.0, Avg: 0.1, Max: 0.1, Diff: 0.1, Sum: 0.3]
      [GC Worker Total (ms): Min: 14.1, Avg: 14.1, Max: 14.2, Diff: 0.1, Sum: 56.5]
      [GC Worker End (ms): Min: 6659638.5, Avg: 6659638.6, Max: 6659638.6, Diff: 0.1]
   [Code Root Fixup: 0.0 ms]
   [Code Root Purge: 0.0 ms]
   [Clear CT: 0.1 ms]
   [Other: 0.5 ms]
      [Choose CSet: 0.0 ms]
      [Ref Proc: 0.1 ms]
      [Ref Enq: 0.0 ms]
      [Redirty Cards: 0.1 ms]
      [Humongous Register: 0.0 ms]
      [Humongous Reclaim: 0.0 ms]
      [Free CSet: 0.1 ms]
   [Eden: 45.0M(45.0M)->0.0B(46.0M) Survivors: 6144.0K->5120.0K Heap: 380.8M(1024.0M)->337.2M(1024.0M)]
 [Times: user=0.05 sys=0.00, real=0.01 secs] 
2019-11-28T13:11:13.202+0800: 6703.874: [GC pause (G1 Evacuation Pause) (young), 0.0351676 secs]
   [Parallel Time: 32.5 ms, GC Workers: 4]
      [GC Worker Start (ms): Min: 6703876.3, Avg: 6703876.3, Max: 6703876.4, Diff: 0.1]
      [Ext Root Scanning (ms): Min: 3.0, Avg: 4.1, Max: 7.5, Diff: 4.5, Sum: 16.6]
      [Update RS (ms): Min: 0.0, Avg: 3.1, Max: 4.4, Diff: 4.4, Sum: 12.2]
         [Processed Buffers: Min: 0, Avg: 8.0, Max: 22, Diff: 22, Sum: 32]
      [Scan RS (ms): Min: 2.9, Avg: 4.9, Max: 5.8, Diff: 2.8, Sum: 19.6]
      [Code Root Scanning (ms): Min: 0.0, Avg: 0.0, Max: 0.0, Diff: 0.0, Sum: 0.0]
      [Object Copy (ms): Min: 18.7, Avg: 19.7, Max: 22.4, Diff: 3.7, Sum: 78.9]
      [Termination (ms): Min: 0.0, Avg: 0.4, Max: 0.9, Diff: 0.9, Sum: 1.5]
         [Termination Attempts: Min: 1, Avg: 1.0, Max: 1, Diff: 0, Sum: 4]
      [GC Worker Other (ms): Min: 0.0, Avg: 0.0, Max: 0.1, Diff: 0.0, Sum: 0.2]
      [GC Worker Total (ms): Min: 32.1, Avg: 32.2, Max: 32.3, Diff: 0.2, Sum: 129.0]
      [GC Worker End (ms): Min: 6703908.6, Avg: 6703908.6, Max: 6703908.7, Diff: 0.1]
   [Code Root Fixup: 0.0 ms]
   [Code Root Purge: 0.0 ms]
   [Clear CT: 0.1 ms]
   [Other: 2.6 ms]
      [Choose CSet: 0.0 ms]
      [Ref Proc: 0.3 ms]
      [Ref Enq: 0.0 ms]
      [Redirty Cards: 0.1 ms]
      [Humongous Register: 1.5 ms]
      [Humongous Reclaim: 0.0 ms]
      [Free CSet: 0.1 ms]
   [Eden: 46.0M(46.0M)->0.0B(44.0M) Survivors: 5120.0K->7168.0K Heap: 383.2M(1024.0M)->339.7M(1024.0M)]
 [Times: user=0.05 sys=0.04, real=0.04 secs] 
2019-11-28T13:11:55.992+0800: 6746.663: [GC pause (G1 Evacuation Pause) (young), 0.0201734 secs]
   [Parallel Time: 19.4 ms, GC Workers: 4]
      [GC Worker Start (ms): Min: 6746663.1, Avg: 6746663.2, Max: 6746663.2, Diff: 0.1]
      [Ext Root Scanning (ms): Min: 0.9, Avg: 0.9, Max: 0.9, Diff: 0.1, Sum: 3.6]
      [Update RS (ms): Min: 1.3, Avg: 2.1, Max: 4.3, Diff: 3.0, Sum: 8.4]
         [Processed Buffers: Min: 3, Avg: 7.8, Max: 17, Diff: 14, Sum: 31]
      [Scan RS (ms): Min: 0.2, Avg: 3.5, Max: 4.7, Diff: 4.5, Sum: 14.1]
      [Code Root Scanning (ms): Min: 0.0, Avg: 0.0, Max: 0.0, Diff: 0.0, Sum: 0.0]
      [Object Copy (ms): Min: 12.2, Avg: 12.7, Max: 13.9, Diff: 1.7, Sum: 50.6]
      [Termination (ms): Min: 0.0, Avg: 0.1, Max: 0.2, Diff: 0.2, Sum: 0.4]
         [Termination Attempts: Min: 1, Avg: 1.0, Max: 1, Diff: 0, Sum: 4]
      [GC Worker Other (ms): Min: 0.0, Avg: 0.0, Max: 0.0, Diff: 0.0, Sum: 0.1]
      [GC Worker Total (ms): Min: 19.3, Avg: 19.3, Max: 19.3, Diff: 0.0, Sum: 77.2]
      [GC Worker End (ms): Min: 6746682.5, Avg: 6746682.5, Max: 6746682.5, Diff: 0.0]
   [Code Root Fixup: 0.0 ms]
   [Code Root Purge: 0.0 ms]
   [Clear CT: 0.1 ms]
   [Other: 0.7 ms]
      [Choose CSet: 0.0 ms]
      [Ref Proc: 0.2 ms]
      [Ref Enq: 0.0 ms]
      [Redirty Cards: 0.1 ms]
      [Humongous Register: 0.0 ms]
      [Humongous Reclaim: 0.0 ms]
      [Free CSet: 0.1 ms]
   [Eden: 44.0M(44.0M)->0.0B(45.0M) Survivors: 7168.0K->6144.0K Heap: 383.7M(1024.0M)->340.7M(1024.0M)]
 [Times: user=0.06 sys=0.00, real=0.02 secs] 
2019-11-28T13:12:39.605+0800: 6790.275: [GC pause (G1 Evacuation Pause) (young), 0.0636048 secs]
   [Parallel Time: 60.8 ms, GC Workers: 4]
      [GC Worker Start (ms): Min: 6790276.8, Avg: 6790276.9, Max: 6790277.0, Diff: 0.2]
      [Ext Root Scanning (ms): Min: 4.3, Avg: 5.6, Max: 9.2, Diff: 4.9, Sum: 22.2]
      [Update RS (ms): Min: 0.1, Avg: 3.5, Max: 4.7, Diff: 4.6, Sum: 13.9]
         [Processed Buffers: Min: 1, Avg: 9.2, Max: 19, Diff: 18, Sum: 37]
      [Scan RS (ms): Min: 8.3, Avg: 21.1, Max: 27.3, Diff: 19.0, Sum: 84.3]
      [Code Root Scanning (ms): Min: 0.0, Avg: 0.0, Max: 0.0, Diff: 0.0, Sum: 0.0]
      [Object Copy (ms): Min: 23.8, Avg: 29.4, Max: 41.9, Diff: 18.1, Sum: 117.7]
      [Termination (ms): Min: 0.0, Avg: 0.8, Max: 1.3, Diff: 1.3, Sum: 3.4]
         [Termination Attempts: Min: 1, Avg: 1.0, Max: 1, Diff: 0, Sum: 4]
      [GC Worker Other (ms): Min: 0.0, Avg: 0.0, Max: 0.0, Diff: 0.0, Sum: 0.1]
      [GC Worker Total (ms): Min: 60.1, Avg: 60.4, Max: 60.7, Diff: 0.6, Sum: 241.5]
      [GC Worker End (ms): Min: 6790337.1, Avg: 6790337.3, Max: 6790337.5, Diff: 0.4]
   [Code Root Fixup: 0.0 ms]
   [Code Root Purge: 0.0 ms]
   [Clear CT: 0.1 ms]
   [Other: 2.8 ms]
      [Choose CSet: 0.0 ms]
      [Ref Proc: 0.2 ms]
      [Ref Enq: 0.0 ms]
      [Redirty Cards: 0.1 ms]
      [Humongous Register: 1.6 ms]
      [Humongous Reclaim: 0.0 ms]
      [Free CSet: 0.2 ms]
   [Eden: 45.0M(45.0M)->0.0B(46.0M) Survivors: 6144.0K->5120.0K Heap: 385.7M(1024.0M)->342.4M(1024.0M)]
 [Times: user=0.04 sys=0.05, real=0.07 secs] 
2019-11-28T13:13:23.613+0800: 6834.281: [GC pause (G1 Evacuation Pause) (young), 0.0189215 secs]
   [Parallel Time: 18.3 ms, GC Workers: 4]
      [GC Worker Start (ms): Min: 6834281.4, Avg: 6834281.5, Max: 6834281.5, Diff: 0.1]
      [Ext Root Scanning (ms): Min: 1.2, Avg: 1.2, Max: 1.2, Diff: 0.0, Sum: 4.8]
      [Update RS (ms): Min: 1.9, Avg: 4.3, Max: 6.3, Diff: 4.4, Sum: 17.1]
         [Processed Buffers: Min: 0, Avg: 9.2, Max: 21, Diff: 21, Sum: 37]
      [Scan RS (ms): Min: 1.3, Avg: 3.6, Max: 6.5, Diff: 5.2, Sum: 14.2]
      [Code Root Scanning (ms): Min: 0.0, Avg: 0.0, Max: 0.0, Diff: 0.0, Sum: 0.0]
      [Object Copy (ms): Min: 8.6, Avg: 9.1, Max: 9.4, Diff: 0.8, Sum: 36.5]
      [Termination (ms): Min: 0.0, Avg: 0.0, Max: 0.0, Diff: 0.0, Sum: 0.0]
         [Termination Attempts: Min: 1, Avg: 1.8, Max: 3, Diff: 2, Sum: 7]
      [GC Worker Other (ms): Min: 0.0, Avg: 0.0, Max: 0.0, Diff: 0.0, Sum: 0.1]
      [GC Worker Total (ms): Min: 18.2, Avg: 18.2, Max: 18.2, Diff: 0.1, Sum: 72.7]
      [GC Worker End (ms): Min: 6834299.6, Avg: 6834299.6, Max: 6834299.7, Diff: 0.0]
   [Code Root Fixup: 0.0 ms]
   [Code Root Purge: 0.0 ms]
   [Clear CT: 0.1 ms]
   [Other: 0.5 ms]
      [Choose CSet: 0.0 ms]
      [Ref Proc: 0.1 ms]
      [Ref Enq: 0.0 ms]
      [Redirty Cards: 0.1 ms]
      [Humongous Register: 0.0 ms]
      [Humongous Reclaim: 0.0 ms]
      [Free CSet: 0.1 ms]
   [Eden: 46.0M(46.0M)->0.0B(46.0M) Survivors: 5120.0K->5120.0K Heap: 388.4M(1024.0M)->343.8M(1024.0M)]
 [Times: user=0.04 sys=0.02, real=0.03 secs] 
2019-11-28T13:14:08.258+0800: 6878.925: [GC pause (G1 Evacuation Pause) (young), 0.0199413 secs]
   [Parallel Time: 18.9 ms, GC Workers: 4]
      [GC Worker Start (ms): Min: 6878925.1, Avg: 6878925.2, Max: 6878925.2, Diff: 0.1]
      [Ext Root Scanning (ms): Min: 0.5, Avg: 0.5, Max: 0.6, Diff: 0.1, Sum: 2.2]
      [Update RS (ms): Min: 0.9, Avg: 1.1, Max: 1.3, Diff: 0.4, Sum: 4.3]
         [Processed Buffers: Min: 7, Avg: 9.0, Max: 13, Diff: 6, Sum: 36]
      [Scan RS (ms): Min: 3.1, Avg: 4.2, Max: 4.6, Diff: 1.6, Sum: 16.9]
      [Code Root Scanning (ms): Min: 0.0, Avg: 0.0, Max: 0.0, Diff: 0.0, Sum: 0.0]
      [Object Copy (ms): Min: 12.4, Avg: 12.6, Max: 12.9, Diff: 0.5, Sum: 50.5]
      [Termination (ms): Min: 0.0, Avg: 0.3, Max: 0.9, Diff: 0.9, Sum: 1.1]
         [Termination Attempts: Min: 1, Avg: 1.0, Max: 1, Diff: 0, Sum: 4]
      [GC Worker Other (ms): Min: 0.0, Avg: 0.0, Max: 0.0, Diff: 0.0, Sum: 0.1]
      [GC Worker Total (ms): Min: 18.7, Avg: 18.8, Max: 18.8, Diff: 0.1, Sum: 75.0]
      [GC Worker End (ms): Min: 6878943.9, Avg: 6878943.9, Max: 6878943.9, Diff: 0.0]
   [Code Root Fixup: 0.0 ms]
   [Code Root Purge: 0.0 ms]
   [Clear CT: 0.2 ms]
   [Other: 0.9 ms]
      [Choose CSet: 0.0 ms]
      [Ref Proc: 0.5 ms]
      [Ref Enq: 0.0 ms]
      [Redirty Cards: 0.1 ms]
      [Humongous Register: 0.0 ms]
      [Humongous Reclaim: 0.0 ms]
      [Free CSet: 0.1 ms]
   [Eden: 46.0M(46.0M)->0.0B(44.0M) Survivors: 5120.0K->7168.0K Heap: 389.8M(1024.0M)->346.3M(1024.0M)]
 [Times: user=0.04 sys=0.01, real=0.02 secs] 
2019-11-28T13:14:50.775+0800: 6921.441: [GC pause (G1 Evacuation Pause) (young), 0.0298694 secs]
   [Parallel Time: 26.7 ms, GC Workers: 4]
      [GC Worker Start (ms): Min: 6921443.0, Avg: 6921443.1, Max: 6921443.3, Diff: 0.3]
      [Ext Root Scanning (ms): Min: 3.8, Avg: 5.4, Max: 8.8, Diff: 5.1, Sum: 21.6]
      [Update RS (ms): Min: 0.0, Avg: 3.3, Max: 4.9, Diff: 4.9, Sum: 13.1]
         [Processed Buffers: Min: 0, Avg: 7.5, Max: 22, Diff: 22, Sum: 30]
      [Scan RS (ms): Min: 1.7, Avg: 3.7, Max: 4.4, Diff: 2.7, Sum: 14.9]
      [Code Root Scanning (ms): Min: 0.0, Avg: 0.0, Max: 0.0, Diff: 0.0, Sum: 0.0]
      [Object Copy (ms): Min: 13.3, Avg: 14.0, Max: 15.8, Diff: 2.5, Sum: 56.1]
      [Termination (ms): Min: 0.0, Avg: 0.0, Max: 0.0, Diff: 0.0, Sum: 0.0]
         [Termination Attempts: Min: 1, Avg: 1.0, Max: 1, Diff: 0, Sum: 4]
      [GC Worker Other (ms): Min: 0.0, Avg: 0.0, Max: 0.1, Diff: 0.0, Sum: 0.1]
      [GC Worker Total (ms): Min: 26.3, Avg: 26.5, Max: 26.6, Diff: 0.3, Sum: 105.8]
      [GC Worker End (ms): Min: 6921469.6, Avg: 6921469.6, Max: 6921469.6, Diff: 0.0]
   [Code Root Fixup: 0.0 ms]
   [Code Root Purge: 0.0 ms]
   [Clear CT: 0.1 ms]
   [Other: 3.1 ms]
      [Choose CSet: 0.0 ms]
      [Ref Proc: 0.1 ms]
      [Ref Enq: 0.0 ms]
      [Redirty Cards: 0.1 ms]
      [Humongous Register: 2.1 ms]
      [Humongous Reclaim: 0.0 ms]
      [Free CSet: 0.1 ms]
   [Eden: 44.0M(44.0M)->0.0B(46.0M) Survivors: 7168.0K->5120.0K Heap: 390.3M(1024.0M)->346.5M(1024.0M)]
 [Times: user=0.06 sys=0.04, real=0.03 secs] 
2019-11-28T13:15:35.165+0800: 6965.830: [GC pause (G1 Evacuation Pause) (young), 0.0170506 secs]
   [Parallel Time: 16.4 ms, GC Workers: 4]
      [GC Worker Start (ms): Min: 6965830.2, Avg: 6965832.0, Max: 6965834.9, Diff: 4.7]
      [Ext Root Scanning (ms): Min: 0.0, Avg: 0.7, Max: 1.4, Diff: 1.4, Sum: 2.7]
      [Update RS (ms): Min: 0.0, Avg: 1.1, Max: 1.9, Diff: 1.9, Sum: 4.6]
         [Processed Buffers: Min: 0, Avg: 9.8, Max: 16, Diff: 16, Sum: 39]
      [Scan RS (ms): Min: 2.5, Avg: 4.2, Max: 5.6, Diff: 3.0, Sum: 16.7]
      [Code Root Scanning (ms): Min: 0.0, Avg: 0.0, Max: 0.0, Diff: 0.0, Sum: 0.0]
      [Object Copy (ms): Min: 7.5, Avg: 8.6, Max: 9.1, Diff: 1.6, Sum: 34.4]
      [Termination (ms): Min: 0.0, Avg: 0.0, Max: 0.0, Diff: 0.0, Sum: 0.0]
         [Termination Attempts: Min: 1, Avg: 1.0, Max: 1, Diff: 0, Sum: 4]
      [GC Worker Other (ms): Min: 0.0, Avg: 0.0, Max: 0.0, Diff: 0.0, Sum: 0.1]
      [GC Worker Total (ms): Min: 11.7, Avg: 14.6, Max: 16.4, Diff: 4.7, Sum: 58.4]
      [GC Worker End (ms): Min: 6965846.6, Avg: 6965846.6, Max: 6965846.6, Diff: 0.0]
   [Code Root Fixup: 0.0 ms]
   [Code Root Purge: 0.0 ms]
   [Clear CT: 0.1 ms]
   [Other: 0.5 ms]
      [Choose CSet: 0.0 ms]
      [Ref Proc: 0.1 ms]
      [Ref Enq: 0.0 ms]
      [Redirty Cards: 0.0 ms]
      [Humongous Register: 0.0 ms]
      [Humongous Reclaim: 0.0 ms]
      [Free CSet: 0.1 ms]
   [Eden: 46.0M(46.0M)->0.0B(46.0M) Survivors: 5120.0K->5120.0K Heap: 392.5M(1024.0M)->348.4M(1024.0M)]
 [Times: user=0.04 sys=0.01, real=0.02 secs] 
2019-11-28T13:16:19.438+0800: 7010.101: [GC pause (G1 Evacuation Pause) (young), 0.0187754 secs]
   [Parallel Time: 14.8 ms, GC Workers: 4]
      [GC Worker Start (ms): Min: 7010101.1, Avg: 7010101.1, Max: 7010101.2, Diff: 0.0]
      [Ext Root Scanning (ms): Min: 0.9, Avg: 1.1, Max: 1.3, Diff: 0.4, Sum: 4.5]
      [Update RS (ms): Min: 1.3, Avg: 1.5, Max: 1.6, Diff: 0.4, Sum: 5.8]
         [Processed Buffers: Min: 3, Avg: 8.8, Max: 13, Diff: 10, Sum: 35]
      [Scan RS (ms): Min: 1.5, Avg: 1.9, Max: 2.9, Diff: 1.4, Sum: 7.7]
      [Code Root Scanning (ms): Min: 0.0, Avg: 0.0, Max: 0.0, Diff: 0.0, Sum: 0.0]
      [Object Copy (ms): Min: 9.1, Avg: 10.1, Max: 10.5, Diff: 1.5, Sum: 40.4]
      [Termination (ms): Min: 0.0, Avg: 0.1, Max: 0.1, Diff: 0.1, Sum: 0.3]
         [Termination Attempts: Min: 1, Avg: 1.0, Max: 1, Diff: 0, Sum: 4]
      [GC Worker Other (ms): Min: 0.0, Avg: 0.0, Max: 0.0, Diff: 0.0, Sum: 0.0]
      [GC Worker Total (ms): Min: 14.7, Avg: 14.7, Max: 14.7, Diff: 0.0, Sum: 58.8]
      [GC Worker End (ms): Min: 7010115.8, Avg: 7010115.8, Max: 7010115.9, Diff: 0.0]
   [Code Root Fixup: 0.0 ms]
   [Code Root Purge: 0.0 ms]
   [Clear CT: 1.1 ms]
   [Other: 2.9 ms]
      [Choose CSet: 0.0 ms]
      [Ref Proc: 2.4 ms]
      [Ref Enq: 0.0 ms]
      [Redirty Cards: 0.1 ms]
      [Humongous Register: 0.1 ms]
      [Humongous Reclaim: 0.0 ms]
      [Free CSet: 0.1 ms]
   [Eden: 46.0M(46.0M)->0.0B(46.0M) Survivors: 5120.0K->5120.0K Heap: 394.4M(1024.0M)->349.4M(1024.0M)]
 [Times: user=0.05 sys=0.00, real=0.02 secs] 
2019-11-28T13:17:03.237+0800: 7053.899: [GC pause (G1 Evacuation Pause) (young), 0.0284801 secs]
   [Parallel Time: 27.4 ms, GC Workers: 4]
      [GC Worker Start (ms): Min: 7053900.0, Avg: 7053900.1, Max: 7053900.2, Diff: 0.2]
      [Ext Root Scanning (ms): Min: 2.6, Avg: 3.3, Max: 3.7, Diff: 1.1, Sum: 13.4]
      [Update RS (ms): Min: 4.9, Avg: 6.1, Max: 7.3, Diff: 2.4, Sum: 24.5]
         [Processed Buffers: Min: 1, Avg: 10.0, Max: 36, Diff: 35, Sum: 40]
      [Scan RS (ms): Min: 3.8, Avg: 4.6, Max: 5.6, Diff: 1.7, Sum: 18.6]
      [Code Root Scanning (ms): Min: 0.0, Avg: 0.0, Max: 0.0, Diff: 0.0, Sum: 0.0]
      [Object Copy (ms): Min: 12.2, Avg: 12.8, Max: 13.1, Diff: 0.9, Sum: 51.2]
      [Termination (ms): Min: 0.0, Avg: 0.0, Max: 0.0, Diff: 0.0, Sum: 0.0]
         [Termination Attempts: Min: 1, Avg: 1.0, Max: 1, Diff: 0, Sum: 4]
      [GC Worker Other (ms): Min: 0.0, Avg: 0.2, Max: 0.8, Diff: 0.8, Sum: 0.9]
      [GC Worker Total (ms): Min: 27.0, Avg: 27.1, Max: 27.2, Diff: 0.2, Sum: 108.6]
      [GC Worker End (ms): Min: 7053927.2, Avg: 7053927.2, Max: 7053927.2, Diff: 0.0]
   [Code Root Fixup: 0.0 ms]
   [Code Root Purge: 0.0 ms]
   [Clear CT: 0.0 ms]
   [Other: 1.0 ms]
      [Choose CSet: 0.0 ms]
      [Ref Proc: 0.1 ms]
      [Ref Enq: 0.0 ms]
      [Redirty Cards: 0.1 ms]
      [Humongous Register: 0.3 ms]
      [Humongous Reclaim: 0.0 ms]
      [Free CSet: 0.1 ms]
   [Eden: 46.0M(46.0M)->0.0B(46.0M) Survivors: 5120.0K->5120.0K Heap: 395.4M(1024.0M)->351.0M(1024.0M)]
 [Times: user=0.05 sys=0.03, real=0.03 secs] 
2019-11-28T13:17:48.061+0800: 7098.721: [GC pause (G1 Evacuation Pause) (young), 0.0230972 secs]
   [Parallel Time: 20.5 ms, GC Workers: 4]
      [GC Worker Start (ms): Min: 7098723.0, Avg: 7098723.1, Max: 7098723.1, Diff: 0.0]
      [Ext Root Scanning (ms): Min: 0.5, Avg: 0.5, Max: 0.5, Diff: 0.0, Sum: 2.1]
      [Update RS (ms): Min: 1.5, Avg: 1.7, Max: 2.4, Diff: 0.9, Sum: 6.8]
         [Processed Buffers: Min: 1, Avg: 8.2, Max: 16, Diff: 15, Sum: 33]
      [Scan RS (ms): Min: 1.9, Avg: 3.3, Max: 4.0, Diff: 2.2, Sum: 13.3]
      [Code Root Scanning (ms): Min: 0.0, Avg: 0.0, Max: 0.0, Diff: 0.0, Sum: 0.0]
      [Object Copy (ms): Min: 14.3, Avg: 14.6, Max: 15.0, Diff: 0.7, Sum: 58.5]
      [Termination (ms): Min: 0.0, Avg: 0.3, Max: 0.7, Diff: 0.7, Sum: 1.0]
         [Termination Attempts: Min: 1, Avg: 1.0, Max: 1, Diff: 0, Sum: 4]
      [GC Worker Other (ms): Min: 0.0, Avg: 0.0, Max: 0.0, Diff: 0.0, Sum: 0.1]
      [GC Worker Total (ms): Min: 20.5, Avg: 20.5, Max: 20.5, Diff: 0.0, Sum: 81.9]
      [GC Worker End (ms): Min: 7098743.5, Avg: 7098743.5, Max: 7098743.6, Diff: 0.0]
   [Code Root Fixup: 0.0 ms]
   [Code Root Purge: 0.0 ms]
   [Clear CT: 0.1 ms]
   [Other: 2.5 ms]
      [Choose CSet: 0.0 ms]
      [Ref Proc: 0.2 ms]
      [Ref Enq: 0.0 ms]
      [Redirty Cards: 0.1 ms]
      [Humongous Register: 0.0 ms]
      [Humongous Reclaim: 0.1 ms]
      [Free CSet: 0.1 ms]
   [Eden: 46.0M(46.0M)->0.0B(44.0M) Survivors: 5120.0K->7168.0K Heap: 397.0M(1024.0M)->353.5M(1024.0M)]
 [Times: user=0.05 sys=0.02, real=0.02 secs] 
2019-11-28T13:18:30.707+0800: 7141.366: [GC pause (G1 Evacuation Pause) (young), 0.0441067 secs]
   [Parallel Time: 37.6 ms, GC Workers: 4]
      [GC Worker Start (ms): Min: 7141366.1, Avg: 7141366.2, Max: 7141366.2, Diff: 0.1]
      [Ext Root Scanning (ms): Min: 1.0, Avg: 1.2, Max: 1.5, Diff: 0.6, Sum: 4.8]
      [Update RS (ms): Min: 6.0, Avg: 6.9, Max: 7.5, Diff: 1.5, Sum: 27.7]
         [Processed Buffers: Min: 1, Avg: 8.2, Max: 29, Diff: 28, Sum: 33]
      [Scan RS (ms): Min: 2.6, Avg: 3.5, Max: 5.1, Diff: 2.5, Sum: 14.2]
      [Code Root Scanning (ms): Min: 0.0, Avg: 0.0, Max: 0.0, Diff: 0.0, Sum: 0.0]
      [Object Copy (ms): Min: 22.2, Avg: 22.7, Max: 23.4, Diff: 1.3, Sum: 90.9]
      [Termination (ms): Min: 0.0, Avg: 0.0, Max: 0.1, Diff: 0.1, Sum: 0.2]
         [Termination Attempts: Min: 1, Avg: 1.5, Max: 3, Diff: 2, Sum: 6]
      [GC Worker Other (ms): Min: 0.0, Avg: 0.0, Max: 0.0, Diff: 0.0, Sum: 0.1]
      [GC Worker Total (ms): Min: 34.4, Avg: 34.5, Max: 34.5, Diff: 0.1, Sum: 137.9]
      [GC Worker End (ms): Min: 7141400.6, Avg: 7141400.6, Max: 7141400.6, Diff: 0.0]
   [Code Root Fixup: 0.3 ms]
   [Code Root Purge: 0.0 ms]
   [Clear CT: 0.1 ms]
   [Other: 6.1 ms]
      [Choose CSet: 0.0 ms]
      [Ref Proc: 5.4 ms]
      [Ref Enq: 0.0 ms]
      [Redirty Cards: 0.1 ms]
      [Humongous Register: 0.1 ms]
      [Humongous Reclaim: 0.0 ms]
      [Free CSet: 0.1 ms]
   [Eden: 44.0M(44.0M)->0.0B(45.0M) Survivors: 7168.0K->6144.0K Heap: 397.5M(1024.0M)->354.3M(1024.0M)]
 [Times: user=0.06 sys=0.03, real=0.05 secs] 
2019-11-28T13:19:14.322+0800: 7184.980: [GC pause (G1 Evacuation Pause) (young), 0.0198663 secs]
   [Parallel Time: 19.1 ms, GC Workers: 4]
      [GC Worker Start (ms): Min: 7184980.3, Avg: 7184980.4, Max: 7184980.6, Diff: 0.3]
      [Ext Root Scanning (ms): Min: 0.4, Avg: 0.9, Max: 1.7, Diff: 1.3, Sum: 3.5]
      [Update RS (ms): Min: 1.9, Avg: 2.8, Max: 5.6, Diff: 3.8, Sum: 11.4]
         [Processed Buffers: Min: 0, Avg: 10.0, Max: 18, Diff: 18, Sum: 40]
      [Scan RS (ms): Min: 0.6, Avg: 6.0, Max: 13.6, Diff: 13.0, Sum: 24.2]
      [Code Root Scanning (ms): Min: 0.0, Avg: 0.0, Max: 0.0, Diff: 0.0, Sum: 0.0]
      [Object Copy (ms): Min: 2.5, Avg: 9.0, Max: 12.0, Diff: 9.5, Sum: 36.2]
      [Termination (ms): Min: 0.0, Avg: 0.1, Max: 0.1, Diff: 0.1, Sum: 0.3]
         [Termination Attempts: Min: 1, Avg: 2.5, Max: 5, Diff: 4, Sum: 10]
      [GC Worker Other (ms): Min: 0.0, Avg: 0.0, Max: 0.0, Diff: 0.0, Sum: 0.1]
      [GC Worker Total (ms): Min: 18.7, Avg: 18.9, Max: 19.0, Diff: 0.3, Sum: 75.7]
      [GC Worker End (ms): Min: 7184999.3, Avg: 7184999.3, Max: 7184999.3, Diff: 0.0]
   [Code Root Fixup: 0.0 ms]
   [Code Root Purge: 0.0 ms]
   [Clear CT: 0.1 ms]
   [Other: 0.7 ms]
      [Choose CSet: 0.0 ms]
      [Ref Proc: 0.3 ms]
      [Ref Enq: 0.0 ms]
      [Redirty Cards: 0.0 ms]
      [Humongous Register: 0.0 ms]
      [Humongous Reclaim: 0.0 ms]
      [Free CSet: 0.1 ms]
   [Eden: 45.0M(45.0M)->0.0B(45.0M) Survivors: 6144.0K->6144.0K Heap: 399.3M(1024.0M)->356.3M(1024.0M)]
 [Times: user=0.05 sys=0.00, real=0.02 secs] 
2019-11-28T13:19:55.143+0800: 7225.799: [GC pause (G1 Evacuation Pause) (young), 0.0493043 secs]
   [Parallel Time: 46.8 ms, GC Workers: 4]
      [GC Worker Start (ms): Min: 7225799.7, Avg: 7225803.2, Max: 7225807.6, Diff: 7.9]
      [Ext Root Scanning (ms): Min: 0.0, Avg: 0.5, Max: 0.9, Diff: 0.9, Sum: 1.9]
      [Update RS (ms): Min: 2.9, Avg: 7.9, Max: 16.9, Diff: 14.1, Sum: 31.5]
         [Processed Buffers: Min: 0, Avg: 10.5, Max: 28, Diff: 28, Sum: 42]
      [Scan RS (ms): Min: 4.6, Avg: 12.3, Max: 16.0, Diff: 11.4, Sum: 49.2]
      [Code Root Scanning (ms): Min: 0.0, Avg: 0.0, Max: 0.0, Diff: 0.0, Sum: 0.0]
      [Object Copy (ms): Min: 17.5, Avg: 21.7, Max: 24.0, Diff: 6.5, Sum: 86.8]
      [Termination (ms): Min: 0.0, Avg: 0.8, Max: 1.2, Diff: 1.2, Sum: 3.4]
         [Termination Attempts: Min: 1, Avg: 1.0, Max: 1, Diff: 0, Sum: 4]
      [GC Worker Other (ms): Min: 0.0, Avg: 0.0, Max: 0.1, Diff: 0.0, Sum: 0.1]
      [GC Worker Total (ms): Min: 38.8, Avg: 43.2, Max: 46.7, Diff: 7.9, Sum: 173.0]
      [GC Worker End (ms): Min: 7225846.4, Avg: 7225846.4, Max: 7225846.4, Diff: 0.1]
   [Code Root Fixup: 0.0 ms]
   [Code Root Purge: 0.0 ms]
   [Clear CT: 0.1 ms]
   [Other: 2.4 ms]
      [Choose CSet: 0.0 ms]
      [Ref Proc: 1.8 ms]
      [Ref Enq: 0.0 ms]
      [Redirty Cards: 0.1 ms]
      [Humongous Register: 0.1 ms]
      [Humongous Reclaim: 0.0 ms]
      [Free CSet: 0.1 ms]
   [Eden: 45.0M(45.0M)->0.0B(44.0M) Survivors: 6144.0K->7168.0K Heap: 401.3M(1024.0M)->359.9M(1024.0M)]
 [Times: user=0.08 sys=0.01, real=0.05 secs] 
2019-11-28T13:20:37.306+0800: 7267.961: [GC pause (G1 Evacuation Pause) (young), 0.0457115 secs]
   [Parallel Time: 40.0 ms, GC Workers: 4]
      [GC Worker Start (ms): Min: 7267965.5, Avg: 7267965.6, Max: 7267965.6, Diff: 0.1]
      [Ext Root Scanning (ms): Min: 3.4, Avg: 4.6, Max: 7.9, Diff: 4.4, Sum: 18.4]
      [Update RS (ms): Min: 2.5, Avg: 5.7, Max: 6.8, Diff: 4.3, Sum: 22.9]
         [Processed Buffers: Min: 0, Avg: 8.0, Max: 18, Diff: 18, Sum: 32]
      [Scan RS (ms): Min: 9.0, Avg: 9.7, Max: 10.8, Diff: 1.8, Sum: 38.8]
      [Code Root Scanning (ms): Min: 0.0, Avg: 0.0, Max: 0.0, Diff: 0.0, Sum: 0.0]
      [Object Copy (ms): Min: 18.7, Avg: 19.8, Max: 20.5, Diff: 1.8, Sum: 79.1]
      [Termination (ms): Min: 0.0, Avg: 0.0, Max: 0.0, Diff: 0.0, Sum: 0.1]
         [Termination Attempts: Min: 1, Avg: 1.8, Max: 2, Diff: 1, Sum: 7]
      [GC Worker Other (ms): Min: 0.0, Avg: 0.0, Max: 0.1, Diff: 0.0, Sum: 0.2]
      [GC Worker Total (ms): Min: 39.8, Avg: 39.9, Max: 39.9, Diff: 0.1, Sum: 159.5]
      [GC Worker End (ms): Min: 7268005.5, Avg: 7268005.5, Max: 7268005.5, Diff: 0.0]
   [Code Root Fixup: 0.0 ms]
   [Code Root Purge: 0.0 ms]
   [Clear CT: 0.1 ms]
   [Other: 5.6 ms]
      [Choose CSet: 0.0 ms]
      [Ref Proc: 0.1 ms]
      [Ref Enq: 0.0 ms]
      [Redirty Cards: 0.1 ms]
      [Humongous Register: 1.8 ms]
      [Humongous Reclaim: 0.0 ms]
      [Free CSet: 1.0 ms]
   [Eden: 44.0M(44.0M)->0.0B(48.0M) Survivors: 7168.0K->3072.0K Heap: 403.9M(1024.0M)->360.7M(1024.0M)]
 [Times: user=0.06 sys=0.07, real=0.05 secs] 
2019-11-28T13:21:23.970+0800: 7314.624: [GC pause (G1 Evacuation Pause) (young) (initial-mark), 0.0514979 secs]
   [Parallel Time: 48.7 ms, GC Workers: 4]
      [GC Worker Start (ms): Min: 7314626.7, Avg: 7314626.8, Max: 7314626.9, Diff: 0.2]
      [Ext Root Scanning (ms): Min: 37.2, Avg: 37.4, Max: 37.6, Diff: 0.4, Sum: 149.4]
      [Update RS (ms): Min: 1.5, Avg: 1.6, Max: 1.6, Diff: 0.2, Sum: 6.2]
         [Processed Buffers: Min: 0, Avg: 9.2, Max: 22, Diff: 22, Sum: 37]
      [Scan RS (ms): Min: 1.1, Avg: 1.2, Max: 1.2, Diff: 0.2, Sum: 4.7]
      [Code Root Scanning (ms): Min: 0.0, Avg: 0.0, Max: 0.0, Diff: 0.0, Sum: 0.0]
      [Object Copy (ms): Min: 4.5, Avg: 4.7, Max: 4.9, Diff: 0.4, Sum: 18.8]
      [Termination (ms): Min: 0.0, Avg: 0.6, Max: 2.3, Diff: 2.3, Sum: 2.5]
         [Termination Attempts: Min: 1, Avg: 1.0, Max: 1, Diff: 0, Sum: 4]
      [GC Worker Other (ms): Min: 0.0, Avg: 0.1, Max: 0.4, Diff: 0.4, Sum: 0.5]
      [GC Worker Total (ms): Min: 44.7, Avg: 45.5, Max: 47.0, Diff: 2.3, Sum: 182.1]
      [GC Worker End (ms): Min: 7314671.7, Avg: 7314672.3, Max: 7314673.9, Diff: 2.2]
   [Code Root Fixup: 0.0 ms]
   [Code Root Purge: 0.0 ms]
   [Clear CT: 0.1 ms]
   [Other: 2.7 ms]
      [Choose CSet: 0.0 ms]
      [Ref Proc: 0.2 ms]
      [Ref Enq: 0.0 ms]
      [Redirty Cards: 0.1 ms]
      [Humongous Register: 0.0 ms]
      [Humongous Reclaim: 0.0 ms]
      [Free CSet: 0.1 ms]
   [Eden: 48.0M(48.0M)->0.0B(46.0M) Survivors: 3072.0K->5120.0K Heap: 408.7M(1024.0M)->362.6M(1024.0M)]
 [Times: user=0.03 sys=0.02, real=0.05 secs] 
2019-11-28T13:21:24.023+0800: 7314.677: [GC concurrent-root-region-scan-start]
2019-11-28T13:21:24.036+0800: 7314.690: [GC concurrent-root-region-scan-end, 0.0134375 secs]
2019-11-28T13:21:24.038+0800: 7314.692: [GC concurrent-mark-start]
2019-11-28T13:21:24.713+0800: 7315.367: [GC concurrent-mark-end, 0.6748250 secs]
2019-11-28T13:21:24.714+0800: 7315.368: [GC remark 2019-11-28T13:21:24.714+0800: 7315.368: [Finalize Marking, 0.0073226 secs] 2019-11-28T13:21:24.721+0800: 7315.375: [GC ref-proc, 0.0003732 secs] 2019-11-28T13:21:24.722+0800: 7315.376: [Unloading, 0.5404585 secs], 0.5497647 secs]
 [Times: user=0.04 sys=0.39, real=0.55 secs] 
2019-11-28T13:21:25.266+0800: 7315.920: [GC cleanup 363M->275M(1024M), 0.1697619 secs]
 [Times: user=0.01 sys=0.03, real=0.17 secs] 
2019-11-28T13:21:25.436+0800: 7316.090: [GC concurrent-cleanup-start]
2019-11-28T13:21:25.437+0800: 7316.091: [GC concurrent-cleanup-end, 0.0007018 secs]
2019-11-28T13:22:09.095+0800: 7359.748: [GC pause (G1 Evacuation Pause) (young), 0.0106216 secs]
   [Parallel Time: 10.0 ms, GC Workers: 4]
      [GC Worker Start (ms): Min: 7359747.8, Avg: 7359747.8, Max: 7359747.8, Diff: 0.0]
      [Ext Root Scanning (ms): Min: 0.7, Avg: 0.7, Max: 0.8, Diff: 0.1, Sum: 2.9]
      [Update RS (ms): Min: 1.1, Avg: 1.2, Max: 1.4, Diff: 0.3, Sum: 4.8]
         [Processed Buffers: Min: 1, Avg: 8.8, Max: 14, Diff: 13, Sum: 35]
      [Scan RS (ms): Min: 0.2, Avg: 0.4, Max: 0.5, Diff: 0.3, Sum: 1.5]
      [Code Root Scanning (ms): Min: 0.0, Avg: 0.0, Max: 0.0, Diff: 0.0, Sum: 0.0]
      [Object Copy (ms): Min: 6.7, Avg: 7.0, Max: 7.7, Diff: 0.9, Sum: 27.9]
      [Termination (ms): Min: 0.0, Avg: 0.7, Max: 0.9, Diff: 0.9, Sum: 2.7]
         [Termination Attempts: Min: 1, Avg: 1.0, Max: 1, Diff: 0, Sum: 4]
      [GC Worker Other (ms): Min: 0.0, Avg: 0.0, Max: 0.0, Diff: 0.0, Sum: 0.1]
      [GC Worker Total (ms): Min: 9.9, Avg: 10.0, Max: 10.0, Diff: 0.1, Sum: 39.9]
      [GC Worker End (ms): Min: 7359757.7, Avg: 7359757.8, Max: 7359757.8, Diff: 0.0]
   [Code Root Fixup: 0.0 ms]
   [Code Root Purge: 0.0 ms]
   [Clear CT: 0.0 ms]
   [Other: 0.5 ms]
      [Choose CSet: 0.0 ms]
      [Ref Proc: 0.2 ms]
      [Ref Enq: 0.0 ms]
      [Redirty Cards: 0.1 ms]
      [Humongous Register: 0.0 ms]
      [Humongous Reclaim: 0.0 ms]
      [Free CSet: 0.0 ms]
   [Eden: 46.0M(46.0M)->0.0B(44.0M) Survivors: 5120.0K->7168.0K Heap: 320.6M(1024.0M)->276.5M(1024.0M)]
 [Times: user=0.03 sys=0.00, real=0.01 secs] 
2019-11-28T13:22:52.050+0800: 7402.702: [GC pause (G1 Evacuation Pause) (mixed), 0.0406739 secs]
   [Parallel Time: 36.0 ms, GC Workers: 4]
      [GC Worker Start (ms): Min: 7402701.9, Avg: 7402702.1, Max: 7402702.7, Diff: 0.8]
      [Ext Root Scanning (ms): Min: 0.0, Avg: 0.5, Max: 0.8, Diff: 0.8, Sum: 2.2]
      [Update RS (ms): Min: 1.3, Avg: 1.5, Max: 1.6, Diff: 0.3, Sum: 5.9]
         [Processed Buffers: Min: 0, Avg: 7.8, Max: 24, Diff: 24, Sum: 31]
      [Scan RS (ms): Min: 22.5, Avg: 25.0, Max: 28.3, Diff: 5.7, Sum: 99.9]
      [Code Root Scanning (ms): Min: 0.0, Avg: 0.2, Max: 0.6, Diff: 0.6, Sum: 0.8]
      [Object Copy (ms): Min: 4.6, Avg: 7.6, Max: 9.5, Diff: 4.9, Sum: 30.5]
      [Termination (ms): Min: 0.0, Avg: 0.6, Max: 0.9, Diff: 0.9, Sum: 2.5]
         [Termination Attempts: Min: 1, Avg: 1.2, Max: 2, Diff: 1, Sum: 5]
      [GC Worker Other (ms): Min: 0.0, Avg: 0.0, Max: 0.0, Diff: 0.0, Sum: 0.1]
      [GC Worker Total (ms): Min: 35.0, Avg: 35.5, Max: 35.9, Diff: 0.9, Sum: 141.9]
      [GC Worker End (ms): Min: 7402737.0, Avg: 7402737.6, Max: 7402737.8, Diff: 0.8]
   [Code Root Fixup: 0.0 ms]
   [Code Root Purge: 0.0 ms]
   [Clear CT: 0.1 ms]
   [Other: 4.6 ms]
      [Choose CSet: 0.1 ms]
      [Ref Proc: 0.3 ms]
      [Ref Enq: 0.0 ms]
      [Redirty Cards: 0.0 ms]
      [Humongous Register: 0.1 ms]
      [Humongous Reclaim: 0.1 ms]
      [Free CSet: 3.5 ms]
   [Eden: 44.0M(44.0M)->0.0B(45.0M) Survivors: 7168.0K->6144.0K Heap: 320.5M(1024.0M)->257.9M(1024.0M)]
 [Times: user=0.04 sys=0.03, real=0.04 secs] 
2019-11-28T13:23:35.673+0800: 7446.323: [GC pause (G1 Evacuation Pause) (mixed), 0.0727613 secs]
   [Parallel Time: 71.5 ms, GC Workers: 4]
      [GC Worker Start (ms): Min: 7446323.8, Avg: 7446323.8, Max: 7446323.8, Diff: 0.0]
      [Ext Root Scanning (ms): Min: 0.5, Avg: 0.5, Max: 0.6, Diff: 0.1, Sum: 2.1]
      [Update RS (ms): Min: 0.9, Avg: 1.0, Max: 1.1, Diff: 0.1, Sum: 4.1]
         [Processed Buffers: Min: 4, Avg: 9.2, Max: 18, Diff: 14, Sum: 37]
      [Scan RS (ms): Min: 45.3, Avg: 47.9, Max: 49.6, Diff: 4.2, Sum: 191.7]
      [Code Root Scanning (ms): Min: 0.0, Avg: 0.0, Max: 0.0, Diff: 0.0, Sum: 0.0]
      [Object Copy (ms): Min: 16.9, Avg: 18.6, Max: 21.3, Diff: 4.3, Sum: 74.5]
      [Termination (ms): Min: 0.0, Avg: 0.9, Max: 3.4, Diff: 3.4, Sum: 3.5]
         [Termination Attempts: Min: 1, Avg: 1.0, Max: 1, Diff: 0, Sum: 4]
      [GC Worker Other (ms): Min: 0.0, Avg: 0.0, Max: 0.0, Diff: 0.0, Sum: 0.1]
      [GC Worker Total (ms): Min: 68.1, Avg: 69.0, Max: 71.5, Diff: 3.3, Sum: 276.0]
      [GC Worker End (ms): Min: 7446392.0, Avg: 7446392.8, Max: 7446395.3, Diff: 3.3]
   [Code Root Fixup: 0.0 ms]
   [Code Root Purge: 0.0 ms]
   [Clear CT: 0.1 ms]
   [Other: 1.1 ms]
      [Choose CSet: 0.2 ms]
      [Ref Proc: 0.2 ms]
      [Ref Enq: 0.0 ms]
      [Redirty Cards: 0.0 ms]
      [Humongous Register: 0.0 ms]
      [Humongous Reclaim: 0.0 ms]
      [Free CSet: 0.4 ms]
   [Eden: 45.0M(45.0M)->0.0B(44.0M) Survivors: 6144.0K->7168.0K Heap: 302.9M(1024.0M)->241.4M(1024.0M)]
 [Times: user=0.05 sys=0.04, real=0.07 secs] 
2019-11-28T13:24:18.013+0800: 7488.662: [GC pause (G1 Evacuation Pause) (mixed), 0.0782233 secs]
   [Parallel Time: 74.4 ms, GC Workers: 4]
      [GC Worker Start (ms): Min: 7488661.9, Avg: 7488661.9, Max: 7488661.9, Diff: 0.0]
      [Ext Root Scanning (ms): Min: 0.6, Avg: 0.6, Max: 0.7, Diff: 0.1, Sum: 2.5]
      [Update RS (ms): Min: 0.7, Avg: 2.4, Max: 4.2, Diff: 3.5, Sum: 9.7]
         [Processed Buffers: Min: 1, Avg: 8.2, Max: 19, Diff: 18, Sum: 33]
      [Scan RS (ms): Min: 20.5, Avg: 22.8, Max: 25.3, Diff: 4.7, Sum: 91.1]
      [Code Root Scanning (ms): Min: 0.0, Avg: 0.0, Max: 0.0, Diff: 0.0, Sum: 0.1]
      [Object Copy (ms): Min: 46.5, Avg: 48.5, Max: 50.8, Diff: 4.3, Sum: 193.9]
      [Termination (ms): Min: 0.0, Avg: 0.0, Max: 0.0, Diff: 0.0, Sum: 0.0]
         [Termination Attempts: Min: 1, Avg: 1.0, Max: 1, Diff: 0, Sum: 4]
      [GC Worker Other (ms): Min: 0.0, Avg: 0.0, Max: 0.0, Diff: 0.0, Sum: 0.1]
      [GC Worker Total (ms): Min: 74.3, Avg: 74.3, Max: 74.4, Diff: 0.0, Sum: 297.4]
      [GC Worker End (ms): Min: 7488736.2, Avg: 7488736.2, Max: 7488736.2, Diff: 0.0]
   [Code Root Fixup: 0.0 ms]
   [Code Root Purge: 0.0 ms]
   [Clear CT: 0.1 ms]
   [Other: 3.7 ms]
      [Choose CSet: 0.2 ms]
      [Ref Proc: 0.1 ms]
      [Ref Enq: 0.0 ms]
      [Redirty Cards: 0.0 ms]
      [Humongous Register: 0.0 ms]
      [Humongous Reclaim: 0.0 ms]
      [Free CSet: 3.1 ms]
   [Eden: 44.0M(44.0M)->0.0B(46.0M) Survivors: 7168.0K->5120.0K Heap: 285.4M(1024.0M)->224.5M(1024.0M)]
 [Times: user=0.05 sys=0.06, real=0.08 secs] 
2019-11-28T13:25:02.328+0800: 7532.975: [GC pause (G1 Evacuation Pause) (mixed), 3.5002297 secs]
   [Parallel Time: 3461.1 ms, GC Workers: 4]
      [GC Worker Start (ms): Min: 7532982.0, Avg: 7532982.1, Max: 7532982.2, Diff: 0.2]
      [Ext Root Scanning (ms): Min: 3.9, Avg: 6.8, Max: 14.2, Diff: 10.3, Sum: 27.3]
      [Update RS (ms): Min: 0.0, Avg: 5.3, Max: 7.6, Diff: 7.6, Sum: 21.2]
         [Processed Buffers: Min: 0, Avg: 9.2, Max: 23, Diff: 23, Sum: 37]
      [Scan RS (ms): Min: 26.4, Avg: 28.6, Max: 30.8, Diff: 4.3, Sum: 114.4]
      [Code Root Scanning (ms): Min: 0.0, Avg: 0.0, Max: 0.0, Diff: 0.0, Sum: 0.0]
      [Object Copy (ms): Min: 31.1, Avg: 880.1, Max: 3416.8, Diff: 3385.7, Sum: 3520.4]
      [Termination (ms): Min: 0.0, Avg: 2539.4, Max: 3386.4, Diff: 3386.4, Sum: 10157.8]
         [Termination Attempts: Min: 1, Avg: 1.0, Max: 1, Diff: 0, Sum: 4]
      [GC Worker Other (ms): Min: 0.0, Avg: 0.2, Max: 0.6, Diff: 0.6, Sum: 0.8]
      [GC Worker Total (ms): Min: 3460.4, Avg: 3460.5, Max: 3460.5, Diff: 0.2, Sum: 13841.8]
      [GC Worker End (ms): Min: 7536442.6, Avg: 7536442.6, Max: 7536442.6, Diff: 0.0]
   [Code Root Fixup: 0.0 ms]
   [Code Root Purge: 0.0 ms]
   [Clear CT: 0.2 ms]
   [Other: 39.0 ms]
      [Choose CSet: 0.7 ms]
      [Ref Proc: 0.2 ms]
      [Ref Enq: 0.0 ms]
      [Redirty Cards: 0.1 ms]
      [Humongous Register: 2.4 ms]
      [Humongous Reclaim: 0.0 ms]
      [Free CSet: 31.9 ms]
   [Eden: 46.0M(46.0M)->0.0B(46.0M) Survivors: 5120.0K->5120.0K Heap: 270.5M(1024.0M)->208.4M(1024.0M)]
 [Times: user=0.41 sys=0.09, real=3.56 secs] 
2019-11-28T13:25:49.714+0800: 7580.360: [GC pause (G1 Evacuation Pause) (mixed), 0.1002805 secs]
   [Parallel Time: 92.6 ms, GC Workers: 4]
      [GC Worker Start (ms): Min: 7580364.0, Avg: 7580368.4, Max: 7580370.9, Diff: 6.9]
      [Ext Root Scanning (ms): Min: 2.5, Avg: 4.8, Max: 8.9, Diff: 6.4, Sum: 19.0]
      [Update RS (ms): Min: 0.0, Avg: 2.6, Max: 5.8, Diff: 5.8, Sum: 10.6]
         [Processed Buffers: Min: 0, Avg: 8.0, Max: 19, Diff: 19, Sum: 32]
      [Scan RS (ms): Min: 14.2, Avg: 15.7, Max: 18.3, Diff: 4.2, Sum: 62.7]
      [Code Root Scanning (ms): Min: 0.0, Avg: 0.0, Max: 0.1, Diff: 0.1, Sum: 0.1]
      [Object Copy (ms): Min: 56.1, Avg: 59.5, Max: 63.7, Diff: 7.6, Sum: 237.8]
      [Termination (ms): Min: 0.0, Avg: 2.5, Max: 4.9, Diff: 4.9, Sum: 9.8]
         [Termination Attempts: Min: 1, Avg: 1.0, Max: 1, Diff: 0, Sum: 4]
      [GC Worker Other (ms): Min: 0.0, Avg: 0.1, Max: 0.1, Diff: 0.0, Sum: 0.2]
      [GC Worker Total (ms): Min: 82.2, Avg: 85.0, Max: 87.1, Diff: 4.9, Sum: 340.1]
      [GC Worker End (ms): Min: 7580451.1, Avg: 7580453.5, Max: 7580455.9, Diff: 4.8]
   [Code Root Fixup: 0.0 ms]
   [Code Root Purge: 0.0 ms]
   [Clear CT: 0.2 ms]
   [Other: 7.5 ms]
      [Choose CSet: 1.6 ms]
      [Ref Proc: 0.3 ms]
      [Ref Enq: 0.0 ms]
      [Redirty Cards: 0.1 ms]
      [Humongous Register: 1.5 ms]
      [Humongous Reclaim: 0.0 ms]
      [Free CSet: 2.4 ms]
   [Eden: 46.0M(46.0M)->0.0B(46.0M) Survivors: 5120.0K->5120.0K Heap: 254.4M(1024.0M)->197.7M(1024.0M)]
 [Times: user=0.05 sys=0.08, real=0.10 secs] 
2019-11-28T13:26:34.715+0800: 7625.360: [GC pause (G1 Evacuation Pause) (young), 0.0201881 secs]
   [Parallel Time: 19.6 ms, GC Workers: 4]
      [GC Worker Start (ms): Min: 7625360.2, Avg: 7625360.3, Max: 7625360.4, Diff: 0.1]
      [Ext Root Scanning (ms): Min: 0.8, Avg: 0.9, Max: 1.0, Diff: 0.2, Sum: 3.5]
      [Update RS (ms): Min: 0.9, Avg: 1.2, Max: 1.7, Diff: 0.8, Sum: 4.8]
         [Processed Buffers: Min: 0, Avg: 7.8, Max: 14, Diff: 14, Sum: 31]
      [Scan RS (ms): Min: 4.7, Avg: 5.5, Max: 7.0, Diff: 2.4, Sum: 22.0]
      [Code Root Scanning (ms): Min: 0.0, Avg: 0.0, Max: 0.0, Diff: 0.0, Sum: 0.0]
      [Object Copy (ms): Min: 10.6, Avg: 11.8, Max: 12.3, Diff: 1.7, Sum: 47.2]
      [Termination (ms): Min: 0.0, Avg: 0.1, Max: 0.2, Diff: 0.2, Sum: 0.5]
         [Termination Attempts: Min: 1, Avg: 1.2, Max: 2, Diff: 1, Sum: 5]
      [GC Worker Other (ms): Min: 0.0, Avg: 0.0, Max: 0.0, Diff: 0.0, Sum: 0.1]
      [GC Worker Total (ms): Min: 19.4, Avg: 19.5, Max: 19.5, Diff: 0.2, Sum: 78.0]
      [GC Worker End (ms): Min: 7625379.7, Avg: 7625379.7, Max: 7625379.8, Diff: 0.0]
   [Code Root Fixup: 0.0 ms]
   [Code Root Purge: 0.0 ms]
   [Clear CT: 0.0 ms]
   [Other: 0.5 ms]
      [Choose CSet: 0.0 ms]
      [Ref Proc: 0.1 ms]
      [Ref Enq: 0.0 ms]
      [Redirty Cards: 0.0 ms]
      [Humongous Register: 0.1 ms]
      [Humongous Reclaim: 0.0 ms]
      [Free CSet: 0.0 ms]
   [Eden: 46.0M(46.0M)->0.0B(45.0M) Survivors: 5120.0K->6144.0K Heap: 243.7M(1024.0M)->198.7M(1024.0M)]
 [Times: user=0.04 sys=0.01, real=0.02 secs] 
2019-11-28T13:27:18.803+0800: 7669.447: [GC pause (G1 Evacuation Pause) (young), 0.1298670 secs]
   [Parallel Time: 129.3 ms, GC Workers: 4]
      [GC Worker Start (ms): Min: 7669446.8, Avg: 7669456.5, Max: 7669469.8, Diff: 23.0]
      [Ext Root Scanning (ms): Min: 0.0, Avg: 1.2, Max: 4.7, Diff: 4.6, Sum: 4.7]
      [Update RS (ms): Min: 0.0, Avg: 1.8, Max: 3.9, Diff: 3.9, Sum: 7.2]
         [Processed Buffers: Min: 0, Avg: 9.0, Max: 28, Diff: 28, Sum: 36]
      [Scan RS (ms): Min: 36.3, Avg: 41.2, Max: 44.0, Diff: 7.8, Sum: 164.9]
      [Code Root Scanning (ms): Min: 0.0, Avg: 0.0, Max: 0.0, Diff: 0.0, Sum: 0.0]
      [Object Copy (ms): Min: 58.6, Avg: 64.4, Max: 68.3, Diff: 9.7, Sum: 257.8]
      [Termination (ms): Min: 0.0, Avg: 7.6, Max: 11.3, Diff: 11.3, Sum: 30.2]
         [Termination Attempts: Min: 1, Avg: 1.0, Max: 1, Diff: 0, Sum: 4]
      [GC Worker Other (ms): Min: 0.0, Avg: 0.6, Max: 1.3, Diff: 1.3, Sum: 2.5]
      [GC Worker Total (ms): Min: 106.3, Avg: 116.8, Max: 126.6, Diff: 20.3, Sum: 467.2]
      [GC Worker End (ms): Min: 7669567.6, Avg: 7669573.3, Max: 7669576.1, Diff: 8.4]
   [Code Root Fixup: 0.0 ms]
   [Code Root Purge: 0.0 ms]
   [Clear CT: 0.1 ms]
   [Other: 0.5 ms]
      [Choose CSet: 0.0 ms]
      [Ref Proc: 0.1 ms]
      [Ref Enq: 0.0 ms]
      [Redirty Cards: 0.1 ms]
      [Humongous Register: 0.0 ms]
      [Humongous Reclaim: 0.0 ms]
      [Free CSet: 0.0 ms]
   [Eden: 45.0M(45.0M)->0.0B(44.0M) Survivors: 6144.0K->7168.0K Heap: 243.7M(1024.0M)->201.4M(1024.0M)]
 [Times: user=0.05 sys=0.03, real=0.13 secs] 
2019-11-28T13:28:01.457+0800: 7712.099: [GC pause (G1 Evacuation Pause) (young), 0.0577241 secs]
   [Parallel Time: 55.4 ms, GC Workers: 4]
      [GC Worker Start (ms): Min: 7712098.9, Avg: 7712098.9, Max: 7712098.9, Diff: 0.1]
      [Ext Root Scanning (ms): Min: 0.7, Avg: 0.8, Max: 0.8, Diff: 0.1, Sum: 3.1]
      [Update RS (ms): Min: 1.5, Avg: 1.7, Max: 1.8, Diff: 0.3, Sum: 6.7]
         [Processed Buffers: Min: 2, Avg: 8.2, Max: 24, Diff: 22, Sum: 33]
      [Scan RS (ms): Min: 3.2, Avg: 3.3, Max: 3.5, Diff: 0.2, Sum: 13.4]
      [Code Root Scanning (ms): Min: 0.0, Avg: 0.0, Max: 0.0, Diff: 0.0, Sum: 0.0]
      [Object Copy (ms): Min: 49.2, Avg: 49.5, Max: 49.6, Diff: 0.4, Sum: 197.9]
      [Termination (ms): Min: 0.0, Avg: 0.0, Max: 0.0, Diff: 0.0, Sum: 0.0]
         [Termination Attempts: Min: 1, Avg: 1.0, Max: 1, Diff: 0, Sum: 4]
      [GC Worker Other (ms): Min: 0.0, Avg: 0.0, Max: 0.0, Diff: 0.0, Sum: 0.1]
      [GC Worker Total (ms): Min: 55.2, Avg: 55.3, Max: 55.3, Diff: 0.1, Sum: 221.1]
      [GC Worker End (ms): Min: 7712154.2, Avg: 7712154.2, Max: 7712154.2, Diff: 0.0]
   [Code Root Fixup: 0.0 ms]
   [Code Root Purge: 0.0 ms]
   [Clear CT: 0.1 ms]
   [Other: 2.2 ms]
      [Choose CSet: 0.0 ms]
      [Ref Proc: 0.1 ms]
      [Ref Enq: 0.0 ms]
      [Redirty Cards: 0.0 ms]
      [Humongous Register: 0.0 ms]
      [Humongous Reclaim: 0.0 ms]
      [Free CSet: 0.0 ms]
   [Eden: 44.0M(44.0M)->0.0B(45.0M) Survivors: 7168.0K->6144.0K Heap: 245.4M(1024.0M)->202.9M(1024.0M)]
 [Times: user=0.05 sys=0.04, real=0.06 secs] 
2019-11-28T13:28:44.701+0800: 7755.342: [GC pause (G1 Evacuation Pause) (young), 0.1075917 secs]
   [Parallel Time: 102.1 ms, GC Workers: 4]
      [GC Worker Start (ms): Min: 7755343.5, Avg: 7755343.7, Max: 7755343.8, Diff: 0.2]
      [Ext Root Scanning (ms): Min: 1.4, Avg: 2.9, Max: 4.9, Diff: 3.5, Sum: 11.5]
      [Update RS (ms): Min: 0.0, Avg: 1.4, Max: 2.6, Diff: 2.6, Sum: 5.7]
         [Processed Buffers: Min: 0, Avg: 8.8, Max: 19, Diff: 19, Sum: 35]
      [Scan RS (ms): Min: 3.5, Avg: 4.3, Max: 5.2, Diff: 1.7, Sum: 17.2]
      [Code Root Scanning (ms): Min: 0.0, Avg: 0.0, Max: 0.0, Diff: 0.0, Sum: 0.0]
      [Object Copy (ms): Min: 82.1, Avg: 83.3, Max: 84.0, Diff: 1.9, Sum: 333.3]
      [Termination (ms): Min: 0.0, Avg: 2.5, Max: 10.1, Diff: 10.1, Sum: 10.2]
         [Termination Attempts: Min: 1, Avg: 1.2, Max: 2, Diff: 1, Sum: 5]
      [GC Worker Other (ms): Min: 0.0, Avg: 0.0, Max: 0.0, Diff: 0.0, Sum: 0.1]
      [GC Worker Total (ms): Min: 92.3, Avg: 94.5, Max: 100.6, Diff: 8.3, Sum: 377.8]
      [GC Worker End (ms): Min: 7755436.0, Avg: 7755438.1, Max: 7755444.3, Diff: 8.3]
   [Code Root Fixup: 0.0 ms]
   [Code Root Purge: 0.0 ms]
   [Clear CT: 1.8 ms]
   [Other: 3.7 ms]
      [Choose CSet: 0.0 ms]
      [Ref Proc: 0.1 ms]
      [Ref Enq: 0.0 ms]
      [Redirty Cards: 0.1 ms]
      [Humongous Register: 0.1 ms]
      [Humongous Reclaim: 0.0 ms]
      [Free CSet: 0.0 ms]
   [Eden: 45.0M(45.0M)->0.0B(46.0M) Survivors: 6144.0K->5120.0K Heap: 247.9M(1024.0M)->204.4M(1024.0M)]
 [Times: user=0.05 sys=0.04, real=0.11 secs] 
2019-11-28T13:29:29.592+0800: 7800.232: [GC pause (G1 Evacuation Pause) (young), 0.0167005 secs]
   [Parallel Time: 15.3 ms, GC Workers: 4]
      [GC Worker Start (ms): Min: 7800231.9, Avg: 7800231.9, Max: 7800231.9, Diff: 0.1]
      [Ext Root Scanning (ms): Min: 0.6, Avg: 0.7, Max: 0.7, Diff: 0.0, Sum: 2.6]
      [Update RS (ms): Min: 1.6, Avg: 2.0, Max: 2.9, Diff: 1.3, Sum: 8.2]
         [Processed Buffers: Min: 2, Avg: 8.2, Max: 15, Diff: 13, Sum: 33]
      [Scan RS (ms): Min: 1.2, Avg: 3.7, Max: 5.9, Diff: 4.6, Sum: 14.8]
      [Code Root Scanning (ms): Min: 0.0, Avg: 0.0, Max: 0.0, Diff: 0.0, Sum: 0.0]
      [Object Copy (ms): Min: 7.0, Avg: 8.8, Max: 10.3, Diff: 3.3, Sum: 35.0]
      [Termination (ms): Min: 0.0, Avg: 0.0, Max: 0.0, Diff: 0.0, Sum: 0.0]
         [Termination Attempts: Min: 1, Avg: 2.2, Max: 4, Diff: 3, Sum: 9]
      [GC Worker Other (ms): Min: 0.0, Avg: 0.0, Max: 0.0, Diff: 0.0, Sum: 0.1]
      [GC Worker Total (ms): Min: 15.2, Avg: 15.2, Max: 15.2, Diff: 0.1, Sum: 60.8]
      [GC Worker End (ms): Min: 7800247.1, Avg: 7800247.1, Max: 7800247.1, Diff: 0.0]
   [Code Root Fixup: 0.0 ms]
   [Code Root Purge: 0.0 ms]
   [Clear CT: 0.7 ms]
   [Other: 0.7 ms]
      [Choose CSet: 0.0 ms]
      [Ref Proc: 0.2 ms]
      [Ref Enq: 0.0 ms]
      [Redirty Cards: 0.1 ms]
      [Humongous Register: 0.0 ms]
      [Humongous Reclaim: 0.0 ms]
      [Free CSet: 0.1 ms]
   [Eden: 46.0M(46.0M)->0.0B(45.0M) Survivors: 5120.0K->6144.0K Heap: 250.4M(1024.0M)->205.4M(1024.0M)]
 [Times: user=0.04 sys=0.01, real=0.02 secs] 
2019-11-28T13:30:13.509+0800: 7844.147: [GC pause (G1 Evacuation Pause) (young), 0.0730441 secs]
   [Parallel Time: 58.8 ms, GC Workers: 4]
      [GC Worker Start (ms): Min: 7844147.2, Avg: 7844147.2, Max: 7844147.2, Diff: 0.0]
      [Ext Root Scanning (ms): Min: 0.6, Avg: 0.6, Max: 0.7, Diff: 0.1, Sum: 2.5]
      [Update RS (ms): Min: 0.0, Avg: 1.3, Max: 1.8, Diff: 1.8, Sum: 5.0]
         [Processed Buffers: Min: 0, Avg: 9.0, Max: 28, Diff: 28, Sum: 36]
      [Scan RS (ms): Min: 1.5, Avg: 9.6, Max: 13.7, Diff: 12.2, Sum: 38.6]
      [Code Root Scanning (ms): Min: 0.0, Avg: 0.0, Max: 0.0, Diff: 0.0, Sum: 0.0]
      [Object Copy (ms): Min: 32.4, Avg: 36.3, Max: 44.8, Diff: 12.5, Sum: 145.3]
      [Termination (ms): Min: 0.0, Avg: 7.6, Max: 10.1, Diff: 10.1, Sum: 30.4]
         [Termination Attempts: Min: 1, Avg: 1.0, Max: 1, Diff: 0, Sum: 4]
      [GC Worker Other (ms): Min: 0.0, Avg: 0.0, Max: 0.0, Diff: 0.0, Sum: 0.1]
      [GC Worker Total (ms): Min: 48.8, Avg: 55.5, Max: 58.7, Diff: 9.9, Sum: 221.8]
      [GC Worker End (ms): Min: 7844196.0, Avg: 7844202.7, Max: 7844206.0, Diff: 9.9]
   [Code Root Fixup: 0.0 ms]
   [Code Root Purge: 0.0 ms]
   [Clear CT: 0.9 ms]
   [Other: 13.3 ms]
      [Choose CSet: 0.0 ms]
      [Ref Proc: 10.3 ms]
      [Ref Enq: 0.0 ms]
      [Redirty Cards: 0.1 ms]
      [Humongous Register: 0.0 ms]
      [Humongous Reclaim: 0.1 ms]
      [Free CSet: 0.1 ms]
   [Eden: 45.0M(45.0M)->0.0B(45.0M) Survivors: 6144.0K->6144.0K Heap: 250.4M(1024.0M)->206.6M(1024.0M)]
 [Times: user=0.05 sys=0.02, real=0.08 secs] 
2019-11-28T13:30:57.441+0800: 7888.078: [GC pause (G1 Evacuation Pause) (young), 0.0696826 secs]
   [Parallel Time: 68.8 ms, GC Workers: 4]
      [GC Worker Start (ms): Min: 7888078.3, Avg: 7888078.3, Max: 7888078.3, Diff: 0.1]
      [Ext Root Scanning (ms): Min: 1.0, Avg: 1.1, Max: 1.1, Diff: 0.1, Sum: 4.3]
      [Update RS (ms): Min: 1.6, Avg: 1.6, Max: 1.7, Diff: 0.1, Sum: 6.6]
         [Processed Buffers: Min: 2, Avg: 9.2, Max: 16, Diff: 14, Sum: 37]
      [Scan RS (ms): Min: 3.0, Avg: 4.1, Max: 5.1, Diff: 2.1, Sum: 16.3]
      [Code Root Scanning (ms): Min: 0.0, Avg: 0.0, Max: 0.0, Diff: 0.0, Sum: 0.0]
      [Object Copy (ms): Min: 60.6, Avg: 61.4, Max: 62.2, Diff: 1.6, Sum: 245.6]
      [Termination (ms): Min: 0.0, Avg: 0.4, Max: 0.7, Diff: 0.7, Sum: 1.6]
         [Termination Attempts: Min: 1, Avg: 1.2, Max: 2, Diff: 1, Sum: 5]
      [GC Worker Other (ms): Min: 0.0, Avg: 0.1, Max: 0.2, Diff: 0.2, Sum: 0.3]
      [GC Worker Total (ms): Min: 68.6, Avg: 68.7, Max: 68.7, Diff: 0.1, Sum: 274.7]
      [GC Worker End (ms): Min: 7888147.0, Avg: 7888147.0, Max: 7888147.0, Diff: 0.0]
   [Code Root Fixup: 0.0 ms]
   [Code Root Purge: 0.0 ms]
   [Clear CT: 0.1 ms]
   [Other: 0.7 ms]
      [Choose CSet: 0.0 ms]
      [Ref Proc: 0.2 ms]
      [Ref Enq: 0.0 ms]
      [Redirty Cards: 0.1 ms]
      [Humongous Register: 0.2 ms]
      [Humongous Reclaim: 0.0 ms]
      [Free CSet: 0.0 ms]
   [Eden: 45.0M(45.0M)->0.0B(45.0M) Survivors: 6144.0K->6144.0K Heap: 251.6M(1024.0M)->209.1M(1024.0M)]
 [Times: user=0.06 sys=0.06, real=0.07 secs] 
2019-11-28T13:31:41.226+0800: 7931.862: [GC pause (G1 Evacuation Pause) (young), 0.0675678 secs]
   [Parallel Time: 67.0 ms, GC Workers: 4]
      [GC Worker Start (ms): Min: 7931862.1, Avg: 7931862.1, Max: 7931862.1, Diff: 0.0]
      [Ext Root Scanning (ms): Min: 0.6, Avg: 0.6, Max: 0.6, Diff: 0.1, Sum: 2.3]
      [Update RS (ms): Min: 1.9, Avg: 2.1, Max: 2.3, Diff: 0.4, Sum: 8.4]
         [Processed Buffers: Min: 3, Avg: 9.5, Max: 16, Diff: 13, Sum: 38]
      [Scan RS (ms): Min: 9.0, Avg: 9.8, Max: 10.5, Diff: 1.5, Sum: 39.1]
      [Code Root Scanning (ms): Min: 0.0, Avg: 0.0, Max: 0.0, Diff: 0.0, Sum: 0.0]
      [Object Copy (ms): Min: 52.2, Avg: 54.1, Max: 55.3, Diff: 3.1, Sum: 216.3]
      [Termination (ms): Min: 0.0, Avg: 0.4, Max: 1.4, Diff: 1.4, Sum: 1.5]
         [Termination Attempts: Min: 1, Avg: 1.0, Max: 1, Diff: 0, Sum: 4]
      [GC Worker Other (ms): Min: 0.0, Avg: 0.0, Max: 0.0, Diff: 0.0, Sum: 0.1]
      [GC Worker Total (ms): Min: 66.9, Avg: 66.9, Max: 67.0, Diff: 0.0, Sum: 267.8]
      [GC Worker End (ms): Min: 7931929.0, Avg: 7931929.0, Max: 7931929.0, Diff: 0.0]
   [Code Root Fixup: 0.0 ms]
   [Code Root Purge: 0.0 ms]
   [Clear CT: 0.1 ms]
   [Other: 0.5 ms]
      [Choose CSet: 0.0 ms]
      [Ref Proc: 0.1 ms]
      [Ref Enq: 0.0 ms]
      [Redirty Cards: 0.1 ms]
      [Humongous Register: 0.0 ms]
      [Humongous Reclaim: 0.0 ms]
      [Free CSet: 0.0 ms]
   [Eden: 45.0M(45.0M)->0.0B(46.0M) Survivors: 6144.0K->5120.0K Heap: 254.1M(1024.0M)->211.4M(1024.0M)]
 [Times: user=0.05 sys=0.03, real=0.07 secs] 
2019-11-28T13:32:25.755+0800: 7976.389: [GC pause (G1 Evacuation Pause) (young), 0.0535868 secs]
   [Parallel Time: 52.7 ms, GC Workers: 4]
      [GC Worker Start (ms): Min: 7976389.8, Avg: 7976390.0, Max: 7976390.1, Diff: 0.2]
      [Ext Root Scanning (ms): Min: 0.5, Avg: 1.0, Max: 1.5, Diff: 1.0, Sum: 3.9]
      [Update RS (ms): Min: 2.4, Avg: 2.7, Max: 3.2, Diff: 0.8, Sum: 10.9]
         [Processed Buffers: Min: 1, Avg: 8.8, Max: 29, Diff: 28, Sum: 35]
      [Scan RS (ms): Min: 4.1, Avg: 5.3, Max: 5.8, Diff: 1.8, Sum: 21.0]
      [Code Root Scanning (ms): Min: 0.0, Avg: 0.0, Max: 0.0, Diff: 0.0, Sum: 0.0]
      [Object Copy (ms): Min: 41.8, Avg: 42.6, Max: 43.4, Diff: 1.6, Sum: 170.5]
      [Termination (ms): Min: 0.0, Avg: 0.8, Max: 1.2, Diff: 1.2, Sum: 3.3]
         [Termination Attempts: Min: 1, Avg: 1.2, Max: 2, Diff: 1, Sum: 5]
      [GC Worker Other (ms): Min: 0.0, Avg: 0.0, Max: 0.0, Diff: 0.0, Sum: 0.1]
      [GC Worker Total (ms): Min: 52.3, Avg: 52.4, Max: 52.6, Diff: 0.3, Sum: 209.8]
      [GC Worker End (ms): Min: 7976442.4, Avg: 7976442.4, Max: 7976442.4, Diff: 0.1]
   [Code Root Fixup: 0.0 ms]
   [Code Root Purge: 0.0 ms]
   [Clear CT: 0.1 ms]
   [Other: 0.8 ms]
      [Choose CSet: 0.0 ms]
      [Ref Proc: 0.2 ms]
      [Ref Enq: 0.0 ms]
      [Redirty Cards: 0.0 ms]
      [Humongous Register: 0.1 ms]
      [Humongous Reclaim: 0.0 ms]
      [Free CSet: 0.1 ms]
   [Eden: 46.0M(46.0M)->0.0B(46.0M) Survivors: 5120.0K->5120.0K Heap: 257.4M(1024.0M)->213.2M(1024.0M)]
 [Times: user=0.04 sys=0.04, real=0.06 secs] 
2019-11-28T13:33:10.749+0800: 8021.382: [GC pause (G1 Evacuation Pause) (young), 0.0229936 secs]
   [Parallel Time: 22.2 ms, GC Workers: 4]
      [GC Worker Start (ms): Min: 8021382.3, Avg: 8021382.6, Max: 8021382.9, Diff: 0.5]
      [Ext Root Scanning (ms): Min: 0.6, Avg: 1.7, Max: 3.7, Diff: 3.0, Sum: 6.6]
      [Update RS (ms): Min: 1.6, Avg: 3.9, Max: 4.8, Diff: 3.2, Sum: 15.5]
         [Processed Buffers: Min: 1, Avg: 8.5, Max: 25, Diff: 24, Sum: 34]
      [Scan RS (ms): Min: 6.2, Avg: 7.0, Max: 7.7, Diff: 1.4, Sum: 28.1]
      [Code Root Scanning (ms): Min: 0.0, Avg: 0.0, Max: 0.0, Diff: 0.0, Sum: 0.0]
      [Object Copy (ms): Min: 8.6, Avg: 9.2, Max: 10.1, Diff: 1.5, Sum: 36.9]
      [Termination (ms): Min: 0.0, Avg: 0.0, Max: 0.0, Diff: 0.0, Sum: 0.0]
         [Termination Attempts: Min: 1, Avg: 3.0, Max: 6, Diff: 5, Sum: 12]
      [GC Worker Other (ms): Min: 0.0, Avg: 0.0, Max: 0.1, Diff: 0.1, Sum: 0.1]
      [GC Worker Total (ms): Min: 21.6, Avg: 21.8, Max: 22.1, Diff: 0.5, Sum: 87.3]
      [GC Worker End (ms): Min: 8021404.4, Avg: 8021404.4, Max: 8021404.4, Diff: 0.0]
   [Code Root Fixup: 0.0 ms]
   [Code Root Purge: 0.0 ms]
   [Clear CT: 0.0 ms]
   [Other: 0.7 ms]
      [Choose CSet: 0.0 ms]
      [Ref Proc: 0.3 ms]
      [Ref Enq: 0.0 ms]
      [Redirty Cards: 0.1 ms]
      [Humongous Register: 0.1 ms]
      [Humongous Reclaim: 0.0 ms]
      [Free CSet: 0.0 ms]
   [Eden: 46.0M(46.0M)->0.0B(45.0M) Survivors: 5120.0K->6144.0K Heap: 259.2M(1024.0M)->214.2M(1024.0M)]
 [Times: user=0.04 sys=0.00, real=0.03 secs] 
2019-11-28T13:33:55.039+0800: 8065.670: [GC pause (G1 Evacuation Pause) (young), 0.1022935 secs]
   [Parallel Time: 100.1 ms, GC Workers: 4]
      [GC Worker Start (ms): Min: 8065670.3, Avg: 8065670.3, Max: 8065670.4, Diff: 0.0]
      [Ext Root Scanning (ms): Min: 0.9, Avg: 0.9, Max: 1.0, Diff: 0.1, Sum: 3.6]
      [Update RS (ms): Min: 1.2, Avg: 1.3, Max: 1.3, Diff: 0.1, Sum: 5.1]
         [Processed Buffers: Min: 2, Avg: 8.0, Max: 15, Diff: 13, Sum: 32]
      [Scan RS (ms): Min: 12.0, Avg: 13.8, Max: 19.1, Diff: 7.1, Sum: 55.1]
      [Code Root Scanning (ms): Min: 0.0, Avg: 0.0, Max: 0.0, Diff: 0.0, Sum: 0.0]
      [Object Copy (ms): Min: 69.3, Avg: 74.2, Max: 76.2, Diff: 6.9, Sum: 297.0]
      [Termination (ms): Min: 0.0, Avg: 5.1, Max: 10.1, Diff: 10.1, Sum: 20.3]
         [Termination Attempts: Min: 1, Avg: 1.0, Max: 1, Diff: 0, Sum: 4]
      [GC Worker Other (ms): Min: 0.0, Avg: 0.0, Max: 0.0, Diff: 0.0, Sum: 0.1]
      [GC Worker Total (ms): Min: 90.6, Avg: 95.3, Max: 100.0, Diff: 9.4, Sum: 381.2]
      [GC Worker End (ms): Min: 8065760.9, Avg: 8065765.6, Max: 8065770.3, Diff: 9.4]
   [Code Root Fixup: 0.0 ms]
   [Code Root Purge: 0.0 ms]
   [Clear CT: 0.1 ms]
   [Other: 2.1 ms]
      [Choose CSet: 0.0 ms]
      [Ref Proc: 0.1 ms]
      [Ref Enq: 0.0 ms]
      [Redirty Cards: 0.1 ms]
      [Humongous Register: 0.0 ms]
      [Humongous Reclaim: 0.0 ms]
      [Free CSet: 0.1 ms]
   [Eden: 45.0M(45.0M)->0.0B(44.0M) Survivors: 6144.0K->7168.0K Heap: 259.2M(1024.0M)->215.9M(1024.0M)]
 [Times: user=0.06 sys=0.03, real=0.11 secs] 
2019-11-28T13:34:38.163+0800: 8108.793: [GC pause (G1 Evacuation Pause) (young), 0.0865036 secs]
   [Parallel Time: 84.4 ms, GC Workers: 4]
      [GC Worker Start (ms): Min: 8108793.5, Avg: 8108793.5, Max: 8108793.5, Diff: 0.1]
      [Ext Root Scanning (ms): Min: 1.1, Avg: 1.5, Max: 2.0, Diff: 0.9, Sum: 6.1]
      [Update RS (ms): Min: 3.0, Avg: 3.6, Max: 4.4, Diff: 1.5, Sum: 14.4]
         [Processed Buffers: Min: 3, Avg: 9.2, Max: 15, Diff: 12, Sum: 37]
      [Scan RS (ms): Min: 5.9, Avg: 6.3, Max: 6.5, Diff: 0.6, Sum: 25.0]
      [Code Root Scanning (ms): Min: 0.0, Avg: 0.0, Max: 0.0, Diff: 0.0, Sum: 0.0]
      [Object Copy (ms): Min: 72.7, Avg: 72.8, Max: 73.0, Diff: 0.3, Sum: 291.2]
      [Termination (ms): Min: 0.0, Avg: 0.2, Max: 0.2, Diff: 0.2, Sum: 0.6]
         [Termination Attempts: Min: 1, Avg: 1.0, Max: 1, Diff: 0, Sum: 4]
      [GC Worker Other (ms): Min: 0.0, Avg: 0.0, Max: 0.1, Diff: 0.1, Sum: 0.1]
      [GC Worker Total (ms): Min: 84.3, Avg: 84.4, Max: 84.4, Diff: 0.0, Sum: 337.5]
      [GC Worker End (ms): Min: 8108877.9, Avg: 8108877.9, Max: 8108877.9, Diff: 0.0]
   [Code Root Fixup: 0.0 ms]
   [Code Root Purge: 0.0 ms]
   [Clear CT: 0.1 ms]
   [Other: 2.0 ms]
      [Choose CSet: 0.0 ms]
      [Ref Proc: 0.1 ms]
      [Ref Enq: 0.0 ms]
      [Redirty Cards: 0.1 ms]
      [Humongous Register: 0.2 ms]
      [Humongous Reclaim: 0.0 ms]
      [Free CSet: 0.1 ms]
   [Eden: 44.0M(44.0M)->0.0B(45.0M) Survivors: 7168.0K->6144.0K Heap: 259.9M(1024.0M)->218.2M(1024.0M)]
 [Times: user=0.06 sys=0.08, real=0.09 secs] 
2019-11-28T13:35:21.788+0800: 8152.417: [GC pause (G1 Evacuation Pause) (young), 0.0698932 secs]
   [Parallel Time: 65.4 ms, GC Workers: 4]
      [GC Worker Start (ms): Min: 8152417.2, Avg: 8152417.2, Max: 8152417.2, Diff: 0.1]
      [Ext Root Scanning (ms): Min: 0.8, Avg: 0.8, Max: 0.8, Diff: 0.1, Sum: 3.1]
      [Update RS (ms): Min: 3.7, Avg: 3.9, Max: 4.1, Diff: 0.4, Sum: 15.4]
         [Processed Buffers: Min: 3, Avg: 9.5, Max: 19, Diff: 16, Sum: 38]
      [Scan RS (ms): Min: 7.5, Avg: 8.3, Max: 10.3, Diff: 2.9, Sum: 33.3]
      [Code Root Scanning (ms): Min: 0.0, Avg: 0.0, Max: 0.0, Diff: 0.0, Sum: 0.0]
      [Object Copy (ms): Min: 49.8, Avg: 50.8, Max: 52.9, Diff: 3.0, Sum: 203.1]
      [Termination (ms): Min: 0.0, Avg: 1.5, Max: 3.0, Diff: 3.0, Sum: 6.1]
         [Termination Attempts: Min: 1, Avg: 1.0, Max: 1, Diff: 0, Sum: 4]
      [GC Worker Other (ms): Min: 0.0, Avg: 0.0, Max: 0.0, Diff: 0.0, Sum: 0.1]
      [GC Worker Total (ms): Min: 65.2, Avg: 65.3, Max: 65.3, Diff: 0.0, Sum: 261.1]
      [GC Worker End (ms): Min: 8152482.5, Avg: 8152482.5, Max: 8152482.5, Diff: 0.0]
   [Code Root Fixup: 0.0 ms]
   [Code Root Purge: 0.0 ms]
   [Clear CT: 0.1 ms]
   [Other: 4.4 ms]
      [Choose CSet: 0.0 ms]
      [Ref Proc: 3.2 ms]
      [Ref Enq: 0.0 ms]
      [Redirty Cards: 0.2 ms]
      [Humongous Register: 0.0 ms]
      [Humongous Reclaim: 0.1 ms]
      [Free CSet: 0.3 ms]
   [Eden: 45.0M(45.0M)->0.0B(46.0M) Survivors: 6144.0K->5120.0K Heap: 263.2M(1024.0M)->219.9M(1024.0M)]
 [Times: user=0.06 sys=0.05, real=0.08 secs] 
2019-11-28T13:36:05.925+0800: 8196.552: [GC pause (G1 Evacuation Pause) (young), 0.0298571 secs]
   [Parallel Time: 29.2 ms, GC Workers: 4]
      [GC Worker Start (ms): Min: 8196552.6, Avg: 8196552.6, Max: 8196552.8, Diff: 0.2]
      [Ext Root Scanning (ms): Min: 0.9, Avg: 1.1, Max: 1.1, Diff: 0.2, Sum: 4.3]
      [Update RS (ms): Min: 9.9, Avg: 10.2, Max: 10.5, Diff: 0.6, Sum: 40.6]
         [Processed Buffers: Min: 1, Avg: 7.2, Max: 17, Diff: 16, Sum: 29]
      [Scan RS (ms): Min: 6.9, Avg: 7.9, Max: 9.1, Diff: 2.1, Sum: 31.6]
      [Code Root Scanning (ms): Min: 0.0, Avg: 0.0, Max: 0.0, Diff: 0.0, Sum: 0.0]
      [Object Copy (ms): Min: 8.8, Avg: 9.9, Max: 11.0, Diff: 2.1, Sum: 39.6]
      [Termination (ms): Min: 0.0, Avg: 0.0, Max: 0.0, Diff: 0.0, Sum: 0.0]
         [Termination Attempts: Min: 1, Avg: 1.0, Max: 1, Diff: 0, Sum: 4]
      [GC Worker Other (ms): Min: 0.0, Avg: 0.0, Max: 0.0, Diff: 0.0, Sum: 0.1]
      [GC Worker Total (ms): Min: 28.9, Avg: 29.1, Max: 29.1, Diff: 0.2, Sum: 116.3]
      [GC Worker End (ms): Min: 8196581.7, Avg: 8196581.7, Max: 8196581.7, Diff: 0.0]
   [Code Root Fixup: 0.0 ms]
   [Code Root Purge: 0.0 ms]
   [Clear CT: 0.1 ms]
   [Other: 0.6 ms]
      [Choose CSet: 0.0 ms]
      [Ref Proc: 0.1 ms]
      [Ref Enq: 0.0 ms]
      [Redirty Cards: 0.0 ms]
      [Humongous Register: 0.2 ms]
      [Humongous Reclaim: 0.0 ms]
      [Free CSet: 0.1 ms]
   [Eden: 46.0M(46.0M)->0.0B(45.0M) Survivors: 5120.0K->6144.0K Heap: 265.9M(1024.0M)->220.4M(1024.0M)]
 [Times: user=0.05 sys=0.01, real=0.03 secs] 
2019-11-28T13:36:49.155+0800: 8239.781: [GC pause (G1 Evacuation Pause) (young), 0.0755384 secs]
   [Parallel Time: 71.2 ms, GC Workers: 4]
      [GC Worker Start (ms): Min: 8239781.4, Avg: 8239781.4, Max: 8239781.5, Diff: 0.1]
      [Ext Root Scanning (ms): Min: 0.5, Avg: 0.9, Max: 1.9, Diff: 1.5, Sum: 3.5]
      [Update RS (ms): Min: 0.2, Avg: 1.3, Max: 1.9, Diff: 1.6, Sum: 5.1]
         [Processed Buffers: Min: 2, Avg: 7.8, Max: 12, Diff: 10, Sum: 31]
      [Scan RS (ms): Min: 1.7, Avg: 2.7, Max: 3.3, Diff: 1.6, Sum: 10.8]
      [Code Root Scanning (ms): Min: 0.0, Avg: 0.0, Max: 0.0, Diff: 0.0, Sum: 0.0]
      [Object Copy (ms): Min: 58.9, Avg: 62.8, Max: 67.2, Diff: 8.3, Sum: 251.3]
      [Termination (ms): Min: 0.0, Avg: 3.4, Max: 6.9, Diff: 6.9, Sum: 13.7]
         [Termination Attempts: Min: 1, Avg: 1.5, Max: 3, Diff: 2, Sum: 6]
      [GC Worker Other (ms): Min: 0.0, Avg: 0.0, Max: 0.0, Diff: 0.0, Sum: 0.1]
      [GC Worker Total (ms): Min: 71.1, Avg: 71.1, Max: 71.2, Diff: 0.1, Sum: 284.5]
      [GC Worker End (ms): Min: 8239852.5, Avg: 8239852.5, Max: 8239852.5, Diff: 0.0]
   [Code Root Fixup: 0.0 ms]
   [Code Root Purge: 0.0 ms]
   [Clear CT: 0.1 ms]
   [Other: 4.2 ms]
      [Choose CSet: 0.0 ms]
      [Ref Proc: 0.1 ms]
      [Ref Enq: 0.0 ms]
      [Redirty Cards: 0.1 ms]
      [Humongous Register: 0.0 ms]
      [Humongous Reclaim: 0.0 ms]
      [Free CSet: 0.0 ms]
   [Eden: 45.0M(45.0M)->0.0B(44.0M) Survivors: 6144.0K->7168.0K Heap: 265.4M(1024.0M)->223.1M(1024.0M)]
 [Times: user=0.06 sys=0.04, real=0.08 secs] 
2019-11-28T13:37:31.405+0800: 8282.030: [GC pause (G1 Evacuation Pause) (young), 0.1654056 secs]
   [Parallel Time: 157.5 ms, GC Workers: 4]
      [GC Worker Start (ms): Min: 8282030.6, Avg: 8282031.0, Max: 8282031.4, Diff: 0.9]
      [Ext Root Scanning (ms): Min: 0.0, Avg: 0.5, Max: 0.8, Diff: 0.8, Sum: 1.8]
      [Update RS (ms): Min: 19.3, Avg: 26.2, Max: 28.5, Diff: 9.2, Sum: 104.8]
         [Processed Buffers: Min: 1, Avg: 8.2, Max: 16, Diff: 15, Sum: 33]
      [Scan RS (ms): Min: 2.0, Avg: 5.6, Max: 12.6, Diff: 10.5, Sum: 22.6]
      [Code Root Scanning (ms): Min: 0.0, Avg: 0.0, Max: 0.0, Diff: 0.0, Sum: 0.0]
      [Object Copy (ms): Min: 115.4, Avg: 117.1, Max: 118.0, Diff: 2.6, Sum: 468.5]
      [Termination (ms): Min: 0.0, Avg: 4.3, Max: 8.4, Diff: 8.4, Sum: 17.0]
         [Termination Attempts: Min: 1, Avg: 1.0, Max: 1, Diff: 0, Sum: 4]
      [GC Worker Other (ms): Min: 0.0, Avg: 0.0, Max: 0.0, Diff: 0.0, Sum: 0.1]
      [GC Worker Total (ms): Min: 150.7, Avg: 153.7, Max: 156.8, Diff: 6.2, Sum: 614.8]
      [GC Worker End (ms): Min: 8282181.3, Avg: 8282184.7, Max: 8282188.0, Diff: 6.7]
   [Code Root Fixup: 0.0 ms]
   [Code Root Purge: 0.0 ms]
   [Clear CT: 1.0 ms]
   [Other: 6.9 ms]
      [Choose CSet: 0.0 ms]
      [Ref Proc: 4.3 ms]
      [Ref Enq: 0.0 ms]
      [Redirty Cards: 0.2 ms]
      [Humongous Register: 0.0 ms]
      [Humongous Reclaim: 0.0 ms]
      [Free CSet: 0.1 ms]
   [Eden: 44.0M(44.0M)->0.0B(46.0M) Survivors: 7168.0K->5120.0K Heap: 267.1M(1024.0M)->223.6M(1024.0M)]
 [Times: user=0.05 sys=0.07, real=0.17 secs] 
2019-11-28T13:38:15.932+0800: 8326.556: [GC pause (G1 Evacuation Pause) (young), 0.0775345 secs]
   [Parallel Time: 76.6 ms, GC Workers: 4]
      [GC Worker Start (ms): Min: 8326556.3, Avg: 8326556.7, Max: 8326557.2, Diff: 0.9]
      [Ext Root Scanning (ms): Min: 0.0, Avg: 0.5, Max: 0.8, Diff: 0.8, Sum: 2.0]
      [Update RS (ms): Min: 3.6, Avg: 4.0, Max: 5.1, Diff: 1.5, Sum: 16.2]
         [Processed Buffers: Min: 1, Avg: 9.5, Max: 13, Diff: 12, Sum: 38]
      [Scan RS (ms): Min: 6.9, Avg: 8.3, Max: 9.0, Diff: 2.2, Sum: 33.3]
      [Code Root Scanning (ms): Min: 0.0, Avg: 0.0, Max: 0.0, Diff: 0.0, Sum: 0.0]
      [Object Copy (ms): Min: 62.2, Avg: 62.7, Max: 63.2, Diff: 1.0, Sum: 250.9]
      [Termination (ms): Min: 0.0, Avg: 0.6, Max: 0.7, Diff: 0.7, Sum: 2.2]
         [Termination Attempts: Min: 1, Avg: 1.0, Max: 1, Diff: 0, Sum: 4]
      [GC Worker Other (ms): Min: 0.0, Avg: 0.0, Max: 0.0, Diff: 0.0, Sum: 0.1]
      [GC Worker Total (ms): Min: 75.6, Avg: 76.2, Max: 76.5, Diff: 0.9, Sum: 304.6]
      [GC Worker End (ms): Min: 8326632.8, Avg: 8326632.8, Max: 8326632.8, Diff: 0.0]
   [Code Root Fixup: 0.0 ms]
   [Code Root Purge: 0.0 ms]
   [Clear CT: 0.1 ms]
   [Other: 0.9 ms]
      [Choose CSet: 0.0 ms]
      [Ref Proc: 0.1 ms]
      [Ref Enq: 0.0 ms]
      [Redirty Cards: 0.1 ms]
      [Humongous Register: 0.0 ms]
      [Humongous Reclaim: 0.0 ms]
      [Free CSet: 0.1 ms]
   [Eden: 46.0M(46.0M)->0.0B(46.0M) Survivors: 5120.0K->5120.0K Heap: 269.6M(1024.0M)->225.9M(1024.0M)]
 [Times: user=0.05 sys=0.05, real=0.08 secs] 
2019-11-28T13:39:00.438+0800: 8371.061: [GC pause (G1 Evacuation Pause) (young), 0.0518744 secs]
   [Parallel Time: 50.5 ms, GC Workers: 4]
      [GC Worker Start (ms): Min: 8371061.6, Avg: 8371061.6, Max: 8371061.7, Diff: 0.1]
      [Ext Root Scanning (ms): Min: 1.3, Avg: 1.4, Max: 1.4, Diff: 0.2, Sum: 5.4]
      [Update RS (ms): Min: 19.3, Avg: 19.5, Max: 19.7, Diff: 0.3, Sum: 78.0]
         [Processed Buffers: Min: 1, Avg: 7.5, Max: 11, Diff: 10, Sum: 30]
      [Scan RS (ms): Min: 11.4, Avg: 12.3, Max: 12.7, Diff: 1.2, Sum: 49.0]
      [Code Root Scanning (ms): Min: 0.0, Avg: 0.0, Max: 0.0, Diff: 0.0, Sum: 0.0]
      [Object Copy (ms): Min: 16.7, Avg: 17.2, Max: 18.2, Diff: 1.5, Sum: 68.8]
      [Termination (ms): Min: 0.0, Avg: 0.0, Max: 0.0, Diff: 0.0, Sum: 0.0]
         [Termination Attempts: Min: 1, Avg: 1.0, Max: 1, Diff: 0, Sum: 4]
      [GC Worker Other (ms): Min: 0.0, Avg: 0.0, Max: 0.1, Diff: 0.0, Sum: 0.1]
      [GC Worker Total (ms): Min: 50.3, Avg: 50.4, Max: 50.4, Diff: 0.1, Sum: 201.5]
      [GC Worker End (ms): Min: 8371112.0, Avg: 8371112.0, Max: 8371112.0, Diff: 0.0]
   [Code Root Fixup: 0.0 ms]
   [Code Root Purge: 0.0 ms]
   [Clear CT: 0.1 ms]
   [Other: 1.3 ms]
      [Choose CSet: 0.0 ms]
      [Ref Proc: 0.1 ms]
      [Ref Enq: 0.0 ms]
      [Redirty Cards: 0.0 ms]
      [Humongous Register: 0.3 ms]
      [Humongous Reclaim: 0.0 ms]
      [Free CSet: 0.1 ms]
   [Eden: 46.0M(46.0M)->0.0B(45.0M) Survivors: 5120.0K->6144.0K Heap: 271.9M(1024.0M)->226.9M(1024.0M)]
 [Times: user=0.05 sys=0.02, real=0.07 secs] 
2019-11-28T13:39:43.414+0800: 8414.036: [GC pause (G1 Evacuation Pause) (young), 0.0490856 secs]
   [Parallel Time: 45.9 ms, GC Workers: 4]
      [GC Worker Start (ms): Min: 8414035.7, Avg: 8414035.9, Max: 8414036.1, Diff: 0.4]
      [Ext Root Scanning (ms): Min: 0.7, Avg: 1.3, Max: 2.1, Diff: 1.4, Sum: 5.0]
      [Update RS (ms): Min: 2.6, Avg: 3.3, Max: 3.6, Diff: 1.0, Sum: 13.3]
         [Processed Buffers: Min: 0, Avg: 9.2, Max: 23, Diff: 23, Sum: 37]
      [Scan RS (ms): Min: 6.2, Avg: 6.3, Max: 6.5, Diff: 0.3, Sum: 25.4]
      [Code Root Scanning (ms): Min: 0.0, Avg: 0.0, Max: 0.0, Diff: 0.0, Sum: 0.0]
      [Object Copy (ms): Min: 34.2, Avg: 34.6, Max: 34.8, Diff: 0.6, Sum: 138.3]
      [Termination (ms): Min: 0.0, Avg: 0.2, Max: 0.7, Diff: 0.7, Sum: 0.8]
         [Termination Attempts: Min: 1, Avg: 1.2, Max: 2, Diff: 1, Sum: 5]
      [GC Worker Other (ms): Min: 0.0, Avg: 0.0, Max: 0.0, Diff: 0.0, Sum: 0.1]
      [GC Worker Total (ms): Min: 45.5, Avg: 45.7, Max: 45.9, Diff: 0.4, Sum: 182.9]
      [GC Worker End (ms): Min: 8414081.6, Avg: 8414081.6, Max: 8414081.6, Diff: 0.0]
   [Code Root Fixup: 0.0 ms]
   [Code Root Purge: 0.0 ms]
   [Clear CT: 0.1 ms]
   [Other: 3.1 ms]
      [Choose CSet: 0.0 ms]
      [Ref Proc: 0.1 ms]
      [Ref Enq: 0.0 ms]
      [Redirty Cards: 0.1 ms]
      [Humongous Register: 0.0 ms]
      [Humongous Reclaim: 0.0 ms]
      [Free CSet: 1.7 ms]
   [Eden: 45.0M(45.0M)->0.0B(44.0M) Survivors: 6144.0K->7168.0K Heap: 271.9M(1024.0M)->229.1M(1024.0M)]
 [Times: user=0.05 sys=0.04, real=0.05 secs] 
2019-11-28T13:40:25.427+0800: 8456.047: [GC pause (G1 Evacuation Pause) (young), 0.0811907 secs]
   [Parallel Time: 80.6 ms, GC Workers: 4]
      [GC Worker Start (ms): Min: 8456047.0, Avg: 8456047.4, Max: 8456048.1, Diff: 1.1]
      [Ext Root Scanning (ms): Min: 0.0, Avg: 0.6, Max: 1.1, Diff: 1.1, Sum: 2.6]
      [Update RS (ms): Min: 1.8, Avg: 1.9, Max: 2.0, Diff: 0.2, Sum: 7.4]
         [Processed Buffers: Min: 3, Avg: 8.0, Max: 17, Diff: 14, Sum: 32]
      [Scan RS (ms): Min: 2.5, Avg: 4.0, Max: 7.0, Diff: 4.5, Sum: 16.0]
      [Code Root Scanning (ms): Min: 0.0, Avg: 0.0, Max: 0.0, Diff: 0.0, Sum: 0.0]
      [Object Copy (ms): Min: 68.2, Avg: 72.8, Max: 74.9, Diff: 6.7, Sum: 291.4]
      [Termination (ms): Min: 0.0, Avg: 0.7, Max: 2.3, Diff: 2.3, Sum: 2.7]
         [Termination Attempts: Min: 1, Avg: 1.0, Max: 1, Diff: 0, Sum: 4]
      [GC Worker Other (ms): Min: 0.0, Avg: 0.0, Max: 0.0, Diff: 0.0, Sum: 0.1]
      [GC Worker Total (ms): Min: 79.4, Avg: 80.1, Max: 80.5, Diff: 1.1, Sum: 320.2]
      [GC Worker End (ms): Min: 8456127.5, Avg: 8456127.5, Max: 8456127.5, Diff: 0.0]
   [Code Root Fixup: 0.0 ms]
   [Code Root Purge: 0.0 ms]
   [Clear CT: 0.1 ms]
   [Other: 0.5 ms]
      [Choose CSet: 0.0 ms]
      [Ref Proc: 0.1 ms]
      [Ref Enq: 0.0 ms]
      [Redirty Cards: 0.1 ms]
      [Humongous Register: 0.0 ms]
      [Humongous Reclaim: 0.0 ms]
      [Free CSet: 0.1 ms]
   [Eden: 44.0M(44.0M)->0.0B(46.0M) Survivors: 7168.0K->5120.0K Heap: 273.1M(1024.0M)->229.8M(1024.0M)]
 [Times: user=0.06 sys=0.06, real=0.08 secs] 
2019-11-28T13:41:09.492+0800: 8500.110: [GC pause (G1 Evacuation Pause) (young), 0.0945634 secs]
   [Parallel Time: 93.9 ms, GC Workers: 4]
      [GC Worker Start (ms): Min: 8500110.3, Avg: 8500110.3, Max: 8500110.4, Diff: 0.1]
      [Ext Root Scanning (ms): Min: 0.7, Avg: 0.7, Max: 0.8, Diff: 0.1, Sum: 2.8]
      [Update RS (ms): Min: 21.3, Avg: 21.5, Max: 21.6, Diff: 0.4, Sum: 86.0]
         [Processed Buffers: Min: 1, Avg: 9.0, Max: 24, Diff: 23, Sum: 36]
      [Scan RS (ms): Min: 10.7, Avg: 11.4, Max: 12.7, Diff: 2.0, Sum: 45.6]
      [Code Root Scanning (ms): Min: 0.0, Avg: 0.0, Max: 0.0, Diff: 0.0, Sum: 0.0]
      [Object Copy (ms): Min: 58.5, Avg: 58.8, Max: 59.3, Diff: 0.7, Sum: 235.3]
      [Termination (ms): Min: 0.0, Avg: 1.4, Max: 1.8, Diff: 1.8, Sum: 5.5]
         [Termination Attempts: Min: 1, Avg: 1.0, Max: 1, Diff: 0, Sum: 4]
      [GC Worker Other (ms): Min: 0.0, Avg: 0.0, Max: 0.0, Diff: 0.0, Sum: 0.1]
      [GC Worker Total (ms): Min: 93.8, Avg: 93.8, Max: 93.9, Diff: 0.1, Sum: 375.3]
      [GC Worker End (ms): Min: 8500204.2, Avg: 8500204.2, Max: 8500204.2, Diff: 0.0]
   [Code Root Fixup: 0.0 ms]
   [Code Root Purge: 0.0 ms]
   [Clear CT: 0.1 ms]
   [Other: 0.6 ms]
      [Choose CSet: 0.0 ms]
      [Ref Proc: 0.1 ms]
      [Ref Enq: 0.0 ms]
      [Redirty Cards: 0.1 ms]
      [Humongous Register: 0.0 ms]
      [Humongous Reclaim: 0.0 ms]
      [Free CSet: 0.1 ms]
   [Eden: 46.0M(46.0M)->0.0B(46.0M) Survivors: 5120.0K->5120.0K Heap: 275.8M(1024.0M)->232.4M(1024.0M)]
 [Times: user=0.07 sys=0.04, real=0.09 secs] 
2019-11-28T13:41:53.708+0800: 8544.325: [GC pause (G1 Evacuation Pause) (young), 0.0661324 secs]
   [Parallel Time: 65.4 ms, GC Workers: 4]
      [GC Worker Start (ms): Min: 8544325.1, Avg: 8544325.5, Max: 8544326.1, Diff: 1.0]
      [Ext Root Scanning (ms): Min: 0.0, Avg: 0.6, Max: 1.3, Diff: 1.3, Sum: 2.5]
      [Update RS (ms): Min: 2.7, Avg: 4.3, Max: 5.9, Diff: 3.2, Sum: 17.2]
         [Processed Buffers: Min: 0, Avg: 9.0, Max: 21, Diff: 21, Sum: 36]
      [Scan RS (ms): Min: 6.6, Avg: 9.8, Max: 15.3, Diff: 8.6, Sum: 39.2]
      [Code Root Scanning (ms): Min: 0.0, Avg: 0.0, Max: 0.0, Diff: 0.0, Sum: 0.0]
      [Object Copy (ms): Min: 42.3, Avg: 49.5, Max: 52.3, Diff: 10.0, Sum: 198.0]
      [Termination (ms): Min: 0.0, Avg: 0.7, Max: 1.0, Diff: 1.0, Sum: 2.8]
         [Termination Attempts: Min: 1, Avg: 1.5, Max: 2, Diff: 1, Sum: 6]
      [GC Worker Other (ms): Min: 0.0, Avg: 0.0, Max: 0.0, Diff: 0.0, Sum: 0.1]
      [GC Worker Total (ms): Min: 64.4, Avg: 65.0, Max: 65.3, Diff: 1.0, Sum: 259.8]
      [GC Worker End (ms): Min: 8544390.5, Avg: 8544390.5, Max: 8544390.5, Diff: 0.0]
   [Code Root Fixup: 0.0 ms]
   [Code Root Purge: 0.0 ms]
   [Clear CT: 0.0 ms]
   [Other: 0.7 ms]
      [Choose CSet: 0.0 ms]
      [Ref Proc: 0.2 ms]
      [Ref Enq: 0.0 ms]
      [Redirty Cards: 0.1 ms]
      [Humongous Register: 0.0 ms]
      [Humongous Reclaim: 0.0 ms]
      [Free CSet: 0.1 ms]
   [Eden: 46.0M(46.0M)->0.0B(46.0M) Survivors: 5120.0K->5120.0K Heap: 278.4M(1024.0M)->233.9M(1024.0M)]
 [Times: user=0.05 sys=0.03, real=0.07 secs] 
2019-11-28T13:42:37.610+0800: 8588.225: [GC pause (G1 Evacuation Pause) (young), 0.0185494 secs]
   [Parallel Time: 17.9 ms, GC Workers: 4]
      [GC Worker Start (ms): Min: 8588225.7, Avg: 8588225.8, Max: 8588226.1, Diff: 0.4]
      [Ext Root Scanning (ms): Min: 0.7, Avg: 0.7, Max: 0.7, Diff: 0.1, Sum: 2.8]
      [Update RS (ms): Min: 1.5, Avg: 1.8, Max: 2.7, Diff: 1.2, Sum: 7.3]
         [Processed Buffers: Min: 0, Avg: 8.8, Max: 23, Diff: 23, Sum: 35]
      [Scan RS (ms): Min: 2.4, Avg: 4.3, Max: 6.6, Diff: 4.2, Sum: 17.2]
      [Code Root Scanning (ms): Min: 0.0, Avg: 0.0, Max: 0.0, Diff: 0.0, Sum: 0.0]
      [Object Copy (ms): Min: 8.9, Avg: 10.7, Max: 11.6, Diff: 2.7, Sum: 42.6]
      [Termination (ms): Min: 0.0, Avg: 0.2, Max: 0.8, Diff: 0.8, Sum: 0.8]
         [Termination Attempts: Min: 1, Avg: 1.2, Max: 2, Diff: 1, Sum: 5]
      [GC Worker Other (ms): Min: 0.0, Avg: 0.0, Max: 0.0, Diff: 0.0, Sum: 0.1]
      [GC Worker Total (ms): Min: 17.4, Avg: 17.7, Max: 17.8, Diff: 0.4, Sum: 70.8]
      [GC Worker End (ms): Min: 8588243.5, Avg: 8588243.5, Max: 8588243.5, Diff: 0.0]
   [Code Root Fixup: 0.0 ms]
   [Code Root Purge: 0.0 ms]
   [Clear CT: 0.0 ms]
   [Other: 0.6 ms]
      [Choose CSet: 0.0 ms]
      [Ref Proc: 0.1 ms]
      [Ref Enq: 0.0 ms]
      [Redirty Cards: 0.1 ms]
      [Humongous Register: 0.1 ms]
      [Humongous Reclaim: 0.0 ms]
      [Free CSet: 0.1 ms]
   [Eden: 46.0M(46.0M)->0.0B(44.0M) Survivors: 5120.0K->7168.0K Heap: 279.9M(1024.0M)->235.9M(1024.0M)]
 [Times: user=0.05 sys=0.01, real=0.01 secs] 
2019-11-28T13:43:19.699+0800: 8630.313: [GC pause (G1 Evacuation Pause) (young), 0.1013029 secs]
   [Parallel Time: 100.7 ms, GC Workers: 4]
      [GC Worker Start (ms): Min: 8630313.5, Avg: 8630314.0, Max: 8630314.7, Diff: 1.1]
      [Ext Root Scanning (ms): Min: 0.0, Avg: 0.6, Max: 1.0, Diff: 1.0, Sum: 2.5]
      [Update RS (ms): Min: 1.6, Avg: 1.7, Max: 1.9, Diff: 0.2, Sum: 6.9]
         [Processed Buffers: Min: 4, Avg: 8.2, Max: 13, Diff: 9, Sum: 33]
      [Scan RS (ms): Min: 1.8, Avg: 3.0, Max: 4.2, Diff: 2.4, Sum: 11.8]
      [Code Root Scanning (ms): Min: 0.0, Avg: 0.0, Max: 0.0, Diff: 0.0, Sum: 0.0]
      [Object Copy (ms): Min: 93.7, Avg: 94.9, Max: 96.0, Diff: 2.3, Sum: 379.5]
      [Termination (ms): Min: 0.0, Avg: 0.0, Max: 0.1, Diff: 0.1, Sum: 0.2]
         [Termination Attempts: Min: 1, Avg: 1.0, Max: 1, Diff: 0, Sum: 4]
      [GC Worker Other (ms): Min: 0.0, Avg: 0.0, Max: 0.0, Diff: 0.0, Sum: 0.1]
      [GC Worker Total (ms): Min: 99.6, Avg: 100.3, Max: 100.7, Diff: 1.1, Sum: 401.1]
      [GC Worker End (ms): Min: 8630414.2, Avg: 8630414.2, Max: 8630414.2, Diff: 0.0]
   [Code Root Fixup: 0.0 ms]
   [Code Root Purge: 0.0 ms]
   [Clear CT: 0.0 ms]
   [Other: 0.5 ms]
      [Choose CSet: 0.0 ms]
      [Ref Proc: 0.1 ms]
      [Ref Enq: 0.0 ms]
      [Redirty Cards: 0.1 ms]
      [Humongous Register: 0.0 ms]
      [Humongous Reclaim: 0.0 ms]
      [Free CSet: 0.0 ms]
   [Eden: 44.0M(44.0M)->0.0B(45.0M) Survivors: 7168.0K->6144.0K Heap: 279.9M(1024.0M)->237.1M(1024.0M)]
 [Times: user=0.06 sys=0.06, real=0.11 secs] 
2019-11-28T13:44:03.106+0800: 8673.719: [GC pause (G1 Evacuation Pause) (young), 0.0534633 secs]
   [Parallel Time: 52.9 ms, GC Workers: 4]
      [GC Worker Start (ms): Min: 8673719.1, Avg: 8673719.3, Max: 8673720.0, Diff: 0.9]
      [Ext Root Scanning (ms): Min: 0.0, Avg: 0.5, Max: 0.7, Diff: 0.7, Sum: 2.2]
      [Update RS (ms): Min: 0.0, Avg: 1.4, Max: 1.9, Diff: 1.9, Sum: 5.5]
         [Processed Buffers: Min: 0, Avg: 9.2, Max: 18, Diff: 18, Sum: 37]
      [Scan RS (ms): Min: 1.7, Avg: 4.7, Max: 6.2, Diff: 4.5, Sum: 18.7]
      [Code Root Scanning (ms): Min: 0.0, Avg: 0.0, Max: 0.0, Diff: 0.0, Sum: 0.0]
      [Object Copy (ms): Min: 43.9, Avg: 45.9, Max: 50.3, Diff: 6.4, Sum: 183.8]
      [Termination (ms): Min: 0.0, Avg: 0.0, Max: 0.1, Diff: 0.1, Sum: 0.1]
         [Termination Attempts: Min: 1, Avg: 1.0, Max: 1, Diff: 0, Sum: 4]
      [GC Worker Other (ms): Min: 0.0, Avg: 0.0, Max: 0.0, Diff: 0.0, Sum: 0.1]
      [GC Worker Total (ms): Min: 51.9, Avg: 52.6, Max: 52.8, Diff: 0.9, Sum: 210.4]
      [GC Worker End (ms): Min: 8673771.9, Avg: 8673771.9, Max: 8673771.9, Diff: 0.0]
   [Code Root Fixup: 0.0 ms]
   [Code Root Purge: 0.0 ms]
   [Clear CT: 0.1 ms]
   [Other: 0.5 ms]
      [Choose CSet: 0.0 ms]
      [Ref Proc: 0.1 ms]
      [Ref Enq: 0.0 ms]
      [Redirty Cards: 0.1 ms]
      [Humongous Register: 0.0 ms]
      [Humongous Reclaim: 0.0 ms]
      [Free CSet: 0.0 ms]
   [Eden: 45.0M(45.0M)->0.0B(46.0M) Survivors: 6144.0K->5120.0K Heap: 282.1M(1024.0M)->238.4M(1024.0M)]
 [Times: user=0.04 sys=0.03, real=0.06 secs] 
2019-11-28T13:44:47.524+0800: 8718.136: [GC pause (G1 Evacuation Pause) (young), 0.0270614 secs]
   [Parallel Time: 25.6 ms, GC Workers: 4]
      [GC Worker Start (ms): Min: 8718136.5, Avg: 8718136.6, Max: 8718136.9, Diff: 0.5]
      [Ext Root Scanning (ms): Min: 0.5, Avg: 0.9, Max: 1.0, Diff: 0.5, Sum: 3.4]
      [Update RS (ms): Min: 2.0, Avg: 2.0, Max: 2.0, Diff: 0.0, Sum: 8.0]
         [Processed Buffers: Min: 1, Avg: 9.2, Max: 32, Diff: 31, Sum: 37]
      [Scan RS (ms): Min: 2.1, Avg: 3.1, Max: 4.3, Diff: 2.2, Sum: 12.5]
      [Code Root Scanning (ms): Min: 0.0, Avg: 0.0, Max: 0.0, Diff: 0.0, Sum: 0.0]
      [Object Copy (ms): Min: 17.3, Avg: 18.5, Max: 19.5, Diff: 2.2, Sum: 73.9]
      [Termination (ms): Min: 0.0, Avg: 0.9, Max: 1.5, Diff: 1.5, Sum: 3.7]
         [Termination Attempts: Min: 1, Avg: 1.0, Max: 1, Diff: 0, Sum: 4]
      [GC Worker Other (ms): Min: 0.0, Avg: 0.0, Max: 0.0, Diff: 0.0, Sum: 0.1]
      [GC Worker Total (ms): Min: 25.1, Avg: 25.4, Max: 25.5, Diff: 0.5, Sum: 101.5]
      [GC Worker End (ms): Min: 8718162.0, Avg: 8718162.0, Max: 8718162.0, Diff: 0.0]
   [Code Root Fixup: 0.0 ms]
   [Code Root Purge: 0.0 ms]
   [Clear CT: 0.1 ms]
   [Other: 1.4 ms]
      [Choose CSet: 0.0 ms]
      [Ref Proc: 0.1 ms]
      [Ref Enq: 0.0 ms]
      [Redirty Cards: 0.1 ms]
      [Humongous Register: 0.0 ms]
      [Humongous Reclaim: 0.0 ms]
      [Free CSet: 0.0 ms]
   [Eden: 46.0M(46.0M)->0.0B(46.0M) Survivors: 5120.0K->5120.0K Heap: 284.4M(1024.0M)->240.3M(1024.0M)]
 [Times: user=0.05 sys=0.02, real=0.03 secs] 
2019-11-28T13:45:32.461+0800: 8763.071: [GC pause (G1 Evacuation Pause) (young), 0.0282310 secs]
   [Parallel Time: 27.8 ms, GC Workers: 4]
      [GC Worker Start (ms): Min: 8763071.4, Avg: 8763071.4, Max: 8763071.4, Diff: 0.1]
      [Ext Root Scanning (ms): Min: 0.6, Avg: 0.7, Max: 0.7, Diff: 0.1, Sum: 2.6]
      [Update RS (ms): Min: 2.3, Avg: 3.1, Max: 5.1, Diff: 2.8, Sum: 12.2]
         [Processed Buffers: Min: 1, Avg: 8.8, Max: 19, Diff: 18, Sum: 35]
      [Scan RS (ms): Min: 12.2, Avg: 15.4, Max: 16.5, Diff: 4.3, Sum: 61.7]
      [Code Root Scanning (ms): Min: 0.0, Avg: 0.0, Max: 0.0, Diff: 0.0, Sum: 0.0]
      [Object Copy (ms): Min: 8.0, Avg: 8.4, Max: 9.6, Diff: 1.5, Sum: 33.7]
      [Termination (ms): Min: 0.0, Avg: 0.0, Max: 0.0, Diff: 0.0, Sum: 0.0]
         [Termination Attempts: Min: 1, Avg: 1.0, Max: 1, Diff: 0, Sum: 4]
      [GC Worker Other (ms): Min: 0.0, Avg: 0.0, Max: 0.0, Diff: 0.0, Sum: 0.1]
      [GC Worker Total (ms): Min: 27.6, Avg: 27.6, Max: 27.6, Diff: 0.1, Sum: 110.5]
      [GC Worker End (ms): Min: 8763099.0, Avg: 8763099.0, Max: 8763099.0, Diff: 0.0]
   [Code Root Fixup: 0.0 ms]
   [Code Root Purge: 0.0 ms]
   [Clear CT: 0.0 ms]
   [Other: 0.4 ms]
      [Choose CSet: 0.0 ms]
      [Ref Proc: 0.1 ms]
      [Ref Enq: 0.0 ms]
      [Redirty Cards: 0.0 ms]
      [Humongous Register: 0.0 ms]
      [Humongous Reclaim: 0.0 ms]
      [Free CSet: 0.0 ms]
   [Eden: 46.0M(46.0M)->0.0B(45.0M) Survivors: 5120.0K->6144.0K Heap: 286.3M(1024.0M)->241.3M(1024.0M)]
 [Times: user=0.05 sys=0.01, real=0.03 secs] 
2019-11-28T13:46:15.881+0800: 8806.490: [GC pause (G1 Evacuation Pause) (young), 0.0660332 secs]
   [Parallel Time: 63.7 ms, GC Workers: 4]
      [GC Worker Start (ms): Min: 8806490.5, Avg: 8806490.6, Max: 8806490.7, Diff: 0.2]
      [Ext Root Scanning (ms): Min: 0.5, Avg: 0.6, Max: 0.6, Diff: 0.1, Sum: 2.4]
      [Update RS (ms): Min: 1.3, Avg: 1.4, Max: 1.4, Diff: 0.1, Sum: 5.4]
         [Processed Buffers: Min: 2, Avg: 8.0, Max: 15, Diff: 13, Sum: 32]
      [Scan RS (ms): Min: 7.3, Avg: 7.6, Max: 7.7, Diff: 0.4, Sum: 30.3]
      [Code Root Scanning (ms): Min: 0.0, Avg: 0.0, Max: 0.0, Diff: 0.0, Sum: 0.0]
      [Object Copy (ms): Min: 53.6, Avg: 53.8, Max: 54.1, Diff: 0.5, Sum: 215.3]
      [Termination (ms): Min: 0.0, Avg: 0.2, Max: 0.4, Diff: 0.4, Sum: 0.7]
         [Termination Attempts: Min: 1, Avg: 1.0, Max: 1, Diff: 0, Sum: 4]
      [GC Worker Other (ms): Min: 0.0, Avg: 0.0, Max: 0.0, Diff: 0.0, Sum: 0.1]
      [GC Worker Total (ms): Min: 63.3, Avg: 63.5, Max: 63.7, Diff: 0.3, Sum: 254.1]
      [GC Worker End (ms): Min: 8806554.0, Avg: 8806554.1, Max: 8806554.2, Diff: 0.2]
   [Code Root Fixup: 0.0 ms]
   [Code Root Purge: 0.0 ms]
   [Clear CT: 0.0 ms]
   [Other: 2.3 ms]
      [Choose CSet: 0.0 ms]
      [Ref Proc: 0.2 ms]
      [Ref Enq: 0.0 ms]
      [Redirty Cards: 1.6 ms]
      [Humongous Register: 0.1 ms]
      [Humongous Reclaim: 0.0 ms]
      [Free CSet: 0.1 ms]
   [Eden: 45.0M(45.0M)->0.0B(44.0M) Survivors: 6144.0K->7168.0K Heap: 286.3M(1024.0M)->243.4M(1024.0M)]
 [Times: user=0.05 sys=0.03, real=0.06 secs] 
2019-11-28T13:46:59.101+0800: 8849.709: [GC pause (G1 Evacuation Pause) (young), 0.0531950 secs]
   [Parallel Time: 52.5 ms, GC Workers: 4]
      [GC Worker Start (ms): Min: 8849708.9, Avg: 8849709.0, Max: 8849709.2, Diff: 0.2]
      [Ext Root Scanning (ms): Min: 0.4, Avg: 0.6, Max: 0.7, Diff: 0.2, Sum: 2.2]
      [Update RS (ms): Min: 0.3, Avg: 1.8, Max: 2.9, Diff: 2.6, Sum: 7.2]
         [Processed Buffers: Min: 2, Avg: 9.8, Max: 17, Diff: 15, Sum: 39]
      [Scan RS (ms): Min: 3.8, Avg: 4.5, Max: 5.1, Diff: 1.3, Sum: 17.8]
      [Code Root Scanning (ms): Min: 0.0, Avg: 0.0, Max: 0.0, Diff: 0.0, Sum: 0.0]
      [Object Copy (ms): Min: 43.6, Avg: 44.6, Max: 46.5, Diff: 2.9, Sum: 178.6]
      [Termination (ms): Min: 0.0, Avg: 0.9, Max: 1.2, Diff: 1.2, Sum: 3.5]
         [Termination Attempts: Min: 1, Avg: 1.0, Max: 1, Diff: 0, Sum: 4]
      [GC Worker Other (ms): Min: 0.0, Avg: 0.0, Max: 0.0, Diff: 0.0, Sum: 0.1]
      [GC Worker Total (ms): Min: 52.2, Avg: 52.3, Max: 52.4, Diff: 0.2, Sum: 209.3]
      [GC Worker End (ms): Min: 8849761.3, Avg: 8849761.4, Max: 8849761.4, Diff: 0.0]
   [Code Root Fixup: 0.0 ms]
   [Code Root Purge: 0.0 ms]
   [Clear CT: 0.1 ms]
   [Other: 0.6 ms]
      [Choose CSet: 0.0 ms]
      [Ref Proc: 0.2 ms]
      [Ref Enq: 0.0 ms]
      [Redirty Cards: 0.1 ms]
      [Humongous Register: 0.0 ms]
      [Humongous Reclaim: 0.0 ms]
      [Free CSet: 0.0 ms]
   [Eden: 44.0M(44.0M)->0.0B(46.0M) Survivors: 7168.0K->5120.0K Heap: 287.4M(1024.0M)->244.0M(1024.0M)]
 [Times: user=0.06 sys=0.03, real=0.05 secs] 
2019-11-28T13:47:43.547+0800: 8894.154: [GC pause (G1 Evacuation Pause) (young), 0.0433447 secs]
   [Parallel Time: 42.5 ms, GC Workers: 4]
      [GC Worker Start (ms): Min: 8894154.0, Avg: 8894154.5, Max: 8894155.2, Diff: 1.3]
      [Ext Root Scanning (ms): Min: 0.0, Avg: 0.9, Max: 2.0, Diff: 2.0, Sum: 3.5]
      [Update RS (ms): Min: 1.2, Avg: 2.2, Max: 3.5, Diff: 2.2, Sum: 8.9]
         [Processed Buffers: Min: 0, Avg: 10.0, Max: 28, Diff: 28, Sum: 40]
      [Scan RS (ms): Min: 3.6, Avg: 4.6, Max: 5.0, Diff: 1.4, Sum: 18.5]
      [Code Root Scanning (ms): Min: 0.0, Avg: 0.0, Max: 0.0, Diff: 0.0, Sum: 0.0]
      [Object Copy (ms): Min: 30.6, Avg: 31.1, Max: 32.3, Diff: 1.8, Sum: 124.2]
      [Termination (ms): Min: 0.0, Avg: 2.6, Max: 3.5, Diff: 3.5, Sum: 10.4]
         [Termination Attempts: Min: 1, Avg: 1.0, Max: 1, Diff: 0, Sum: 4]
      [GC Worker Other (ms): Min: 0.0, Avg: 0.0, Max: 0.0, Diff: 0.0, Sum: 0.1]
      [GC Worker Total (ms): Min: 39.8, Avg: 41.4, Max: 42.4, Diff: 2.6, Sum: 165.6]
      [GC Worker End (ms): Min: 8894194.6, Avg: 8894195.9, Max: 8894196.4, Diff: 1.8]
   [Code Root Fixup: 0.0 ms]
   [Code Root Purge: 0.0 ms]
   [Clear CT: 0.1 ms]
   [Other: 0.8 ms]
      [Choose CSet: 0.0 ms]
      [Ref Proc: 0.2 ms]
      [Ref Enq: 0.0 ms]
      [Redirty Cards: 0.1 ms]
      [Humongous Register: 0.1 ms]
      [Humongous Reclaim: 0.0 ms]
      [Free CSet: 0.1 ms]
   [Eden: 46.0M(46.0M)->0.0B(46.0M) Survivors: 5120.0K->5120.0K Heap: 290.0M(1024.0M)->245.9M(1024.0M)]
 [Times: user=0.05 sys=0.03, real=0.05 secs] 
2019-11-28T13:48:27.848+0800: 8938.454: [GC pause (G1 Evacuation Pause) (young), 0.0383184 secs]
   [Parallel Time: 36.7 ms, GC Workers: 4]
      [GC Worker Start (ms): Min: 8938453.7, Avg: 8938453.7, Max: 8938453.7, Diff: 0.1]
      [Ext Root Scanning (ms): Min: 0.6, Avg: 0.7, Max: 0.7, Diff: 0.1, Sum: 2.6]
      [Update RS (ms): Min: 2.3, Avg: 2.5, Max: 2.7, Diff: 0.4, Sum: 10.2]
         [Processed Buffers: Min: 4, Avg: 10.2, Max: 26, Diff: 22, Sum: 41]
      [Scan RS (ms): Min: 3.2, Avg: 4.0, Max: 4.7, Diff: 1.4, Sum: 15.9]
      [Code Root Scanning (ms): Min: 0.0, Avg: 0.0, Max: 0.0, Diff: 0.0, Sum: 0.0]
      [Object Copy (ms): Min: 28.4, Avg: 29.1, Max: 29.6, Diff: 1.2, Sum: 116.5]
      [Termination (ms): Min: 0.0, Avg: 0.3, Max: 0.5, Diff: 0.5, Sum: 1.1]
         [Termination Attempts: Min: 1, Avg: 1.5, Max: 2, Diff: 1, Sum: 6]
      [GC Worker Other (ms): Min: 0.0, Avg: 0.0, Max: 0.0, Diff: 0.0, Sum: 0.1]
      [GC Worker Total (ms): Min: 36.6, Avg: 36.6, Max: 36.6, Diff: 0.1, Sum: 146.4]
      [GC Worker End (ms): Min: 8938490.3, Avg: 8938490.3, Max: 8938490.3, Diff: 0.0]
   [Code Root Fixup: 0.0 ms]
   [Code Root Purge: 0.0 ms]
   [Clear CT: 0.1 ms]
   [Other: 1.5 ms]
      [Choose CSet: 0.0 ms]
      [Ref Proc: 0.1 ms]
      [Ref Enq: 0.0 ms]
      [Redirty Cards: 0.1 ms]
      [Humongous Register: 0.0 ms]
      [Humongous Reclaim: 0.0 ms]
      [Free CSet: 0.0 ms]
   [Eden: 46.0M(46.0M)->0.0B(46.0M) Survivors: 5120.0K->5120.0K Heap: 291.9M(1024.0M)->247.1M(1024.0M)]
 [Times: user=0.05 sys=0.02, real=0.04 secs] 
2019-11-28T13:49:12.484+0800: 8983.088: [GC pause (G1 Evacuation Pause) (young), 0.0382817 secs]
   [Parallel Time: 37.4 ms, GC Workers: 4]
      [GC Worker Start (ms): Min: 8983088.6, Avg: 8983088.9, Max: 8983089.7, Diff: 1.0]
      [Ext Root Scanning (ms): Min: 0.0, Avg: 0.5, Max: 0.7, Diff: 0.7, Sum: 2.0]
      [Update RS (ms): Min: 2.3, Avg: 3.2, Max: 4.7, Diff: 2.5, Sum: 12.8]
         [Processed Buffers: Min: 0, Avg: 10.0, Max: 20, Diff: 20, Sum: 40]
      [Scan RS (ms): Min: 16.3, Avg: 18.0, Max: 19.7, Diff: 3.4, Sum: 72.1]
      [Code Root Scanning (ms): Min: 0.0, Avg: 0.3, Max: 1.0, Diff: 1.0, Sum: 1.0]
      [Object Copy (ms): Min: 13.0, Avg: 14.7, Max: 15.5, Diff: 2.5, Sum: 58.9]
      [Termination (ms): Min: 0.0, Avg: 0.3, Max: 0.4, Diff: 0.4, Sum: 1.1]
         [Termination Attempts: Min: 1, Avg: 1.5, Max: 2, Diff: 1, Sum: 6]
      [GC Worker Other (ms): Min: 0.0, Avg: 0.0, Max: 0.0, Diff: 0.0, Sum: 0.1]
      [GC Worker Total (ms): Min: 36.2, Avg: 37.0, Max: 37.4, Diff: 1.1, Sum: 148.0]
      [GC Worker End (ms): Min: 8983125.8, Avg: 8983125.9, Max: 8983126.0, Diff: 0.2]
   [Code Root Fixup: 0.0 ms]
   [Code Root Purge: 0.0 ms]
   [Clear CT: 0.1 ms]
   [Other: 0.8 ms]
      [Choose CSet: 0.0 ms]
      [Ref Proc: 0.4 ms]
      [Ref Enq: 0.0 ms]
      [Redirty Cards: 0.1 ms]
      [Humongous Register: 0.0 ms]
      [Humongous Reclaim: 0.0 ms]
      [Free CSet: 0.1 ms]
   [Eden: 46.0M(46.0M)->0.0B(45.0M) Survivors: 5120.0K->6144.0K Heap: 293.1M(1024.0M)->248.6M(1024.0M)]
 [Times: user=0.05 sys=0.01, real=0.04 secs] 
2019-11-28T13:49:56.118+0800: 9026.721: [GC pause (G1 Evacuation Pause) (young), 0.0659979 secs]
   [Parallel Time: 65.0 ms, GC Workers: 4]
      [GC Worker Start (ms): Min: 9026721.0, Avg: 9026721.0, Max: 9026721.1, Diff: 0.0]
      [Ext Root Scanning (ms): Min: 0.6, Avg: 0.6, Max: 0.7, Diff: 0.1, Sum: 2.5]
      [Update RS (ms): Min: 0.0, Avg: 1.3, Max: 1.8, Diff: 1.8, Sum: 5.1]
         [Processed Buffers: Min: 0, Avg: 8.8, Max: 20, Diff: 20, Sum: 35]
      [Scan RS (ms): Min: 4.9, Avg: 7.4, Max: 9.0, Diff: 4.1, Sum: 29.4]
      [Code Root Scanning (ms): Min: 0.0, Avg: 0.0, Max: 0.0, Diff: 0.0, Sum: 0.0]
      [Object Copy (ms): Min: 52.3, Avg: 54.6, Max: 58.1, Diff: 5.7, Sum: 218.4]
      [Termination (ms): Min: 0.0, Avg: 1.0, Max: 1.4, Diff: 1.4, Sum: 4.1]
         [Termination Attempts: Min: 1, Avg: 1.0, Max: 1, Diff: 0, Sum: 4]
      [GC Worker Other (ms): Min: 0.0, Avg: 0.1, Max: 0.4, Diff: 0.4, Sum: 0.4]
      [GC Worker Total (ms): Min: 65.0, Avg: 65.0, Max: 65.0, Diff: 0.0, Sum: 259.9]
      [GC Worker End (ms): Min: 9026786.0, Avg: 9026786.0, Max: 9026786.0, Diff: 0.1]
   [Code Root Fixup: 0.0 ms]
   [Code Root Purge: 0.0 ms]
   [Clear CT: 0.1 ms]
   [Other: 0.9 ms]
      [Choose CSet: 0.0 ms]
      [Ref Proc: 0.3 ms]
      [Ref Enq: 0.0 ms]
      [Redirty Cards: 0.1 ms]
      [Humongous Register: 0.1 ms]
      [Humongous Reclaim: 0.0 ms]
      [Free CSet: 0.1 ms]
   [Eden: 45.0M(45.0M)->0.0B(44.0M) Survivors: 6144.0K->7168.0K Heap: 293.6M(1024.0M)->250.8M(1024.0M)]
 [Times: user=0.06 sys=0.03, real=0.07 secs] 
2019-11-28T13:50:38.296+0800: 9068.898: [GC pause (G1 Evacuation Pause) (young), 0.0639156 secs]
   [Parallel Time: 62.9 ms, GC Workers: 4]
      [GC Worker Start (ms): Min: 9068898.0, Avg: 9068898.1, Max: 9068898.2, Diff: 0.2]
      [Ext Root Scanning (ms): Min: 0.9, Avg: 1.1, Max: 1.4, Diff: 0.5, Sum: 4.5]
      [Update RS (ms): Min: 6.9, Avg: 7.5, Max: 8.1, Diff: 1.2, Sum: 30.1]
         [Processed Buffers: Min: 1, Avg: 8.0, Max: 25, Diff: 24, Sum: 32]
      [Scan RS (ms): Min: 4.4, Avg: 5.5, Max: 5.9, Diff: 1.5, Sum: 21.8]
      [Code Root Scanning (ms): Min: 0.0, Avg: 0.0, Max: 0.0, Diff: 0.0, Sum: 0.0]
      [Object Copy (ms): Min: 47.9, Avg: 48.4, Max: 49.0, Diff: 1.0, Sum: 193.5]
      [Termination (ms): Min: 0.0, Avg: 0.2, Max: 0.3, Diff: 0.3, Sum: 0.7]
         [Termination Attempts: Min: 1, Avg: 1.0, Max: 1, Diff: 0, Sum: 4]
      [GC Worker Other (ms): Min: 0.0, Avg: 0.0, Max: 0.0, Diff: 0.0, Sum: 0.1]
      [GC Worker Total (ms): Min: 62.5, Avg: 62.7, Max: 62.8, Diff: 0.3, Sum: 250.6]
      [GC Worker End (ms): Min: 9068960.7, Avg: 9068960.7, Max: 9068960.8, Diff: 0.1]
   [Code Root Fixup: 0.0 ms]
   [Code Root Purge: 0.0 ms]
   [Clear CT: 0.1 ms]
   [Other: 1.0 ms]
      [Choose CSet: 0.0 ms]
      [Ref Proc: 0.3 ms]
      [Ref Enq: 0.0 ms]
      [Redirty Cards: 0.0 ms]
      [Humongous Register: 0.1 ms]
      [Humongous Reclaim: 0.0 ms]
      [Free CSet: 0.1 ms]
   [Eden: 44.0M(44.0M)->0.0B(46.0M) Survivors: 7168.0K->5120.0K Heap: 294.8M(1024.0M)->251.8M(1024.0M)]
 [Times: user=0.06 sys=0.05, real=0.07 secs] 
2019-11-28T13:51:22.809+0800: 9113.409: [GC pause (G1 Evacuation Pause) (young), 0.0492772 secs]
   [Parallel Time: 46.7 ms, GC Workers: 4]
      [GC Worker Start (ms): Min: 9113413.1, Avg: 9113413.1, Max: 9113413.1, Diff: 0.1]
      [Ext Root Scanning (ms): Min: 0.6, Avg: 0.6, Max: 0.7, Diff: 0.1, Sum: 2.5]
      [Update RS (ms): Min: 1.6, Avg: 1.7, Max: 1.8, Diff: 0.2, Sum: 6.9]
         [Processed Buffers: Min: 1, Avg: 9.0, Max: 24, Diff: 23, Sum: 36]
      [Scan RS (ms): Min: 3.7, Avg: 4.2, Max: 5.1, Diff: 1.4, Sum: 16.8]
      [Code Root Scanning (ms): Min: 0.0, Avg: 0.0, Max: 0.0, Diff: 0.0, Sum: 0.0]
      [Object Copy (ms): Min: 37.6, Avg: 38.1, Max: 38.9, Diff: 1.2, Sum: 152.4]
      [Termination (ms): Min: 0.0, Avg: 0.3, Max: 0.7, Diff: 0.7, Sum: 1.3]
         [Termination Attempts: Min: 1, Avg: 1.2, Max: 2, Diff: 1, Sum: 5]
      [GC Worker Other (ms): Min: 0.0, Avg: 0.0, Max: 0.0, Diff: 0.0, Sum: 0.1]
      [GC Worker Total (ms): Min: 45.0, Avg: 45.0, Max: 45.0, Diff: 0.0, Sum: 180.0]
      [GC Worker End (ms): Min: 9113458.1, Avg: 9113458.1, Max: 9113458.1, Diff: 0.0]
   [Code Root Fixup: 0.0 ms]
   [Code Root Purge: 0.0 ms]
   [Clear CT: 0.1 ms]
   [Other: 2.4 ms]
      [Choose CSet: 0.0 ms]
      [Ref Proc: 0.1 ms]
      [Ref Enq: 0.0 ms]
      [Redirty Cards: 0.1 ms]
      [Humongous Register: 0.1 ms]
      [Humongous Reclaim: 0.0 ms]
      [Free CSet: 0.1 ms]
   [Eden: 46.0M(46.0M)->0.0B(46.0M) Survivors: 5120.0K->5120.0K Heap: 297.8M(1024.0M)->253.9M(1024.0M)]
 [Times: user=0.06 sys=0.03, real=0.06 secs] 
2019-11-28T13:52:07.279+0800: 9157.878: [GC pause (G1 Evacuation Pause) (young), 0.0236510 secs]
   [Parallel Time: 22.7 ms, GC Workers: 4]
      [GC Worker Start (ms): Min: 9157878.1, Avg: 9157878.2, Max: 9157878.2, Diff: 0.1]
      [Ext Root Scanning (ms): Min: 1.2, Avg: 1.4, Max: 1.7, Diff: 0.5, Sum: 5.7]
      [Update RS (ms): Min: 1.1, Avg: 2.1, Max: 2.6, Diff: 1.4, Sum: 8.5]
         [Processed Buffers: Min: 2, Avg: 8.2, Max: 18, Diff: 16, Sum: 33]
      [Scan RS (ms): Min: 8.2, Avg: 8.8, Max: 10.3, Diff: 2.1, Sum: 35.3]
      [Code Root Scanning (ms): Min: 0.0, Avg: 0.0, Max: 0.0, Diff: 0.0, Sum: 0.0]
      [Object Copy (ms): Min: 8.1, Avg: 10.1, Max: 11.6, Diff: 3.5, Sum: 40.5]
      [Termination (ms): Min: 0.0, Avg: 0.1, Max: 0.1, Diff: 0.1, Sum: 0.3]
         [Termination Attempts: Min: 1, Avg: 1.2, Max: 2, Diff: 1, Sum: 5]
      [GC Worker Other (ms): Min: 0.0, Avg: 0.0, Max: 0.0, Diff: 0.0, Sum: 0.1]
      [GC Worker Total (ms): Min: 22.5, Avg: 22.6, Max: 22.7, Diff: 0.1, Sum: 90.4]
      [GC Worker End (ms): Min: 9157900.7, Avg: 9157900.8, Max: 9157900.8, Diff: 0.0]
   [Code Root Fixup: 0.0 ms]
   [Code Root Purge: 0.0 ms]
   [Clear CT: 0.1 ms]
   [Other: 0.9 ms]
      [Choose CSet: 0.0 ms]
      [Ref Proc: 0.2 ms]
      [Ref Enq: 0.0 ms]
      [Redirty Cards: 0.1 ms]
      [Humongous Register: 0.1 ms]
      [Humongous Reclaim: 0.0 ms]
      [Free CSet: 0.1 ms]
   [Eden: 46.0M(46.0M)->0.0B(45.0M) Survivors: 5120.0K->6144.0K Heap: 299.9M(1024.0M)->254.9M(1024.0M)]
 [Times: user=0.05 sys=0.01, real=0.03 secs] 
2019-11-28T13:52:50.693+0800: 9201.291: [GC pause (G1 Evacuation Pause) (young), 0.0390883 secs]
   [Parallel Time: 36.6 ms, GC Workers: 4]
      [GC Worker Start (ms): Min: 9201290.8, Avg: 9201291.1, Max: 9201291.4, Diff: 0.6]
      [Ext Root Scanning (ms): Min: 0.5, Avg: 0.8, Max: 1.1, Diff: 0.6, Sum: 3.2]
      [Update RS (ms): Min: 2.0, Avg: 2.0, Max: 2.1, Diff: 0.1, Sum: 8.1]
         [Processed Buffers: Min: 5, Avg: 7.2, Max: 9, Diff: 4, Sum: 29]
      [Scan RS (ms): Min: 2.1, Avg: 3.6, Max: 4.2, Diff: 2.1, Sum: 14.4]
      [Code Root Scanning (ms): Min: 0.0, Avg: 0.0, Max: 0.0, Diff: 0.0, Sum: 0.0]
      [Object Copy (ms): Min: 25.0, Avg: 26.2, Max: 27.1, Diff: 2.1, Sum: 104.9]
      [Termination (ms): Min: 0.0, Avg: 2.9, Max: 4.3, Diff: 4.3, Sum: 11.4]
         [Termination Attempts: Min: 1, Avg: 1.0, Max: 1, Diff: 0, Sum: 4]
      [GC Worker Other (ms): Min: 0.0, Avg: 0.0, Max: 0.0, Diff: 0.0, Sum: 0.1]
      [GC Worker Total (ms): Min: 33.7, Avg: 35.5, Max: 36.5, Diff: 2.8, Sum: 142.1]
      [GC Worker End (ms): Min: 9201324.5, Avg: 9201326.6, Max: 9201327.3, Diff: 2.8]
   [Code Root Fixup: 0.0 ms]
   [Code Root Purge: 0.0 ms]
   [Clear CT: 0.1 ms]
   [Other: 2.4 ms]
      [Choose CSet: 0.0 ms]
      [Ref Proc: 0.2 ms]
      [Ref Enq: 0.0 ms]
      [Redirty Cards: 0.1 ms]
      [Humongous Register: 0.0 ms]
      [Humongous Reclaim: 0.1 ms]
      [Free CSet: 0.0 ms]
   [Eden: 45.0M(45.0M)->0.0B(44.0M) Survivors: 6144.0K->7168.0K Heap: 299.9M(1024.0M)->256.6M(1024.0M)]
 [Times: user=0.05 sys=0.01, real=0.04 secs] 
2019-11-28T13:53:33.041+0800: 9243.637: [GC pause (G1 Evacuation Pause) (young), 0.0393175 secs]
   [Parallel Time: 38.7 ms, GC Workers: 4]
      [GC Worker Start (ms): Min: 9243637.0, Avg: 9243637.1, Max: 9243637.2, Diff: 0.3]
      [Ext Root Scanning (ms): Min: 0.4, Avg: 0.9, Max: 2.1, Diff: 1.7, Sum: 3.5]
      [Update RS (ms): Min: 0.2, Avg: 1.8, Max: 3.8, Diff: 3.6, Sum: 7.1]
         [Processed Buffers: Min: 2, Avg: 8.0, Max: 11, Diff: 9, Sum: 32]
      [Scan RS (ms): Min: 5.3, Avg: 6.8, Max: 7.3, Diff: 2.0, Sum: 27.0]
      [Code Root Scanning (ms): Min: 0.0, Avg: 0.0, Max: 0.0, Diff: 0.0, Sum: 0.0]
      [Object Copy (ms): Min: 28.2, Avg: 28.6, Max: 29.2, Diff: 1.0, Sum: 114.2]
      [Termination (ms): Min: 0.0, Avg: 0.5, Max: 0.7, Diff: 0.7, Sum: 2.2]
         [Termination Attempts: Min: 1, Avg: 1.0, Max: 1, Diff: 0, Sum: 4]
      [GC Worker Other (ms): Min: 0.0, Avg: 0.0, Max: 0.0, Diff: 0.0, Sum: 0.1]
      [GC Worker Total (ms): Min: 38.4, Avg: 38.6, Max: 38.7, Diff: 0.3, Sum: 154.2]
      [GC Worker End (ms): Min: 9243675.6, Avg: 9243675.6, Max: 9243675.7, Diff: 0.0]
   [Code Root Fixup: 0.0 ms]
   [Code Root Purge: 0.0 ms]
   [Clear CT: 0.1 ms]
   [Other: 0.5 ms]
      [Choose CSet: 0.0 ms]
      [Ref Proc: 0.2 ms]
      [Ref Enq: 0.0 ms]
      [Redirty Cards: 0.1 ms]
      [Humongous Register: 0.0 ms]
      [Humongous Reclaim: 0.0 ms]
      [Free CSet: 0.0 ms]
   [Eden: 44.0M(44.0M)->0.0B(46.0M) Survivors: 7168.0K->5120.0K Heap: 300.6M(1024.0M)->257.8M(1024.0M)]
 [Times: user=0.05 sys=0.02, real=0.04 secs] 
2019-11-28T13:54:17.246+0800: 9287.841: [GC pause (G1 Evacuation Pause) (young), 0.0650390 secs]
   [Parallel Time: 61.5 ms, GC Workers: 4]
      [GC Worker Start (ms): Min: 9287842.1, Avg: 9287843.0, Max: 9287843.5, Diff: 1.4]
      [Ext Root Scanning (ms): Min: 0.2, Avg: 0.6, Max: 1.6, Diff: 1.4, Sum: 2.6]
      [Update RS (ms): Min: 0.0, Avg: 2.1, Max: 4.2, Diff: 4.2, Sum: 8.4]
         [Processed Buffers: Min: 0, Avg: 9.5, Max: 35, Diff: 35, Sum: 38]
      [Scan RS (ms): Min: 5.5, Avg: 6.6, Max: 7.6, Diff: 2.1, Sum: 26.4]
      [Code Root Scanning (ms): Min: 0.0, Avg: 0.0, Max: 0.0, Diff: 0.0, Sum: 0.0]
      [Object Copy (ms): Min: 36.7, Avg: 40.9, Max: 47.4, Diff: 10.7, Sum: 163.5]
      [Termination (ms): Min: 0.0, Avg: 7.8, Max: 10.4, Diff: 10.4, Sum: 31.1]
         [Termination Attempts: Min: 1, Avg: 1.0, Max: 1, Diff: 0, Sum: 4]
      [GC Worker Other (ms): Min: 0.0, Avg: 0.0, Max: 0.0, Diff: 0.0, Sum: 0.1]
      [GC Worker Total (ms): Min: 54.5, Avg: 58.0, Max: 59.4, Diff: 4.8, Sum: 232.1]
      [GC Worker End (ms): Min: 9287896.6, Avg: 9287901.0, Max: 9287902.5, Diff: 5.9]
   [Code Root Fixup: 0.0 ms]
   [Code Root Purge: 0.0 ms]
   [Clear CT: 0.1 ms]
   [Other: 3.5 ms]
      [Choose CSet: 0.0 ms]
      [Ref Proc: 2.7 ms]
      [Ref Enq: 0.0 ms]
      [Redirty Cards: 0.1 ms]
      [Humongous Register: 0.1 ms]
      [Humongous Reclaim: 0.0 ms]
      [Free CSet: 0.1 ms]
   [Eden: 46.0M(46.0M)->0.0B(46.0M) Survivors: 5120.0K->5120.0K Heap: 303.8M(1024.0M)->259.9M(1024.0M)]
 [Times: user=0.05 sys=0.02, real=0.07 secs] 
2019-11-28T13:55:02.102+0800: 9332.696: [GC pause (G1 Evacuation Pause) (young), 0.0373866 secs]
   [Parallel Time: 36.6 ms, GC Workers: 4]
      [GC Worker Start (ms): Min: 9332696.1, Avg: 9332696.1, Max: 9332696.1, Diff: 0.1]
      [Ext Root Scanning (ms): Min: 0.7, Avg: 0.8, Max: 0.8, Diff: 0.1, Sum: 3.1]
      [Update RS (ms): Min: 5.3, Avg: 5.6, Max: 6.1, Diff: 0.8, Sum: 22.4]
         [Processed Buffers: Min: 1, Avg: 7.5, Max: 17, Diff: 16, Sum: 30]
      [Scan RS (ms): Min: 15.3, Avg: 16.7, Max: 18.0, Diff: 2.7, Sum: 66.9]
      [Code Root Scanning (ms): Min: 0.0, Avg: 0.0, Max: 0.0, Diff: 0.0, Sum: 0.0]
      [Object Copy (ms): Min: 12.3, Avg: 13.3, Max: 14.3, Diff: 2.0, Sum: 53.1]
      [Termination (ms): Min: 0.0, Avg: 0.1, Max: 0.1, Diff: 0.1, Sum: 0.3]
         [Termination Attempts: Min: 1, Avg: 1.0, Max: 1, Diff: 0, Sum: 4]
      [GC Worker Other (ms): Min: 0.0, Avg: 0.0, Max: 0.1, Diff: 0.0, Sum: 0.1]
      [GC Worker Total (ms): Min: 36.4, Avg: 36.5, Max: 36.5, Diff: 0.1, Sum: 145.9]
      [GC Worker End (ms): Min: 9332732.6, Avg: 9332732.6, Max: 9332732.6, Diff: 0.0]
   [Code Root Fixup: 0.0 ms]
   [Code Root Purge: 0.0 ms]
   [Clear CT: 0.0 ms]
   [Other: 0.8 ms]
      [Choose CSet: 0.0 ms]
      [Ref Proc: 0.2 ms]
      [Ref Enq: 0.0 ms]
      [Redirty Cards: 0.1 ms]
      [Humongous Register: 0.0 ms]
      [Humongous Reclaim: 0.0 ms]
      [Free CSet: 0.1 ms]
   [Eden: 46.0M(46.0M)->0.0B(45.0M) Survivors: 5120.0K->6144.0K Heap: 305.9M(1024.0M)->260.9M(1024.0M)]
 [Times: user=0.05 sys=0.02, real=0.04 secs] 
2019-11-28T13:55:45.414+0800: 9376.007: [GC pause (G1 Evacuation Pause) (young), 0.0686680 secs]
   [Parallel Time: 67.8 ms, GC Workers: 4]
      [GC Worker Start (ms): Min: 9376006.8, Avg: 9376007.1, Max: 9376007.7, Diff: 0.9]
      [Ext Root Scanning (ms): Min: 0.0, Avg: 0.6, Max: 0.9, Diff: 0.8, Sum: 2.4]
      [Update RS (ms): Min: 0.2, Avg: 1.4, Max: 1.9, Diff: 1.6, Sum: 5.7]
         [Processed Buffers: Min: 4, Avg: 6.8, Max: 9, Diff: 5, Sum: 27]
      [Scan RS (ms): Min: 14.0, Avg: 15.0, Max: 16.1, Diff: 2.1, Sum: 59.8]
      [Code Root Scanning (ms): Min: 0.0, Avg: 0.0, Max: 0.0, Diff: 0.0, Sum: 0.0]
      [Object Copy (ms): Min: 46.2, Avg: 47.6, Max: 50.0, Diff: 3.8, Sum: 190.5]
      [Termination (ms): Min: 0.0, Avg: 2.5, Max: 3.4, Diff: 3.4, Sum: 10.1]
         [Termination Attempts: Min: 1, Avg: 1.2, Max: 2, Diff: 1, Sum: 5]
      [GC Worker Other (ms): Min: 0.0, Avg: 0.0, Max: 0.0, Diff: 0.0, Sum: 0.1]
      [GC Worker Total (ms): Min: 66.5, Avg: 67.2, Max: 67.5, Diff: 1.0, Sum: 268.6]
      [GC Worker End (ms): Min: 9376074.1, Avg: 9376074.2, Max: 9376074.3, Diff: 0.2]
   [Code Root Fixup: 0.0 ms]
   [Code Root Purge: 0.0 ms]
   [Clear CT: 0.2 ms]
   [Other: 0.7 ms]
      [Choose CSet: 0.0 ms]
      [Ref Proc: 0.2 ms]
      [Ref Enq: 0.0 ms]
      [Redirty Cards: 0.1 ms]
      [Humongous Register: 0.0 ms]
      [Humongous Reclaim: 0.0 ms]
      [Free CSet: 0.1 ms]
   [Eden: 45.0M(45.0M)->0.0B(44.0M) Survivors: 6144.0K->7168.0K Heap: 305.9M(1024.0M)->263.1M(1024.0M)]
 [Times: user=0.06 sys=0.04, real=0.07 secs] 
2019-11-28T13:56:28.035+0800: 9418.626: [GC pause (G1 Evacuation Pause) (young), 0.0531735 secs]
   [Parallel Time: 52.4 ms, GC Workers: 4]
      [GC Worker Start (ms): Min: 9418626.4, Avg: 9418626.5, Max: 9418626.6, Diff: 0.2]
      [Ext Root Scanning (ms): Min: 0.6, Avg: 0.7, Max: 0.8, Diff: 0.2, Sum: 2.8]
      [Update RS (ms): Min: 1.6, Avg: 1.9, Max: 2.0, Diff: 0.4, Sum: 7.5]
         [Processed Buffers: Min: 4, Avg: 9.8, Max: 20, Diff: 16, Sum: 39]
      [Scan RS (ms): Min: 4.4, Avg: 6.0, Max: 7.5, Diff: 3.0, Sum: 23.8]
      [Code Root Scanning (ms): Min: 0.0, Avg: 0.0, Max: 0.0, Diff: 0.0, Sum: 0.0]
      [Object Copy (ms): Min: 42.1, Avg: 43.5, Max: 45.2, Diff: 3.0, Sum: 174.2]
      [Termination (ms): Min: 0.0, Avg: 0.2, Max: 0.5, Diff: 0.5, Sum: 0.9]
         [Termination Attempts: Min: 1, Avg: 1.0, Max: 1, Diff: 0, Sum: 4]
      [GC Worker Other (ms): Min: 0.0, Avg: 0.0, Max: 0.0, Diff: 0.0, Sum: 0.1]
      [GC Worker Total (ms): Min: 52.2, Avg: 52.3, Max: 52.4, Diff: 0.2, Sum: 209.3]
      [GC Worker End (ms): Min: 9418678.8, Avg: 9418678.8, Max: 9418678.8, Diff: 0.0]
   [Code Root Fixup: 0.0 ms]
   [Code Root Purge: 0.0 ms]
   [Clear CT: 0.1 ms]
   [Other: 0.7 ms]
      [Choose CSet: 0.0 ms]
      [Ref Proc: 0.1 ms]
      [Ref Enq: 0.0 ms]
      [Redirty Cards: 0.0 ms]
      [Humongous Register: 0.2 ms]
      [Humongous Reclaim: 0.0 ms]
      [Free CSet: 0.1 ms]
   [Eden: 44.0M(44.0M)->0.0B(46.0M) Survivors: 7168.0K->5120.0K Heap: 307.1M(1024.0M)->263.8M(1024.0M)]
 [Times: user=0.05 sys=0.04, real=0.06 secs] 
2019-11-28T13:57:12.683+0800: 9463.273: [GC pause (G1 Evacuation Pause) (young), 0.0659149 secs]
   [Parallel Time: 65.0 ms, GC Workers: 4]
      [GC Worker Start (ms): Min: 9463272.7, Avg: 9463272.8, Max: 9463273.0, Diff: 0.2]
      [Ext Root Scanning (ms): Min: 0.5, Avg: 0.8, Max: 1.1, Diff: 0.6, Sum: 3.1]
      [Update RS (ms): Min: 2.9, Avg: 3.8, Max: 5.6, Diff: 2.6, Sum: 15.1]
         [Processed Buffers: Min: 1, Avg: 11.0, Max: 26, Diff: 25, Sum: 44]
      [Scan RS (ms): Min: 9.4, Avg: 12.8, Max: 14.4, Diff: 5.0, Sum: 51.2]
      [Code Root Scanning (ms): Min: 0.0, Avg: 0.0, Max: 0.0, Diff: 0.0, Sum: 0.0]
      [Object Copy (ms): Min: 46.4, Avg: 47.4, Max: 49.0, Diff: 2.6, Sum: 189.5]
      [Termination (ms): Min: 0.0, Avg: 0.1, Max: 0.2, Diff: 0.2, Sum: 0.4]
         [Termination Attempts: Min: 1, Avg: 1.5, Max: 2, Diff: 1, Sum: 6]
      [GC Worker Other (ms): Min: 0.0, Avg: 0.0, Max: 0.0, Diff: 0.0, Sum: 0.1]
      [GC Worker Total (ms): Min: 64.7, Avg: 64.9, Max: 65.0, Diff: 0.3, Sum: 259.5]
      [GC Worker End (ms): Min: 9463337.6, Avg: 9463337.7, Max: 9463337.7, Diff: 0.0]
   [Code Root Fixup: 0.0 ms]
   [Code Root Purge: 0.0 ms]
   [Clear CT: 0.1 ms]
   [Other: 0.8 ms]
      [Choose CSet: 0.0 ms]
      [Ref Proc: 0.3 ms]
      [Ref Enq: 0.0 ms]
      [Redirty Cards: 0.1 ms]
      [Humongous Register: 0.0 ms]
      [Humongous Reclaim: 0.0 ms]
      [Free CSet: 0.1 ms]
   [Eden: 46.0M(46.0M)->0.0B(46.0M) Survivors: 5120.0K->5120.0K Heap: 309.8M(1024.0M)->265.9M(1024.0M)]
 [Times: user=0.05 sys=0.05, real=0.07 secs] 
2019-11-28T13:59:44.194+0800: 9614.779: [GC pause (G1 Evacuation Pause) (young), 0.0624508 secs]
   [Parallel Time: 55.6 ms, GC Workers: 4]
      [GC Worker Start (ms): Min: 9614781.2, Avg: 9614781.3, Max: 9614781.3, Diff: 0.1]
      [Ext Root Scanning (ms): Min: 2.1, Avg: 2.7, Max: 4.7, Diff: 2.6, Sum: 10.9]
      [Update RS (ms): Min: 4.1, Avg: 6.5, Max: 8.1, Diff: 4.0, Sum: 26.2]
         [Processed Buffers: Min: 1, Avg: 10.8, Max: 27, Diff: 26, Sum: 43]
      [Scan RS (ms): Min: 5.3, Avg: 6.7, Max: 8.0, Diff: 2.7, Sum: 26.7]
      [Code Root Scanning (ms): Min: 0.0, Avg: 0.0, Max: 0.0, Diff: 0.0, Sum: 0.0]
      [Object Copy (ms): Min: 37.1, Avg: 38.4, Max: 39.8, Diff: 2.7, Sum: 153.8]
      [Termination (ms): Min: 0.0, Avg: 1.0, Max: 1.3, Diff: 1.3, Sum: 3.9]
         [Termination Attempts: Min: 1, Avg: 1.2, Max: 2, Diff: 1, Sum: 5]
      [GC Worker Other (ms): Min: 0.0, Avg: 0.0, Max: 0.0, Diff: 0.0, Sum: 0.1]
      [GC Worker Total (ms): Min: 55.3, Avg: 55.4, Max: 55.4, Diff: 0.1, Sum: 221.6]
      [GC Worker End (ms): Min: 9614836.6, Avg: 9614836.6, Max: 9614836.7, Diff: 0.0]
   [Code Root Fixup: 0.0 ms]
   [Code Root Purge: 0.0 ms]
   [Clear CT: 0.1 ms]
   [Other: 6.8 ms]
      [Choose CSet: 0.0 ms]
      [Ref Proc: 0.3 ms]
      [Ref Enq: 0.0 ms]
      [Redirty Cards: 0.1 ms]
      [Humongous Register: 1.5 ms]
      [Humongous Reclaim: 0.0 ms]
      [Free CSet: 0.2 ms]
   [Eden: 46.0M(46.0M)->0.0B(45.0M) Survivors: 5120.0K->6144.0K Heap: 311.9M(1024.0M)->268.1M(1024.0M)]
 [Times: user=0.05 sys=0.07, real=0.06 secs] 
2019-11-28T14:00:50.805+0800: 9681.388: [GC pause (G1 Evacuation Pause) (young), 0.0516585 secs]
   [Parallel Time: 50.7 ms, GC Workers: 4]
      [GC Worker Start (ms): Min: 9681388.4, Avg: 9681388.7, Max: 9681388.9, Diff: 0.6]
      [Ext Root Scanning (ms): Min: 0.4, Avg: 0.6, Max: 1.0, Diff: 0.6, Sum: 2.5]
      [Update RS (ms): Min: 2.1, Avg: 2.7, Max: 3.9, Diff: 1.9, Sum: 11.0]
         [Processed Buffers: Min: 1, Avg: 8.8, Max: 29, Diff: 28, Sum: 35]
      [Scan RS (ms): Min: 2.1, Avg: 3.2, Max: 3.9, Diff: 1.8, Sum: 12.9]
      [Code Root Scanning (ms): Min: 0.0, Avg: 0.0, Max: 0.0, Diff: 0.0, Sum: 0.1]
      [Object Copy (ms): Min: 42.7, Avg: 43.0, Max: 43.3, Diff: 0.6, Sum: 171.9]
      [Termination (ms): Min: 0.0, Avg: 0.5, Max: 1.0, Diff: 1.0, Sum: 2.0]
         [Termination Attempts: Min: 1, Avg: 1.0, Max: 1, Diff: 0, Sum: 4]
      [GC Worker Other (ms): Min: 0.0, Avg: 0.0, Max: 0.0, Diff: 0.0, Sum: 0.1]
      [GC Worker Total (ms): Min: 49.8, Avg: 50.1, Max: 50.6, Diff: 0.8, Sum: 200.5]
      [GC Worker End (ms): Min: 9681438.7, Avg: 9681438.9, Max: 9681439.0, Diff: 0.3]
   [Code Root Fixup: 0.0 ms]
   [Code Root Purge: 0.0 ms]
   [Clear CT: 0.1 ms]
   [Other: 0.9 ms]
      [Choose CSet: 0.0 ms]
      [Ref Proc: 0.4 ms]
      [Ref Enq: 0.0 ms]
      [Redirty Cards: 0.1 ms]
      [Humongous Register: 0.0 ms]
      [Humongous Reclaim: 0.0 ms]
      [Free CSet: 0.1 ms]
   [Eden: 45.0M(45.0M)->0.0B(44.0M) Survivors: 6144.0K->7168.0K Heap: 313.1M(1024.0M)->271.5M(1024.0M)]
 [Times: user=0.06 sys=0.03, real=0.05 secs] 
2019-11-28T14:01:32.020+0800: 9722.602: [GC pause (G1 Evacuation Pause) (young), 0.0814211 secs]
   [Parallel Time: 80.7 ms, GC Workers: 4]
      [GC Worker Start (ms): Min: 9722602.0, Avg: 9722602.0, Max: 9722602.1, Diff: 0.1]
      [Ext Root Scanning (ms): Min: 0.7, Avg: 0.7, Max: 0.8, Diff: 0.1, Sum: 2.9]
      [Update RS (ms): Min: 0.0, Avg: 1.0, Max: 1.9, Diff: 1.9, Sum: 3.9]
         [Processed Buffers: Min: 0, Avg: 8.2, Max: 20, Diff: 20, Sum: 33]
      [Scan RS (ms): Min: 2.2, Avg: 2.3, Max: 2.3, Diff: 0.2, Sum: 9.0]
      [Code Root Scanning (ms): Min: 0.0, Avg: 0.0, Max: 0.0, Diff: 0.0, Sum: 0.1]
      [Object Copy (ms): Min: 74.2, Avg: 75.6, Max: 76.3, Diff: 2.1, Sum: 302.3]
      [Termination (ms): Min: 0.0, Avg: 1.0, Max: 1.3, Diff: 1.3, Sum: 4.0]
         [Termination Attempts: Min: 1, Avg: 1.5, Max: 2, Diff: 1, Sum: 6]
      [GC Worker Other (ms): Min: 0.0, Avg: 0.0, Max: 0.0, Diff: 0.0, Sum: 0.1]
      [GC Worker Total (ms): Min: 80.5, Avg: 80.6, Max: 80.6, Diff: 0.1, Sum: 322.3]
      [GC Worker End (ms): Min: 9722682.6, Avg: 9722682.6, Max: 9722682.6, Diff: 0.0]
   [Code Root Fixup: 0.0 ms]
   [Code Root Purge: 0.0 ms]
   [Clear CT: 0.1 ms]
   [Other: 0.6 ms]
      [Choose CSet: 0.0 ms]
      [Ref Proc: 0.2 ms]
      [Ref Enq: 0.0 ms]
      [Redirty Cards: 0.1 ms]
      [Humongous Register: 0.0 ms]
      [Humongous Reclaim: 0.0 ms]
      [Free CSet: 0.0 ms]
   [Eden: 44.0M(44.0M)->0.0B(45.0M) Survivors: 7168.0K->6144.0K Heap: 315.5M(1024.0M)->274.8M(1024.0M)]
 [Times: user=0.07 sys=0.05, real=0.08 secs] 
2019-11-28T14:02:15.091+0800: 9765.672: [GC pause (G1 Evacuation Pause) (young), 0.1044593 secs]
   [Parallel Time: 103.3 ms, GC Workers: 4]
      [GC Worker Start (ms): Min: 9765672.1, Avg: 9765672.1, Max: 9765672.1, Diff: 0.0]
      [Ext Root Scanning (ms): Min: 1.2, Avg: 1.6, Max: 2.7, Diff: 1.5, Sum: 6.5]
      [Update RS (ms): Min: 0.0, Avg: 9.7, Max: 22.7, Diff: 22.7, Sum: 38.6]
         [Processed Buffers: Min: 0, Avg: 9.2, Max: 19, Diff: 19, Sum: 37]
      [Scan RS (ms): Min: 0.0, Avg: 7.3, Max: 15.8, Diff: 15.8, Sum: 29.1]
      [Code Root Scanning (ms): Min: 0.0, Avg: 0.0, Max: 0.0, Diff: 0.0, Sum: 0.0]
      [Object Copy (ms): Min: 79.3, Avg: 84.6, Max: 94.6, Diff: 15.4, Sum: 338.3]
      [Termination (ms): Min: 0.0, Avg: 0.1, Max: 0.2, Diff: 0.2, Sum: 0.4]
         [Termination Attempts: Min: 1, Avg: 1.0, Max: 1, Diff: 0, Sum: 4]
      [GC Worker Other (ms): Min: 0.0, Avg: 0.0, Max: 0.1, Diff: 0.1, Sum: 0.1]
      [GC Worker Total (ms): Min: 103.3, Avg: 103.3, Max: 103.3, Diff: 0.0, Sum: 413.1]
      [GC Worker End (ms): Min: 9765775.4, Avg: 9765775.4, Max: 9765775.4, Diff: 0.0]
   [Code Root Fixup: 0.0 ms]
   [Code Root Purge: 0.0 ms]
   [Clear CT: 0.1 ms]
   [Other: 1.0 ms]
      [Choose CSet: 0.0 ms]
      [Ref Proc: 0.1 ms]
      [Ref Enq: 0.0 ms]
      [Redirty Cards: 0.1 ms]
      [Humongous Register: 0.2 ms]
      [Humongous Reclaim: 0.0 ms]
      [Free CSet: 0.1 ms]
   [Eden: 45.0M(45.0M)->0.0B(46.0M) Survivors: 6144.0K->5120.0K Heap: 319.8M(1024.0M)->278.0M(1024.0M)]
 [Times: user=0.06 sys=0.06, real=0.10 secs] 
2019-11-28T14:02:59.485+0800: 9810.065: [GC pause (G1 Evacuation Pause) (young), 0.0452475 secs]
   [Parallel Time: 42.9 ms, GC Workers: 4]
      [GC Worker Start (ms): Min: 9810064.8, Avg: 9810065.0, Max: 9810065.4, Diff: 0.5]
      [Ext Root Scanning (ms): Min: 0.9, Avg: 1.1, Max: 1.5, Diff: 0.6, Sum: 4.4]
      [Update RS (ms): Min: 5.2, Avg: 6.0, Max: 6.7, Diff: 1.5, Sum: 23.9]
         [Processed Buffers: Min: 0, Avg: 8.2, Max: 23, Diff: 23, Sum: 33]
      [Scan RS (ms): Min: 3.3, Avg: 3.9, Max: 4.5, Diff: 1.2, Sum: 15.7]
      [Code Root Scanning (ms): Min: 0.0, Avg: 0.0, Max: 0.0, Diff: 0.0, Sum: 0.0]
      [Object Copy (ms): Min: 30.5, Avg: 30.9, Max: 31.2, Diff: 0.6, Sum: 123.7]
      [Termination (ms): Min: 0.0, Avg: 0.2, Max: 0.7, Diff: 0.7, Sum: 0.9]
         [Termination Attempts: Min: 1, Avg: 1.0, Max: 1, Diff: 0, Sum: 4]
      [GC Worker Other (ms): Min: 0.0, Avg: 0.0, Max: 0.0, Diff: 0.0, Sum: 0.1]
      [GC Worker Total (ms): Min: 41.6, Avg: 42.2, Max: 42.8, Diff: 1.2, Sum: 168.7]
      [GC Worker End (ms): Min: 9810107.0, Avg: 9810107.2, Max: 9810107.6, Diff: 0.6]
   [Code Root Fixup: 0.0 ms]
   [Code Root Purge: 0.0 ms]
   [Clear CT: 0.1 ms]
   [Other: 2.3 ms]
      [Choose CSet: 0.0 ms]
      [Ref Proc: 0.2 ms]
      [Ref Enq: 0.0 ms]
      [Redirty Cards: 0.1 ms]
      [Humongous Register: 0.1 ms]
      [Humongous Reclaim: 0.0 ms]
      [Free CSet: 0.1 ms]
   [Eden: 46.0M(46.0M)->0.0B(46.0M) Survivors: 5120.0K->5120.0K Heap: 324.0M(1024.0M)->280.0M(1024.0M)]
 [Times: user=0.05 sys=0.03, real=0.05 secs] 
2019-11-28T14:04:44.070+0800: 9914.646: [GC pause (G1 Evacuation Pause) (young), 0.0492962 secs]
   [Parallel Time: 48.7 ms, GC Workers: 4]
      [GC Worker Start (ms): Min: 9914646.4, Avg: 9914646.5, Max: 9914646.5, Diff: 0.1]
      [Ext Root Scanning (ms): Min: 0.6, Avg: 0.7, Max: 0.7, Diff: 0.1, Sum: 2.8]
      [Update RS (ms): Min: 2.1, Avg: 7.4, Max: 23.1, Diff: 21.0, Sum: 29.7]
         [Processed Buffers: Min: 0, Avg: 7.8, Max: 24, Diff: 24, Sum: 31]
      [Scan RS (ms): Min: 15.3, Avg: 32.0, Max: 39.2, Diff: 23.9, Sum: 128.1]
      [Code Root Scanning (ms): Min: 0.0, Avg: 0.0, Max: 0.0, Diff: 0.0, Sum: 0.0]
      [Object Copy (ms): Min: 6.3, Avg: 8.3, Max: 9.3, Diff: 3.0, Sum: 33.2]
      [Termination (ms): Min: 0.0, Avg: 0.1, Max: 0.1, Diff: 0.1, Sum: 0.3]
         [Termination Attempts: Min: 1, Avg: 1.0, Max: 1, Diff: 0, Sum: 4]
      [GC Worker Other (ms): Min: 0.0, Avg: 0.0, Max: 0.0, Diff: 0.0, Sum: 0.1]
      [GC Worker Total (ms): Min: 48.5, Avg: 48.5, Max: 48.6, Diff: 0.1, Sum: 194.1]
      [GC Worker End (ms): Min: 9914695.0, Avg: 9914695.0, Max: 9914695.0, Diff: 0.0]
   [Code Root Fixup: 0.0 ms]
   [Code Root Purge: 0.0 ms]
   [Clear CT: 0.1 ms]
   [Other: 0.5 ms]
      [Choose CSet: 0.0 ms]
      [Ref Proc: 0.1 ms]
      [Ref Enq: 0.0 ms]
      [Redirty Cards: 0.1 ms]
      [Humongous Register: 0.0 ms]
      [Humongous Reclaim: 0.0 ms]
      [Free CSet: 0.1 ms]
   [Eden: 46.0M(46.0M)->0.0B(46.0M) Survivors: 5120.0K->5120.0K Heap: 326.0M(1024.0M)->280.5M(1024.0M)]
 [Times: user=0.04 sys=0.01, real=0.05 secs] 
2019-11-28T14:08:06.213+0800: 10116.783: [GC pause (G1 Evacuation Pause) (young), 0.0626509 secs]
   [Parallel Time: 60.1 ms, GC Workers: 4]
      [GC Worker Start (ms): Min: 10116782.7, Avg: 10116782.7, Max: 10116782.8, Diff: 0.1]
      [Ext Root Scanning (ms): Min: 0.5, Avg: 0.7, Max: 0.7, Diff: 0.2, Sum: 2.6]
      [Update RS (ms): Min: 1.0, Avg: 1.1, Max: 1.3, Diff: 0.3, Sum: 4.5]
         [Processed Buffers: Min: 5, Avg: 8.8, Max: 15, Diff: 10, Sum: 35]
      [Scan RS (ms): Min: 3.4, Avg: 3.6, Max: 3.7, Diff: 0.3, Sum: 14.2]
      [Code Root Scanning (ms): Min: 0.0, Avg: 0.0, Max: 0.0, Diff: 0.0, Sum: 0.0]
      [Object Copy (ms): Min: 53.8, Avg: 54.3, Max: 54.6, Diff: 0.9, Sum: 217.2]
      [Termination (ms): Min: 0.0, Avg: 0.3, Max: 0.9, Diff: 0.9, Sum: 1.4]
         [Termination Attempts: Min: 1, Avg: 1.0, Max: 1, Diff: 0, Sum: 4]
      [GC Worker Other (ms): Min: 0.0, Avg: 0.0, Max: 0.0, Diff: 0.0, Sum: 0.1]
      [GC Worker Total (ms): Min: 59.9, Avg: 60.0, Max: 60.1, Diff: 0.1, Sum: 240.1]
      [GC Worker End (ms): Min: 10116842.7, Avg: 10116842.7, Max: 10116842.7, Diff: 0.0]
   [Code Root Fixup: 0.0 ms]
   [Code Root Purge: 0.0 ms]
   [Clear CT: 0.1 ms]
   [Other: 2.4 ms]
      [Choose CSet: 0.0 ms]
      [Ref Proc: 2.0 ms]
      [Ref Enq: 0.0 ms]
      [Redirty Cards: 0.1 ms]
      [Humongous Register: 0.0 ms]
      [Humongous Reclaim: 0.0 ms]
      [Free CSet: 0.0 ms]
   [Eden: 46.0M(46.0M)->0.0B(44.0M) Survivors: 5120.0K->7168.0K Heap: 326.5M(1024.0M)->284.4M(1024.0M)]
 [Times: user=0.06 sys=0.05, real=0.06 secs] 
2019-11-28T14:08:47.192+0800: 10157.760: [GC pause (G1 Evacuation Pause) (young), 0.1377553 secs]
   [Parallel Time: 136.9 ms, GC Workers: 4]
      [GC Worker Start (ms): Min: 10157760.8, Avg: 10157760.9, Max: 10157760.9, Diff: 0.1]
      [Ext Root Scanning (ms): Min: 0.8, Avg: 0.8, Max: 0.9, Diff: 0.1, Sum: 3.4]
      [Update RS (ms): Min: 0.0, Avg: 1.3, Max: 1.9, Diff: 1.8, Sum: 5.2]
         [Processed Buffers: Min: 3, Avg: 8.2, Max: 23, Diff: 20, Sum: 33]
      [Scan RS (ms): Min: 3.2, Avg: 3.5, Max: 3.8, Diff: 0.6, Sum: 13.9]
      [Code Root Scanning (ms): Min: 0.0, Avg: 0.0, Max: 0.0, Diff: 0.0, Sum: 0.0]
      [Object Copy (ms): Min: 122.0, Avg: 128.7, Max: 131.7, Diff: 9.7, Sum: 514.8]
      [Termination (ms): Min: 0.0, Avg: 2.4, Max: 8.8, Diff: 8.8, Sum: 9.7]
         [Termination Attempts: Min: 1, Avg: 1.0, Max: 1, Diff: 0, Sum: 4]
      [GC Worker Other (ms): Min: 0.0, Avg: 0.0, Max: 0.0, Diff: 0.0, Sum: 0.1]
      [GC Worker Total (ms): Min: 136.8, Avg: 136.8, Max: 136.8, Diff: 0.0, Sum: 547.2]
      [GC Worker End (ms): Min: 10157897.6, Avg: 10157897.7, Max: 10157897.7, Diff: 0.0]
   [Code Root Fixup: 0.0 ms]
   [Code Root Purge: 0.0 ms]
   [Clear CT: 0.1 ms]
   [Other: 0.8 ms]
      [Choose CSet: 0.0 ms]
      [Ref Proc: 0.1 ms]
      [Ref Enq: 0.0 ms]
      [Redirty Cards: 0.1 ms]
      [Humongous Register: 0.2 ms]
      [Humongous Reclaim: 0.0 ms]
      [Free CSet: 0.1 ms]
   [Eden: 44.0M(44.0M)->0.0B(46.0M) Survivors: 7168.0K->5120.0K Heap: 328.4M(1024.0M)->290.1M(1024.0M)]
 [Times: user=0.09 sys=0.09, real=0.14 secs] 
2019-11-28T14:09:31.316+0800: 10201.883: [GC pause (G1 Evacuation Pause) (young), 0.0174208 secs]
   [Parallel Time: 16.6 ms, GC Workers: 4]
      [GC Worker Start (ms): Min: 10201883.5, Avg: 10201883.5, Max: 10201883.6, Diff: 0.1]
      [Ext Root Scanning (ms): Min: 0.5, Avg: 0.5, Max: 0.6, Diff: 0.1, Sum: 2.0]
      [Update RS (ms): Min: 3.1, Avg: 3.2, Max: 3.2, Diff: 0.1, Sum: 12.7]
         [Processed Buffers: Min: 1, Avg: 8.2, Max: 19, Diff: 18, Sum: 33]
      [Scan RS (ms): Min: 3.8, Avg: 4.3, Max: 5.6, Diff: 1.8, Sum: 17.1]
      [Code Root Scanning (ms): Min: 0.0, Avg: 0.0, Max: 0.0, Diff: 0.0, Sum: 0.0]
      [Object Copy (ms): Min: 7.3, Avg: 8.5, Max: 9.0, Diff: 1.8, Sum: 34.1]
      [Termination (ms): Min: 0.0, Avg: 0.0, Max: 0.0, Diff: 0.0, Sum: 0.0]
         [Termination Attempts: Min: 1, Avg: 3.0, Max: 6, Diff: 5, Sum: 12]
      [GC Worker Other (ms): Min: 0.0, Avg: 0.0, Max: 0.0, Diff: 0.0, Sum: 0.1]
      [GC Worker Total (ms): Min: 16.5, Avg: 16.5, Max: 16.6, Diff: 0.1, Sum: 66.1]
      [GC Worker End (ms): Min: 10201900.1, Avg: 10201900.1, Max: 10201900.1, Diff: 0.0]
   [Code Root Fixup: 0.0 ms]
   [Code Root Purge: 0.0 ms]
   [Clear CT: 0.0 ms]
   [Other: 0.7 ms]
      [Choose CSet: 0.0 ms]
      [Ref Proc: 0.3 ms]
      [Ref Enq: 0.0 ms]
      [Redirty Cards: 0.1 ms]
      [Humongous Register: 0.0 ms]
      [Humongous Reclaim: 0.0 ms]
      [Free CSet: 0.1 ms]
   [Eden: 46.0M(46.0M)->0.0B(45.0M) Survivors: 5120.0K->6144.0K Heap: 336.1M(1024.0M)->291.1M(1024.0M)]
 [Times: user=0.05 sys=0.01, real=0.02 secs] 
2019-11-28T14:10:14.519+0800: 10245.086: [GC pause (G1 Evacuation Pause) (young), 0.0905399 secs]
   [Parallel Time: 89.7 ms, GC Workers: 4]
      [GC Worker Start (ms): Min: 10245086.1, Avg: 10245086.1, Max: 10245086.2, Diff: 0.1]
      [Ext Root Scanning (ms): Min: 1.7, Avg: 1.8, Max: 1.8, Diff: 0.1, Sum: 7.0]
      [Update RS (ms): Min: 1.7, Avg: 2.3, Max: 3.1, Diff: 1.4, Sum: 9.4]
         [Processed Buffers: Min: 2, Avg: 8.5, Max: 15, Diff: 13, Sum: 34]
      [Scan RS (ms): Min: 3.3, Avg: 3.8, Max: 4.1, Diff: 0.8, Sum: 15.2]
      [Code Root Scanning (ms): Min: 0.0, Avg: 0.0, Max: 0.0, Diff: 0.0, Sum: 0.0]
      [Object Copy (ms): Min: 79.7, Avg: 81.1, Max: 82.3, Diff: 2.5, Sum: 324.4]
      [Termination (ms): Min: 0.0, Avg: 0.6, Max: 1.7, Diff: 1.7, Sum: 2.3]
         [Termination Attempts: Min: 1, Avg: 1.2, Max: 2, Diff: 1, Sum: 5]
      [GC Worker Other (ms): Min: 0.0, Avg: 0.0, Max: 0.0, Diff: 0.0, Sum: 0.1]
      [GC Worker Total (ms): Min: 89.6, Avg: 89.6, Max: 89.6, Diff: 0.1, Sum: 358.5]
      [GC Worker End (ms): Min: 10245175.7, Avg: 10245175.7, Max: 10245175.7, Diff: 0.0]
   [Code Root Fixup: 0.0 ms]
   [Code Root Purge: 0.0 ms]
   [Clear CT: 0.0 ms]
   [Other: 0.8 ms]
      [Choose CSet: 0.0 ms]
      [Ref Proc: 0.2 ms]
      [Ref Enq: 0.0 ms]
      [Redirty Cards: 0.1 ms]
      [Humongous Register: 0.1 ms]
      [Humongous Reclaim: 0.0 ms]
      [Free CSet: 0.0 ms]
   [Eden: 45.0M(45.0M)->0.0B(46.0M) Survivors: 6144.0K->5120.0K Heap: 336.1M(1024.0M)->293.3M(1024.0M)]
 [Times: user=0.06 sys=0.06, real=0.10 secs] 
2019-11-28T14:10:59.599+0800: 10290.164: [GC pause (G1 Evacuation Pause) (young), 0.0163216 secs]
   [Parallel Time: 15.4 ms, GC Workers: 4]
      [GC Worker Start (ms): Min: 10290163.8, Avg: 10290163.8, Max: 10290164.0, Diff: 0.2]
      [Ext Root Scanning (ms): Min: 0.5, Avg: 0.7, Max: 0.7, Diff: 0.2, Sum: 2.7]
      [Update RS (ms): Min: 2.9, Avg: 3.1, Max: 3.3, Diff: 0.4, Sum: 12.3]
         [Processed Buffers: Min: 4, Avg: 7.2, Max: 11, Diff: 7, Sum: 29]
      [Scan RS (ms): Min: 3.4, Avg: 3.8, Max: 4.2, Diff: 0.7, Sum: 15.0]
      [Code Root Scanning (ms): Min: 0.0, Avg: 0.0, Max: 0.0, Diff: 0.0, Sum: 0.0]
      [Object Copy (ms): Min: 7.5, Avg: 7.8, Max: 7.9, Diff: 0.4, Sum: 31.1]
      [Termination (ms): Min: 0.0, Avg: 0.0, Max: 0.0, Diff: 0.0, Sum: 0.0]
         [Termination Attempts: Min: 1, Avg: 1.8, Max: 2, Diff: 1, Sum: 7]
      [GC Worker Other (ms): Min: 0.0, Avg: 0.0, Max: 0.0, Diff: 0.0, Sum: 0.1]
      [GC Worker Total (ms): Min: 15.2, Avg: 15.3, Max: 15.4, Diff: 0.2, Sum: 61.3]
      [GC Worker End (ms): Min: 10290179.1, Avg: 10290179.1, Max: 10290179.2, Diff: 0.0]
   [Code Root Fixup: 0.0 ms]
   [Code Root Purge: 0.0 ms]
   [Clear CT: 0.1 ms]
   [Other: 0.8 ms]
      [Choose CSet: 0.0 ms]
      [Ref Proc: 0.3 ms]
      [Ref Enq: 0.0 ms]
      [Redirty Cards: 0.1 ms]
      [Humongous Register: 0.1 ms]
      [Humongous Reclaim: 0.0 ms]
      [Free CSet: 0.1 ms]
   [Eden: 46.0M(46.0M)->0.0B(45.0M) Survivors: 5120.0K->6144.0K Heap: 339.3M(1024.0M)->293.8M(1024.0M)]
 [Times: user=0.05 sys=0.00, real=0.02 secs] 
2019-11-28T14:11:43.170+0800: 10333.733: [GC pause (G1 Evacuation Pause) (young), 0.0406520 secs]
   [Parallel Time: 39.8 ms, GC Workers: 4]
      [GC Worker Start (ms): Min: 10333733.3, Avg: 10333733.4, Max: 10333733.4, Diff: 0.0]
      [Ext Root Scanning (ms): Min: 0.8, Avg: 0.8, Max: 0.9, Diff: 0.1, Sum: 3.3]
      [Update RS (ms): Min: 1.7, Avg: 1.8, Max: 1.8, Diff: 0.1, Sum: 7.0]
         [Processed Buffers: Min: 3, Avg: 7.2, Max: 13, Diff: 10, Sum: 29]
      [Scan RS (ms): Min: 1.3, Avg: 2.6, Max: 4.0, Diff: 2.7, Sum: 10.4]
      [Code Root Scanning (ms): Min: 0.0, Avg: 0.0, Max: 0.0, Diff: 0.0, Sum: 0.0]
      [Object Copy (ms): Min: 33.2, Avg: 34.4, Max: 35.7, Diff: 2.6, Sum: 137.4]
      [Termination (ms): Min: 0.0, Avg: 0.1, Max: 0.4, Diff: 0.4, Sum: 0.5]
         [Termination Attempts: Min: 1, Avg: 1.0, Max: 1, Diff: 0, Sum: 4]
      [GC Worker Other (ms): Min: 0.0, Avg: 0.0, Max: 0.0, Diff: 0.0, Sum: 0.1]
      [GC Worker Total (ms): Min: 39.7, Avg: 39.7, Max: 39.7, Diff: 0.0, Sum: 158.9]
      [GC Worker End (ms): Min: 10333773.1, Avg: 10333773.1, Max: 10333773.1, Diff: 0.0]
   [Code Root Fixup: 0.0 ms]
   [Code Root Purge: 0.0 ms]
   [Clear CT: 0.1 ms]
   [Other: 0.8 ms]
      [Choose CSet: 0.0 ms]
      [Ref Proc: 0.3 ms]
      [Ref Enq: 0.0 ms]
      [Redirty Cards: 0.1 ms]
      [Humongous Register: 0.0 ms]
      [Humongous Reclaim: 0.0 ms]
      [Free CSet: 0.1 ms]
   [Eden: 45.0M(45.0M)->0.0B(44.0M) Survivors: 6144.0K->7168.0K Heap: 338.8M(1024.0M)->296.4M(1024.0M)]
 [Times: user=0.05 sys=0.03, real=0.04 secs] 
2019-11-28T14:12:24.882+0800: 10375.444: [GC pause (G1 Evacuation Pause) (young), 0.0676249 secs]
   [Parallel Time: 66.6 ms, GC Workers: 4]
      [GC Worker Start (ms): Min: 10375444.8, Avg: 10375444.9, Max: 10375444.9, Diff: 0.1]
      [Ext Root Scanning (ms): Min: 2.2, Avg: 2.5, Max: 3.6, Diff: 1.4, Sum: 10.2]
      [Update RS (ms): Min: 1.0, Avg: 1.9, Max: 2.7, Diff: 1.6, Sum: 7.6]
         [Processed Buffers: Min: 1, Avg: 8.5, Max: 20, Diff: 19, Sum: 34]
      [Scan RS (ms): Min: 4.2, Avg: 4.9, Max: 5.3, Diff: 1.1, Sum: 19.5]
      [Code Root Scanning (ms): Min: 0.0, Avg: 0.0, Max: 0.0, Diff: 0.0, Sum: 0.0]
      [Object Copy (ms): Min: 56.0, Avg: 56.8, Max: 58.0, Diff: 2.0, Sum: 227.0]
      [Termination (ms): Min: 0.0, Avg: 0.4, Max: 0.6, Diff: 0.6, Sum: 1.8]
         [Termination Attempts: Min: 1, Avg: 1.5, Max: 2, Diff: 1, Sum: 6]
      [GC Worker Other (ms): Min: 0.0, Avg: 0.0, Max: 0.1, Diff: 0.1, Sum: 0.1]
      [GC Worker Total (ms): Min: 66.5, Avg: 66.6, Max: 66.6, Diff: 0.1, Sum: 266.2]
      [GC Worker End (ms): Min: 10375511.4, Avg: 10375511.4, Max: 10375511.5, Diff: 0.0]
   [Code Root Fixup: 0.0 ms]
   [Code Root Purge: 0.0 ms]
   [Clear CT: 0.1 ms]
   [Other: 0.9 ms]
      [Choose CSet: 0.0 ms]
      [Ref Proc: 0.1 ms]
      [Ref Enq: 0.0 ms]
      [Redirty Cards: 0.1 ms]
      [Humongous Register: 0.3 ms]
      [Humongous Reclaim: 0.0 ms]
      [Free CSet: 0.1 ms]
   [Eden: 44.0M(44.0M)->0.0B(45.0M) Survivors: 7168.0K->6144.0K Heap: 340.4M(1024.0M)->297.4M(1024.0M)]
 [Times: user=0.05 sys=0.05, real=0.07 secs] 
2019-11-28T14:13:08.349+0800: 10418.910: [GC pause (G1 Evacuation Pause) (young), 0.0485972 secs]
   [Parallel Time: 47.9 ms, GC Workers: 4]
      [GC Worker Start (ms): Min: 10418909.7, Avg: 10418909.8, Max: 10418910.0, Diff: 0.3]
      [Ext Root Scanning (ms): Min: 1.4, Avg: 1.6, Max: 1.9, Diff: 0.5, Sum: 6.6]
      [Update RS (ms): Min: 1.7, Avg: 1.8, Max: 2.0, Diff: 0.4, Sum: 7.3]
         [Processed Buffers: Min: 1, Avg: 8.8, Max: 15, Diff: 14, Sum: 35]
      [Scan RS (ms): Min: 3.0, Avg: 3.2, Max: 3.4, Diff: 0.4, Sum: 12.8]
      [Code Root Scanning (ms): Min: 0.0, Avg: 0.0, Max: 0.0, Diff: 0.0, Sum: 0.0]
      [Object Copy (ms): Min: 40.8, Avg: 41.0, Max: 41.3, Diff: 0.5, Sum: 164.1]
      [Termination (ms): Min: 0.0, Avg: 0.1, Max: 0.1, Diff: 0.1, Sum: 0.3]
         [Termination Attempts: Min: 1, Avg: 1.2, Max: 2, Diff: 1, Sum: 5]
      [GC Worker Other (ms): Min: 0.0, Avg: 0.0, Max: 0.0, Diff: 0.0, Sum: 0.1]
      [GC Worker Total (ms): Min: 47.6, Avg: 47.8, Max: 47.8, Diff: 0.3, Sum: 191.0]
      [GC Worker End (ms): Min: 10418957.5, Avg: 10418957.6, Max: 10418957.6, Diff: 0.0]
   [Code Root Fixup: 0.0 ms]
   [Code Root Purge: 0.0 ms]
   [Clear CT: 0.1 ms]
   [Other: 0.6 ms]
      [Choose CSet: 0.0 ms]
      [Ref Proc: 0.2 ms]
      [Ref Enq: 0.0 ms]
      [Redirty Cards: 0.1 ms]
      [Humongous Register: 0.0 ms]
      [Humongous Reclaim: 0.0 ms]
      [Free CSet: 0.0 ms]
   [Eden: 45.0M(45.0M)->0.0B(45.0M) Survivors: 6144.0K->6144.0K Heap: 342.4M(1024.0M)->299.4M(1024.0M)]
 [Times: user=0.05 sys=0.03, real=0.05 secs] 
2019-11-28T14:13:52.103+0800: 10462.662: [GC pause (G1 Evacuation Pause) (young), 0.0274143 secs]
   [Parallel Time: 25.8 ms, GC Workers: 4]
      [GC Worker Start (ms): Min: 10462662.9, Avg: 10462662.9, Max: 10462663.0, Diff: 0.1]
      [Ext Root Scanning (ms): Min: 1.6, Avg: 1.7, Max: 1.9, Diff: 0.3, Sum: 7.0]
      [Update RS (ms): Min: 3.7, Avg: 4.4, Max: 6.3, Diff: 2.7, Sum: 17.7]
         [Processed Buffers: Min: 1, Avg: 9.2, Max: 27, Diff: 26, Sum: 37]
      [Scan RS (ms): Min: 3.8, Avg: 6.9, Max: 10.9, Diff: 7.1, Sum: 27.6]
      [Code Root Scanning (ms): Min: 0.0, Avg: 0.0, Max: 0.0, Diff: 0.0, Sum: 0.0]
      [Object Copy (ms): Min: 9.1, Avg: 12.6, Max: 13.8, Diff: 4.7, Sum: 50.2]
      [Termination (ms): Min: 0.0, Avg: 0.0, Max: 0.0, Diff: 0.0, Sum: 0.0]
         [Termination Attempts: Min: 1, Avg: 2.0, Max: 3, Diff: 2, Sum: 8]
      [GC Worker Other (ms): Min: 0.0, Avg: 0.0, Max: 0.0, Diff: 0.0, Sum: 0.1]
      [GC Worker Total (ms): Min: 25.6, Avg: 25.6, Max: 25.7, Diff: 0.1, Sum: 102.5]
      [GC Worker End (ms): Min: 10462688.6, Avg: 10462688.6, Max: 10462688.6, Diff: 0.0]
   [Code Root Fixup: 0.0 ms]
   [Code Root Purge: 0.0 ms]
   [Clear CT: 0.1 ms]
   [Other: 1.6 ms]
      [Choose CSet: 0.0 ms]
      [Ref Proc: 0.5 ms]
      [Ref Enq: 0.0 ms]
      [Redirty Cards: 0.1 ms]
      [Humongous Register: 0.1 ms]
      [Humongous Reclaim: 0.1 ms]
      [Free CSet: 0.2 ms]
   [Eden: 45.0M(45.0M)->0.0B(45.0M) Survivors: 6144.0K->6144.0K Heap: 344.4M(1024.0M)->299.4M(1024.0M)]
 [Times: user=0.06 sys=0.01, real=0.03 secs] 
2019-11-28T14:14:35.548+0800: 10506.107: [GC pause (G1 Evacuation Pause) (young), 0.0654839 secs]
   [Parallel Time: 64.8 ms, GC Workers: 4]
      [GC Worker Start (ms): Min: 10506106.8, Avg: 10506106.9, Max: 10506106.9, Diff: 0.0]
      [Ext Root Scanning (ms): Min: 0.6, Avg: 0.7, Max: 0.7, Diff: 0.1, Sum: 2.7]
      [Update RS (ms): Min: 1.2, Avg: 1.4, Max: 1.5, Diff: 0.3, Sum: 5.4]
         [Processed Buffers: Min: 3, Avg: 8.0, Max: 12, Diff: 9, Sum: 32]
      [Scan RS (ms): Min: 6.1, Avg: 6.4, Max: 6.7, Diff: 0.5, Sum: 25.7]
      [Code Root Scanning (ms): Min: 0.0, Avg: 0.0, Max: 0.0, Diff: 0.0, Sum: 0.0]
      [Object Copy (ms): Min: 55.4, Avg: 56.0, Max: 56.4, Diff: 1.0, Sum: 224.0]
      [Termination (ms): Min: 0.0, Avg: 0.2, Max: 0.8, Diff: 0.8, Sum: 0.8]
         [Termination Attempts: Min: 1, Avg: 1.5, Max: 2, Diff: 1, Sum: 6]
      [GC Worker Other (ms): Min: 0.0, Avg: 0.0, Max: 0.0, Diff: 0.0, Sum: 0.1]
      [GC Worker Total (ms): Min: 64.7, Avg: 64.7, Max: 64.7, Diff: 0.0, Sum: 258.8]
      [GC Worker End (ms): Min: 10506171.5, Avg: 10506171.5, Max: 10506171.5, Diff: 0.0]
   [Code Root Fixup: 0.0 ms]
   [Code Root Purge: 0.0 ms]
   [Clear CT: 0.1 ms]
   [Other: 0.6 ms]
      [Choose CSet: 0.0 ms]
      [Ref Proc: 0.1 ms]
      [Ref Enq: 0.0 ms]
      [Redirty Cards: 0.1 ms]
      [Humongous Register: 0.1 ms]
      [Humongous Reclaim: 0.0 ms]
      [Free CSet: 0.1 ms]
   [Eden: 45.0M(45.0M)->0.0B(44.0M) Survivors: 6144.0K->7168.0K Heap: 344.4M(1024.0M)->301.8M(1024.0M)]
 [Times: user=0.05 sys=0.04, real=0.07 secs] 
2019-11-28T14:15:17.952+0800: 10548.509: [GC pause (G1 Evacuation Pause) (young), 0.0434559 secs]
   [Parallel Time: 42.8 ms, GC Workers: 4]
      [GC Worker Start (ms): Min: 10548509.5, Avg: 10548509.8, Max: 10548510.1, Diff: 0.5]
      [Ext Root Scanning (ms): Min: 0.7, Avg: 0.9, Max: 1.1, Diff: 0.5, Sum: 3.6]
      [Update RS (ms): Min: 2.0, Avg: 2.0, Max: 2.1, Diff: 0.2, Sum: 8.2]
         [Processed Buffers: Min: 2, Avg: 8.5, Max: 15, Diff: 13, Sum: 34]
      [Scan RS (ms): Min: 2.6, Avg: 2.8, Max: 3.1, Diff: 0.4, Sum: 11.4]
      [Code Root Scanning (ms): Min: 0.0, Avg: 0.0, Max: 0.0, Diff: 0.0, Sum: 0.0]
      [Object Copy (ms): Min: 36.2, Avg: 36.6, Max: 36.8, Diff: 0.6, Sum: 146.4]
      [Termination (ms): Min: 0.0, Avg: 0.1, Max: 0.2, Diff: 0.2, Sum: 0.5]
         [Termination Attempts: Min: 1, Avg: 1.0, Max: 1, Diff: 0, Sum: 4]
      [GC Worker Other (ms): Min: 0.0, Avg: 0.0, Max: 0.0, Diff: 0.0, Sum: 0.1]
      [GC Worker Total (ms): Min: 42.3, Avg: 42.5, Max: 42.7, Diff: 0.5, Sum: 170.0]
      [GC Worker End (ms): Min: 10548552.3, Avg: 10548552.3, Max: 10548552.3, Diff: 0.1]
   [Code Root Fixup: 0.0 ms]
   [Code Root Purge: 0.0 ms]
   [Clear CT: 0.1 ms]
   [Other: 0.5 ms]
      [Choose CSet: 0.0 ms]
      [Ref Proc: 0.1 ms]
      [Ref Enq: 0.0 ms]
      [Redirty Cards: 0.0 ms]
      [Humongous Register: 0.1 ms]
      [Humongous Reclaim: 0.0 ms]
      [Free CSet: 0.0 ms]
   [Eden: 44.0M(44.0M)->0.0B(46.0M) Survivors: 7168.0K->5120.0K Heap: 345.8M(1024.0M)->302.9M(1024.0M)]
 [Times: user=0.05 sys=0.04, real=0.04 secs] 
2019-11-28T14:16:02.322+0800: 10592.878: [GC pause (G1 Evacuation Pause) (young), 0.0373607 secs]
   [Parallel Time: 34.9 ms, GC Workers: 4]
      [GC Worker Start (ms): Min: 10592878.0, Avg: 10592878.1, Max: 10592878.1, Diff: 0.0]
      [Ext Root Scanning (ms): Min: 0.6, Avg: 0.9, Max: 1.7, Diff: 1.1, Sum: 3.6]
      [Update RS (ms): Min: 1.1, Avg: 3.4, Max: 4.4, Diff: 3.3, Sum: 13.6]
         [Processed Buffers: Min: 1, Avg: 9.5, Max: 26, Diff: 25, Sum: 38]
      [Scan RS (ms): Min: 3.7, Avg: 4.8, Max: 6.8, Diff: 3.1, Sum: 19.1]
      [Code Root Scanning (ms): Min: 0.0, Avg: 0.0, Max: 0.0, Diff: 0.0, Sum: 0.0]
      [Object Copy (ms): Min: 24.3, Avg: 25.1, Max: 25.5, Diff: 1.2, Sum: 100.2]
      [Termination (ms): Min: 0.0, Avg: 0.7, Max: 1.0, Diff: 1.0, Sum: 2.9]
         [Termination Attempts: Min: 1, Avg: 1.0, Max: 1, Diff: 0, Sum: 4]
      [GC Worker Other (ms): Min: 0.0, Avg: 0.0, Max: 0.0, Diff: 0.0, Sum: 0.1]
      [GC Worker Total (ms): Min: 34.8, Avg: 34.9, Max: 34.9, Diff: 0.1, Sum: 139.5]
      [GC Worker End (ms): Min: 10592912.9, Avg: 10592912.9, Max: 10592912.9, Diff: 0.0]
   [Code Root Fixup: 0.0 ms]
   [Code Root Purge: 0.0 ms]
   [Clear CT: 0.2 ms]
   [Other: 2.2 ms]
      [Choose CSet: 0.0 ms]
      [Ref Proc: 0.2 ms]
      [Ref Enq: 0.0 ms]
      [Redirty Cards: 0.1 ms]
      [Humongous Register: 0.0 ms]
      [Humongous Reclaim: 0.0 ms]
      [Free CSet: 0.0 ms]
   [Eden: 46.0M(46.0M)->0.0B(46.0M) Survivors: 5120.0K->5120.0K Heap: 348.9M(1024.0M)->304.9M(1024.0M)]
 [Times: user=0.05 sys=0.03, real=0.04 secs] 
2019-11-28T14:16:46.656+0800: 10637.210: [GC pause (G1 Evacuation Pause) (young), 0.0216209 secs]
   [Parallel Time: 21.0 ms, GC Workers: 4]
      [GC Worker Start (ms): Min: 10637210.4, Avg: 10637210.4, Max: 10637210.4, Diff: 0.1]
      [Ext Root Scanning (ms): Min: 0.7, Avg: 0.8, Max: 0.9, Diff: 0.1, Sum: 3.2]
      [Update RS (ms): Min: 4.7, Avg: 4.9, Max: 5.1, Diff: 0.3, Sum: 19.4]
         [Processed Buffers: Min: 1, Avg: 7.5, Max: 13, Diff: 12, Sum: 30]
      [Scan RS (ms): Min: 6.2, Avg: 7.9, Max: 9.8, Diff: 3.6, Sum: 31.7]
      [Code Root Scanning (ms): Min: 0.0, Avg: 0.0, Max: 0.0, Diff: 0.0, Sum: 0.0]
      [Object Copy (ms): Min: 5.6, Avg: 7.3, Max: 9.0, Diff: 3.5, Sum: 29.2]
      [Termination (ms): Min: 0.0, Avg: 0.0, Max: 0.0, Diff: 0.0, Sum: 0.0]
         [Termination Attempts: Min: 1, Avg: 2.2, Max: 4, Diff: 3, Sum: 9]
      [GC Worker Other (ms): Min: 0.0, Avg: 0.0, Max: 0.0, Diff: 0.0, Sum: 0.1]
      [GC Worker Total (ms): Min: 20.9, Avg: 20.9, Max: 21.0, Diff: 0.1, Sum: 83.7]
      [GC Worker End (ms): Min: 10637231.3, Avg: 10637231.3, Max: 10637231.3, Diff: 0.0]
   [Code Root Fixup: 0.0 ms]
   [Code Root Purge: 0.0 ms]
   [Clear CT: 0.1 ms]
   [Other: 0.5 ms]
      [Choose CSet: 0.0 ms]
      [Ref Proc: 0.1 ms]
      [Ref Enq: 0.0 ms]
      [Redirty Cards: 0.0 ms]
      [Humongous Register: 0.0 ms]
      [Humongous Reclaim: 0.0 ms]
      [Free CSet: 0.0 ms]
   [Eden: 46.0M(46.0M)->0.0B(45.0M) Survivors: 5120.0K->6144.0K Heap: 350.9M(1024.0M)->305.4M(1024.0M)]
 [Times: user=0.05 sys=0.01, real=0.02 secs] 
2019-11-28T14:17:29.552+0800: 10680.105: [GC pause (G1 Evacuation Pause) (young), 0.0414597 secs]
   [Parallel Time: 40.5 ms, GC Workers: 4]
      [GC Worker Start (ms): Min: 10680105.1, Avg: 10680105.2, Max: 10680105.3, Diff: 0.2]
      [Ext Root Scanning (ms): Min: 0.5, Avg: 0.6, Max: 0.7, Diff: 0.2, Sum: 2.4]
      [Update RS (ms): Min: 2.0, Avg: 2.9, Max: 3.4, Diff: 1.4, Sum: 11.8]
         [Processed Buffers: Min: 2, Avg: 7.2, Max: 19, Diff: 17, Sum: 29]
      [Scan RS (ms): Min: 2.1, Avg: 3.0, Max: 3.3, Diff: 1.2, Sum: 11.9]
      [Code Root Scanning (ms): Min: 0.0, Avg: 0.0, Max: 0.0, Diff: 0.0, Sum: 0.0]
      [Object Copy (ms): Min: 32.9, Avg: 33.6, Max: 34.2, Diff: 1.3, Sum: 134.6]
      [Termination (ms): Min: 0.0, Avg: 0.1, Max: 0.2, Diff: 0.2, Sum: 0.4]
         [Termination Attempts: Min: 1, Avg: 1.2, Max: 2, Diff: 1, Sum: 5]
      [GC Worker Other (ms): Min: 0.0, Avg: 0.0, Max: 0.0, Diff: 0.0, Sum: 0.1]
      [GC Worker Total (ms): Min: 40.1, Avg: 40.3, Max: 40.5, Diff: 0.3, Sum: 161.2]
      [GC Worker End (ms): Min: 10680145.4, Avg: 10680145.5, Max: 10680145.5, Diff: 0.1]
   [Code Root Fixup: 0.0 ms]
   [Code Root Purge: 0.0 ms]
   [Clear CT: 0.1 ms]
   [Other: 0.8 ms]
      [Choose CSet: 0.0 ms]
      [Ref Proc: 0.2 ms]
      [Ref Enq: 0.0 ms]
      [Redirty Cards: 0.1 ms]
      [Humongous Register: 0.1 ms]
      [Humongous Reclaim: 0.0 ms]
      [Free CSet: 0.1 ms]
   [Eden: 45.0M(45.0M)->0.0B(44.0M) Survivors: 6144.0K->7168.0K Heap: 350.4M(1024.0M)->307.6M(1024.0M)]
 [Times: user=0.06 sys=0.03, real=0.04 secs] 
2019-11-28T14:18:11.933+0800: 10722.485: [GC pause (G1 Evacuation Pause) (young), 0.0408741 secs]
   [Parallel Time: 40.3 ms, GC Workers: 4]
      [GC Worker Start (ms): Min: 10722484.9, Avg: 10722484.9, Max: 10722484.9, Diff: 0.1]
      [Ext Root Scanning (ms): Min: 0.8, Avg: 0.9, Max: 0.9, Diff: 0.1, Sum: 3.4]
      [Update RS (ms): Min: 5.5, Avg: 6.1, Max: 7.1, Diff: 1.6, Sum: 24.5]
         [Processed Buffers: Min: 4, Avg: 7.8, Max: 15, Diff: 11, Sum: 31]
      [Scan RS (ms): Min: 1.1, Avg: 3.1, Max: 4.8, Diff: 3.7, Sum: 12.5]
      [Code Root Scanning (ms): Min: 0.0, Avg: 0.0, Max: 0.0, Diff: 0.0, Sum: 0.0]
      [Object Copy (ms): Min: 28.4, Avg: 29.8, Max: 31.1, Diff: 2.7, Sum: 119.2]
      [Termination (ms): Min: 0.0, Avg: 0.2, Max: 0.3, Diff: 0.3, Sum: 0.7]
         [Termination Attempts: Min: 1, Avg: 1.0, Max: 1, Diff: 0, Sum: 4]
      [GC Worker Other (ms): Min: 0.0, Avg: 0.0, Max: 0.0, Diff: 0.0, Sum: 0.1]
      [GC Worker Total (ms): Min: 40.1, Avg: 40.1, Max: 40.1, Diff: 0.1, Sum: 160.4]
      [GC Worker End (ms): Min: 10722525.0, Avg: 10722525.0, Max: 10722525.0, Diff: 0.0]
   [Code Root Fixup: 0.0 ms]
   [Code Root Purge: 0.0 ms]
   [Clear CT: 0.1 ms]
   [Other: 0.5 ms]
      [Choose CSet: 0.0 ms]
      [Ref Proc: 0.1 ms]
      [Ref Enq: 0.0 ms]
      [Redirty Cards: 0.1 ms]
      [Humongous Register: 0.0 ms]
      [Humongous Reclaim: 0.0 ms]
      [Free CSet: 0.0 ms]
   [Eden: 44.0M(44.0M)->0.0B(45.0M) Survivors: 7168.0K->6144.0K Heap: 351.6M(1024.0M)->309.3M(1024.0M)]
 [Times: user=0.05 sys=0.03, real=0.04 secs] 
2019-11-28T14:18:55.337+0800: 10765.887: [GC pause (G1 Evacuation Pause) (young), 0.0652993 secs]
   [Parallel Time: 61.8 ms, GC Workers: 4]
      [GC Worker Start (ms): Min: 10765889.9, Avg: 10765890.0, Max: 10765890.1, Diff: 0.2]
      [Ext Root Scanning (ms): Min: 4.1, Avg: 6.4, Max: 12.7, Diff: 8.6, Sum: 25.8]
      [Update RS (ms): Min: 6.5, Avg: 12.5, Max: 14.7, Diff: 8.2, Sum: 49.9]
         [Processed Buffers: Min: 6, Avg: 9.2, Max: 14, Diff: 8, Sum: 37]
      [Scan RS (ms): Min: 3.1, Avg: 3.7, Max: 4.9, Diff: 1.8, Sum: 14.9]
      [Code Root Scanning (ms): Min: 0.0, Avg: 0.0, Max: 0.0, Diff: 0.0, Sum: 0.0]
      [Object Copy (ms): Min: 37.8, Avg: 38.9, Max: 39.5, Diff: 1.8, Sum: 155.5]
      [Termination (ms): Min: 0.0, Avg: 0.1, Max: 0.1, Diff: 0.1, Sum: 0.3]
         [Termination Attempts: Min: 1, Avg: 1.0, Max: 1, Diff: 0, Sum: 4]
      [GC Worker Other (ms): Min: 0.0, Avg: 0.0, Max: 0.1, Diff: 0.0, Sum: 0.2]
      [GC Worker Total (ms): Min: 61.5, Avg: 61.6, Max: 61.7, Diff: 0.3, Sum: 246.5]
      [GC Worker End (ms): Min: 10765951.6, Avg: 10765951.6, Max: 10765951.6, Diff: 0.0]
   [Code Root Fixup: 0.0 ms]
   [Code Root Purge: 0.0 ms]
   [Clear CT: 0.1 ms]
   [Other: 3.4 ms]
      [Choose CSet: 0.0 ms]
      [Ref Proc: 0.2 ms]
      [Ref Enq: 0.0 ms]
      [Redirty Cards: 0.0 ms]
      [Humongous Register: 2.2 ms]
      [Humongous Reclaim: 0.0 ms]
      [Free CSet: 0.2 ms]
   [Eden: 45.0M(45.0M)->0.0B(46.0M) Survivors: 6144.0K->5120.0K Heap: 354.3M(1024.0M)->310.4M(1024.0M)]
 [Times: user=0.06 sys=0.05, real=0.07 secs] 
2019-11-28T14:19:37.727+0800: 10808.276: [GC pause (G1 Evacuation Pause) (young), 0.0429511 secs]
   [Parallel Time: 42.1 ms, GC Workers: 4]
      [GC Worker Start (ms): Min: 10808276.4, Avg: 10808276.6, Max: 10808277.0, Diff: 0.6]
      [Ext Root Scanning (ms): Min: 0.5, Avg: 1.3, Max: 2.3, Diff: 1.8, Sum: 5.2]
      [Update RS (ms): Min: 13.3, Avg: 15.7, Max: 19.0, Diff: 5.8, Sum: 62.8]
         [Processed Buffers: Min: 0, Avg: 10.0, Max: 21, Diff: 21, Sum: 40]
      [Scan RS (ms): Min: 0.5, Avg: 3.4, Max: 5.1, Diff: 4.6, Sum: 13.7]
      [Code Root Scanning (ms): Min: 0.0, Avg: 0.0, Max: 0.0, Diff: 0.0, Sum: 0.0]
      [Object Copy (ms): Min: 20.8, Avg: 21.0, Max: 21.3, Diff: 0.5, Sum: 84.0]
      [Termination (ms): Min: 0.0, Avg: 0.4, Max: 0.6, Diff: 0.6, Sum: 1.6]
         [Termination Attempts: Min: 1, Avg: 1.0, Max: 1, Diff: 0, Sum: 4]
      [GC Worker Other (ms): Min: 0.0, Avg: 0.0, Max: 0.0, Diff: 0.0, Sum: 0.1]
      [GC Worker Total (ms): Min: 41.4, Avg: 41.8, Max: 42.1, Diff: 0.6, Sum: 167.3]
      [GC Worker End (ms): Min: 10808318.5, Avg: 10808318.5, Max: 10808318.5, Diff: 0.0]
   [Code Root Fixup: 0.0 ms]
   [Code Root Purge: 0.0 ms]
   [Clear CT: 0.1 ms]
   [Other: 0.7 ms]
      [Choose CSet: 0.0 ms]
      [Ref Proc: 0.2 ms]
      [Ref Enq: 0.0 ms]
      [Redirty Cards: 0.1 ms]
      [Humongous Register: 0.0 ms]
      [Humongous Reclaim: 0.0 ms]
      [Free CSet: 0.1 ms]
   [Eden: 46.0M(46.0M)->0.0B(44.0M) Survivors: 5120.0K->7168.0K Heap: 356.4M(1024.0M)->313.6M(1024.0M)]
 [Times: user=0.05 sys=0.02, real=0.05 secs] 
2019-11-28T14:20:19.492+0800: 10850.040: [GC pause (G1 Evacuation Pause) (young), 0.1614850 secs]
   [Parallel Time: 147.8 ms, GC Workers: 4]
      [GC Worker Start (ms): Min: 10850050.0, Avg: 10850055.5, Max: 10850061.0, Diff: 11.0]
      [Ext Root Scanning (ms): Min: 1.6, Avg: 9.9, Max: 16.3, Diff: 14.7, Sum: 39.4]
      [Update RS (ms): Min: 0.0, Avg: 8.4, Max: 12.9, Diff: 12.9, Sum: 33.4]
         [Processed Buffers: Min: 0, Avg: 7.8, Max: 31, Diff: 31, Sum: 31]
      [Scan RS (ms): Min: 6.9, Avg: 12.7, Max: 16.7, Diff: 9.8, Sum: 50.7]
      [Code Root Scanning (ms): Min: 0.0, Avg: 0.0, Max: 0.0, Diff: 0.0, Sum: 0.0]
      [Object Copy (ms): Min: 90.8, Avg: 93.2, Max: 95.1, Diff: 4.2, Sum: 372.6]
      [Termination (ms): Min: 0.0, Avg: 7.7, Max: 10.5, Diff: 10.5, Sum: 31.0]
         [Termination Attempts: Min: 1, Avg: 1.0, Max: 1, Diff: 0, Sum: 4]
      [GC Worker Other (ms): Min: 0.0, Avg: 0.0, Max: 0.1, Diff: 0.0, Sum: 0.2]
      [GC Worker Total (ms): Min: 127.5, Avg: 131.8, Max: 139.4, Diff: 11.9, Sum: 527.4]
      [GC Worker End (ms): Min: 10850181.3, Avg: 10850187.4, Max: 10850190.0, Diff: 8.7]
   [Code Root Fixup: 0.0 ms]
   [Code Root Purge: 0.0 ms]
   [Clear CT: 0.1 ms]
   [Other: 13.6 ms]
      [Choose CSet: 0.0 ms]
      [Ref Proc: 10.4 ms]
      [Ref Enq: 0.0 ms]
      [Redirty Cards: 0.1 ms]
      [Humongous Register: 2.0 ms]
      [Humongous Reclaim: 0.0 ms]
      [Free CSet: 0.3 ms]
   [Eden: 44.0M(44.0M)->0.0B(47.0M) Survivors: 7168.0K->4096.0K Heap: 357.6M(1024.0M)->315.2M(1024.0M)]
 [Times: user=0.07 sys=0.11, real=0.16 secs] 
2019-11-28T14:21:04.871+0800: 10895.417: [GC pause (G1 Evacuation Pause) (young), 0.0138685 secs]
   [Parallel Time: 13.0 ms, GC Workers: 4]
      [GC Worker Start (ms): Min: 10895417.5, Avg: 10895417.6, Max: 10895417.7, Diff: 0.2]
      [Ext Root Scanning (ms): Min: 0.6, Avg: 1.0, Max: 1.7, Diff: 1.1, Sum: 3.9]
      [Update RS (ms): Min: 1.2, Avg: 1.8, Max: 2.2, Diff: 1.0, Sum: 7.4]
         [Processed Buffers: Min: 4, Avg: 10.0, Max: 21, Diff: 17, Sum: 40]
      [Scan RS (ms): Min: 1.5, Avg: 2.0, Max: 3.0, Diff: 1.4, Sum: 8.0]
      [Code Root Scanning (ms): Min: 0.0, Avg: 0.0, Max: 0.0, Diff: 0.0, Sum: 0.0]
      [Object Copy (ms): Min: 6.6, Avg: 7.7, Max: 8.1, Diff: 1.5, Sum: 30.9]
      [Termination (ms): Min: 0.0, Avg: 0.2, Max: 0.4, Diff: 0.4, Sum: 0.8]
         [Termination Attempts: Min: 1, Avg: 1.2, Max: 2, Diff: 1, Sum: 5]
      [GC Worker Other (ms): Min: 0.0, Avg: 0.0, Max: 0.0, Diff: 0.0, Sum: 0.1]
      [GC Worker Total (ms): Min: 12.7, Avg: 12.8, Max: 12.9, Diff: 0.3, Sum: 51.0]
      [GC Worker End (ms): Min: 10895430.2, Avg: 10895430.3, Max: 10895430.5, Diff: 0.3]
   [Code Root Fixup: 0.0 ms]
   [Code Root Purge: 0.0 ms]
   [Clear CT: 0.1 ms]
   [Other: 0.8 ms]
      [Choose CSet: 0.0 ms]
      [Ref Proc: 0.2 ms]
      [Ref Enq: 0.0 ms]
      [Redirty Cards: 0.0 ms]
      [Humongous Register: 0.1 ms]
      [Humongous Reclaim: 0.0 ms]
      [Free CSet: 0.1 ms]
   [Eden: 47.0M(47.0M)->0.0B(47.0M) Survivors: 4096.0K->4096.0K Heap: 362.2M(1024.0M)->315.7M(1024.0M)]
 [Times: user=0.03 sys=0.00, real=0.01 secs] 
2019-11-28T14:21:50.016+0800: 10940.561: [GC pause (G1 Evacuation Pause) (young), 0.0606531 secs]
   [Parallel Time: 51.8 ms, GC Workers: 4]
      [GC Worker Start (ms): Min: 10940568.0, Avg: 10940568.9, Max: 10940570.5, Diff: 2.5]
      [Ext Root Scanning (ms): Min: 5.1, Avg: 8.5, Max: 10.9, Diff: 5.8, Sum: 34.2]
      [Update RS (ms): Min: 2.5, Avg: 12.5, Max: 22.9, Diff: 20.4, Sum: 50.1]
         [Processed Buffers: Min: 1, Avg: 9.2, Max: 28, Diff: 27, Sum: 37]
      [Scan RS (ms): Min: 0.1, Avg: 10.4, Max: 19.5, Diff: 19.4, Sum: 41.7]
      [Code Root Scanning (ms): Min: 0.0, Avg: 0.0, Max: 0.1, Diff: 0.1, Sum: 0.1]
      [Object Copy (ms): Min: 14.2, Avg: 16.0, Max: 17.8, Diff: 3.6, Sum: 64.1]
      [Termination (ms): Min: 0.0, Avg: 1.4, Max: 2.1, Diff: 2.1, Sum: 5.5]
         [Termination Attempts: Min: 1, Avg: 1.0, Max: 1, Diff: 0, Sum: 4]
      [GC Worker Other (ms): Min: 0.1, Avg: 0.4, Max: 1.3, Diff: 1.2, Sum: 1.7]
      [GC Worker Total (ms): Min: 48.4, Avg: 49.3, Max: 51.1, Diff: 2.7, Sum: 197.3]
      [GC Worker End (ms): Min: 10940617.0, Avg: 10940618.3, Max: 10940619.0, Diff: 2.0]
   [Code Root Fixup: 0.0 ms]
   [Code Root Purge: 0.0 ms]
   [Clear CT: 0.2 ms]
   [Other: 8.7 ms]
      [Choose CSet: 0.0 ms]
      [Ref Proc: 1.3 ms]
      [Ref Enq: 0.0 ms]
      [Redirty Cards: 0.2 ms]
      [Humongous Register: 4.9 ms]
      [Humongous Reclaim: 0.0 ms]
      [Free CSet: 0.4 ms]
   [Eden: 47.0M(47.0M)->0.0B(46.0M) Survivors: 4096.0K->5120.0K Heap: 362.7M(1024.0M)->316.7M(1024.0M)]
 [Times: user=0.04 sys=0.05, real=0.06 secs] 
2019-11-28T14:22:34.406+0800: 10984.950: [GC pause (G1 Evacuation Pause) (young), 0.0533590 secs]
   [Parallel Time: 52.7 ms, GC Workers: 4]
      [GC Worker Start (ms): Min: 10984950.3, Avg: 10984950.6, Max: 10984950.9, Diff: 0.5]
      [Ext Root Scanning (ms): Min: 0.6, Avg: 5.0, Max: 17.7, Diff: 17.0, Sum: 20.2]
      [Update RS (ms): Min: 0.0, Avg: 3.5, Max: 10.5, Diff: 10.4, Sum: 14.1]
         [Processed Buffers: Min: 0, Avg: 8.8, Max: 17, Diff: 17, Sum: 35]
      [Scan RS (ms): Min: 0.0, Avg: 5.6, Max: 11.2, Diff: 11.2, Sum: 22.2]
      [Code Root Scanning (ms): Min: 0.0, Avg: 0.0, Max: 0.0, Diff: 0.0, Sum: 0.0]
      [Object Copy (ms): Min: 34.9, Avg: 38.1, Max: 39.8, Diff: 4.9, Sum: 152.5]
      [Termination (ms): Min: 0.0, Avg: 0.1, Max: 0.1, Diff: 0.1, Sum: 0.3]
         [Termination Attempts: Min: 1, Avg: 1.0, Max: 1, Diff: 0, Sum: 4]
      [GC Worker Other (ms): Min: 0.0, Avg: 0.0, Max: 0.0, Diff: 0.0, Sum: 0.1]
      [GC Worker Total (ms): Min: 52.1, Avg: 52.3, Max: 52.6, Diff: 0.5, Sum: 209.4]
      [GC Worker End (ms): Min: 10985002.9, Avg: 10985002.9, Max: 10985002.9, Diff: 0.0]
   [Code Root Fixup: 0.0 ms]
   [Code Root Purge: 0.0 ms]
   [Clear CT: 0.0 ms]
   [Other: 0.6 ms]
      [Choose CSet: 0.0 ms]
      [Ref Proc: 0.2 ms]
      [Ref Enq: 0.0 ms]
      [Redirty Cards: 0.1 ms]
      [Humongous Register: 0.0 ms]
      [Humongous Reclaim: 0.0 ms]
      [Free CSet: 0.1 ms]
   [Eden: 46.0M(46.0M)->0.0B(46.0M) Survivors: 5120.0K->5120.0K Heap: 362.7M(1024.0M)->317.5M(1024.0M)]
 [Times: user=0.04 sys=0.04, real=0.06 secs] 
2019-11-28T14:23:37.943+0800: 11048.485: [GC pause (G1 Evacuation Pause) (young), 0.0333092 secs]
   [Parallel Time: 30.2 ms, GC Workers: 4]
      [GC Worker Start (ms): Min: 11048486.4, Avg: 11048487.7, Max: 11048490.2, Diff: 3.8]
      [Ext Root Scanning (ms): Min: 0.0, Avg: 2.1, Max: 5.9, Diff: 5.9, Sum: 8.3]
      [Update RS (ms): Min: 0.0, Avg: 1.9, Max: 5.0, Diff: 5.0, Sum: 7.7]
         [Processed Buffers: Min: 0, Avg: 10.0, Max: 16, Diff: 16, Sum: 40]
      [Scan RS (ms): Min: 0.0, Avg: 2.1, Max: 4.1, Diff: 4.1, Sum: 8.5]
      [Code Root Scanning (ms): Min: 0.0, Avg: 0.0, Max: 0.0, Diff: 0.0, Sum: 0.0]
      [Object Copy (ms): Min: 15.3, Avg: 16.1, Max: 16.7, Diff: 1.4, Sum: 64.5]
      [Termination (ms): Min: 0.0, Avg: 2.0, Max: 4.4, Diff: 4.4, Sum: 8.1]
         [Termination Attempts: Min: 1, Avg: 1.0, Max: 1, Diff: 0, Sum: 4]
      [GC Worker Other (ms): Min: 0.0, Avg: 0.0, Max: 0.1, Diff: 0.1, Sum: 0.2]
      [GC Worker Total (ms): Min: 21.6, Avg: 24.3, Max: 28.1, Diff: 6.5, Sum: 97.3]
      [GC Worker End (ms): Min: 11048510.0, Avg: 11048512.0, Max: 11048514.4, Diff: 4.4]
   [Code Root Fixup: 0.0 ms]
   [Code Root Purge: 0.0 ms]
   [Clear CT: 0.3 ms]
   [Other: 2.7 ms]
      [Choose CSet: 0.0 ms]
      [Ref Proc: 1.0 ms]
      [Ref Enq: 0.0 ms]
      [Redirty Cards: 0.5 ms]
      [Humongous Register: 0.0 ms]
      [Humongous Reclaim: 0.1 ms]
      [Free CSet: 0.4 ms]
   [Eden: 46.0M(46.0M)->0.0B(44.0M) Survivors: 5120.0K->7168.0K Heap: 363.5M(1024.0M)->319.5M(1024.0M)]
 [Times: user=0.04 sys=0.01, real=0.03 secs] 
2019-11-28T14:24:19.371+0800: 11089.912: [GC pause (G1 Evacuation Pause) (young), 0.0702570 secs]
   [Parallel Time: 68.4 ms, GC Workers: 4]
      [GC Worker Start (ms): Min: 11089912.1, Avg: 11089912.2, Max: 11089912.3, Diff: 0.1]
      [Ext Root Scanning (ms): Min: 0.5, Avg: 0.7, Max: 0.9, Diff: 0.4, Sum: 2.6]
      [Update RS (ms): Min: 1.8, Avg: 2.5, Max: 2.8, Diff: 1.0, Sum: 9.9]
         [Processed Buffers: Min: 0, Avg: 10.2, Max: 20, Diff: 20, Sum: 41]
      [Scan RS (ms): Min: 1.4, Avg: 2.3, Max: 2.8, Diff: 1.4, Sum: 9.2]
      [Code Root Scanning (ms): Min: 0.0, Avg: 0.0, Max: 0.0, Diff: 0.0, Sum: 0.0]
      [Object Copy (ms): Min: 61.3, Avg: 62.1, Max: 63.2, Diff: 1.9, Sum: 248.5]
      [Termination (ms): Min: 0.0, Avg: 0.5, Max: 0.8, Diff: 0.8, Sum: 2.1]
         [Termination Attempts: Min: 1, Avg: 1.0, Max: 1, Diff: 0, Sum: 4]
      [GC Worker Other (ms): Min: 0.0, Avg: 0.0, Max: 0.0, Diff: 0.0, Sum: 0.1]
      [GC Worker Total (ms): Min: 67.8, Avg: 68.1, Max: 68.3, Diff: 0.5, Sum: 272.5]
      [GC Worker End (ms): Min: 11089979.9, Avg: 11089980.3, Max: 11089980.5, Diff: 0.5]
   [Code Root Fixup: 0.0 ms]
   [Code Root Purge: 0.0 ms]
   [Clear CT: 0.2 ms]
   [Other: 1.7 ms]
      [Choose CSet: 0.0 ms]
      [Ref Proc: 1.0 ms]
      [Ref Enq: 0.0 ms]
      [Redirty Cards: 0.2 ms]
      [Humongous Register: 0.0 ms]
      [Humongous Reclaim: 0.1 ms]
      [Free CSet: 0.1 ms]
   [Eden: 44.0M(44.0M)->0.0B(46.0M) Survivors: 7168.0K->5120.0K Heap: 363.5M(1024.0M)->320.3M(1024.0M)]
 [Times: user=0.05 sys=0.04, real=0.07 secs] 
2019-11-28T14:25:03.509+0800: 11134.048: [GC pause (G1 Evacuation Pause) (young), 0.0793732 secs]
   [Parallel Time: 74.6 ms, GC Workers: 4]
      [GC Worker Start (ms): Min: 11134048.5, Avg: 11134048.5, Max: 11134048.6, Diff: 0.2]
      [Ext Root Scanning (ms): Min: 2.5, Avg: 6.3, Max: 16.8, Diff: 14.3, Sum: 25.2]
      [Update RS (ms): Min: 0.0, Avg: 13.2, Max: 22.7, Diff: 22.6, Sum: 52.7]
         [Processed Buffers: Min: 1, Avg: 10.0, Max: 19, Diff: 18, Sum: 40]
      [Scan RS (ms): Min: 0.0, Avg: 3.5, Max: 6.8, Diff: 6.8, Sum: 14.1]
      [Code Root Scanning (ms): Min: 0.0, Avg: 0.0, Max: 0.1, Diff: 0.1, Sum: 0.1]
      [Object Copy (ms): Min: 48.8, Avg: 51.0, Max: 54.9, Diff: 6.1, Sum: 204.0]
      [Termination (ms): Min: 0.0, Avg: 0.4, Max: 1.4, Diff: 1.4, Sum: 1.6]
         [Termination Attempts: Min: 1, Avg: 1.0, Max: 1, Diff: 0, Sum: 4]
      [GC Worker Other (ms): Min: 0.0, Avg: 0.1, Max: 0.1, Diff: 0.1, Sum: 0.2]
      [GC Worker Total (ms): Min: 74.4, Avg: 74.5, Max: 74.5, Diff: 0.1, Sum: 298.0]
      [GC Worker End (ms): Min: 11134123.0, Avg: 11134123.0, Max: 11134123.0, Diff: 0.0]
   [Code Root Fixup: 0.0 ms]
   [Code Root Purge: 0.0 ms]
   [Clear CT: 0.3 ms]
   [Other: 4.4 ms]
      [Choose CSet: 0.0 ms]
      [Ref Proc: 0.3 ms]
      [Ref Enq: 0.0 ms]
      [Redirty Cards: 0.2 ms]
      [Humongous Register: 0.1 ms]
      [Humongous Reclaim: 0.1 ms]
      [Free CSet: 0.4 ms]
   [Eden: 46.0M(46.0M)->0.0B(45.0M) Survivors: 5120.0K->6144.0K Heap: 366.3M(1024.0M)->323.8M(1024.0M)]
 [Times: user=0.06 sys=0.07, real=0.08 secs] 
2019-11-28T14:25:47.462+0800: 11178.000: [GC pause (G1 Evacuation Pause) (young), 0.0966200 secs]
   [Parallel Time: 85.3 ms, GC Workers: 4]
      [GC Worker Start (ms): Min: 11178000.5, Avg: 11178000.5, Max: 11178000.5, Diff: 0.1]
      [Ext Root Scanning (ms): Min: 0.6, Avg: 0.6, Max: 0.7, Diff: 0.1, Sum: 2.6]
      [Update RS (ms): Min: 1.9, Avg: 2.1, Max: 2.5, Diff: 0.6, Sum: 8.4]
         [Processed Buffers: Min: 0, Avg: 7.2, Max: 15, Diff: 15, Sum: 29]
      [Scan RS (ms): Min: 4.6, Avg: 5.5, Max: 6.6, Diff: 2.0, Sum: 22.2]
      [Code Root Scanning (ms): Min: 0.0, Avg: 0.0, Max: 0.1, Diff: 0.1, Sum: 0.1]
      [Object Copy (ms): Min: 65.8, Avg: 66.7, Max: 67.5, Diff: 1.8, Sum: 266.7]
      [Termination (ms): Min: 0.0, Avg: 7.6, Max: 10.1, Diff: 10.1, Sum: 30.4]
         [Termination Attempts: Min: 1, Avg: 1.2, Max: 2, Diff: 1, Sum: 5]
      [GC Worker Other (ms): Min: 0.0, Avg: 0.0, Max: 0.0, Diff: 0.0, Sum: 0.1]
      [GC Worker Total (ms): Min: 75.3, Avg: 82.6, Max: 85.1, Diff: 9.8, Sum: 330.5]
      [GC Worker End (ms): Min: 11178075.8, Avg: 11178083.1, Max: 11178085.6, Diff: 9.9]
   [Code Root Fixup: 0.0 ms]
   [Code Root Purge: 0.0 ms]
   [Clear CT: 0.2 ms]
   [Other: 11.1 ms]
      [Choose CSet: 0.0 ms]
      [Ref Proc: 10.4 ms]
      [Ref Enq: 0.0 ms]
      [Redirty Cards: 0.2 ms]
      [Humongous Register: 0.1 ms]
      [Humongous Reclaim: 0.0 ms]
      [Free CSet: 0.1 ms]
   [Eden: 45.0M(45.0M)->0.0B(45.0M) Survivors: 6144.0K->6144.0K Heap: 368.8M(1024.0M)->324.9M(1024.0M)]
 [Times: user=0.05 sys=0.04, real=0.10 secs] 
2019-11-28T14:26:30.624+0800: 11221.161: [GC pause (G1 Evacuation Pause) (young), 0.0464968 secs]
   [Parallel Time: 44.3 ms, GC Workers: 4]
      [GC Worker Start (ms): Min: 11221162.7, Avg: 11221164.5, Max: 11221166.2, Diff: 3.5]
      [Ext Root Scanning (ms): Min: 0.5, Avg: 2.4, Max: 4.0, Diff: 3.5, Sum: 9.4]
      [Update RS (ms): Min: 2.1, Avg: 2.8, Max: 3.2, Diff: 1.1, Sum: 11.3]
         [Processed Buffers: Min: 3, Avg: 7.0, Max: 16, Diff: 13, Sum: 28]
      [Scan RS (ms): Min: 3.0, Avg: 3.4, Max: 4.4, Diff: 1.4, Sum: 13.8]
      [Code Root Scanning (ms): Min: 0.0, Avg: 0.0, Max: 0.0, Diff: 0.0, Sum: 0.0]
      [Object Copy (ms): Min: 32.7, Avg: 33.4, Max: 33.7, Diff: 1.1, Sum: 133.8]
      [Termination (ms): Min: 0.0, Avg: 0.0, Max: 0.0, Diff: 0.0, Sum: 0.0]
         [Termination Attempts: Min: 1, Avg: 1.2, Max: 2, Diff: 1, Sum: 5]
      [GC Worker Other (ms): Min: 0.0, Avg: 0.0, Max: 0.0, Diff: 0.0, Sum: 0.1]
      [GC Worker Total (ms): Min: 40.5, Avg: 42.1, Max: 44.0, Diff: 3.5, Sum: 168.5]
      [GC Worker End (ms): Min: 11221206.7, Avg: 11221206.7, Max: 11221206.7, Diff: 0.0]
   [Code Root Fixup: 0.0 ms]
   [Code Root Purge: 0.0 ms]
   [Clear CT: 0.1 ms]
   [Other: 2.1 ms]
      [Choose CSet: 0.0 ms]
      [Ref Proc: 0.1 ms]
      [Ref Enq: 0.0 ms]
      [Redirty Cards: 0.0 ms]
      [Humongous Register: 0.1 ms]
      [Humongous Reclaim: 0.0 ms]
      [Free CSet: 0.0 ms]
   [Eden: 45.0M(45.0M)->0.0B(46.0M) Survivors: 6144.0K->5120.0K Heap: 369.9M(1024.0M)->326.3M(1024.0M)]
 [Times: user=0.04 sys=0.03, real=0.05 secs] 
2019-11-28T14:27:14.875+0800: 11265.411: [GC pause (G1 Evacuation Pause) (young), 0.0475836 secs]
   [Parallel Time: 46.2 ms, GC Workers: 4]
      [GC Worker Start (ms): Min: 11265411.3, Avg: 11265411.6, Max: 11265412.1, Diff: 0.8]
      [Ext Root Scanning (ms): Min: 0.9, Avg: 4.3, Max: 9.3, Diff: 8.4, Sum: 17.3]
      [Update RS (ms): Min: 0.0, Avg: 1.6, Max: 3.0, Diff: 3.0, Sum: 6.3]
         [Processed Buffers: Min: 0, Avg: 8.0, Max: 11, Diff: 11, Sum: 32]
      [Scan RS (ms): Min: 2.9, Avg: 4.7, Max: 5.7, Diff: 2.8, Sum: 19.0]
      [Code Root Scanning (ms): Min: 0.0, Avg: 0.0, Max: 0.1, Diff: 0.1, Sum: 0.2]
      [Object Copy (ms): Min: 33.7, Avg: 34.5, Max: 35.5, Diff: 1.8, Sum: 137.9]
      [Termination (ms): Min: 0.0, Avg: 0.2, Max: 0.8, Diff: 0.8, Sum: 0.8]
         [Termination Attempts: Min: 1, Avg: 1.0, Max: 1, Diff: 0, Sum: 4]
      [GC Worker Other (ms): Min: 0.0, Avg: 0.4, Max: 1.6, Diff: 1.5, Sum: 1.6]
      [GC Worker Total (ms): Min: 45.3, Avg: 45.8, Max: 46.1, Diff: 0.8, Sum: 183.1]
      [GC Worker End (ms): Min: 11265457.4, Avg: 11265457.4, Max: 11265457.4, Diff: 0.1]
   [Code Root Fixup: 0.0 ms]
   [Code Root Purge: 0.0 ms]
   [Clear CT: 0.1 ms]
   [Other: 1.3 ms]
      [Choose CSet: 0.0 ms]
      [Ref Proc: 0.3 ms]
      [Ref Enq: 0.0 ms]
      [Redirty Cards: 0.2 ms]
      [Humongous Register: 0.1 ms]
      [Humongous Reclaim: 0.0 ms]
      [Free CSet: 0.1 ms]
   [Eden: 46.0M(46.0M)->0.0B(46.0M) Survivors: 5120.0K->5120.0K Heap: 372.3M(1024.0M)->328.3M(1024.0M)]
 [Times: user=0.05 sys=0.05, real=0.05 secs] 
2019-11-28T14:27:58.965+0800: 11309.499: [GC pause (G1 Evacuation Pause) (young), 0.0163493 secs]
   [Parallel Time: 15.5 ms, GC Workers: 4]
      [GC Worker Start (ms): Min: 11309499.7, Avg: 11309499.8, Max: 11309500.0, Diff: 0.3]
      [Ext Root Scanning (ms): Min: 0.6, Avg: 0.9, Max: 1.3, Diff: 0.7, Sum: 3.5]
      [Update RS (ms): Min: 1.0, Avg: 1.5, Max: 2.1, Diff: 1.0, Sum: 6.1]
         [Processed Buffers: Min: 5, Avg: 7.5, Max: 11, Diff: 6, Sum: 30]
      [Scan RS (ms): Min: 2.6, Avg: 3.1, Max: 3.3, Diff: 0.8, Sum: 12.6]
      [Code Root Scanning (ms): Min: 0.0, Avg: 0.0, Max: 0.0, Diff: 0.0, Sum: 0.1]
      [Object Copy (ms): Min: 9.6, Avg: 9.7, Max: 9.8, Diff: 0.2, Sum: 38.7]
      [Termination (ms): Min: 0.0, Avg: 0.1, Max: 0.2, Diff: 0.2, Sum: 0.4]
         [Termination Attempts: Min: 1, Avg: 1.0, Max: 1, Diff: 0, Sum: 4]
      [GC Worker Other (ms): Min: 0.0, Avg: 0.0, Max: 0.0, Diff: 0.0, Sum: 0.1]
      [GC Worker Total (ms): Min: 15.1, Avg: 15.3, Max: 15.4, Diff: 0.3, Sum: 61.3]
      [GC Worker End (ms): Min: 11309515.1, Avg: 11309515.1, Max: 11309515.2, Diff: 0.1]
   [Code Root Fixup: 0.0 ms]
   [Code Root Purge: 0.0 ms]
   [Clear CT: 0.1 ms]
   [Other: 0.7 ms]
      [Choose CSet: 0.0 ms]
      [Ref Proc: 0.3 ms]
      [Ref Enq: 0.0 ms]
      [Redirty Cards: 0.1 ms]
      [Humongous Register: 0.0 ms]
      [Humongous Reclaim: 0.0 ms]
      [Free CSet: 0.1 ms]
   [Eden: 46.0M(46.0M)->0.0B(45.0M) Survivors: 5120.0K->6144.0K Heap: 374.3M(1024.0M)->329.3M(1024.0M)]
 [Times: user=0.05 sys=0.00, real=0.02 secs] 
2019-11-28T14:28:42.191+0800: 11352.724: [GC pause (G1 Evacuation Pause) (young), 0.0497400 secs]
   [Parallel Time: 48.6 ms, GC Workers: 4]
      [GC Worker Start (ms): Min: 11352723.9, Avg: 11352723.9, Max: 11352723.9, Diff: 0.1]
      [Ext Root Scanning (ms): Min: 0.5, Avg: 0.5, Max: 0.6, Diff: 0.1, Sum: 2.1]
      [Update RS (ms): Min: 1.1, Avg: 1.3, Max: 1.4, Diff: 0.3, Sum: 5.1]
         [Processed Buffers: Min: 1, Avg: 8.0, Max: 15, Diff: 14, Sum: 32]
      [Scan RS (ms): Min: 4.2, Avg: 4.4, Max: 4.6, Diff: 0.3, Sum: 17.5]
      [Code Root Scanning (ms): Min: 0.0, Avg: 0.0, Max: 0.1, Diff: 0.1, Sum: 0.1]
      [Object Copy (ms): Min: 42.0, Avg: 42.3, Max: 42.4, Diff: 0.4, Sum: 169.0]
      [Termination (ms): Min: 0.0, Avg: 0.0, Max: 0.0, Diff: 0.0, Sum: 0.0]
         [Termination Attempts: Min: 1, Avg: 1.0, Max: 1, Diff: 0, Sum: 4]
      [GC Worker Other (ms): Min: 0.0, Avg: 0.0, Max: 0.1, Diff: 0.1, Sum: 0.2]
      [GC Worker Total (ms): Min: 48.5, Avg: 48.5, Max: 48.5, Diff: 0.1, Sum: 194.1]
      [GC Worker End (ms): Min: 11352772.4, Avg: 11352772.4, Max: 11352772.4, Diff: 0.1]
   [Code Root Fixup: 0.0 ms]
   [Code Root Purge: 0.0 ms]
   [Clear CT: 0.0 ms]
   [Other: 1.1 ms]
      [Choose CSet: 0.0 ms]
      [Ref Proc: 0.2 ms]
      [Ref Enq: 0.0 ms]
      [Redirty Cards: 0.1 ms]
      [Humongous Register: 0.1 ms]
      [Humongous Reclaim: 0.1 ms]
      [Free CSet: 0.1 ms]
   [Eden: 45.0M(45.0M)->0.0B(44.0M) Survivors: 6144.0K->7168.0K Heap: 374.3M(1024.0M)->331.6M(1024.0M)]
 [Times: user=0.05 sys=0.03, real=0.05 secs] 
